Archive member included to satisfy reference by file (symbol)

C:\Program Files (x86)\GNU Tools ARM Embedded\5.3 2016q1\arm-none-eabi\lib\armv7e-m\libm.a(lib_a-s_round.o)
                              ..\obj\flash.o (round)
C:\Program Files (x86)\GNU Tools ARM Embedded\5.3 2016q1\arm-none-eabi\lib\armv7e-m\libm.a(lib_a-w_pow.o)
                              ..\obj\menuAux.o (pow)
C:\Program Files (x86)\GNU Tools ARM Embedded\5.3 2016q1\arm-none-eabi\lib\armv7e-m\libm.a(lib_a-e_pow.o)
                              C:\Program Files (x86)\GNU Tools ARM Embedded\5.3 2016q1\arm-none-eabi\lib\armv7e-m\libm.a(lib_a-w_pow.o) (__ieee754_pow)
C:\Program Files (x86)\GNU Tools ARM Embedded\5.3 2016q1\arm-none-eabi\lib\armv7e-m\libm.a(lib_a-e_sqrt.o)
                              C:\Program Files (x86)\GNU Tools ARM Embedded\5.3 2016q1\arm-none-eabi\lib\armv7e-m\libm.a(lib_a-e_pow.o) (__ieee754_sqrt)
C:\Program Files (x86)\GNU Tools ARM Embedded\5.3 2016q1\arm-none-eabi\lib\armv7e-m\libm.a(lib_a-s_fabs.o)
                              C:\Program Files (x86)\GNU Tools ARM Embedded\5.3 2016q1\arm-none-eabi\lib\armv7e-m\libm.a(lib_a-e_pow.o) (fabs)
C:\Program Files (x86)\GNU Tools ARM Embedded\5.3 2016q1\arm-none-eabi\lib\armv7e-m\libm.a(lib_a-s_finite.o)
                              C:\Program Files (x86)\GNU Tools ARM Embedded\5.3 2016q1\arm-none-eabi\lib\armv7e-m\libm.a(lib_a-w_pow.o) (finite)
C:\Program Files (x86)\GNU Tools ARM Embedded\5.3 2016q1\arm-none-eabi\lib\armv7e-m\libm.a(lib_a-s_lib_ver.o)
                              C:\Program Files (x86)\GNU Tools ARM Embedded\5.3 2016q1\arm-none-eabi\lib\armv7e-m\libm.a(lib_a-w_pow.o) (__fdlib_version)
C:\Program Files (x86)\GNU Tools ARM Embedded\5.3 2016q1\arm-none-eabi\lib\armv7e-m\libm.a(lib_a-s_matherr.o)
                              C:\Program Files (x86)\GNU Tools ARM Embedded\5.3 2016q1\arm-none-eabi\lib\armv7e-m\libm.a(lib_a-w_pow.o) (matherr)
C:\Program Files (x86)\GNU Tools ARM Embedded\5.3 2016q1\arm-none-eabi\lib\armv7e-m\libm.a(lib_a-s_nan.o)
                              C:\Program Files (x86)\GNU Tools ARM Embedded\5.3 2016q1\arm-none-eabi\lib\armv7e-m\libm.a(lib_a-e_pow.o) (nan)
C:\Program Files (x86)\GNU Tools ARM Embedded\5.3 2016q1\arm-none-eabi\lib\armv7e-m\libm.a(lib_a-s_rint.o)
                              C:\Program Files (x86)\GNU Tools ARM Embedded\5.3 2016q1\arm-none-eabi\lib\armv7e-m\libm.a(lib_a-w_pow.o) (rint)
C:\Program Files (x86)\GNU Tools ARM Embedded\5.3 2016q1\arm-none-eabi\lib\armv7e-m\libm.a(lib_a-s_scalbn.o)
                              C:\Program Files (x86)\GNU Tools ARM Embedded\5.3 2016q1\arm-none-eabi\lib\armv7e-m\libm.a(lib_a-e_pow.o) (scalbn)
C:\Program Files (x86)\GNU Tools ARM Embedded\5.3 2016q1\arm-none-eabi\lib\armv7e-m\libm.a(lib_a-s_copysign.o)
                              C:\Program Files (x86)\GNU Tools ARM Embedded\5.3 2016q1\arm-none-eabi\lib\armv7e-m\libm.a(lib_a-s_scalbn.o) (copysign)
c:/program files (x86)/gnu tools arm embedded/5.3 2016q1/bin/../lib/gcc/arm-none-eabi/5.3.1/armv7e-m\libgcc.a(_arm_addsubdf3.o)
                              ..\obj\twoPos.o (__aeabi_dsub)
c:/program files (x86)/gnu tools arm embedded/5.3 2016q1/bin/../lib/gcc/arm-none-eabi/5.3.1/armv7e-m\libgcc.a(_arm_muldivdf3.o)
                              ..\obj\flash.o (__aeabi_dmul)
c:/program files (x86)/gnu tools arm embedded/5.3 2016q1/bin/../lib/gcc/arm-none-eabi/5.3.1/armv7e-m\libgcc.a(_arm_cmpdf2.o)
                              ..\obj\pid.o (__aeabi_dcmpeq)
c:/program files (x86)/gnu tools arm embedded/5.3 2016q1/bin/../lib/gcc/arm-none-eabi/5.3.1/armv7e-m\libgcc.a(_arm_unorddf2.o)
                              C:\Program Files (x86)\GNU Tools ARM Embedded\5.3 2016q1\arm-none-eabi\lib\armv7e-m\libm.a(lib_a-w_pow.o) (__aeabi_dcmpun)
c:/program files (x86)/gnu tools arm embedded/5.3 2016q1/bin/../lib/gcc/arm-none-eabi/5.3.1/armv7e-m\libgcc.a(_arm_fixdfsi.o)
                              ..\obj\flash.o (__aeabi_d2iz)
c:/program files (x86)/gnu tools arm embedded/5.3 2016q1/bin/../lib/gcc/arm-none-eabi/5.3.1/armv7e-m\libgcc.a(_arm_fixunsdfsi.o)
                              ..\obj\flash.o (__aeabi_d2uiz)
C:\Program Files (x86)\GNU Tools ARM Embedded\5.3 2016q1\arm-none-eabi\lib\armv7e-m\libg.a(lib_a-errno.o)
                              C:\Program Files (x86)\GNU Tools ARM Embedded\5.3 2016q1\arm-none-eabi\lib\armv7e-m\libm.a(lib_a-w_pow.o) (__errno)
C:\Program Files (x86)\GNU Tools ARM Embedded\5.3 2016q1\arm-none-eabi\lib\armv7e-m\libg.a(lib_a-impure.o)
                              C:\Program Files (x86)\GNU Tools ARM Embedded\5.3 2016q1\arm-none-eabi\lib\armv7e-m\libg.a(lib_a-errno.o) (_impure_ptr)
C:\Program Files (x86)\GNU Tools ARM Embedded\5.3 2016q1\arm-none-eabi\lib\armv7e-m\libg.a(lib_a-sprintf.o)
                              ..\obj\menu.o (sprintf)
C:\Program Files (x86)\GNU Tools ARM Embedded\5.3 2016q1\arm-none-eabi\lib\armv7e-m\libg.a(lib_a-svfprintf.o)
[...]
Memory Configuration

Name             Origin             Length             Attributes
rom              0x08000000         0x00040000         xr
ram              0x20000000         0x0000a000         xrw
ram1             0x10000000         0x00002000         xrw
*default*        0x00000000         0xffffffff

Linker script and memory map

                0x2000a000                _eram = 0x2000a000

.text           0x08000000     0xa0e4
 *(.isr_vector)
 .isr_vector    0x08000000      0x188 ..\obj\startup_stm32f30x.o
                0x08000000                g_pfnVectors
 *(.text*)
 .text.RCC_DeInit
                0x08000188       0x7c ..\obj\stm32f30x_rcc.o
                0x08000188                RCC_DeInit
 .text.RCC_HSICmd
                0x08000204       0x20 ..\obj\stm32f30x_rcc.o
                0x08000204                RCC_HSICmd
 .text.RCC_PLLConfig
                0x08000224       0x34 ..\obj\stm32f30x_rcc.o
                0x08000224                RCC_PLLConfig
 .text.RCC_PLLCmd
                0x08000258       0x20 ..\obj\stm32f30x_rcc.o
                0x08000258                RCC_PLLCmd
 .text.RCC_SYSCLKConfig
                0x08000278       0x38 ..\obj\stm32f30x_rcc.o
                0x08000278                RCC_SYSCLKConfig
 .text.RCC_HCLKConfig
                0x080002b0       0x38 ..\obj\stm32f30x_rcc.o
                0x080002b0                RCC_HCLKConfig
 .text.RCC_PCLK1Config
                0x080002e8       0x38 ..\obj\stm32f30x_rcc.o
                0x080002e8                RCC_PCLK1Config
 .text.RCC_PCLK2Config
                0x08000320       0x38 ..\obj\stm32f30x_rcc.o
                0x08000320                RCC_PCLK2Config
 .text.RCC_ADCCLKConfig
                0x08000358       0x4c ..\obj\stm32f30x_rcc.o
                0x08000358                RCC_ADCCLKConfig
 .text.RCC_AHBPeriphClockCmd
                0x080003a4       0x3c ..\obj\stm32f30x_rcc.o
                0x080003a4                RCC_AHBPeriphClockCmd
 .text.RCC_APB2PeriphClockCmd
                0x080003e0       0x3c ..\obj\stm32f30x_rcc.o
                0x080003e0                RCC_APB2PeriphClockCmd
 .text.RCC_APB1PeriphClockCmd
                0x0800041c       0x3c ..\obj\stm32f30x_rcc.o
                0x0800041c                RCC_APB1PeriphClockCmd
 .text.FLASH_Unlock
                0x08000458       0x30 ..\obj\stm32f30x_flash.o
                0x08000458                FLASH_Unlock
 .text.FLASH_Lock
                0x08000488       0x1c ..\obj\stm32f30x_flash.o
                0x08000488                FLASH_Lock
 .text.FLASH_ErasePage
                0x080004a4       0x64 ..\obj\stm32f30x_flash.o
                0x080004a4                FLASH_ErasePage
 .text.FLASH_ProgramWord
                0x08000508       0x90 ..\obj\stm32f30x_flash.o
                0x08000508                FLASH_ProgramWord
 .text.FLASH_GetStatus
                0x08000598       0x54 ..\obj\stm32f30x_flash.o
                0x08000598                FLASH_GetStatus
 .text.FLASH_WaitForLastOperation
                0x080005ec       0x44 ..\obj\stm32f30x_flash.o
                0x080005ec                FLASH_WaitForLastOperation
 .text.readFlash
                0x08000630      0x2c4 ..\obj\flash.o
                0x08000630                readFlash
 .text.saveFlash
                0x080008f4      0x480 ..\obj\flash.o
                0x080008f4                saveFlash
 .text.resetTwoPos
                0x08000d74       0x30 ..\obj\twoPos.o
                0x08000d74                resetTwoPos
 .text.calculateTwoPosOut
                0x08000da4       0xb4 ..\obj\twoPos.o
                0x08000da4                calculateTwoPosOut
 .text.ADC_Init
                0x08000e58       0x80 ..\obj\stm32f30x_adc.o
                0x08000e58                ADC_Init
 .text.ADC_CommonInit
                0x08000ed8       0x9c ..\obj\stm32f30x_adc.o
                0x08000ed8                ADC_CommonInit
 .text.ADC_Cmd  0x08000f74       0x38 ..\obj\stm32f30x_adc.o
                0x08000f74                ADC_Cmd
 .text.ADC_RegularChannelConfig
                0x08000fac      0x1f0 ..\obj\stm32f30x_adc.o
                0x08000fac                ADC_RegularChannelConfig
 .text.ADC_StartConversion
                0x0800119c       0x20 ..\obj\stm32f30x_adc.o
                0x0800119c                ADC_StartConversion
 .text.ADC_DMACmd
                0x080011bc       0x38 ..\obj\stm32f30x_adc.o
                0x080011bc                ADC_DMACmd
 .text.ADC_DMAConfig
                0x080011f4       0x2c ..\obj\stm32f30x_adc.o
                0x080011f4                ADC_DMAConfig
 .text.getLEDcode
                0x08001220      0x1ac ..\obj\ledDigits.o
                0x08001220                getLEDcode
 .text.getLEDcodeArray
                0x080013cc       0x54 ..\obj\ledDigits.o
                0x080013cc                getLEDcodeArray
 .text.GPIO_Init
                0x08001420      0x12c ..\obj\stm32f30x_gpio.o
                0x08001420                GPIO_Init
 .text.GPIO_PinAFConfig
                0x0800154c       0x90 ..\obj\stm32f30x_gpio.o
                0x0800154c                GPIO_PinAFConfig
 .text.main     0x080015dc       0x34 ..\obj\main.o
                0x080015dc                main
 .text.TIM3_IRQHandler
                0x08001610      0x178 ..\obj\main.o
                0x08001610                TIM3_IRQHandler
 .text.TIM4_IRQHandler
                0x08001788      0x280 ..\obj\main.o
                0x08001788                TIM4_IRQHandler
 .text.TIM7_IRQHandler
                0x08001a08      0x11c ..\obj\main.o
                0x08001a08                TIM7_IRQHandler
 .text.EXTI9_5_IRQHandler
                0x08001b24      0x220 ..\obj\main.o
                0x08001b24                EXTI9_5_IRQHandler
 .text.DMA_Init
                0x08001d44       0x80 ..\obj\stm32f30x_dma.o
                0x08001d44                DMA_Init
 .text.DMA_Cmd  0x08001dc4       0x38 ..\obj\stm32f30x_dma.o
                0x08001dc4                DMA_Cmd
 .text.NVIC_EnableIRQ
                0x08001dfc       0x30 ..\obj\init.o
 .text.RCCinit  0x08001e2c       0x3c ..\obj\init.o
                0x08001e2c                RCCinit
 .text.GPIOinit
                0x08001e68      0x12c ..\obj\init.o
                0x08001e68                GPIOinit
 .text.EXTIinit
                0x08001f94       0x74 ..\obj\init.o
                0x08001f94                EXTIinit
 .text.NVICinit
                0x08002008       0x70 ..\obj\init.o
                0x08002008                NVICinit
 .text.TIMinit  0x08002078       0xf0 ..\obj\init.o
                0x08002078                TIMinit
 .text.ADCinit  0x08002168       0xb0 ..\obj\init.o
                0x08002168                ADCinit
 .text.DMAinit  0x08002218       0xb8 ..\obj\init.o
                0x08002218                DMAinit
 .text.PWMinit  0x080022d0       0x44 ..\obj\init.o
                0x080022d0                PWMinit
 .text.EXTI_Init
                0x08002314      0x1f4 ..\obj\stm32f30x_exti.o
                0x08002314                EXTI_Init
 .text.EXTI_ClearFlag
                0x08002508       0x30 ..\obj\stm32f30x_exti.o
                0x08002508                EXTI_ClearFlag
 .text.getMenuSize
                0x08002538       0x3c ..\obj\menu.o
                0x08002538                getMenuSize
 .text.getNaviLimit
                0x08002574       0x94 ..\obj\menu.o
                0x08002574                getNaviLimit
 .text.naviUp   0x08002608       0x80 ..\obj\menu.o
                0x08002608                naviUp
 .text.naviDown
                0x08002688       0x84 ..\obj\menu.o
                0x08002688                naviDown
 .text.naviRight
                0x0800270c       0x5c ..\obj\menu.o
                0x0800270c                naviRight
 .text.naviLeft
                0x08002768       0x70 ..\obj\menu.o
                0x08002768                naviLeft
 .text.getDisp1
                0x080027d8       0x98 ..\obj\menu.o
                0x080027d8                getDisp1
 .text.getDisp2
                0x08002870       0xc8 ..\obj\menu.o
                0x08002870                getDisp2
 .text.exitMenu
                0x08002938       0x38 ..\obj\menu.o
                0x08002938                exitMenu
 .text.getCursor
                0x08002970       0x1c ..\obj\menu.o
                0x08002970                getCursor
 .text.SystemInit1
                0x0800298c       0x84 ..\obj\system_stm32f30x_temp.o
                0x0800298c                SystemInit
                0x0800298c                SystemInit1
 .text.SetSysClock1
                0x08002a10       0xe0 ..\obj\system_stm32f30x_temp.o
                0x08002a10                SetSysClock
 .text._sbrk    0x08002af0       0x3c ..\obj\syscalls.o
                0x08002af0                _sbrk
 .text.NVIC_Init
                0x08002b2c       0xc4 ..\obj\stm32f30x_misc.o
                0x08002b2c                NVIC_Init
 .text.TIM_TimeBaseInit
                0x08002bf0       0xec ..\obj\stm32f30x_tim.o
                0x08002bf0                TIM_TimeBaseInit
 .text.TIM_Cmd  0x08002cdc       0x40 ..\obj\stm32f30x_tim.o
                0x08002cdc                TIM_Cmd
 .text.TIM_OC2Init
                0x08002d1c      0x100 ..\obj\stm32f30x_tim.o
                0x08002d1c                TIM_OC2Init
 .text.TIM_CtrlPWMOutputs
                0x08002e1c       0x38 ..\obj\stm32f30x_tim.o
                0x08002e1c                TIM_CtrlPWMOutputs
 .text.TIM_ITConfig
                0x08002e54       0x40 ..\obj\stm32f30x_tim.o
                0x08002e54                TIM_ITConfig
 .text.TIM_ClearITPendingBit
                0x08002e94       0x24 ..\obj\stm32f30x_tim.o
                0x08002e94                TIM_ClearITPendingBit
 .text.Reset_Handler
                0x08002eb8       0x44 ..\obj\startup_stm32f30x.o
                0x08002eb8                Reset_Handler
 .text.Default_Handler
                0x08002efc        0x2 ..\obj\startup_stm32f30x.o
                0x08002efc                RTC_Alarm_IRQHandler
                0x08002efc                TIM8_TRG_COM_IRQHandler
                0x08002efc                TIM8_CC_IRQHandler
                0x08002efc                DebugMon_Handler
                0x08002efc                TIM1_CC_IRQHandler
                0x08002efc                HardFault_Handler
                0x08002efc                USB_HP_IRQHandler
                0x08002efc                SysTick_Handler
                0x08002efc                PVD_IRQHandler
                0x08002efc                PendSV_Handler
                0x08002efc                NMI_Handler
                0x08002efc                EXTI3_IRQHandler
                0x08002efc                EXTI0_IRQHandler
                0x08002efc                I2C2_EV_IRQHandler
                0x08002efc                FPU_IRQHandler
                0x08002efc                EXTI2_TS_IRQHandler
                0x08002efc                TIM1_UP_TIM16_IRQHandler
                0x08002efc                UsageFault_Handler
                0x08002efc                ADC1_2_IRQHandler
                0x08002efc                SPI1_IRQHandler
                0x08002efc                TIM6_DAC_IRQHandler
                0x08002efc                TIM8_UP_IRQHandler
                0x08002efc                DMA2_Channel2_IRQHandler
                0x08002efc                DMA1_Channel4_IRQHandler
                0x08002efc                USART3_IRQHandler
                0x08002efc                DMA1_Channel7_IRQHandler
                0x08002efc                CAN1_RX1_IRQHandler
                0x08002efc                UART5_IRQHandler
                0x08002efc                ADC3_IRQHandler
                0x08002efc                DMA2_Channel1_IRQHandler
                0x08002efc                I2C1_EV_IRQHandler
                0x08002efc                DMA1_Channel6_IRQHandler
                0x08002efc                UART4_IRQHandler
                0x08002efc                DMA2_Channel4_IRQHandler
                0x08002efc                RCC_IRQHandler
                0x08002efc                DMA1_Channel1_IRQHandler
                0x08002efc                Default_Handler
                0x08002efc                USBWakeUp_RMP_IRQHandler
                0x08002efc                EXTI15_10_IRQHandler
                0x08002efc                TAMPER_STAMP_IRQHandler
                0x08002efc                RTC_WKUP_IRQHandler
                0x08002efc                SPI2_IRQHandler
                0x08002efc                MemManage_Handler
                0x08002efc                SVC_Handler
                0x08002efc                DMA2_Channel5_IRQHandler
                0x08002efc                DMA1_Channel5_IRQHandler
                0x08002efc                USB_LP_IRQHandler
                0x08002efc                EXTI4_IRQHandler
                0x08002efc                USB_LP_CAN1_RX0_IRQHandler
                0x08002efc                TIM1_TRG_COM_TIM17_IRQHandler
                0x08002efc                USB_HP_CAN1_TX_IRQHandler
                0x08002efc                DMA1_Channel3_IRQHandler
                0x08002efc                ADC4_IRQHandler
                0x08002efc                WWDG_IRQHandler
                0x08002efc                TIM2_IRQHandler
                0x08002efc                COMP7_IRQHandler
                0x08002efc                COMP1_2_3_IRQHandler
                0x08002efc                EXTI1_IRQHandler
                0x08002efc                USART2_IRQHandler
                0x08002efc                COMP4_5_6_IRQHandler
                0x08002efc                I2C2_ER_IRQHandler
                0x08002efc                DMA1_Channel2_IRQHandler
                0x08002efc                TIM8_BRK_IRQHandler
                0x08002efc                CAN1_SCE_IRQHandler
                0x08002efc                FLASH_IRQHandler
                0x08002efc                BusFault_Handler
                0x08002efc                USART1_IRQHandler
                0x08002efc                SPI3_IRQHandler
                0x08002efc                I2C1_ER_IRQHandler
                0x08002efc                USBWakeUp_IRQHandler
                0x08002efc                DMA2_Channel3_IRQHandler
                0x08002efc                TIM1_BRK_TIM15_IRQHandler
 *fill*         0x08002efe        0x2 
 .text.getMenuParameter
                0x08002f00      0x1f8 ..\obj\menuAux.o
                0x08002f00                getMenuParameter
 .text.getTemplate
                0x080030f8       0x8c ..\obj\menuAux.o
                0x080030f8                getTemplate
 .text.cutAround
                0x08003184       0x54 ..\obj\menuAux.o
                0x08003184                cutAround
 .text.setMenuDigitDbl
                0x080031d8       0x70 ..\obj\menuAux.o
                0x080031d8                setMenuDigitDbl
 .text.setMenuDigitInt
                0x08003248       0xf0 ..\obj\menuAux.o
                0x08003248                setMenuDigitInt
 .text.setMenuParameter
                0x08003338      0x530 ..\obj\menuAux.o
                0x08003338                setMenuParameter
 .text.changeSP
                0x08003868       0xc8 ..\obj\menuAux.o
                0x08003868                changeSP
 .text.changeOUT
                0x08003930       0xf8 ..\obj\menuAux.o
                0x08003930                changeOUT
 .text.getCurrentModeOut
                0x08003a28       0x74 ..\obj\menuAux.o
                0x08003a28                getCurrentModeOut
 .text.SYSCFG_EXTILineConfig
                0x08003a9c       0x84 ..\obj\stm32f30x_syscfg.o
                0x08003a9c                SYSCFG_EXTILineConfig
 .text.getAvgRawPv
                0x08003b20       0x88 ..\obj\misc.o
                0x08003b20                getAvgRawPv
 .text.resetRegulators
                0x08003ba8       0x14 ..\obj\misc.o
                0x08003ba8                resetRegulators
 .text.timerUpdater
                0x08003bbc       0x48 ..\obj\misc.o
                0x08003bbc                timerUpdater
 .text.changeDO
                0x08003c04       0x58 ..\obj\misc.o
                0x08003c04                changeDO
 .text.resetThreePos
                0x08003c5c       0x4c ..\obj\threePos.o
                0x08003c5c                resetThreePos
 .text.calculateThreePosOut
                0x08003ca8      0x1e0 ..\obj\threePos.o
                0x08003ca8                calculateThreePosOut
 .text.resetPID
                0x08003e88       0x54 ..\obj\pid.o
                0x08003e88                resetPID
 .text.updatePID
                0x08003edc      0x16c ..\obj\pid.o
                0x08003edc                updatePID
 .text.calculatePIDout
                0x08004048      0x17c ..\obj\pid.o
                0x08004048                calculatePIDout
 .text.round    0x080041c4       0xa0 C:\Program Files (x86)\GNU Tools ARM Embedded\5.3 2016q1\arm-none-eabi\lib\armv7e-m\libm.a(lib_a-s_round.o)
                0x080041c4                round
 .text.pow      0x08004264      0x2f0 C:\Program Files (x86)\GNU Tools ARM Embedded\5.3 2016q1\arm-none-eabi\lib\armv7e-m\libm.a(lib_a-w_pow.o)
                0x08004264                pow
 *fill*         0x08004554        0x4 
 .text.__ieee754_pow
                0x08004558      0xab4 C:\Program Files (x86)\GNU Tools ARM Embedded\5.3 2016q1\arm-none-eabi\lib\armv7e-m\libm.a(lib_a-e_pow.o)
                0x08004558                __ieee754_pow
 .text.__ieee754_sqrt
                0x0800500c      0x180 C:\Program Files (x86)\GNU Tools ARM Embedded\5.3 2016q1\arm-none-eabi\lib\armv7e-m\libm.a(lib_a-e_sqrt.o)
                0x0800500c                __ieee754_sqrt
 .text.fabs     0x0800518c        0x8 C:\Program Files (x86)\GNU Tools ARM Embedded\5.3 2016q1\arm-none-eabi\lib\armv7e-m\libm.a(lib_a-s_fabs.o)
                0x0800518c                fabs
 .text.finite   0x08005194        0xc C:\Program Files (x86)\GNU Tools ARM Embedded\5.3 2016q1\arm-none-eabi\lib\armv7e-m\libm.a(lib_a-s_finite.o)
                0x08005194                finite
 .text.matherr  0x080051a0        0x4 C:\Program Files (x86)\GNU Tools ARM Embedded\5.3 2016q1\arm-none-eabi\lib\armv7e-m\libm.a(lib_a-s_matherr.o)
                0x080051a0                matherr
 .text.nan      0x080051a4        0xc C:\Program Files (x86)\GNU Tools ARM Embedded\5.3 2016q1\arm-none-eabi\lib\armv7e-m\libm.a(lib_a-s_nan.o)
                0x080051a4                nan
 .text.rint     0x080051b0      0x118 C:\Program Files (x86)\GNU Tools ARM Embedded\5.3 2016q1\arm-none-eabi\lib\armv7e-m\libm.a(lib_a-s_rint.o)
                0x080051b0                rint
 .text.scalbn   0x080052c8       0xfc C:\Program Files (x86)\GNU Tools ARM Embedded\5.3 2016q1\arm-none-eabi\lib\armv7e-m\libm.a(lib_a-s_scalbn.o)
                0x080052c8                scalbn
 .text.copysign
                0x080053c4       0x10 C:\Program Files (x86)\GNU Tools ARM Embedded\5.3 2016q1\arm-none-eabi\lib\armv7e-m\libm.a(lib_a-s_copysign.o)
                0x080053c4                copysign
 .text          0x080053d4      0x370 c:/program files (x86)/gnu tools arm embedded/5.3 2016q1/bin/../lib/gcc/arm-none-eabi/5.3.1/armv7e-m\libgcc.a(_arm_addsubdf3.o)
                0x080053d4                __aeabi_drsub
                0x080053dc                __aeabi_dsub
                0x080053dc                __subdf3
                0x080053e0                __aeabi_dadd
                0x080053e0                __adddf3
                0x08005658                __floatunsidf
                0x08005658                __aeabi_ui2d
                0x08005678                __floatsidf
                0x08005678                __aeabi_i2d
                0x0800569c                __aeabi_f2d
                0x0800569c                __extendsfdf2
                0x080056d8                __floatundidf
                0x080056d8                __aeabi_ul2d
                0x080056e8                __floatdidf
                0x080056e8                __aeabi_l2d
 .text          0x08005744      0x424 c:/program files (x86)/gnu tools arm embedded/5.3 2016q1/bin/../lib/gcc/arm-none-eabi/5.3.1/armv7e-m\libgcc.a(_arm_muldivdf3.o)
                0x08005744                __aeabi_dmul
                0x08005744                __muldf3
                0x08005998                __divdf3
                0x08005998                __aeabi_ddiv
 .text          0x08005b68      0x110 c:/program files (x86)/gnu tools arm embedded/5.3 2016q1/bin/../lib/gcc/arm-none-eabi/5.3.1/armv7e-m\libgcc.a(_arm_cmpdf2.o)
                0x08005b68                __gtdf2
                0x08005b68                __gedf2
                0x08005b70                __ltdf2
                0x08005b70                __ledf2
                0x08005b78                __nedf2
                0x08005b78                __eqdf2
                0x08005b78                __cmpdf2
                0x08005bf4                __aeabi_cdrcmple
                0x08005c04                __aeabi_cdcmpeq
                0x08005c04                __aeabi_cdcmple
                0x08005c14                __aeabi_dcmpeq
                0x08005c28                __aeabi_dcmplt
                0x08005c3c                __aeabi_dcmple
                0x08005c50                __aeabi_dcmpge
                0x08005c64                __aeabi_dcmpgt
 .text          0x08005c78       0x2c c:/program files (x86)/gnu tools arm embedded/5.3 2016q1/bin/../lib/gcc/arm-none-eabi/5.3.1/armv7e-m\libgcc.a(_arm_unorddf2.o)
                0x08005c78                __unorddf2
                0x08005c78                __aeabi_dcmpun
 .text          0x08005ca4       0x50 c:/program files (x86)/gnu tools arm embedded/5.3 2016q1/bin/../lib/gcc/arm-none-eabi/5.3.1/armv7e-m\libgcc.a(_arm_fixdfsi.o)
                0x08005ca4                __aeabi_d2iz
                0x08005ca4                __fixdfsi
 .text          0x08005cf4       0x40 c:/program files (x86)/gnu tools arm embedded/5.3 2016q1/bin/../lib/gcc/arm-none-eabi/5.3.1/armv7e-m\libgcc.a(_arm_fixunsdfsi.o)
                0x08005cf4                __aeabi_d2uiz
                0x08005cf4                __fixunsdfsi
 .text.__errno  0x08005d34        0xc C:\Program Files (x86)\GNU Tools ARM Embedded\5.3 2016q1\arm-none-eabi\lib\armv7e-m\libg.a(lib_a-errno.o)
                0x08005d34                __errno
 .text.sprintf  0x08005d40       0x4c C:\Program Files (x86)\GNU Tools ARM Embedded\5.3 2016q1\arm-none-eabi\lib\armv7e-m\libg.a(lib_a-sprintf.o)
                0x08005d40                sprintf
 .text._svfprintf_r
                0x08005d8c     0x169c C:\Program Files (x86)\GNU Tools ARM Embedded\5.3 2016q1\arm-none-eabi\lib\armv7e-m\libg.a(lib_a-svfprintf.o)
                0x08005d8c                _svfprintf_r
 .text.quorem   0x08007428      0x128 C:\Program Files (x86)\GNU Tools ARM Embedded\5.3 2016q1\arm-none-eabi\lib\armv7e-m\libg.a(lib_a-dtoa.o)
 .text._dtoa_r  0x08007550      0xe58 C:\Program Files (x86)\GNU Tools ARM Embedded\5.3 2016q1\arm-none-eabi\lib\armv7e-m\libg.a(lib_a-dtoa.o)
                0x08007550                _dtoa_r
 .text._localeconv_r
                0x080083a8        0x8 C:\Program Files (x86)\GNU Tools ARM Embedded\5.3 2016q1\arm-none-eabi\lib\armv7e-m\libg.a(lib_a-locale.o)
                0x080083a8                _localeconv_r
 .text._malloc_r
                0x080083b0      0x570 C:\Program Files (x86)\GNU Tools ARM Embedded\5.3 2016q1\arm-none-eabi\lib\armv7e-m\libg.a(lib_a-mallocr.o)
                0x080083b0                _malloc_r
 .text          0x08008920       0xa0 C:\Program Files (x86)\GNU Tools ARM Embedded\5.3 2016q1\arm-none-eabi\lib\armv7e-m\libg.a(lib_a-memchr.o)
                0x08008920                memchr
 .text          0x080089c0      0x134 C:\Program Files (x86)\GNU Tools ARM Embedded\5.3 2016q1\arm-none-eabi\lib\armv7e-m\libg.a(lib_a-memcpy.o)
                0x080089c0                memcpy
 .text.__malloc_lock
                0x08008af4        0x4 C:\Program Files (x86)\GNU Tools ARM Embedded\5.3 2016q1\arm-none-eabi\lib\armv7e-m\libg.a(lib_a-mlock.o)
                0x08008af4                __malloc_lock
 .text.__malloc_unlock
                0x08008af8        0x4 C:\Program Files (x86)\GNU Tools ARM Embedded\5.3 2016q1\arm-none-eabi\lib\armv7e-m\libg.a(lib_a-mlock.o)
                0x08008af8                __malloc_unlock
 .text._Balloc  0x08008afc       0x4c C:\Program Files (x86)\GNU Tools ARM Embedded\5.3 2016q1\arm-none-eabi\lib\armv7e-m\libg.a(lib_a-mprec.o)
                0x08008afc                _Balloc
 .text._Bfree   0x08008b48       0x14 C:\Program Files (x86)\GNU Tools ARM Embedded\5.3 2016q1\arm-none-eabi\lib\armv7e-m\libg.a(lib_a-mprec.o)
                0x08008b48                _Bfree
 .text.__multadd
                0x08008b5c       0x80 C:\Program Files (x86)\GNU Tools ARM Embedded\5.3 2016q1\arm-none-eabi\lib\armv7e-m\libg.a(lib_a-mprec.o)
                0x08008b5c                __multadd
 .text.__hi0bits
                0x08008bdc       0x40 C:\Program Files (x86)\GNU Tools ARM Embedded\5.3 2016q1\arm-none-eabi\lib\armv7e-m\libg.a(lib_a-mprec.o)
                0x08008bdc                __hi0bits
 .text.__lo0bits
                0x08008c1c       0x5c C:\Program Files (x86)\GNU Tools ARM Embedded\5.3 2016q1\arm-none-eabi\lib\armv7e-m\libg.a(lib_a-mprec.o)
                0x08008c1c                __lo0bits
 .text.__i2b    0x08008c78       0x14 C:\Program Files (x86)\GNU Tools ARM Embedded\5.3 2016q1\arm-none-eabi\lib\armv7e-m\libg.a(lib_a-mprec.o)
                0x08008c78                __i2b
 .text.__multiply
                0x08008c8c      0x130 C:\Program Files (x86)\GNU Tools ARM Embedded\5.3 2016q1\arm-none-eabi\lib\armv7e-m\libg.a(lib_a-mprec.o)
                0x08008c8c                __multiply
 .text.__pow5mult
                0x08008dbc       0xa0 C:\Program Files (x86)\GNU Tools ARM Embedded\5.3 2016q1\arm-none-eabi\lib\armv7e-m\libg.a(lib_a-mprec.o)
                0x08008dbc                __pow5mult
 .text.__lshift
                0x08008e5c       0xb0 C:\Program Files (x86)\GNU Tools ARM Embedded\5.3 2016q1\arm-none-eabi\lib\armv7e-m\libg.a(lib_a-mprec.o)
                0x08008e5c                __lshift
 .text.__mcmp   0x08008f0c       0x40 C:\Program Files (x86)\GNU Tools ARM Embedded\5.3 2016q1\arm-none-eabi\lib\armv7e-m\libg.a(lib_a-mprec.o)
                0x08008f0c                __mcmp
 .text.__mdiff  0x08008f4c      0x114 C:\Program Files (x86)\GNU Tools ARM Embedded\5.3 2016q1\arm-none-eabi\lib\armv7e-m\libg.a(lib_a-mprec.o)
                0x08008f4c                __mdiff
 .text.__d2b    0x08009060       0xb8 C:\Program Files (x86)\GNU Tools ARM Embedded\5.3 2016q1\arm-none-eabi\lib\armv7e-m\libg.a(lib_a-mprec.o)
                0x08009060                __d2b
 .text._sbrk_r  0x08009118       0x24 C:\Program Files (x86)\GNU Tools ARM Embedded\5.3 2016q1\arm-none-eabi\lib\armv7e-m\libg.a(lib_a-sbrkr.o)
                0x08009118                _sbrk_r
 *fill*         0x0800913c        0x4 
 .text          0x08009140       0xdc C:\Program Files (x86)\GNU Tools ARM Embedded\5.3 2016q1\arm-none-eabi\lib\armv7e-m\libg.a(lib_a-strlen.o)
                0x08009140                strlen
 .text.__ssprint_r
                0x0800921c      0x100 C:\Program Files (x86)\GNU Tools ARM Embedded\5.3 2016q1\arm-none-eabi\lib\armv7e-m\libg.a(lib_a-svfiprintf.o)
                0x0800921c                __ssprint_r
 .text._calloc_r
                0x0800931c       0x60 C:\Program Files (x86)\GNU Tools ARM Embedded\5.3 2016q1\arm-none-eabi\lib\armv7e-m\libg.a(lib_a-callocr.o)
                0x0800931c                _calloc_r
 .text._malloc_trim_r
                0x0800937c       0x9c C:\Program Files (x86)\GNU Tools ARM Embedded\5.3 2016q1\arm-none-eabi\lib\armv7e-m\libg.a(lib_a-freer.o)
                0x0800937c                _malloc_trim_r
 .text._free_r  0x08009418      0x1d0 C:\Program Files (x86)\GNU Tools ARM Embedded\5.3 2016q1\arm-none-eabi\lib\armv7e-m\libg.a(lib_a-freer.o)
                0x08009418                _free_r
 .text.memmove  0x080095e8       0xc8 C:\Program Files (x86)\GNU Tools ARM Embedded\5.3 2016q1\arm-none-eabi\lib\armv7e-m\libg.a(lib_a-memmove.o)
                0x080095e8                memmove
 .text.memset   0x080096b0       0x9c C:\Program Files (x86)\GNU Tools ARM Embedded\5.3 2016q1\arm-none-eabi\lib\armv7e-m\libg.a(lib_a-memset.o)
                0x080096b0                memset
 .text._realloc_r
                0x0800974c      0x3e0 C:\Program Files (x86)\GNU Tools ARM Embedded\5.3 2016q1\arm-none-eabi\lib\armv7e-m\libg.a(lib_a-reallocr.o)
                0x0800974c                _realloc_r
 .text          0x08009b2c       0x30 c:/program files (x86)/gnu tools arm embedded/5.3 2016q1/bin/../lib/gcc/arm-none-eabi/5.3.1/armv7e-m\libgcc.a(_aeabi_uldivmod.o)
                0x08009b2c                __aeabi_uldivmod
 .text          0x08009b5c      0x2e4 c:/program files (x86)/gnu tools arm embedded/5.3 2016q1/bin/../lib/gcc/arm-none-eabi/5.3.1/armv7e-m\libgcc.a(_udivmoddi4.o)
                0x08009b5c                __udivmoddi4
 .text          0x08009e40        0x4 c:/program files (x86)/gnu tools arm embedded/5.3 2016q1/bin/../lib/gcc/arm-none-eabi/5.3.1/armv7e-m\libgcc.a(_dvmd_tls.o)
                0x08009e40                __aeabi_idiv0
                0x08009e40                __aeabi_ldiv0
 *(.init)
 *(.fini)
 *crtbegin.o(.ctors)
 *crtbegin?.o(.ctors)
 *(EXCLUDE_FILE(*crtend.o *crtend?.o) .ctors)
 *(SORT(.ctors.*))
 *(.ctors)
 *crtbegin.o(.dtors)
 *crtbegin?.o(.dtors)
 *(EXCLUDE_FILE(*crtend.o *crtend?.o) .dtors)
 *(SORT(.dtors.*))
 *(.dtors)
 *(.rodata*)
 .rodata        0x08009e44       0xe7 ..\obj\menu.o
 *fill*         0x08009f2b        0x1 
 .rodata        0x08009f2c       0x1d ..\obj\menuAux.o
 *fill*         0x08009f49        0x3 
 .rodata.str1.4
                0x08009f4c        0x4 C:\Program Files (x86)\GNU Tools ARM Embedded\5.3 2016q1\arm-none-eabi\lib\armv7e-m\libm.a(lib_a-w_pow.o)
 .rodata.str1.4
                0x08009f50        0x4 C:\Program Files (x86)\GNU Tools ARM Embedded\5.3 2016q1\arm-none-eabi\lib\armv7e-m\libm.a(lib_a-e_pow.o)
                                  0x1 (size before relaxing)
 .rodata.TWO52  0x08009f50       0x10 C:\Program Files (x86)\GNU Tools ARM Embedded\5.3 2016q1\arm-none-eabi\lib\armv7e-m\libm.a(lib_a-s_rint.o)
 .rodata.str1.4
                0x08009f60        0x2 C:\Program Files (x86)\GNU Tools ARM Embedded\5.3 2016q1\arm-none-eabi\lib\armv7e-m\libg.a(lib_a-impure.o)
 *fill*         0x08009f62        0x2 
 .rodata.zeroes.7035
                0x08009f64       0x10 C:\Program Files (x86)\GNU Tools ARM Embedded\5.3 2016q1\arm-none-eabi\lib\armv7e-m\libg.a(lib_a-svfprintf.o)
 .rodata.str1.4
                0x08009f74       0x42 C:\Program Files (x86)\GNU Tools ARM Embedded\5.3 2016q1\arm-none-eabi\lib\armv7e-m\libg.a(lib_a-svfprintf.o)
 *fill*         0x08009fb6        0x2 
 .rodata.blanks.7034
                0x08009fb8       0x10 C:\Program Files (x86)\GNU Tools ARM Embedded\5.3 2016q1\arm-none-eabi\lib\armv7e-m\libg.a(lib_a-svfprintf.o)
 .rodata.str1.4
                0x08009fc8       0x10 C:\Program Files (x86)\GNU Tools ARM Embedded\5.3 2016q1\arm-none-eabi\lib\armv7e-m\libg.a(lib_a-dtoa.o)
                                 0x12 (size before relaxing)
 .rodata.str1.4
                0x08009fd8        0xc C:\Program Files (x86)\GNU Tools ARM Embedded\5.3 2016q1\arm-none-eabi\lib\armv7e-m\libg.a(lib_a-locale.o)
                                 0x12 (size before relaxing)
 *fill*         0x08009fe4        0x4 
 .rodata.__mprec_tens
                0x08009fe8       0xc8 C:\Program Files (x86)\GNU Tools ARM Embedded\5.3 2016q1\arm-none-eabi\lib\armv7e-m\libg.a(lib_a-mprec.o)
                0x08009fe8                __mprec_tens
 .rodata.__mprec_bigtens
                0x0800a0b0       0x28 C:\Program Files (x86)\GNU Tools ARM Embedded\5.3 2016q1\arm-none-eabi\lib\armv7e-m\libg.a(lib_a-mprec.o)
                0x0800a0b0                __mprec_bigtens
 .rodata.p05.5373
                0x0800a0d8        0xc C:\Program Files (x86)\GNU Tools ARM Embedded\5.3 2016q1\arm-none-eabi\lib\armv7e-m\libg.a(lib_a-mprec.o)
 *(.eh_fram e*)

.glue_7         0x0800a0e4        0x0
 .glue_7        0x0800a0e4        0x0 linker stubs

.glue_7t        0x0800a0e4        0x0
 .glue_7t       0x0800a0e4        0x0 linker stubs

.vfp11_veneer   0x0800a0e4        0x0
 .vfp11_veneer  0x0800a0e4        0x0 linker stubs

.v4_bx          0x0800a0e4        0x0
 .v4_bx         0x0800a0e4        0x0 linker stubs

.iplt           0x0800a0e4        0x0
 .iplt          0x0800a0e4        0x0 ..\obj\stm32f30x_rcc.o

.ARM.extab
 *(.ARM.extab* .gnu.linkonce.armextab.*)
                0x0800a0e4                __exidx_start = .

.ARM.exidx      0x0800a0e4        0x8
 *(.ARM.exidx* .gnu.linkonce.armexidx.*)
 .ARM.exidx     0x0800a0e4        0x8 c:/program files (x86)/gnu tools arm embedded/5.3 2016q1/bin/../lib/gcc/arm-none-eabi/5.3.1/armv7e-m\libgcc.a(_udivmoddi4.o)
                0x0800a0ec                __exidx_end = .
                0x0800a0ec                __etext = .
                0x0800a0ec                _sidata = __etext

.rel.dyn        0x0800a0ec        0x0
 .rel.iplt      0x0800a0ec        0x0 ..\obj\stm32f30x_rcc.o

.data           0x20000000      0xa3c load address 0x0800a0ec
                0x20000000                __data_start__ = .
                0x20000000                _sdata = __data_start__
 *(vtable)
 *(.data*)
 .data          0x20000000      0x100 ..\obj\main.o
                0x20000000                scale
                0x20000010                limit
                0x20000030                twoPosSet
                0x20000048                threePosSet
                0x20000060                pidSet
 .data          0x20000100       0xc0 ..\obj\menu.o
 .data.__fdlib_version
                0x200001c0        0x1 C:\Program Files (x86)\GNU Tools ARM Embedded\5.3 2016q1\arm-none-eabi\lib\armv7e-m\libm.a(lib_a-s_lib_ver.o)
                0x200001c0                __fdlib_version
 *fill*         0x200001c1        0x7 
 .data.impure_data
                0x200001c8      0x428 C:\Program Files (x86)\GNU Tools ARM Embedded\5.3 2016q1\arm-none-eabi\lib\armv7e-m\libg.a(lib_a-impure.o)
 .data._impure_ptr
                0x200005f0        0x4 C:\Program Files (x86)\GNU Tools ARM Embedded\5.3 2016q1\arm-none-eabi\lib\armv7e-m\libg.a(lib_a-impure.o)
                0x200005f0                _impure_ptr
 .data.lconv    0x200005f4       0x38 C:\Program Files (x86)\GNU Tools ARM Embedded\5.3 2016q1\arm-none-eabi\lib\armv7e-m\libg.a(lib_a-locale.o)
 .data.__malloc_av_
                0x2000062c      0x408 C:\Program Files (x86)\GNU Tools ARM Embedded\5.3 2016q1\arm-none-eabi\lib\armv7e-m\libg.a(lib_a-mallocr.o)
                0x2000062c                __malloc_av_
 .data.__malloc_trim_threshold
                0x20000a34        0x4 C:\Program Files (x86)\GNU Tools ARM Embedded\5.3 2016q1\arm-none-eabi\lib\armv7e-m\libg.a(lib_a-mallocr.o)
                0x20000a34                __malloc_trim_threshold
 .data.__malloc_sbrk_base
                0x20000a38        0x4 C:\Program Files (x86)\GNU Tools ARM Embedded\5.3 2016q1\arm-none-eabi\lib\armv7e-m\libg.a(lib_a-mallocr.o)
                0x20000a38                __malloc_sbrk_base
                0x20000a3c                . = ALIGN (0x4)
                [!provide]                PROVIDE (__preinit_array_start, .)
 *(.preinit_array)
                [!provide]                PROVIDE (__preinit_array_end, .)
                0x20000a3c                . = ALIGN (0x4)
                [!provide]                PROVIDE (__init_array_start, .)
 *(SORT(.init_array.*))
 *(.init_array)
                [!provide]                PROVIDE (__init_array_end, .)
                0x20000a3c                . = ALIGN (0x4)
                [!provide]                PROVIDE (__fini_array_start, .)
 *(SORT(.fini_array.*))
 *(.fini_array)
                [!provide]                PROVIDE (__fini_array_end, .)
 *(.jcr*)
                0x20000a3c                . = ALIGN (0x4)
                0x20000a3c                __data_end__ = .
                0x20000a3c                _edata = __data_end__

.igot.plt       0x20000a3c        0x0 load address 0x0800ab28
 .igot.plt      0x20000a3c        0x0 ..\obj\stm32f30x_rcc.o

.bss            0x20000a40      0x298 load address 0x0800ab30
                0x20000a40                . = ALIGN (0x4)
                0x20000a40                __bss_start__ = .
                0x20000a40                _sbss = __bss_start__
 *(.bss*)
 .bss           0x20000a40       0x64 ..\obj\flash.o
 *fill*         0x20000aa4        0x4 
 .bss           0x20000aa8        0x8 ..\obj\twoPos.o
 .bss           0x20000ab0       0x2a ..\obj\main.o
                0x20000ab0                mode
                0x20000ab2                AUTO
                0x20000ab3                prog
                0x20000ab4                pvRaw
                0x20000ab6                outRaw
                0x20000ab8                pv
                0x20000ac0                sp
                0x20000ac8                menuParChanged
 *fill*         0x20000ada        0x2 
 .bss           0x20000adc        0xd ..\obj\menu.o
 *fill*         0x20000ae9        0x3 
 .bss           0x20000aec        0x4 ..\obj\syscalls.o
 .bss           0x20000af0      0x191 ..\obj\misc.o
 *fill*         0x20000c81        0x7 
 .bss           0x20000c88        0xb ..\obj\threePos.o
 *fill*         0x20000c93        0x5 
 .bss           0x20000c98        0x8 ..\obj\pid.o
 .bss.__malloc_max_total_mem
                0x20000ca0        0x4 C:\Program Files (x86)\GNU Tools ARM Embedded\5.3 2016q1\arm-none-eabi\lib\armv7e-m\libg.a(lib_a-mallocr.o)
                0x20000ca0                __malloc_max_total_mem
 .bss.__malloc_max_sbrked_mem
                0x20000ca4        0x4 C:\Program Files (x86)\GNU Tools ARM Embedded\5.3 2016q1\arm-none-eabi\lib\armv7e-m\libg.a(lib_a-mallocr.o)
                0x20000ca4                __malloc_max_sbrked_mem
 .bss.__malloc_top_pad
                0x20000ca8        0x4 C:\Program Files (x86)\GNU Tools ARM Embedded\5.3 2016q1\arm-none-eabi\lib\armv7e-m\libg.a(lib_a-mallocr.o)
                0x20000ca8                __malloc_top_pad
 .bss.__malloc_current_mallinfo
                0x20000cac       0x28 C:\Program Files (x86)\GNU Tools ARM Embedded\5.3 2016q1\arm-none-eabi\lib\armv7e-m\libg.a(lib_a-mallocr.o)
                0x20000cac                __malloc_current_mallinfo
 *(COMMON)
 COMMON         0x20000cd4        0x4 C:\Program Files (x86)\GNU Tools ARM Embedded\5.3 2016q1\arm-none-eabi\lib\armv7e-m\libg.a(lib_a-reent.o)
                0x20000cd4                errno
                0x20000cd8                . = ALIGN (0x4)
                0x20000cd8                __bss_end__ = .
                0x20000cd8                _ebss = __bss_end__

.heap           0x20000cd8        0x0
                0x20000cd8                __end__ = .
                0x20000cd8                _end = __end__
                0x20000cd8                end = __end__
 *(.heap*)
                0x20000cd8                __HeapLimit = .

.co_stack       0x20000cd8        0x0
                0x20000cd8                . = ALIGN (0x8)
 *(.co_stack .co_stack.*)
                0x2000a000                __StackTop = (ORIGIN (ram) + LENGTH (ram))
                0x2000a000                __StackLimit = (__StackTop - SIZEOF (.co_stack))
                [!provide]                PROVIDE (__stack, __StackTop)
                0x00000001                ASSERT ((__StackLimit >= __HeapLimit), region ram  overflowed with stack)
LOAD ..\obj\stm32f30x_rcc.o
LOAD ..\obj\stm32f30x_flash.o
LOAD ..\obj\flash.o
LOAD ..\obj\twoPos.o
LOAD ..\obj\stm32f30x_adc.o
LOAD ..\obj\globals.o
LOAD ..\obj\ledDigits.o
LOAD ..\obj\stm32f30x_gpio.o
LOAD ..\obj\main.o
LOAD ..\obj\stm32f30x_dma.o
LOAD ..\obj\init.o
LOAD ..\obj\stm32f30x_exti.o
LOAD ..\obj\menu.o
LOAD ..\obj\system_stm32f30x_temp.o
LOAD ..\obj\syscalls.o
LOAD ..\obj\stm32f30x_misc.o
LOAD ..\obj\stm32f30x_tim.o
LOAD ..\obj\startup_stm32f30x.o
LOAD ..\obj\menuAux.o
LOAD ..\obj\stm32f30x_syscfg.o
LOAD ..\obj\misc.o
LOAD ..\obj\threePos.o
LOAD ..\obj\pid.o
LOAD C:\Program Files (x86)\GNU Tools ARM Embedded\5.3 2016q1\arm-none-eabi\lib\armv7e-m\libm.a
START GROUP
LOAD c:/program files (x86)/gnu tools arm embedded/5.3 2016q1/bin/../lib/gcc/arm-none-eabi/5.3.1/armv7e-m\libgcc.a
LOAD C:\Program Files (x86)\GNU Tools ARM Embedded\5.3 2016q1\arm-none-eabi\lib\armv7e-m\libg.a
LOAD C:\Program Files (x86)\GNU Tools ARM Embedded\5.3 2016q1\arm-none-eabi\lib\armv7e-m\libc.a
END GROUP
OUTPUT(UReg.elf elf32-littlearm)

.debug_info     0x00000000     0x96a6
 .debug_info    0x00000000      0xacc ..\obj\stm32f30x_rcc.o
 .debug_info    0x00000acc      0x7d7 ..\obj\stm32f30x_flash.o
 .debug_info    0x000012a3      0x479 ..\obj\flash.o
 .debug_info    0x0000171c      0x284 ..\obj\twoPos.o
 .debug_info    0x000019a0     0x131f ..\obj\stm32f30x_adc.o
 .debug_info    0x00002cbf       0xfb ..\obj\ledDigits.o
 .debug_info    0x00002dba      0x612 ..\obj\stm32f30x_gpio.o
 .debug_info    0x000033cc      0x833 ..\obj\main.o
 .debug_info    0x00003bff      0x47b ..\obj\stm32f30x_dma.o
 .debug_info    0x0000407a      0xe1e ..\obj\init.o
 .debug_info    0x00004e98      0x3c4 ..\obj\stm32f30x_exti.o
 .debug_info    0x0000525c      0x2db ..\obj\menu.o
 .debug_info    0x00005537      0x4bb ..\obj\system_stm32f30x_temp.o
 .debug_info    0x000059f2      0x3f5 ..\obj\syscalls.o
 .debug_info    0x00005de7      0x556 ..\obj\stm32f30x_misc.o
 .debug_info    0x0000633d     0x218c ..\obj\stm32f30x_tim.o
 .debug_info    0x000084c9       0x82 ..\obj\startup_stm32f30x.o
 .debug_info    0x0000854b      0x584 ..\obj\menuAux.o
 .debug_info    0x00008acf      0x3ce ..\obj\stm32f30x_syscfg.o
 .debug_info    0x00008e9d      0x32f ..\obj\misc.o
 .debug_info    0x000091cc      0x2ea ..\obj\threePos.o
 .debug_info    0x000094b6      0x1f0 ..\obj\pid.o

.debug_abbrev   0x00000000     0x1b77
 .debug_abbrev  0x00000000      0x1e5 ..\obj\stm32f30x_rcc.o
 .debug_abbrev  0x000001e5      0x1b6 ..\obj\stm32f30x_flash.o
 .debug_abbrev  0x0000039b      0x13a ..\obj\flash.o
 .debug_abbrev  0x000004d5      0x10b ..\obj\twoPos.o
 .debug_abbrev  0x000005e0      0x192 ..\obj\stm32f30x_adc.o
 .debug_abbrev  0x00000772       0x94 ..\obj\ledDigits.o
 .debug_abbrev  0x00000806      0x198 ..\obj\stm32f30x_gpio.o
 .debug_abbrev  0x0000099e      0x125 ..\obj\main.o
 .debug_abbrev  0x00000ac3      0x157 ..\obj\stm32f30x_dma.o
 .debug_abbrev  0x00000c1a      0x19d ..\obj\init.o
 .debug_abbrev  0x00000db7      0x17e ..\obj\stm32f30x_exti.o
 .debug_abbrev  0x00000f35      0x145 ..\obj\menu.o
 .debug_abbrev  0x0000107a      0x147 ..\obj\system_stm32f30x_temp.o
 .debug_abbrev  0x000011c1       0xe5 ..\obj\syscalls.o
 .debug_abbrev  0x000012a6      0x147 ..\obj\stm32f30x_misc.o
 .debug_abbrev  0x000013ed      0x189 ..\obj\stm32f30x_tim.o
 .debug_abbrev  0x00001576       0x12 ..\obj\startup_stm32f30x.o
 .debug_abbrev  0x00001588      0x15c ..\obj\menuAux.o
 .debug_abbrev  0x000016e4      0x183 ..\obj\stm32f30x_syscfg.o
 .debug_abbrev  0x00001867      0x146 ..\obj\misc.o
 .debug_abbrev  0x000019ad      0x10b ..\obj\threePos.o
 .debug_abbrev  0x00001ab8       0xbf ..\obj\pid.o

.debug_aranges  0x00000000      0xd40
 .debug_aranges
                0x00000000      0x150 ..\obj\stm32f30x_rcc.o
 .debug_aranges
                0x00000150      0x100 ..\obj\stm32f30x_flash.o
 .debug_aranges
                0x00000250       0x28 ..\obj\flash.o
 .debug_aranges
                0x00000278       0x28 ..\obj\twoPos.o
 .debug_aranges
                0x000002a0      0x210 ..\obj\stm32f30x_adc.o
 .debug_aranges
                0x000004b0       0x28 ..\obj\ledDigits.o
 .debug_aranges
                0x000004d8       0x80 ..\obj\stm32f30x_gpio.o
 .debug_aranges
                0x00000558       0x40 ..\obj\main.o
 .debug_aranges
                0x00000598       0x70 ..\obj\stm32f30x_dma.o
 .debug_aranges
                0x00000608       0x60 ..\obj\init.o
 .debug_aranges
                0x00000668       0x58 ..\obj\stm32f30x_exti.o
 .debug_aranges
                0x000006c0       0x68 ..\obj\menu.o
 .debug_aranges
                0x00000728       0x30 ..\obj\system_stm32f30x_temp.o
 .debug_aranges
                0x00000758       0x60 ..\obj\syscalls.o
 .debug_aranges
                0x000007b8       0x40 ..\obj\stm32f30x_misc.o
 .debug_aranges
                0x000007f8      0x3a8 ..\obj\stm32f30x_tim.o
 .debug_aranges
                0x00000ba0       0x28 ..\obj\startup_stm32f30x.o
 .debug_aranges
                0x00000bc8       0x60 ..\obj\menuAux.o
 .debug_aranges
                0x00000c28       0x88 ..\obj\stm32f30x_syscfg.o
 .debug_aranges
                0x00000cb0       0x38 ..\obj\misc.o
 .debug_aranges
                0x00000ce8       0x28 ..\obj\threePos.o
 .debug_aranges
                0x00000d10       0x30 ..\obj\pid.o

.debug_ranges   0x00000000      0xbe8
 .debug_ranges  0x00000000      0x140 ..\obj\stm32f30x_rcc.o
 .debug_ranges  0x00000140       0xf0 ..\obj\stm32f30x_flash.o
 .debug_ranges  0x00000230       0x18 ..\obj\flash.o
 .debug_ranges  0x00000248       0x18 ..\obj\twoPos.o
 .debug_ranges  0x00000260      0x200 ..\obj\stm32f30x_adc.o
 .debug_ranges  0x00000460       0x18 ..\obj\ledDigits.o
 .debug_ranges  0x00000478       0x70 ..\obj\stm32f30x_gpio.o
 .debug_ranges  0x000004e8       0x30 ..\obj\main.o
 .debug_ranges  0x00000518       0x60 ..\obj\stm32f30x_dma.o
 .debug_ranges  0x00000578       0x50 ..\obj\init.o
 .debug_ranges  0x000005c8       0x48 ..\obj\stm32f30x_exti.o
 .debug_ranges  0x00000610       0x58 ..\obj\menu.o
 .debug_ranges  0x00000668       0x20 ..\obj\system_stm32f30x_temp.o
 .debug_ranges  0x00000688       0x50 ..\obj\syscalls.o
 .debug_ranges  0x000006d8       0x30 ..\obj\stm32f30x_misc.o
 .debug_ranges  0x00000708      0x398 ..\obj\stm32f30x_tim.o
 .debug_ranges  0x00000aa0       0x20 ..\obj\startup_stm32f30x.o
 .debug_ranges  0x00000ac0       0x50 ..\obj\menuAux.o
 .debug_ranges  0x00000b10       0x78 ..\obj\stm32f30x_syscfg.o
 .debug_ranges  0x00000b88       0x28 ..\obj\misc.o
 .debug_ranges  0x00000bb0       0x18 ..\obj\threePos.o
 .debug_ranges  0x00000bc8       0x20 ..\obj\pid.o

.debug_line     0x00000000     0x4505
 .debug_line    0x00000000      0x56c ..\obj\stm32f30x_rcc.o
 .debug_line    0x0000056c      0x480 ..\obj\stm32f30x_flash.o
 .debug_line    0x000009ec      0x218 ..\obj\flash.o
 .debug_line    0x00000c04      0x1b0 ..\obj\twoPos.o
 .debug_line    0x00000db4      0x7a7 ..\obj\stm32f30x_adc.o
 .debug_line    0x0000155b      0x157 ..\obj\ledDigits.o
 .debug_line    0x000016b2      0x307 ..\obj\stm32f30x_gpio.o
 .debug_line    0x000019b9      0x328 ..\obj\main.o
 .debug_line    0x00001ce1      0x303 ..\obj\stm32f30x_dma.o
 .debug_line    0x00001fe4      0x352 ..\obj\init.o
 .debug_line    0x00002336      0x281 ..\obj\stm32f30x_exti.o
 .debug_line    0x000025b7      0x223 ..\obj\menu.o
 .debug_line    0x000027da      0x1df ..\obj\system_stm32f30x_temp.o
 .debug_line    0x000029b9      0x172 ..\obj\syscalls.o
 .debug_line    0x00002b2b      0x222 ..\obj\stm32f30x_misc.o
 .debug_line    0x00002d4d      0xc76 ..\obj\stm32f30x_tim.o
 .debug_line    0x000039c3       0x96 ..\obj\startup_stm32f30x.o
 .debug_line    0x00003a59      0x2cc ..\obj\menuAux.o
 .debug_line    0x00003d25      0x296 ..\obj\stm32f30x_syscfg.o
 .debug_line    0x00003fbb      0x1d4 ..\obj\misc.o
 .debug_line    0x0000418f      0x1dd ..\obj\threePos.o
 .debug_line    0x0000436c      0x199 ..\obj\pid.o

.debug_str      0x00000000     0x3a03
 .debug_str     0x00000000      0x759 ..\obj\stm32f30x_rcc.o
                                0x7ea (size before relaxing)
 .debug_str     0x00000759      0x3c3 ..\obj\stm32f30x_flash.o
                                0x58d (size before relaxing)
 .debug_str     0x00000b1c      0x161 ..\obj\flash.o
                                0x316 (size before relaxing)
 .debug_str     0x00000c7d       0x91 ..\obj\twoPos.o
                                0x27f (size before relaxing)
 .debug_str     0x00000d0e      0x98b ..\obj\stm32f30x_adc.o
                                0xb86 (size before relaxing)
 .debug_str     0x00001699       0x47 ..\obj\ledDigits.o
                                0x196 (size before relaxing)
 .debug_str     0x000016e0      0x2ba ..\obj\stm32f30x_gpio.o
                                0x495 (size before relaxing)
 .debug_str     0x0000199a      0x1a9 ..\obj\main.o
                                0x4a3 (size before relaxing)
 .debug_str     0x00001b43      0x210 ..\obj\stm32f30x_dma.o
                                0x3b3 (size before relaxing)
 .debug_str     0x00001d53      0x75a ..\obj\init.o
                                0xd9a (size before relaxing)
 .debug_str     0x000024ad      0x116 ..\obj\stm32f30x_exti.o
                                0x376 (size before relaxing)
 .debug_str     0x000025c3       0xd4 ..\obj\menu.o
                                0x269 (size before relaxing)
 .debug_str     0x00002697       0xcb ..\obj\system_stm32f30x_temp.o
                                0x300 (size before relaxing)
 .debug_str     0x00002762      0x14f ..\obj\syscalls.o
                                0x2b3 (size before relaxing)
 .debug_str     0x000028b1      0x11f ..\obj\stm32f30x_misc.o
                                0x3c4 (size before relaxing)
 .debug_str     0x000029d0      0xbd6 ..\obj\stm32f30x_tim.o
                                0xf6d (size before relaxing)
 .debug_str     0x000035a6       0xf1 ..\obj\menuAux.o
                                0x387 (size before relaxing)
 .debug_str     0x00003697      0x25f ..\obj\stm32f30x_syscfg.o
                                0x3f6 (size before relaxing)
 .debug_str     0x000038f6       0x7a ..\obj\misc.o
                                0x2bc (size before relaxing)
 .debug_str     0x00003970       0x51 ..\obj\threePos.o
                                0x2c4 (size before relaxing)
 .debug_str     0x000039c1       0x42 ..\obj\pid.o
                                0x1f2 (size before relaxing)

.comment        0x00000000       0x6e
 .comment       0x00000000       0x6e ..\obj\stm32f30x_rcc.o
                                 0x6f (size before relaxing)
 .comment       0x0000006e       0x6f ..\obj\stm32f30x_flash.o
 .comment       0x0000006e       0x6f ..\obj\flash.o
 .comment       0x0000006e       0x6f ..\obj\twoPos.o
 .comment       0x0000006e       0x6f ..\obj\stm32f30x_adc.o
 .comment       0x0000006e       0x6f ..\obj\ledDigits.o
 .comment       0x0000006e       0x6f ..\obj\stm32f30x_gpio.o
 .comment       0x0000006e       0x6f ..\obj\main.o
 .comment       0x0000006e       0x6f ..\obj\stm32f30x_dma.o
 .comment       0x0000006e       0x6f ..\obj\init.o
 .comment       0x0000006e       0x6f ..\obj\stm32f30x_exti.o
 .comment       0x0000006e       0x6f ..\obj\menu.o
 .comment       0x0000006e       0x6f ..\obj\system_stm32f30x_temp.o
 .comment       0x0000006e       0x6f ..\obj\syscalls.o
 .comment       0x0000006e       0x6f ..\obj\stm32f30x_misc.o
 .comment       0x0000006e       0x6f ..\obj\stm32f30x_tim.o
 .comment       0x0000006e       0x6f ..\obj\menuAux.o
 .comment       0x0000006e       0x6f ..\obj\stm32f30x_syscfg.o
 .comment       0x0000006e       0x6f ..\obj\misc.o
 .comment       0x0000006e       0x6f ..\obj\threePos.o
 .comment       0x0000006e       0x6f ..\obj\pid.o

.ARM.attributes
                0x00000000       0x31
 .ARM.attributes
                0x00000000       0x33 ..\obj\stm32f30x_rcc.o
 .ARM.attributes
                0x00000033       0x33 ..\obj\stm32f30x_flash.o
 .ARM.attributes
                0x00000066       0x33 ..\obj\flash.o
 .ARM.attributes
                0x00000099       0x33 ..\obj\twoPos.o
 .ARM.attributes
                0x000000cc       0x33 ..\obj\stm32f30x_adc.o
 .ARM.attributes
                0x000000ff       0x33 ..\obj\ledDigits.o
 .ARM.attributes
                0x00000132       0x33 ..\obj\stm32f30x_gpio.o
 .ARM.attributes
                0x00000165       0x33 ..\obj\main.o
 .ARM.attributes
                0x00000198       0x33 ..\obj\stm32f30x_dma.o
 .ARM.attributes
                0x000001cb       0x33 ..\obj\init.o
 .ARM.attributes
                0x000001fe       0x33 ..\obj\stm32f30x_exti.o
 .ARM.attributes
                0x00000231       0x33 ..\obj\menu.o
 .ARM.attributes
                0x00000264       0x33 ..\obj\system_stm32f30x_temp.o
 .ARM.attributes
                0x00000297       0x33 ..\obj\syscalls.o
 .ARM.attributes
                0x000002ca       0x33 ..\obj\stm32f30x_misc.o
 .ARM.attributes
                0x000002fd       0x33 ..\obj\stm32f30x_tim.o
 .ARM.attributes
                0x00000330       0x21 ..\obj\startup_stm32f30x.o
 .ARM.attributes
                0x00000351       0x33 ..\obj\menuAux.o
 .ARM.attributes
                0x00000384       0x33 ..\obj\stm32f30x_syscfg.o
 .ARM.attributes
                0x000003b7       0x33 ..\obj\misc.o
 .ARM.attributes
                0x000003ea       0x33 ..\obj\threePos.o
 .ARM.attributes
                0x0000041d       0x33 ..\obj\pid.o
 .ARM.attributes
                0x00000450       0x2e C:\Program Files (x86)\GNU Tools ARM Embedded\5.3 2016q1\arm-none-eabi\lib\armv7e-m\libm.a(lib_a-s_round.o)
 .ARM.attributes
                0x0000047e       0x2e C:\Program Files (x86)\GNU Tools ARM Embedded\5.3 2016q1\arm-none-eabi\lib\armv7e-m\libm.a(lib_a-w_pow.o)
 .ARM.attributes
                0x000004ac       0x2e C:\Program Files (x86)\GNU Tools ARM Embedded\5.3 2016q1\arm-none-eabi\lib\armv7e-m\libm.a(lib_a-e_pow.o)
 .ARM.attributes
                0x000004da       0x2e C:\Program Files (x86)\GNU Tools ARM Embedded\5.3 2016q1\arm-none-eabi\lib\armv7e-m\libm.a(lib_a-e_sqrt.o)
 .ARM.attributes
                0x00000508       0x2e C:\Program Files (x86)\GNU Tools ARM Embedded\5.3 2016q1\arm-none-eabi\lib\armv7e-m\libm.a(lib_a-s_fabs.o)
 .ARM.attributes
                0x00000536       0x2e C:\Program Files (x86)\GNU Tools ARM Embedded\5.3 2016q1\arm-none-eabi\lib\armv7e-m\libm.a(lib_a-s_finite.o)
 .ARM.attributes
                0x00000564       0x2e C:\Program Files (x86)\GNU Tools ARM Embedded\5.3 2016q1\arm-none-eabi\lib\armv7e-m\libm.a(lib_a-s_lib_ver.o)
 .ARM.attributes
                0x00000592       0x2e C:\Program Files (x86)\GNU Tools ARM Embedded\5.3 2016q1\arm-none-eabi\lib\armv7e-m\libm.a(lib_a-s_matherr.o)
 .ARM.attributes
                0x000005c0       0x2e C:\Program Files (x86)\GNU Tools ARM Embedded\5.3 2016q1\arm-none-eabi\lib\armv7e-m\libm.a(lib_a-s_nan.o)
 .ARM.attributes
                0x000005ee       0x2e C:\Program Files (x86)\GNU Tools ARM Embedded\5.3 2016q1\arm-none-eabi\lib\armv7e-m\libm.a(lib_a-s_rint.o)
 .ARM.attributes
                0x0000061c       0x2e C:\Program Files (x86)\GNU Tools ARM Embedded\5.3 2016q1\arm-none-eabi\lib\armv7e-m\libm.a(lib_a-s_scalbn.o)
 .ARM.attributes
                0x0000064a       0x2e C:\Program Files (x86)\GNU Tools ARM Embedded\5.3 2016q1\arm-none-eabi\lib\armv7e-m\libm.a(lib_a-s_copysign.o)
 .ARM.attributes
                0x00000678       0x1e c:/program files (x86)/gnu tools arm embedded/5.3 2016q1/bin/../lib/gcc/arm-none-eabi/5.3.1/armv7e-m\libgcc.a(_arm_addsubdf3.o)
 .ARM.attributes
                0x00000696       0x1e c:/program files (x86)/gnu tools arm embedded/5.3 2016q1/bin/../lib/gcc/arm-none-eabi/5.3.1/armv7e-m\libgcc.a(_arm_muldivdf3.o)
 .ARM.attributes
                0x000006b4       0x1e c:/program files (x86)/gnu tools arm embedded/5.3 2016q1/bin/../lib/gcc/arm-none-eabi/5.3.1/armv7e-m\libgcc.a(_arm_cmpdf2.o)
 .ARM.attributes
                0x000006d2       0x1e c:/program files (x86)/gnu tools arm embedded/5.3 2016q1/bin/../lib/gcc/arm-none-eabi/5.3.1/armv7e-m\libgcc.a(_arm_unorddf2.o)
 .ARM.attributes
                0x000006f0       0x1e c:/program files (x86)/gnu tools arm embedded/5.3 2016q1/bin/../lib/gcc/arm-none-eabi/5.3.1/armv7e-m\libgcc.a(_arm_fixdfsi.o)
 .ARM.attributes
                0x0000070e       0x1e c:/program files (x86)/gnu tools arm embedded/5.3 2016q1/bin/../lib/gcc/arm-none-eabi/5.3.1/armv7e-m\libgcc.a(_arm_fixunsdfsi.o)
 .ARM.attributes
                0x0000072c       0x2e C:\Program Files (x86)\GNU Tools ARM Embedded\5.3 2016q1\arm-none-eabi\lib\armv7e-m\libg.a(lib_a-errno.o)
 .ARM.attributes
                0x0000075a       0x2e C:\Program Files (x86)\GNU Tools ARM Embedded\5.3 2016q1\arm-none-eabi\lib\armv7e-m\libg.a(lib_a-impure.o)
 .ARM.attributes
                0x00000788       0x2e C:\Program Files (x86)\GNU Tools ARM Embedded\5.3 2016q1\arm-none-eabi\lib\armv7e-m\libg.a(lib_a-sprintf.o)
 .ARM.attributes
                0x000007b6       0x2e C:\Program Files (x86)\GNU Tools ARM Embedded\5.3 2016q1\arm-none-eabi\lib\armv7e-m\libg.a(lib_a-svfprintf.o)
 .ARM.attributes
                0x000007e4       0x2e C:\Program Files (x86)\GNU Tools ARM Embedded\5.3 2016q1\arm-none-eabi\lib\armv7e-m\libg.a(lib_a-dtoa.o)
 .ARM.attributes
                0x00000812       0x2e C:\Program Files (x86)\GNU Tools ARM Embedded\5.3 2016q1\arm-none-eabi\lib\armv7e-m\libg.a(lib_a-locale.o)
 .ARM.attributes
                0x00000840       0x2e C:\Program Files (x86)\GNU Tools ARM Embedded\5.3 2016q1\arm-none-eabi\lib\armv7e-m\libg.a(lib_a-mallocr.o)
 .ARM.attributes
                0x0000086e       0x1c C:\Program Files (x86)\GNU Tools ARM Embedded\5.3 2016q1\arm-none-eabi\lib\armv7e-m\libg.a(lib_a-memchr.o)
 .ARM.attributes
                0x0000088a       0x1c C:\Program Files (x86)\GNU Tools ARM Embedded\5.3 2016q1\arm-none-eabi\lib\armv7e-m\libg.a(lib_a-memcpy.o)
 .ARM.attributes
                0x000008a6       0x2e C:\Program Files (x86)\GNU Tools ARM Embedded\5.3 2016q1\arm-none-eabi\lib\armv7e-m\libg.a(lib_a-mlock.o)
 .ARM.attributes
                0x000008d4       0x2e C:\Program Files (x86)\GNU Tools ARM Embedded\5.3 2016q1\arm-none-eabi\lib\armv7e-m\libg.a(lib_a-mprec.o)
 .ARM.attributes
                0x00000902       0x2e C:\Program Files (x86)\GNU Tools ARM Embedded\5.3 2016q1\arm-none-eabi\lib\armv7e-m\libg.a(lib_a-sbrkr.o)
 .ARM.attributes
                0x00000930       0x1c C:\Program Files (x86)\GNU Tools ARM Embedded\5.3 2016q1\arm-none-eabi\lib\armv7e-m\libg.a(lib_a-strlen.o)
 .ARM.attributes
                0x0000094c       0x2e C:\Program Files (x86)\GNU Tools ARM Embedded\5.3 2016q1\arm-none-eabi\lib\armv7e-m\libg.a(lib_a-svfiprintf.o)
 .ARM.attributes
                0x0000097a       0x2e C:\Program Files (x86)\GNU Tools ARM Embedded\5.3 2016q1\arm-none-eabi\lib\armv7e-m\libg.a(lib_a-callocr.o)
 .ARM.attributes
                0x000009a8       0x2e C:\Program Files (x86)\GNU Tools ARM Embedded\5.3 2016q1\arm-none-eabi\lib\armv7e-m\libg.a(lib_a-freer.o)
 .ARM.attributes
                0x000009d6       0x2e C:\Program Files (x86)\GNU Tools ARM Embedded\5.3 2016q1\arm-none-eabi\lib\armv7e-m\libg.a(lib_a-memmove.o)
 .ARM.attributes
                0x00000a04       0x2e C:\Program Files (x86)\GNU Tools ARM Embedded\5.3 2016q1\arm-none-eabi\lib\armv7e-m\libg.a(lib_a-memset.o)
 .ARM.attributes
                0x00000a32       0x2e C:\Program Files (x86)\GNU Tools ARM Embedded\5.3 2016q1\arm-none-eabi\lib\armv7e-m\libg.a(lib_a-reallocr.o)
 .ARM.attributes
                0x00000a60       0x2e C:\Program Files (x86)\GNU Tools ARM Embedded\5.3 2016q1\arm-none-eabi\lib\armv7e-m\libg.a(lib_a-reent.o)
 .ARM.attributes
                0x00000a8e       0x1e c:/program files (x86)/gnu tools arm embedded/5.3 2016q1/bin/../lib/gcc/arm-none-eabi/5.3.1/armv7e-m\libgcc.a(_aeabi_uldivmod.o)
 .ARM.attributes
                0x00000aac       0x2e c:/program files (x86)/gnu tools arm embedded/5.3 2016q1/bin/../lib/gcc/arm-none-eabi/5.3.1/armv7e-m\libgcc.a(_udivmoddi4.o)
 .ARM.attributes
                0x00000ada       0x1e c:/program files (x86)/gnu tools arm embedded/5.3 2016q1/bin/../lib/gcc/arm-none-eabi/5.3.1/armv7e-m\libgcc.a(_dvmd_tls.o)

.debug_frame    0x00000000     0x411c
 .debug_frame   0x00000000      0x60c ..\obj\stm32f30x_rcc.o
 .debug_frame   0x0000060c      0x428 ..\obj\stm32f30x_flash.o
 .debug_frame   0x00000a34       0x58 ..\obj\flash.o
 .debug_frame   0x00000a8c       0x50 ..\obj\twoPos.o
 .debug_frame   0x00000adc      0x9e4 ..\obj\stm32f30x_adc.o
 .debug_frame   0x000014c0       0x5c ..\obj\ledDigits.o
 .debug_frame   0x0000151c      0x214 ..\obj\stm32f30x_gpio.o
 .debug_frame   0x00001730       0xb0 ..\obj\main.o
 .debug_frame   0x000017e0      0x1c8 ..\obj\stm32f30x_dma.o
 .debug_frame   0x000019a8      0x150 ..\obj\init.o
 .debug_frame   0x00001af8      0x148 ..\obj\stm32f30x_exti.o
 .debug_frame   0x00001c40      0x160 ..\obj\menu.o
 .debug_frame   0x00001da0       0x7c ..\obj\system_stm32f30x_temp.o
 .debug_frame   0x00001e1c      0x168 ..\obj\syscalls.o
 .debug_frame   0x00001f84       0xd8 ..\obj\stm32f30x_misc.o
 .debug_frame   0x0000205c     0x11c4 ..\obj\stm32f30x_tim.o
 .debug_frame   0x00003220      0x17c ..\obj\menuAux.o
 .debug_frame   0x0000339c      0x230 ..\obj\stm32f30x_syscfg.o
 .debug_frame   0x000035cc       0xa4 ..\obj\misc.o
 .debug_frame   0x00003670       0x54 ..\obj\threePos.o
 .debug_frame   0x000036c4       0x80 ..\obj\pid.o
 .debug_frame   0x00003744       0x30 C:\Program Files (x86)\GNU Tools ARM Embedded\5.3 2016q1\arm-none-eabi\lib\armv7e-m\libm.a(lib_a-s_round.o)
 .debug_frame   0x00003774       0x4c C:\Program Files (x86)\GNU Tools ARM Embedded\5.3 2016q1\arm-none-eabi\lib\armv7e-m\libm.a(lib_a-w_pow.o)
 .debug_frame   0x000037c0       0x68 C:\Program Files (x86)\GNU Tools ARM Embedded\5.3 2016q1\arm-none-eabi\lib\armv7e-m\libm.a(lib_a-e_pow.o)
 .debug_frame   0x00003828       0x34 C:\Program Files (x86)\GNU Tools ARM Embedded\5.3 2016q1\arm-none-eabi\lib\armv7e-m\libm.a(lib_a-e_sqrt.o)
 .debug_frame   0x0000385c       0x20 C:\Program Files (x86)\GNU Tools ARM Embedded\5.3 2016q1\arm-none-eabi\lib\armv7e-m\libm.a(lib_a-s_fabs.o)
 .debug_frame   0x0000387c       0x20 C:\Program Files (x86)\GNU Tools ARM Embedded\5.3 2016q1\arm-none-eabi\lib\armv7e-m\libm.a(lib_a-s_finite.o)
 .debug_frame   0x0000389c       0x20 C:\Program Files (x86)\GNU Tools ARM Embedded\5.3 2016q1\arm-none-eabi\lib\armv7e-m\libm.a(lib_a-s_matherr.o)
 .debug_frame   0x000038bc       0x20 C:\Program Files (x86)\GNU Tools ARM Embedded\5.3 2016q1\arm-none-eabi\lib\armv7e-m\libm.a(lib_a-s_nan.o)
 .debug_frame   0x000038dc       0x3c C:\Program Files (x86)\GNU Tools ARM Embedded\5.3 2016q1\arm-none-eabi\lib\armv7e-m\libm.a(lib_a-s_rint.o)
 .debug_frame   0x00003918       0x30 C:\Program Files (x86)\GNU Tools ARM Embedded\5.3 2016q1\arm-none-eabi\lib\armv7e-m\libm.a(lib_a-s_scalbn.o)
 .debug_frame   0x00003948       0x20 C:\Program Files (x86)\GNU Tools ARM Embedded\5.3 2016q1\arm-none-eabi\lib\armv7e-m\libm.a(lib_a-s_copysign.o)
 .debug_frame   0x00003968       0x20 C:\Program Files (x86)\GNU Tools ARM Embedded\5.3 2016q1\arm-none-eabi\lib\armv7e-m\libg.a(lib_a-errno.o)
 .debug_frame   0x00003988       0x84 C:\Program Files (x86)\GNU Tools ARM Embedded\5.3 2016q1\arm-none-eabi\lib\armv7e-m\libg.a(lib_a-sprintf.o)
 .debug_frame   0x00003a0c       0x44 C:\Program Files (x86)\GNU Tools ARM Embedded\5.3 2016q1\arm-none-eabi\lib\armv7e-m\libg.a(lib_a-svfprintf.o)
 .debug_frame   0x00003a50       0x88 C:\Program Files (x86)\GNU Tools ARM Embedded\5.3 2016q1\arm-none-eabi\lib\armv7e-m\libg.a(lib_a-dtoa.o)
 .debug_frame   0x00003ad8       0x9c C:\Program Files (x86)\GNU Tools ARM Embedded\5.3 2016q1\arm-none-eabi\lib\armv7e-m\libg.a(lib_a-locale.o)
 .debug_frame   0x00003b74       0x58 C:\Program Files (x86)\GNU Tools ARM Embedded\5.3 2016q1\arm-none-eabi\lib\armv7e-m\libg.a(lib_a-mallocr.o)
 .debug_frame   0x00003bcc       0x30 C:\Program Files (x86)\GNU Tools ARM Embedded\5.3 2016q1\arm-none-eabi\lib\armv7e-m\libg.a(lib_a-mlock.o)
 .debug_frame   0x00003bfc      0x264 C:\Program Files (x86)\GNU Tools ARM Embedded\5.3 2016q1\arm-none-eabi\lib\armv7e-m\libg.a(lib_a-mprec.o)
 .debug_frame   0x00003e60       0x2c C:\Program Files (x86)\GNU Tools ARM Embedded\5.3 2016q1\arm-none-eabi\lib\armv7e-m\libg.a(lib_a-sbrkr.o)
 .debug_frame   0x00003e8c       0x78 C:\Program Files (x86)\GNU Tools ARM Embedded\5.3 2016q1\arm-none-eabi\lib\armv7e-m\libg.a(lib_a-svfiprintf.o)
 .debug_frame   0x00003f04       0x28 C:\Program Files (x86)\GNU Tools ARM Embedded\5.3 2016q1\arm-none-eabi\lib\armv7e-m\libg.a(lib_a-callocr.o)
 .debug_frame   0x00003f2c       0x74 C:\Program Files (x86)\GNU Tools ARM Embedded\5.3 2016q1\arm-none-eabi\lib\armv7e-m\libg.a(lib_a-freer.o)
 .debug_frame   0x00003fa0       0x30 C:\Program Files (x86)\GNU Tools ARM Embedded\5.3 2016q1\arm-none-eabi\lib\armv7e-m\libg.a(lib_a-memmove.o)
 .debug_frame   0x00003fd0       0x34 C:\Program Files (x86)\GNU Tools ARM Embedded\5.3 2016q1\arm-none-eabi\lib\armv7e-m\libg.a(lib_a-memset.o)
 .debug_frame   0x00004004       0x60 C:\Program Files (x86)\GNU Tools ARM Embedded\5.3 2016q1\arm-none-eabi\lib\armv7e-m\libg.a(lib_a-reallocr.o)
 .debug_frame   0x00004064       0x58 C:\Program Files (x86)\GNU Tools ARM Embedded\5.3 2016q1\arm-none-eabi\lib\armv7e-m\libg.a(lib_a-reent.o)
 .debug_frame   0x000040bc       0x2c c:/program files (x86)/gnu tools arm embedded/5.3 2016q1/bin/../lib/gcc/arm-none-eabi/5.3.1/armv7e-m\libgcc.a(_aeabi_uldivmod.o)
 .debug_frame   0x000040e8       0x34 c:/program files (x86)/gnu tools arm embedded/5.3 2016q1/bin/../lib/gcc/arm-none-eabi/5.3.1/armv7e-m\libgcc.a(_udivmoddi4.o)
