Archive member included to satisfy reference by file (symbol)

c:/program files (x86)/gnu tools arm embedded/5.3 2016q1/bin/../lib/gcc/arm-none-eabi/5.3.1/armv7e-m\libgcc.a(_arm_addsubdf3.o)
                              ..\obj\twoPos.o (__aeabi_dsub)
c:/program files (x86)/gnu tools arm embedded/5.3 2016q1/bin/../lib/gcc/arm-none-eabi/5.3.1/armv7e-m\libgcc.a(_arm_muldivdf3.o)
                              ..\obj\threePos.o (__aeabi_dmul)
c:/program files (x86)/gnu tools arm embedded/5.3 2016q1/bin/../lib/gcc/arm-none-eabi/5.3.1/armv7e-m\libgcc.a(_arm_cmpdf2.o)
                              ..\obj\twoPos.o (__aeabi_dcmplt)

Discarded input sections

 .text          0x00000000        0x0 ..\obj\stm32f30x_rcc.o
 .data          0x00000000       0x2a ..\obj\stm32f30x_rcc.o
 .bss           0x00000000        0x0 ..\obj\stm32f30x_rcc.o
 .text.RCC_DeInit
                0x00000000       0x7c ..\obj\stm32f30x_rcc.o
 .text.RCC_HSEConfig
                0x00000000       0x24 ..\obj\stm32f30x_rcc.o
 .text.RCC_WaitForHSEStartUp
                0x00000000       0x50 ..\obj\stm32f30x_rcc.o
 .text.RCC_AdjustHSICalibrationValue
                0x00000000       0x3c ..\obj\stm32f30x_rcc.o
 .text.RCC_HSICmd
                0x00000000       0x20 ..\obj\stm32f30x_rcc.o
 .text.RCC_LSEConfig
                0x00000000       0x3c ..\obj\stm32f30x_rcc.o
 .text.RCC_LSEDriveConfig
                0x00000000       0x30 ..\obj\stm32f30x_rcc.o
 .text.RCC_LSICmd
                0x00000000       0x20 ..\obj\stm32f30x_rcc.o
 .text.RCC_PLLConfig
                0x00000000       0x34 ..\obj\stm32f30x_rcc.o
 .text.RCC_PLLCmd
                0x00000000       0x20 ..\obj\stm32f30x_rcc.o
 .text.RCC_PREDIV1Config
                0x00000000       0x38 ..\obj\stm32f30x_rcc.o
 .text.RCC_ClockSecuritySystemCmd
                0x00000000       0x20 ..\obj\stm32f30x_rcc.o
 .text.RCC_MCOConfig
                0x00000000       0x20 ..\obj\stm32f30x_rcc.o
 .text.RCC_SYSCLKConfig
                0x00000000       0x38 ..\obj\stm32f30x_rcc.o
 .text.RCC_GetSYSCLKSource
                0x00000000       0x1c ..\obj\stm32f30x_rcc.o
 .text.RCC_HCLKConfig
                0x00000000       0x38 ..\obj\stm32f30x_rcc.o
 .text.RCC_PCLK1Config
                0x00000000       0x38 ..\obj\stm32f30x_rcc.o
 .text.RCC_PCLK2Config
                0x00000000       0x38 ..\obj\stm32f30x_rcc.o
 .text.RCC_GetClocksFreq
                0x00000000      0x414 ..\obj\stm32f30x_rcc.o
 .text.RCC_ADCCLKConfig
                0x00000000       0x4c ..\obj\stm32f30x_rcc.o
 .text.RCC_I2CCLKConfig
                0x00000000       0x4c ..\obj\stm32f30x_rcc.o
 .text.RCC_TIMCLKConfig
                0x00000000       0x4c ..\obj\stm32f30x_rcc.o
 .text.RCC_USARTCLKConfig
                0x00000000       0x98 ..\obj\stm32f30x_rcc.o
 .text.RCC_USBCLKConfig
                0x00000000       0x1c ..\obj\stm32f30x_rcc.o
 .text.RCC_RTCCLKConfig
                0x00000000       0x24 ..\obj\stm32f30x_rcc.o
 .text.RCC_I2SCLKConfig
                0x00000000       0x1c ..\obj\stm32f30x_rcc.o
 .text.RCC_RTCCLKCmd
                0x00000000       0x20 ..\obj\stm32f30x_rcc.o
 .text.RCC_BackupResetCmd
                0x00000000       0x20 ..\obj\stm32f30x_rcc.o
 .text.RCC_AHBPeriphClockCmd
                0x00000000       0x3c ..\obj\stm32f30x_rcc.o
 .text.RCC_APB2PeriphClockCmd
                0x00000000       0x3c ..\obj\stm32f30x_rcc.o
 .text.RCC_APB1PeriphClockCmd
                0x00000000       0x3c ..\obj\stm32f30x_rcc.o
 .text.RCC_AHBPeriphResetCmd
                0x00000000       0x3c ..\obj\stm32f30x_rcc.o
 .text.RCC_APB2PeriphResetCmd
                0x00000000       0x3c ..\obj\stm32f30x_rcc.o
 .text.RCC_APB1PeriphResetCmd
                0x00000000       0x3c ..\obj\stm32f30x_rcc.o
 .text.RCC_ITConfig
                0x00000000       0x4c ..\obj\stm32f30x_rcc.o
 .text.RCC_GetFlagStatus
                0x00000000       0x80 ..\obj\stm32f30x_rcc.o
 .text.RCC_ClearFlag
                0x00000000       0x1c ..\obj\stm32f30x_rcc.o
 .text.RCC_GetITStatus
                0x00000000       0x34 ..\obj\stm32f30x_rcc.o
 .text.RCC_ClearITPendingBit
                0x00000000       0x20 ..\obj\stm32f30x_rcc.o
 .debug_info    0x00000000      0xacc ..\obj\stm32f30x_rcc.o
 .debug_abbrev  0x00000000      0x1e5 ..\obj\stm32f30x_rcc.o
 .debug_aranges
                0x00000000      0x150 ..\obj\stm32f30x_rcc.o
 .debug_ranges  0x00000000      0x140 ..\obj\stm32f30x_rcc.o
 .debug_line    0x00000000      0x56c ..\obj\stm32f30x_rcc.o
 .debug_str     0x00000000      0x7ea ..\obj\stm32f30x_rcc.o
 .comment       0x00000000       0x6f ..\obj\stm32f30x_rcc.o
 .debug_frame   0x00000000      0x60c ..\obj\stm32f30x_rcc.o
 .ARM.attributes
                0x00000000       0x33 ..\obj\stm32f30x_rcc.o
 .text          0x00000000        0x0 ..\obj\twoPos.o
 .data          0x00000000        0x0 ..\obj\twoPos.o
 .bss           0x00000000       0x20 ..\obj\twoPos.o
 .text.setTwoPosPars
                0x00000000       0x38 ..\obj\twoPos.o
 .text.getTwoPosOut
                0x00000000       0x9c ..\obj\twoPos.o
 .debug_info    0x00000000      0x162 ..\obj\twoPos.o
 .debug_abbrev  0x00000000       0xce ..\obj\twoPos.o
 .debug_aranges
                0x00000000       0x28 ..\obj\twoPos.o
 .debug_ranges  0x00000000       0x18 ..\obj\twoPos.o
 .debug_line    0x00000000      0x151 ..\obj\twoPos.o
 .debug_str     0x00000000      0x1dc ..\obj\twoPos.o
 .comment       0x00000000       0x6f ..\obj\twoPos.o
 .debug_frame   0x00000000       0x64 ..\obj\twoPos.o
 .ARM.attributes
                0x00000000       0x33 ..\obj\twoPos.o
 .text          0x00000000        0x0 ..\obj\stm32f30x_gpio.o
 .data          0x00000000        0x0 ..\obj\stm32f30x_gpio.o
 .bss           0x00000000        0x0 ..\obj\stm32f30x_gpio.o
 .text.GPIO_DeInit
                0x00000000       0xd8 ..\obj\stm32f30x_gpio.o
 .text.GPIO_Init
                0x00000000      0x12c ..\obj\stm32f30x_gpio.o
 .text.GPIO_StructInit
                0x00000000       0x34 ..\obj\stm32f30x_gpio.o
 .text.GPIO_PinLockConfig
                0x00000000       0x44 ..\obj\stm32f30x_gpio.o
 .text.GPIO_ReadInputDataBit
                0x00000000       0x38 ..\obj\stm32f30x_gpio.o
 .text.GPIO_ReadInputData
                0x00000000       0x18 ..\obj\stm32f30x_gpio.o
 .text.GPIO_ReadOutputDataBit
                0x00000000       0x38 ..\obj\stm32f30x_gpio.o
 .text.GPIO_ReadOutputData
                0x00000000       0x18 ..\obj\stm32f30x_gpio.o
 .text.GPIO_SetBits
                0x00000000       0x1c ..\obj\stm32f30x_gpio.o
 .text.GPIO_ResetBits
                0x00000000       0x1c ..\obj\stm32f30x_gpio.o
 .text.GPIO_WriteBit
                0x00000000       0x30 ..\obj\stm32f30x_gpio.o
 .text.GPIO_Write
                0x00000000       0x1c ..\obj\stm32f30x_gpio.o
 .text.GPIO_PinAFConfig
                0x00000000       0x90 ..\obj\stm32f30x_gpio.o
 .debug_info    0x00000000      0x612 ..\obj\stm32f30x_gpio.o
 .debug_abbrev  0x00000000      0x198 ..\obj\stm32f30x_gpio.o
 .debug_aranges
                0x00000000       0x80 ..\obj\stm32f30x_gpio.o
 .debug_ranges  0x00000000       0x70 ..\obj\stm32f30x_gpio.o
 .debug_line    0x00000000      0x307 ..\obj\stm32f30x_gpio.o
 .debug_str     0x00000000      0x495 ..\obj\stm32f30x_gpio.o
 .comment       0x00000000       0x6f ..\obj\stm32f30x_gpio.o
 .debug_frame   0x00000000      0x214 ..\obj\stm32f30x_gpio.o
 .ARM.attributes
                0x00000000       0x33 ..\obj\stm32f30x_gpio.o
 .text          0x00000000        0x0 ..\obj\main.o
 .data          0x00000000        0x0 ..\obj\main.o
 .bss           0x00000000        0x0 ..\obj\main.o
 .text          0x00000000        0x0 ..\obj\stm32f30x_exti.o
 .data          0x00000000        0x0 ..\obj\stm32f30x_exti.o
 .bss           0x00000000        0x0 ..\obj\stm32f30x_exti.o
 .text.EXTI_DeInit
                0x00000000       0x5c ..\obj\stm32f30x_exti.o
 .text.EXTI_Init
                0x00000000      0x1f4 ..\obj\stm32f30x_exti.o
 .text.EXTI_StructInit
                0x00000000       0x2c ..\obj\stm32f30x_exti.o
 .text.EXTI_GenerateSWInterrupt
                0x00000000       0x40 ..\obj\stm32f30x_exti.o
 .text.EXTI_GetFlagStatus
                0x00000000       0x44 ..\obj\stm32f30x_exti.o
 .text.EXTI_ClearFlag
                0x00000000       0x30 ..\obj\stm32f30x_exti.o
 .text.EXTI_GetITStatus
                0x00000000       0x70 ..\obj\stm32f30x_exti.o
 .text.EXTI_ClearITPendingBit
                0x00000000       0x30 ..\obj\stm32f30x_exti.o
 .debug_info    0x00000000      0x3c4 ..\obj\stm32f30x_exti.o
 .debug_abbrev  0x00000000      0x17e ..\obj\stm32f30x_exti.o
 .debug_aranges
                0x00000000       0x58 ..\obj\stm32f30x_exti.o
 .debug_ranges  0x00000000       0x48 ..\obj\stm32f30x_exti.o
 .debug_line    0x00000000      0x281 ..\obj\stm32f30x_exti.o
 .debug_str     0x00000000      0x376 ..\obj\stm32f30x_exti.o
 .comment       0x00000000       0x6f ..\obj\stm32f30x_exti.o
 .debug_frame   0x00000000      0x148 ..\obj\stm32f30x_exti.o
 .ARM.attributes
                0x00000000       0x33 ..\obj\stm32f30x_exti.o
 .text          0x00000000        0x0 ..\obj\menu.o
 .data          0x00000000       0xcc ..\obj\menu.o
 .bss           0x00000000        0x2 ..\obj\menu.o
 .rodata        0x00000000       0x9d ..\obj\menu.o
 .text.getSizeOfMenu
                0x00000000       0x40 ..\obj\menu.o
 .text.naviUp   0x00000000       0x54 ..\obj\menu.o
 .text.naviDown
                0x00000000       0x54 ..\obj\menu.o
 .text.naviRight
                0x00000000       0x58 ..\obj\menu.o
 .text.naviLeft
                0x00000000       0x54 ..\obj\menu.o
 .text.getDisp1
                0x00000000       0x6c ..\obj\menu.o
 .text.getDisp2
                0x00000000       0x6c ..\obj\menu.o
 .debug_info    0x00000000      0x1cc ..\obj\menu.o
 .debug_abbrev  0x00000000       0xb6 ..\obj\menu.o
 .debug_aranges
                0x00000000       0x50 ..\obj\menu.o
 .debug_ranges  0x00000000       0x40 ..\obj\menu.o
 .debug_line    0x00000000      0x1a3 ..\obj\menu.o
 .debug_str     0x00000000      0x1e1 ..\obj\menu.o
 .comment       0x00000000       0x6f ..\obj\menu.o
 .debug_frame   0x00000000       0xf0 ..\obj\menu.o
 .ARM.attributes
                0x00000000       0x33 ..\obj\menu.o
 .text          0x00000000        0x0 ..\obj\system_stm32f30x_temp.o
 .data          0x00000000       0x14 ..\obj\system_stm32f30x_temp.o
 .bss           0x00000000        0x0 ..\obj\system_stm32f30x_temp.o
 .text.SystemCoreClockUpdate1
                0x00000000       0xd4 ..\obj\system_stm32f30x_temp.o
 .text          0x00000000        0x0 ..\obj\stm32f30x_misc.o
 .data          0x00000000        0x0 ..\obj\stm32f30x_misc.o
 .bss           0x00000000        0x0 ..\obj\stm32f30x_misc.o
 .text.NVIC_PriorityGroupConfig
                0x00000000       0x24 ..\obj\stm32f30x_misc.o
 .text.NVIC_Init
                0x00000000       0xc4 ..\obj\stm32f30x_misc.o
 .text.NVIC_SetVectorTable
                0x00000000       0x2c ..\obj\stm32f30x_misc.o
 .text.NVIC_SystemLPConfig
                0x00000000       0x40 ..\obj\stm32f30x_misc.o
 .text.SysTick_CLKSourceConfig
                0x00000000       0x38 ..\obj\stm32f30x_misc.o
 .debug_info    0x00000000      0x556 ..\obj\stm32f30x_misc.o
 .debug_abbrev  0x00000000      0x147 ..\obj\stm32f30x_misc.o
 .debug_aranges
                0x00000000       0x40 ..\obj\stm32f30x_misc.o
 .debug_ranges  0x00000000       0x30 ..\obj\stm32f30x_misc.o
 .debug_line    0x00000000      0x222 ..\obj\stm32f30x_misc.o
 .debug_str     0x00000000      0x3c4 ..\obj\stm32f30x_misc.o
 .comment       0x00000000       0x6f ..\obj\stm32f30x_misc.o
 .debug_frame   0x00000000       0xd8 ..\obj\stm32f30x_misc.o
 .ARM.attributes
                0x00000000       0x33 ..\obj\stm32f30x_misc.o
 .text          0x00000000       0x14 ..\obj\startup_stm32f30x.o
 .data          0x00000000        0x0 ..\obj\startup_stm32f30x.o
 .bss           0x00000000        0x0 ..\obj\startup_stm32f30x.o
 .text          0x00000000        0x0 ..\obj\stm32f30x_syscfg.o
 .data          0x00000000        0x0 ..\obj\stm32f30x_syscfg.o
 .bss           0x00000000        0x0 ..\obj\stm32f30x_syscfg.o
 .text.SYSCFG_DeInit
                0x00000000       0x4c ..\obj\stm32f30x_syscfg.o
 .text.SYSCFG_MemoryRemapConfig
                0x00000000       0x38 ..\obj\stm32f30x_syscfg.o
 .text.SYSCFG_DMAChannelRemapConfig
                0x00000000       0x3c ..\obj\stm32f30x_syscfg.o
 .text.SYSCFG_TriggerRemapConfig
                0x00000000       0x3c ..\obj\stm32f30x_syscfg.o
 .text.SYSCFG_EncoderRemapConfig
                0x00000000       0x30 ..\obj\stm32f30x_syscfg.o
 .text.SYSCFG_USBInterruptLineRemapCmd
                0x00000000       0x20 ..\obj\stm32f30x_syscfg.o
 .text.SYSCFG_I2CFastModePlusConfig
                0x00000000       0x3c ..\obj\stm32f30x_syscfg.o
 .text.SYSCFG_ITConfig
                0x00000000       0x3c ..\obj\stm32f30x_syscfg.o
 .text.SYSCFG_EXTILineConfig
                0x00000000       0x84 ..\obj\stm32f30x_syscfg.o
 .text.SYSCFG_BreakConfig
                0x00000000       0x24 ..\obj\stm32f30x_syscfg.o
 .text.SYSCFG_BypassParityCheckDisable
                0x00000000       0x18 ..\obj\stm32f30x_syscfg.o
 .text.SYSCFG_SRAMWRPEnable
                0x00000000       0x24 ..\obj\stm32f30x_syscfg.o
 .text.SYSCFG_GetFlagStatus
                0x00000000       0x34 ..\obj\stm32f30x_syscfg.o
 .text.SYSCFG_ClearFlag
                0x00000000       0x24 ..\obj\stm32f30x_syscfg.o
 .debug_info    0x00000000      0x3ce ..\obj\stm32f30x_syscfg.o
 .debug_abbrev  0x00000000      0x183 ..\obj\stm32f30x_syscfg.o
 .debug_aranges
                0x00000000       0x88 ..\obj\stm32f30x_syscfg.o
 .debug_ranges  0x00000000       0x78 ..\obj\stm32f30x_syscfg.o
 .debug_line    0x00000000      0x296 ..\obj\stm32f30x_syscfg.o
 .debug_str     0x00000000      0x3f6 ..\obj\stm32f30x_syscfg.o
 .comment       0x00000000       0x6f ..\obj\stm32f30x_syscfg.o
 .debug_frame   0x00000000      0x230 ..\obj\stm32f30x_syscfg.o
 .ARM.attributes
                0x00000000       0x33 ..\obj\stm32f30x_syscfg.o
 .text          0x00000000        0x0 ..\obj\threePos.o
 .data          0x00000000       0x20 ..\obj\threePos.o
 .bss           0x00000000        0x8 ..\obj\threePos.o
 .text.setThreePosPars
                0x00000000       0x4c ..\obj\threePos.o
 .text.setThreePosCurrentTime
                0x00000000       0x80 ..\obj\threePos.o
 .text.getThreePosOut
                0x00000000      0x204 ..\obj\threePos.o
 .debug_info    0x00000000      0x22c ..\obj\threePos.o
 .debug_abbrev  0x00000000       0xf5 ..\obj\threePos.o
 .debug_aranges
                0x00000000       0x30 ..\obj\threePos.o
 .debug_ranges  0x00000000       0x20 ..\obj\threePos.o
 .debug_line    0x00000000      0x17c ..\obj\threePos.o
 .debug_str     0x00000000      0x264 ..\obj\threePos.o
 .comment       0x00000000       0x6f ..\obj\threePos.o
 .debug_frame   0x00000000       0x90 ..\obj\threePos.o
 .ARM.attributes
                0x00000000       0x33 ..\obj\threePos.o
 .text          0x00000000        0x0 ..\obj\pid.o
 .bss           0x00000000        0x8 ..\obj\pid.o
 .text.restorePID
                0x00000000       0xcc ..\obj\pid.o
 .text.resetPID
                0x00000000       0x48 ..\obj\pid.o
 .text.getPIDout
                0x00000000      0x128 ..\obj\pid.o
 .text.PIDlim   0x00000000       0x54 ..\obj\pid.o
 .data          0x00000000        0x0 c:/program files (x86)/gnu tools arm embedded/5.3 2016q1/bin/../lib/gcc/arm-none-eabi/5.3.1/armv7e-m\libgcc.a(_arm_addsubdf3.o)
 .bss           0x00000000        0x0 c:/program files (x86)/gnu tools arm embedded/5.3 2016q1/bin/../lib/gcc/arm-none-eabi/5.3.1/armv7e-m\libgcc.a(_arm_addsubdf3.o)
 .data          0x00000000        0x0 c:/program files (x86)/gnu tools arm embedded/5.3 2016q1/bin/../lib/gcc/arm-none-eabi/5.3.1/armv7e-m\libgcc.a(_arm_muldivdf3.o)
 .bss           0x00000000        0x0 c:/program files (x86)/gnu tools arm embedded/5.3 2016q1/bin/../lib/gcc/arm-none-eabi/5.3.1/armv7e-m\libgcc.a(_arm_muldivdf3.o)
 .text          0x00000000      0x110 c:/program files (x86)/gnu tools arm embedded/5.3 2016q1/bin/../lib/gcc/arm-none-eabi/5.3.1/armv7e-m\libgcc.a(_arm_cmpdf2.o)
 .data          0x00000000        0x0 c:/program files (x86)/gnu tools arm embedded/5.3 2016q1/bin/../lib/gcc/arm-none-eabi/5.3.1/armv7e-m\libgcc.a(_arm_cmpdf2.o)
 .bss           0x00000000        0x0 c:/program files (x86)/gnu tools arm embedded/5.3 2016q1/bin/../lib/gcc/arm-none-eabi/5.3.1/armv7e-m\libgcc.a(_arm_cmpdf2.o)
 .ARM.attributes
                0x00000000       0x1e c:/program files (x86)/gnu tools arm embedded/5.3 2016q1/bin/../lib/gcc/arm-none-eabi/5.3.1/armv7e-m\libgcc.a(_arm_cmpdf2.o)

Memory Configuration

Name             Origin             Length             Attributes
rom              0x08000000         0x00040000         xr
ram              0x20000000         0x0000a000         xrw
ram1             0x10000000         0x00002000         xrw
*default*        0x00000000         0xffffffff

Linker script and memory map

                0x2000a000                _eram = 0x2000a000

.text           0x08000000      0xbe4
 *(.isr_vector)
 .isr_vector    0x08000000      0x188 ..\obj\startup_stm32f30x.o
                0x08000000                g_pfnVectors
 *(.text*)
 .text.main     0x08000188       0x10 ..\obj\main.o
                0x08000188                main
 .text.SystemInit1
                0x08000198       0x84 ..\obj\system_stm32f30x_temp.o
                0x08000198                SystemInit
                0x08000198                SystemInit1
 .text.SetSysClock1
                0x0800021c       0xe0 ..\obj\system_stm32f30x_temp.o
                0x0800021c                SetSysClock
 .text.Reset_Handler
                0x080002fc       0x44 ..\obj\startup_stm32f30x.o
                0x080002fc                Reset_Handler
 .text.Default_Handler
                0x08000340        0x2 ..\obj\startup_stm32f30x.o
                0x08000340                RTC_Alarm_IRQHandler
                0x08000340                TIM8_TRG_COM_IRQHandler
                0x08000340                TIM8_CC_IRQHandler
                0x08000340                DebugMon_Handler
                0x08000340                TIM1_CC_IRQHandler
                0x08000340                HardFault_Handler
                0x08000340                USB_HP_IRQHandler
                0x08000340                SysTick_Handler
                0x08000340                PVD_IRQHandler
                0x08000340                PendSV_Handler
                0x08000340                NMI_Handler
                0x08000340                EXTI3_IRQHandler
                0x08000340                EXTI0_IRQHandler
                0x08000340                I2C2_EV_IRQHandler
                0x08000340                FPU_IRQHandler
                0x08000340                EXTI2_TS_IRQHandler
                0x08000340                TIM1_UP_TIM16_IRQHandler
                0x08000340                UsageFault_Handler
                0x08000340                ADC1_2_IRQHandler
                0x08000340                SPI1_IRQHandler
                0x08000340                TIM6_DAC_IRQHandler
                0x08000340                TIM8_UP_IRQHandler
                0x08000340                DMA2_Channel2_IRQHandler
                0x08000340                DMA1_Channel4_IRQHandler
                0x08000340                USART3_IRQHandler
                0x08000340                DMA1_Channel7_IRQHandler
                0x08000340                CAN1_RX1_IRQHandler
                0x08000340                UART5_IRQHandler
                0x08000340                ADC3_IRQHandler
                0x08000340                TIM4_IRQHandler
                0x08000340                DMA2_Channel1_IRQHandler
                0x08000340                I2C1_EV_IRQHandler
                0x08000340                DMA1_Channel6_IRQHandler
                0x08000340                UART4_IRQHandler
                0x08000340                DMA2_Channel4_IRQHandler
                0x08000340                TIM3_IRQHandler
                0x08000340                RCC_IRQHandler
                0x08000340                DMA1_Channel1_IRQHandler
                0x08000340                Default_Handler
                0x08000340                USBWakeUp_RMP_IRQHandler
                0x08000340                EXTI15_10_IRQHandler
                0x08000340                TIM7_IRQHandler
                0x08000340                EXTI9_5_IRQHandler
                0x08000340                TAMPER_STAMP_IRQHandler
                0x08000340                RTC_WKUP_IRQHandler
                0x08000340                SPI2_IRQHandler
                0x08000340                MemManage_Handler
                0x08000340                SVC_Handler
                0x08000340                DMA2_Channel5_IRQHandler
                0x08000340                DMA1_Channel5_IRQHandler
                0x08000340                USB_LP_IRQHandler
                0x08000340                EXTI4_IRQHandler
                0x08000340                USB_LP_CAN1_RX0_IRQHandler
                0x08000340                TIM1_TRG_COM_TIM17_IRQHandler
                0x08000340                USB_HP_CAN1_TX_IRQHandler
                0x08000340                DMA1_Channel3_IRQHandler
                0x08000340                ADC4_IRQHandler
                0x08000340                WWDG_IRQHandler
                0x08000340                TIM2_IRQHandler
                0x08000340                COMP7_IRQHandler
                0x08000340                COMP1_2_3_IRQHandler
                0x08000340                EXTI1_IRQHandler
                0x08000340                USART2_IRQHandler
                0x08000340                COMP4_5_6_IRQHandler
                0x08000340                I2C2_ER_IRQHandler
                0x08000340                DMA1_Channel2_IRQHandler
                0x08000340                TIM8_BRK_IRQHandler
                0x08000340                CAN1_SCE_IRQHandler
                0x08000340                FLASH_IRQHandler
                0x08000340                BusFault_Handler
                0x08000340                USART1_IRQHandler
                0x08000340                SPI3_IRQHandler
                0x08000340                I2C1_ER_IRQHandler
                0x08000340                USBWakeUp_IRQHandler
                0x08000340                DMA2_Channel3_IRQHandler
                0x08000340                TIM1_BRK_TIM15_IRQHandler
 *fill*         0x08000342        0x2 
 .text.updatePID
                0x08000344      0x10c ..\obj\pid.o
                0x08000344                updatePID
 .text          0x08000450      0x370 c:/program files (x86)/gnu tools arm embedded/5.3 2016q1/bin/../lib/gcc/arm-none-eabi/5.3.1/armv7e-m\libgcc.a(_arm_addsubdf3.o)
                0x08000450                __aeabi_drsub
                0x08000458                __aeabi_dsub
                0x08000458                __subdf3
                0x0800045c                __aeabi_dadd
                0x0800045c                __adddf3
                0x080006d4                __floatunsidf
                0x080006d4                __aeabi_ui2d
                0x080006f4                __floatsidf
                0x080006f4                __aeabi_i2d
                0x08000718                __aeabi_f2d
                0x08000718                __extendsfdf2
                0x08000754                __floatundidf
                0x08000754                __aeabi_ul2d
                0x08000764                __floatdidf
                0x08000764                __aeabi_l2d
 .text          0x080007c0      0x424 c:/program files (x86)/gnu tools arm embedded/5.3 2016q1/bin/../lib/gcc/arm-none-eabi/5.3.1/armv7e-m\libgcc.a(_arm_muldivdf3.o)
                0x080007c0                __aeabi_dmul
                0x080007c0                __muldf3
                0x08000a14                __divdf3
                0x08000a14                __aeabi_ddiv
 *(.init)
 *(.fini)
 *crtbegin.o(.ctors)
 *crtbegin?.o(.ctors)
 *(EXCLUDE_FILE(*crtend.o *crtend?.o) .ctors)
 *(SORT(.ctors.*))
 *(.ctors)
 *crtbegin.o(.dtors)
 *crtbegin?.o(.dtors)
 *(EXCLUDE_FILE(*crtend.o *crtend?.o) .dtors)
 *(SORT(.dtors.*))
 *(.dtors)
 *(.rodata*)
 *(.eh_fram e*)

.glue_7         0x08000be4        0x0
 .glue_7        0x08000be4        0x0 linker stubs

.glue_7t        0x08000be4        0x0
 .glue_7t       0x08000be4        0x0 linker stubs

.vfp11_veneer   0x08000be4        0x0
 .vfp11_veneer  0x08000be4        0x0 linker stubs

.v4_bx          0x08000be4        0x0
 .v4_bx         0x08000be4        0x0 linker stubs

.iplt           0x08000be4        0x0
 .iplt          0x08000be4        0x0 ..\obj\stm32f30x_rcc.o

.rel.dyn        0x08000be4        0x0
 .rel.iplt      0x08000be4        0x0 ..\obj\stm32f30x_rcc.o

.ARM.extab
 *(.ARM.extab* .gnu.linkonce.armextab.*)
                0x08000be4                __exidx_start = .

.ARM.exidx
 *(.ARM.exidx* .gnu.linkonce.armexidx.*)
                0x08000be4                __exidx_end = .
                0x08000be4                __etext = .
                0x08000be4                _sidata = __etext

.data           0x20000000       0x78 load address 0x08000be4
                0x20000000                __data_start__ = .
                0x20000000                _sdata = __data_start__
 *(vtable)
 *(.data*)
 .data          0x20000000       0x78 ..\obj\pid.o
                0x20000078                . = ALIGN (0x4)
                [!provide]                PROVIDE (__preinit_array_start, .)
 *(.preinit_array)
                [!provide]                PROVIDE (__preinit_array_end, .)
                0x20000078                . = ALIGN (0x4)
                [!provide]                PROVIDE (__init_array_start, .)
 *(SORT(.init_array.*))
 *(.init_array)
                [!provide]                PROVIDE (__init_array_end, .)
                0x20000078                . = ALIGN (0x4)
                [!provide]                PROVIDE (__fini_array_start, .)
 *(SORT(.fini_array.*))
 *(.fini_array)
                [!provide]                PROVIDE (__fini_array_end, .)
 *(.jcr*)
                0x20000078                . = ALIGN (0x4)
                0x20000078                __data_end__ = .
                0x20000078                _edata = __data_end__

.igot.plt       0x20000078        0x0 load address 0x08000c5c
 .igot.plt      0x20000078        0x0 ..\obj\stm32f30x_rcc.o

.bss            0x20000078        0x0
                0x20000078                . = ALIGN (0x4)
                0x20000078                __bss_start__ = .
                0x20000078                _sbss = __bss_start__
 *(.bss*)
 *(COMMON)
                0x20000078                . = ALIGN (0x4)
                0x20000078                __bss_end__ = .
                0x20000078                _ebss = __bss_end__

.heap           0x20000078        0x0
                0x20000078                __end__ = .
                0x20000078                _end = __end__
                0x20000078                end = __end__
 *(.heap*)
                0x20000078                __HeapLimit = .

.co_stack       0x20000078        0x0
                0x20000078                . = ALIGN (0x8)
 *(.co_stack .co_stack.*)
                0x2000a000                __StackTop = (ORIGIN (ram) + LENGTH (ram))
                0x2000a000                __StackLimit = (__StackTop - SIZEOF (.co_stack))
                [!provide]                PROVIDE (__stack, __StackTop)
                0x00000001                ASSERT ((__StackLimit >= __HeapLimit), region ram  overflowed with stack)
LOAD ..\obj\stm32f30x_rcc.o
LOAD ..\obj\twoPos.o
LOAD ..\obj\stm32f30x_gpio.o
LOAD ..\obj\main.o
LOAD ..\obj\stm32f30x_exti.o
LOAD ..\obj\menu.o
LOAD ..\obj\system_stm32f30x_temp.o
LOAD ..\obj\stm32f30x_misc.o
LOAD ..\obj\startup_stm32f30x.o
LOAD ..\obj\stm32f30x_syscfg.o
LOAD ..\obj\threePos.o
LOAD ..\obj\pid.o
START GROUP
LOAD c:/program files (x86)/gnu tools arm embedded/5.3 2016q1/bin/../lib/gcc/arm-none-eabi/5.3.1/armv7e-m\libgcc.a
LOAD c:/program files (x86)/gnu tools arm embedded/5.3 2016q1/bin/../lib/gcc/arm-none-eabi/5.3.1/../../../../arm-none-eabi/lib/armv7e-m\libg.a
LOAD c:/program files (x86)/gnu tools arm embedded/5.3 2016q1/bin/../lib/gcc/arm-none-eabi/5.3.1/../../../../arm-none-eabi/lib/armv7e-m\libc.a
END GROUP
OUTPUT(UReg.elf elf32-littlearm)

.debug_info     0x00000000      0x900
 .debug_info    0x00000000      0x185 ..\obj\main.o
 .debug_info    0x00000185      0x4bb ..\obj\system_stm32f30x_temp.o
 .debug_info    0x00000640       0x82 ..\obj\startup_stm32f30x.o
 .debug_info    0x000006c2      0x23e ..\obj\pid.o

.debug_abbrev   0x00000000      0x2e2
 .debug_abbrev  0x00000000       0x8b ..\obj\main.o
 .debug_abbrev  0x0000008b      0x147 ..\obj\system_stm32f30x_temp.o
 .debug_abbrev  0x000001d2       0x12 ..\obj\startup_stm32f30x.o
 .debug_abbrev  0x000001e4       0xfe ..\obj\pid.o

.debug_aranges  0x00000000       0xb8
 .debug_aranges
                0x00000000       0x20 ..\obj\main.o
 .debug_aranges
                0x00000020       0x30 ..\obj\system_stm32f30x_temp.o
 .debug_aranges
                0x00000050       0x28 ..\obj\startup_stm32f30x.o
 .debug_aranges
                0x00000078       0x40 ..\obj\pid.o

.debug_ranges   0x00000000       0x80
 .debug_ranges  0x00000000       0x10 ..\obj\main.o
 .debug_ranges  0x00000010       0x20 ..\obj\system_stm32f30x_temp.o
 .debug_ranges  0x00000030       0x20 ..\obj\startup_stm32f30x.o
 .debug_ranges  0x00000050       0x30 ..\obj\pid.o

.debug_line     0x00000000      0x540
 .debug_line    0x00000000      0x13b ..\obj\main.o
 .debug_line    0x0000013b      0x1df ..\obj\system_stm32f30x_temp.o
 .debug_line    0x0000031a       0x96 ..\obj\startup_stm32f30x.o
 .debug_line    0x000003b0      0x190 ..\obj\pid.o

.debug_str      0x00000000      0x389
 .debug_str     0x00000000      0x14e ..\obj\main.o
                                0x195 (size before relaxing)
 .debug_str     0x0000014e      0x1d0 ..\obj\system_stm32f30x_temp.o
                                0x300 (size before relaxing)
 .debug_str     0x0000031e       0x6b ..\obj\pid.o
                                0x1e0 (size before relaxing)

.comment        0x00000000       0x6e
 .comment       0x00000000       0x6e ..\obj\main.o
                                 0x6f (size before relaxing)
 .comment       0x0000006e       0x6f ..\obj\system_stm32f30x_temp.o
 .comment       0x0000006e       0x6f ..\obj\pid.o

.ARM.attributes
                0x00000000       0x31
 .ARM.attributes
                0x00000000       0x33 ..\obj\main.o
 .ARM.attributes
                0x00000033       0x33 ..\obj\system_stm32f30x_temp.o
 .ARM.attributes
                0x00000066       0x21 ..\obj\startup_stm32f30x.o
 .ARM.attributes
                0x00000087       0x33 ..\obj\pid.o
 .ARM.attributes
                0x000000ba       0x1e c:/program files (x86)/gnu tools arm embedded/5.3 2016q1/bin/../lib/gcc/arm-none-eabi/5.3.1/armv7e-m\libgcc.a(_arm_addsubdf3.o)
 .ARM.attributes
                0x000000d8       0x1e c:/program files (x86)/gnu tools arm embedded/5.3 2016q1/bin/../lib/gcc/arm-none-eabi/5.3.1/armv7e-m\libgcc.a(_arm_muldivdf3.o)

.debug_frame    0x00000000      0x190
 .debug_frame   0x00000000       0x30 ..\obj\main.o
 .debug_frame   0x00000030       0x7c ..\obj\system_stm32f30x_temp.o
 .debug_frame   0x000000ac       0xe4 ..\obj\pid.o
