Archive member included to satisfy reference by file (symbol)

c:/program files (x86)/gnu tools arm embedded/5.3 2016q1/bin/../lib/gcc/arm-none-eabi/5.3.1/armv7e-m\libgcc.a(_arm_addsubdf3.o)
                              ..\obj\twoPos.o (__aeabi_dsub)
c:/program files (x86)/gnu tools arm embedded/5.3 2016q1/bin/../lib/gcc/arm-none-eabi/5.3.1/armv7e-m\libgcc.a(_arm_muldivdf3.o)
                              ..\obj\menu.o (__aeabi_dmul)
c:/program files (x86)/gnu tools arm embedded/5.3 2016q1/bin/../lib/gcc/arm-none-eabi/5.3.1/armv7e-m\libgcc.a(_arm_cmpdf2.o)
                              ..\obj\menu.o (__aeabi_dcmpeq)
c:/program files (x86)/gnu tools arm embedded/5.3 2016q1/bin/../lib/gcc/arm-none-eabi/5.3.1/armv7e-m\libgcc.a(_arm_fixdfsi.o)
                              ..\obj\menu.o (__aeabi_d2iz)
c:/program files (x86)/gnu tools arm embedded/5.3 2016q1/bin/../lib/gcc/arm-none-eabi/5.3.1/../../../../arm-none-eabi/lib/armv7e-m\libg.a(lib_a-sprintf.o)
                              ..\obj\menu.o (sprintf)
c:/program files (x86)/gnu tools arm embedded/5.3 2016q1/bin/../lib/gcc/arm-none-eabi/5.3.1/../../../../arm-none-eabi/lib/armv7e-m\libg.a(lib_a-strcpy.o)
                              ..\obj\main.o (strcpy)
c:/program files (x86)/gnu tools arm embedded/5.3 2016q1/bin/../lib/gcc/arm-none-eabi/5.3.1/../../../../arm-none-eabi/lib/armv7e-m\libg.a(lib_a-svfprintf.o)
                              c:/program files (x86)/gnu tools arm embedded/5.3 2016q1/bin/../lib/gcc/arm-none-eabi/5.3.1/../../../../arm-none-eabi/lib/armv7e-m\libg.a(lib_a-sprintf.o) (_svfprintf_r)
c:/program files (x86)/gnu tools arm embedded/5.3 2016q1/bin/../lib/gcc/arm-none-eabi/5.3.1/../../../../arm-none-eabi/lib/armv7e-m\libg.a(lib_a-dtoa.o)
                              c:/program files (x86)/gnu tools arm embedded/5.3 2016q1/bin/../lib/gcc/arm-none-eabi/5.3.1/../../../../arm-none-eabi/lib/armv7e-m\libg.a(lib_a-svfprintf.o) (_dtoa_r)
c:/program files (x86)/gnu tools arm embedded/5.3 2016q1/bin/../lib/gcc/arm-none-eabi/5.3.1/../../../../arm-none-eabi/lib/armv7e-m\libg.a(lib_a-impure.o)
                              c:/program files (x86)/gnu tools arm embedded/5.3 2016q1/bin/../lib/gcc/arm-none-eabi/5.3.1/../../../../arm-none-eabi/lib/armv7e-m\libg.a(lib_a-sprintf.o) (_impure_ptr)
c:/program files (x86)/gnu tools arm embedded/5.3 2016q1/bin/../lib/gcc/arm-none-eabi/5.3.1/../../../../arm-none-eabi/lib/armv7e-m\libg.a(lib_a-locale.o)
                              c:/program files (x86)/gnu tools arm embedded/5.3 2016q1/bin/../lib/gcc/arm-none-eabi/5.3.1/../../../../arm-none-eabi/lib/armv7e-m\libg.a(lib_a-svfprintf.o) (_localeconv_r)
c:/program files (x86)/gnu tools arm embedded/5.3 2016q1/bin/../lib/gcc/arm-none-eabi/5.3.1/../../../../arm-none-eabi/lib/armv7e-m\libg.a(lib_a-mallocr.o)
                              c:/program files (x86)/gnu tools arm embedded/5.3 2016q1/bin/../lib/gcc/arm-none-eabi/5.3.1/../../../../arm-none-eabi/lib/armv7e-m\libg.a(lib_a-svfprintf.o) (_malloc_r)
c:/program files (x86)/gnu tools arm embedded/5.3 2016q1/bin/../lib/gcc/arm-none-eabi/5.3.1/../../../../arm-none-eabi/lib/armv7e-m\libg.a(lib_a-memchr.o)
                              c:/program files (x86)/gnu tools arm embedded/5.3 2016q1/bin/../lib/gcc/arm-none-eabi/5.3.1/../../../../arm-none-eabi/lib/armv7e-m\libg.a(lib_a-svfprintf.o) (memchr)
c:/program files (x86)/gnu tools arm embedded/5.3 2016q1/bin/../lib/gcc/arm-none-eabi/5.3.1/../../../../arm-none-eabi/lib/armv7e-m\libg.a(lib_a-memcpy.o)
                              c:/program files (x86)/gnu tools arm embedded/5.3 2016q1/bin/../lib/gcc/arm-none-eabi/5.3.1/../../../../arm-none-eabi/lib/armv7e-m\libg.a(lib_a-dtoa.o) (memcpy)
c:/program files (x86)/gnu tools arm embedded/5.3 2016q1/bin/../lib/gcc/arm-none-eabi/5.3.1/../../../../arm-none-eabi/lib/armv7e-m\libg.a(lib_a-mlock.o)
                              c:/program files (x86)/gnu tools arm embedded/5.3 2016q1/bin/../lib/gcc/arm-none-eabi/5.3.1/../../../../arm-none-eabi/lib/armv7e-m\libg.a(lib_a-mallocr.o) (__malloc_lock)
c:/program files (x86)/gnu tools arm embedded/5.3 2016q1/bin/../lib/gcc/arm-none-eabi/5.3.1/../../../../arm-none-eabi/lib/armv7e-m\libg.a(lib_a-mprec.o)
                              c:/program files (x86)/gnu tools arm embedded/5.3 2016q1/bin/../lib/gcc/arm-none-eabi/5.3.1/../../../../arm-none-eabi/lib/armv7e-m\libg.a(lib_a-dtoa.o) (_Balloc)
c:/program files (x86)/gnu tools arm embedded/5.3 2016q1/bin/../lib/gcc/arm-none-eabi/5.3.1/../../../../arm-none-eabi/lib/armv7e-m\libg.a(lib_a-sbrkr.o)
                              c:/program files (x86)/gnu tools arm embedded/5.3 2016q1/bin/../lib/gcc/arm-none-eabi/5.3.1/../../../../arm-none-eabi/lib/armv7e-m\libg.a(lib_a-mallocr.o) (_sbrk_r)
c:/program files (x86)/gnu tools arm embedded/5.3 2016q1/bin/../lib/gcc/arm-none-eabi/5.3.1/../../../../arm-none-eabi/lib/armv7e-m\libg.a(lib_a-strcmp.o)
[...]
Memory Configuration

Name             Origin             Length             Attributes
rom              0x08000000         0x00040000         xr
ram              0x20000000         0x0000a000         xrw
ram1             0x10000000         0x00002000         xrw
*default*        0x00000000         0xffffffff

Linker script and memory map

                0x2000a000                _eram = 0x2000a000

.text           0x08000000     0x59a4
 *(.isr_vector)
 .isr_vector    0x08000000      0x188 ..\obj\startup_stm32f30x.o
                0x08000000                g_pfnVectors
 *(.text*)
 .text.RCC_AHBPeriphClockCmd
                0x08000188       0x3c ..\obj\stm32f30x_rcc.o
                0x08000188                RCC_AHBPeriphClockCmd
 .text.RCC_APB1PeriphClockCmd
                0x080001c4       0x3c ..\obj\stm32f30x_rcc.o
                0x080001c4                RCC_APB1PeriphClockCmd
 .text.GPIO_Init
                0x08000200      0x12c ..\obj\stm32f30x_gpio.o
                0x08000200                GPIO_Init
 .text.main     0x0800032c       0x14 ..\obj\main.o
                0x0800032c                main
 .text.TIM7_IRQHandler
                0x08000340       0x60 ..\obj\main.o
                0x08000340                TIM7_IRQHandler
 .text.GPIOinit
                0x080003a0       0x68 ..\obj\init.o
                0x080003a0                GPIOinit
 .text.NVICinit
                0x08000408       0x28 ..\obj\init.o
                0x08000408                NVICinit
 .text.TIMinit  0x08000430       0x44 ..\obj\init.o
                0x08000430                TIMinit
 *fill*         0x08000474        0x4 
 .text.getMenuParameter
                0x08000478      0x1e4 ..\obj\menu.o
                0x08000478                getMenuParameter
 .text.getTemplate
                0x0800065c       0x80 ..\obj\menu.o
                0x0800065c                getTemplate
 .text.getDisp1
                0x080006dc       0x98 ..\obj\menu.o
                0x080006dc                getDisp1
 .text.getDisp2
                0x08000774       0xd4 ..\obj\menu.o
                0x08000774                getDisp2
 .text.SystemInit1
                0x08000848       0x84 ..\obj\system_stm32f30x_temp.o
                0x08000848                SystemInit
                0x08000848                SystemInit1
 .text.SetSysClock1
                0x080008cc       0xe0 ..\obj\system_stm32f30x_temp.o
                0x080008cc                SetSysClock
 .text.NVIC_Init
                0x080009ac       0xc4 ..\obj\stm32f30x_misc.o
                0x080009ac                NVIC_Init
 .text.TIM_TimeBaseInit
                0x08000a70       0xec ..\obj\stm32f30x_tim.o
                0x08000a70                TIM_TimeBaseInit
 .text.TIM_Cmd  0x08000b5c       0x40 ..\obj\stm32f30x_tim.o
                0x08000b5c                TIM_Cmd
 .text.TIM_ITConfig
                0x08000b9c       0x40 ..\obj\stm32f30x_tim.o
                0x08000b9c                TIM_ITConfig
 .text.TIM_ClearITPendingBit
                0x08000bdc       0x24 ..\obj\stm32f30x_tim.o
                0x08000bdc                TIM_ClearITPendingBit
 .text.Reset_Handler
                0x08000c00       0x44 ..\obj\startup_stm32f30x.o
                0x08000c00                Reset_Handler
 .text.Default_Handler
                0x08000c44        0x2 ..\obj\startup_stm32f30x.o
                0x08000c44                RTC_Alarm_IRQHandler
                0x08000c44                TIM8_TRG_COM_IRQHandler
                0x08000c44                TIM8_CC_IRQHandler
                0x08000c44                DebugMon_Handler
                0x08000c44                TIM1_CC_IRQHandler
                0x08000c44                HardFault_Handler
                0x08000c44                USB_HP_IRQHandler
                0x08000c44                SysTick_Handler
                0x08000c44                PVD_IRQHandler
                0x08000c44                PendSV_Handler
                0x08000c44                NMI_Handler
                0x08000c44                EXTI3_IRQHandler
                0x08000c44                EXTI0_IRQHandler
                0x08000c44                I2C2_EV_IRQHandler
                0x08000c44                FPU_IRQHandler
                0x08000c44                EXTI2_TS_IRQHandler
                0x08000c44                TIM1_UP_TIM16_IRQHandler
                0x08000c44                UsageFault_Handler
                0x08000c44                ADC1_2_IRQHandler
                0x08000c44                SPI1_IRQHandler
                0x08000c44                TIM6_DAC_IRQHandler
                0x08000c44                TIM8_UP_IRQHandler
                0x08000c44                DMA2_Channel2_IRQHandler
                0x08000c44                DMA1_Channel4_IRQHandler
                0x08000c44                USART3_IRQHandler
                0x08000c44                DMA1_Channel7_IRQHandler
                0x08000c44                CAN1_RX1_IRQHandler
                0x08000c44                UART5_IRQHandler
                0x08000c44                ADC3_IRQHandler
                0x08000c44                TIM4_IRQHandler
                0x08000c44                DMA2_Channel1_IRQHandler
                0x08000c44                I2C1_EV_IRQHandler
                0x08000c44                DMA1_Channel6_IRQHandler
                0x08000c44                UART4_IRQHandler
                0x08000c44                DMA2_Channel4_IRQHandler
                0x08000c44                TIM3_IRQHandler
                0x08000c44                RCC_IRQHandler
                0x08000c44                DMA1_Channel1_IRQHandler
                0x08000c44                Default_Handler
                0x08000c44                USBWakeUp_RMP_IRQHandler
                0x08000c44                EXTI15_10_IRQHandler
                0x08000c44                EXTI9_5_IRQHandler
                0x08000c44                TAMPER_STAMP_IRQHandler
                0x08000c44                RTC_WKUP_IRQHandler
                0x08000c44                SPI2_IRQHandler
                0x08000c44                MemManage_Handler
                0x08000c44                SVC_Handler
                0x08000c44                DMA2_Channel5_IRQHandler
                0x08000c44                DMA1_Channel5_IRQHandler
                0x08000c44                USB_LP_IRQHandler
                0x08000c44                EXTI4_IRQHandler
                0x08000c44                USB_LP_CAN1_RX0_IRQHandler
                0x08000c44                TIM1_TRG_COM_TIM17_IRQHandler
                0x08000c44                USB_HP_CAN1_TX_IRQHandler
                0x08000c44                DMA1_Channel3_IRQHandler
                0x08000c44                ADC4_IRQHandler
                0x08000c44                WWDG_IRQHandler
                0x08000c44                TIM2_IRQHandler
                0x08000c44                COMP7_IRQHandler
                0x08000c44                COMP1_2_3_IRQHandler
                0x08000c44                EXTI1_IRQHandler
                0x08000c44                USART2_IRQHandler
                0x08000c44                COMP4_5_6_IRQHandler
                0x08000c44                I2C2_ER_IRQHandler
                0x08000c44                DMA1_Channel2_IRQHandler
                0x08000c44                TIM8_BRK_IRQHandler
                0x08000c44                CAN1_SCE_IRQHandler
                0x08000c44                FLASH_IRQHandler
                0x08000c44                BusFault_Handler
                0x08000c44                USART1_IRQHandler
                0x08000c44                SPI3_IRQHandler
                0x08000c44                I2C1_ER_IRQHandler
                0x08000c44                USBWakeUp_IRQHandler
                0x08000c44                DMA2_Channel3_IRQHandler
                0x08000c44                TIM1_BRK_TIM15_IRQHandler
 *fill*         0x08000c46        0x2 
 .text          0x08000c48      0x370 c:/program files (x86)/gnu tools arm embedded/5.3 2016q1/bin/../lib/gcc/arm-none-eabi/5.3.1/armv7e-m\libgcc.a(_arm_addsubdf3.o)
                0x08000c48                __aeabi_drsub
                0x08000c50                __aeabi_dsub
                0x08000c50                __subdf3
                0x08000c54                __aeabi_dadd
                0x08000c54                __adddf3
                0x08000ecc                __floatunsidf
                0x08000ecc                __aeabi_ui2d
                0x08000eec                __floatsidf
                0x08000eec                __aeabi_i2d
                0x08000f10                __aeabi_f2d
                0x08000f10                __extendsfdf2
                0x08000f4c                __floatundidf
                0x08000f4c                __aeabi_ul2d
                0x08000f5c                __floatdidf
                0x08000f5c                __aeabi_l2d
 .text          0x08000fb8      0x424 c:/program files (x86)/gnu tools arm embedded/5.3 2016q1/bin/../lib/gcc/arm-none-eabi/5.3.1/armv7e-m\libgcc.a(_arm_muldivdf3.o)
                0x08000fb8                __aeabi_dmul
                0x08000fb8                __muldf3
                0x0800120c                __divdf3
                0x0800120c                __aeabi_ddiv
 .text          0x080013dc      0x110 c:/program files (x86)/gnu tools arm embedded/5.3 2016q1/bin/../lib/gcc/arm-none-eabi/5.3.1/armv7e-m\libgcc.a(_arm_cmpdf2.o)
                0x080013dc                __gtdf2
                0x080013dc                __gedf2
                0x080013e4                __ltdf2
                0x080013e4                __ledf2
                0x080013ec                __nedf2
                0x080013ec                __eqdf2
                0x080013ec                __cmpdf2
                0x08001468                __aeabi_cdrcmple
                0x08001478                __aeabi_cdcmpeq
                0x08001478                __aeabi_cdcmple
                0x08001488                __aeabi_dcmpeq
                0x0800149c                __aeabi_dcmplt
                0x080014b0                __aeabi_dcmple
                0x080014c4                __aeabi_dcmpge
                0x080014d8                __aeabi_dcmpgt
 .text          0x080014ec       0x50 c:/program files (x86)/gnu tools arm embedded/5.3 2016q1/bin/../lib/gcc/arm-none-eabi/5.3.1/armv7e-m\libgcc.a(_arm_fixdfsi.o)
                0x080014ec                __aeabi_d2iz
                0x080014ec                __fixdfsi
 .text.sprintf  0x0800153c       0x4c c:/program files (x86)/gnu tools arm embedded/5.3 2016q1/bin/../lib/gcc/arm-none-eabi/5.3.1/../../../../arm-none-eabi/lib/armv7e-m\libg.a(lib_a-sprintf.o)
                0x0800153c                sprintf
 .text.strcpy   0x08001588       0xbc c:/program files (x86)/gnu tools arm embedded/5.3 2016q1/bin/../lib/gcc/arm-none-eabi/5.3.1/../../../../arm-none-eabi/lib/armv7e-m\libg.a(lib_a-strcpy.o)
                0x08001588                strcpy
 .text._svfprintf_r
                0x08001644     0x169c c:/program files (x86)/gnu tools arm embedded/5.3 2016q1/bin/../lib/gcc/arm-none-eabi/5.3.1/../../../../arm-none-eabi/lib/armv7e-m\libg.a(lib_a-svfprintf.o)
                0x08001644                _svfprintf_r
 .text.quorem   0x08002ce0      0x128 c:/program files (x86)/gnu tools arm embedded/5.3 2016q1/bin/../lib/gcc/arm-none-eabi/5.3.1/../../../../arm-none-eabi/lib/armv7e-m\libg.a(lib_a-dtoa.o)
 .text._dtoa_r  0x08002e08      0xe58 c:/program files (x86)/gnu tools arm embedded/5.3 2016q1/bin/../lib/gcc/arm-none-eabi/5.3.1/../../../../arm-none-eabi/lib/armv7e-m\libg.a(lib_a-dtoa.o)
                0x08002e08                _dtoa_r
 .text._localeconv_r
                0x08003c60        0x8 c:/program files (x86)/gnu tools arm embedded/5.3 2016q1/bin/../lib/gcc/arm-none-eabi/5.3.1/../../../../arm-none-eabi/lib/armv7e-m\libg.a(lib_a-locale.o)
                0x08003c60                _localeconv_r
 .text._malloc_r
                0x08003c68      0x570 c:/program files (x86)/gnu tools arm embedded/5.3 2016q1/bin/../lib/gcc/arm-none-eabi/5.3.1/../../../../arm-none-eabi/lib/armv7e-m\libg.a(lib_a-mallocr.o)
                0x08003c68                _malloc_r
 *fill*         0x080041d8        0x8 
 .text          0x080041e0       0xa0 c:/program files (x86)/gnu tools arm embedded/5.3 2016q1/bin/../lib/gcc/arm-none-eabi/5.3.1/../../../../arm-none-eabi/lib/armv7e-m\libg.a(lib_a-memchr.o)
                0x080041e0                memchr
 .text          0x08004280      0x134 c:/program files (x86)/gnu tools arm embedded/5.3 2016q1/bin/../lib/gcc/arm-none-eabi/5.3.1/../../../../arm-none-eabi/lib/armv7e-m\libg.a(lib_a-memcpy.o)
                0x08004280                memcpy
 .text.__malloc_lock
                0x080043b4        0x4 c:/program files (x86)/gnu tools arm embedded/5.3 2016q1/bin/../lib/gcc/arm-none-eabi/5.3.1/../../../../arm-none-eabi/lib/armv7e-m\libg.a(lib_a-mlock.o)
                0x080043b4                __malloc_lock
 .text.__malloc_unlock
                0x080043b8        0x4 c:/program files (x86)/gnu tools arm embedded/5.3 2016q1/bin/../lib/gcc/arm-none-eabi/5.3.1/../../../../arm-none-eabi/lib/armv7e-m\libg.a(lib_a-mlock.o)
                0x080043b8                __malloc_unlock
 .text._Balloc  0x080043bc       0x4c c:/program files (x86)/gnu tools arm embedded/5.3 2016q1/bin/../lib/gcc/arm-none-eabi/5.3.1/../../../../arm-none-eabi/lib/armv7e-m\libg.a(lib_a-mprec.o)
                0x080043bc                _Balloc
 .text._Bfree   0x08004408       0x14 c:/program files (x86)/gnu tools arm embedded/5.3 2016q1/bin/../lib/gcc/arm-none-eabi/5.3.1/../../../../arm-none-eabi/lib/armv7e-m\libg.a(lib_a-mprec.o)
                0x08004408                _Bfree
 .text.__multadd
                0x0800441c       0x80 c:/program files (x86)/gnu tools arm embedded/5.3 2016q1/bin/../lib/gcc/arm-none-eabi/5.3.1/../../../../arm-none-eabi/lib/armv7e-m\libg.a(lib_a-mprec.o)
                0x0800441c                __multadd
 .text.__hi0bits
                0x0800449c       0x40 c:/program files (x86)/gnu tools arm embedded/5.3 2016q1/bin/../lib/gcc/arm-none-eabi/5.3.1/../../../../arm-none-eabi/lib/armv7e-m\libg.a(lib_a-mprec.o)
                0x0800449c                __hi0bits
 .text.__lo0bits
                0x080044dc       0x5c c:/program files (x86)/gnu tools arm embedded/5.3 2016q1/bin/../lib/gcc/arm-none-eabi/5.3.1/../../../../arm-none-eabi/lib/armv7e-m\libg.a(lib_a-mprec.o)
                0x080044dc                __lo0bits
 .text.__i2b    0x08004538       0x14 c:/program files (x86)/gnu tools arm embedded/5.3 2016q1/bin/../lib/gcc/arm-none-eabi/5.3.1/../../../../arm-none-eabi/lib/armv7e-m\libg.a(lib_a-mprec.o)
                0x08004538                __i2b
 .text.__multiply
                0x0800454c      0x130 c:/program files (x86)/gnu tools arm embedded/5.3 2016q1/bin/../lib/gcc/arm-none-eabi/5.3.1/../../../../arm-none-eabi/lib/armv7e-m\libg.a(lib_a-mprec.o)
                0x0800454c                __multiply
 .text.__pow5mult
                0x0800467c       0xa0 c:/program files (x86)/gnu tools arm embedded/5.3 2016q1/bin/../lib/gcc/arm-none-eabi/5.3.1/../../../../arm-none-eabi/lib/armv7e-m\libg.a(lib_a-mprec.o)
                0x0800467c                __pow5mult
 .text.__lshift
                0x0800471c       0xb0 c:/program files (x86)/gnu tools arm embedded/5.3 2016q1/bin/../lib/gcc/arm-none-eabi/5.3.1/../../../../arm-none-eabi/lib/armv7e-m\libg.a(lib_a-mprec.o)
                0x0800471c                __lshift
 .text.__mcmp   0x080047cc       0x40 c:/program files (x86)/gnu tools arm embedded/5.3 2016q1/bin/../lib/gcc/arm-none-eabi/5.3.1/../../../../arm-none-eabi/lib/armv7e-m\libg.a(lib_a-mprec.o)
                0x080047cc                __mcmp
 .text.__mdiff  0x0800480c      0x114 c:/program files (x86)/gnu tools arm embedded/5.3 2016q1/bin/../lib/gcc/arm-none-eabi/5.3.1/../../../../arm-none-eabi/lib/armv7e-m\libg.a(lib_a-mprec.o)
                0x0800480c                __mdiff
 .text.__d2b    0x08004920       0xb8 c:/program files (x86)/gnu tools arm embedded/5.3 2016q1/bin/../lib/gcc/arm-none-eabi/5.3.1/../../../../arm-none-eabi/lib/armv7e-m\libg.a(lib_a-mprec.o)
                0x08004920                __d2b
 .text._sbrk_r  0x080049d8       0x24 c:/program files (x86)/gnu tools arm embedded/5.3 2016q1/bin/../lib/gcc/arm-none-eabi/5.3.1/../../../../arm-none-eabi/lib/armv7e-m\libg.a(lib_a-sbrkr.o)
                0x080049d8                _sbrk_r
 *fill*         0x080049fc        0x4 
 .text          0x08004a00       0xdc c:/program files (x86)/gnu tools arm embedded/5.3 2016q1/bin/../lib/gcc/arm-none-eabi/5.3.1/../../../../arm-none-eabi/lib/armv7e-m\libg.a(lib_a-strlen.o)
                0x08004a00                strlen
 .text.__ssprint_r
                0x08004adc      0x100 c:/program files (x86)/gnu tools arm embedded/5.3 2016q1/bin/../lib/gcc/arm-none-eabi/5.3.1/../../../../arm-none-eabi/lib/armv7e-m\libg.a(lib_a-svfiprintf.o)
                0x08004adc                __ssprint_r
 .text._calloc_r
                0x08004bdc       0x60 c:/program files (x86)/gnu tools arm embedded/5.3 2016q1/bin/../lib/gcc/arm-none-eabi/5.3.1/../../../../arm-none-eabi/lib/armv7e-m\libg.a(lib_a-callocr.o)
                0x08004bdc                _calloc_r
 .text._malloc_trim_r
                0x08004c3c       0x9c c:/program files (x86)/gnu tools arm embedded/5.3 2016q1/bin/../lib/gcc/arm-none-eabi/5.3.1/../../../../arm-none-eabi/lib/armv7e-m\libg.a(lib_a-freer.o)
                0x08004c3c                _malloc_trim_r
 .text._free_r  0x08004cd8      0x1d0 c:/program files (x86)/gnu tools arm embedded/5.3 2016q1/bin/../lib/gcc/arm-none-eabi/5.3.1/../../../../arm-none-eabi/lib/armv7e-m\libg.a(lib_a-freer.o)
                0x08004cd8                _free_r
 .text.memmove  0x08004ea8       0xc8 c:/program files (x86)/gnu tools arm embedded/5.3 2016q1/bin/../lib/gcc/arm-none-eabi/5.3.1/../../../../arm-none-eabi/lib/armv7e-m\libg.a(lib_a-memmove.o)
                0x08004ea8                memmove
 .text.memset   0x08004f70       0x9c c:/program files (x86)/gnu tools arm embedded/5.3 2016q1/bin/../lib/gcc/arm-none-eabi/5.3.1/../../../../arm-none-eabi/lib/armv7e-m\libg.a(lib_a-memset.o)
                0x08004f70                memset
 .text._realloc_r
                0x0800500c      0x3e0 c:/program files (x86)/gnu tools arm embedded/5.3 2016q1/bin/../lib/gcc/arm-none-eabi/5.3.1/../../../../arm-none-eabi/lib/armv7e-m\libg.a(lib_a-reallocr.o)
                0x0800500c                _realloc_r
 .text          0x080053ec       0x2c c:/program files (x86)/gnu tools arm embedded/5.3 2016q1/bin/../lib/gcc/arm-none-eabi/5.3.1/armv7e-m\libgcc.a(_arm_unorddf2.o)
                0x080053ec                __unorddf2
                0x080053ec                __aeabi_dcmpun
 .text          0x08005418       0x30 c:/program files (x86)/gnu tools arm embedded/5.3 2016q1/bin/../lib/gcc/arm-none-eabi/5.3.1/armv7e-m\libgcc.a(_aeabi_uldivmod.o)
                0x08005418                __aeabi_uldivmod
 .text          0x08005448      0x2e4 c:/program files (x86)/gnu tools arm embedded/5.3 2016q1/bin/../lib/gcc/arm-none-eabi/5.3.1/armv7e-m\libgcc.a(_udivmoddi4.o)
                0x08005448                __udivmoddi4
 .text          0x0800572c        0x4 c:/program files (x86)/gnu tools arm embedded/5.3 2016q1/bin/../lib/gcc/arm-none-eabi/5.3.1/armv7e-m\libgcc.a(_dvmd_tls.o)
                0x0800572c                __aeabi_idiv0
                0x0800572c                __aeabi_ldiv0
 *(.init)
 *(.fini)
 *crtbegin.o(.ctors)
 *crtbegin?.o(.ctors)
 *(EXCLUDE_FILE(*crtend.o *crtend?.o) .ctors)
 *(SORT(.ctors.*))
 *(.ctors)
 *crtbegin.o(.dtors)
 *crtbegin?.o(.dtors)
 *(EXCLUDE_FILE(*crtend.o *crtend?.o) .dtors)
 *(SORT(.dtors.*))
 *(.dtors)
 *(.rodata*)
 .rodata        0x08005730       0xed ..\obj\menu.o
 *fill*         0x0800581d        0x3 
 .rodata.zeroes.7035
                0x08005820       0x10 c:/program files (x86)/gnu tools arm embedded/5.3 2016q1/bin/../lib/gcc/arm-none-eabi/5.3.1/../../../../arm-none-eabi/lib/armv7e-m\libg.a(lib_a-svfprintf.o)
 .rodata.str1.4
                0x08005830       0x42 c:/program files (x86)/gnu tools arm embedded/5.3 2016q1/bin/../lib/gcc/arm-none-eabi/5.3.1/../../../../arm-none-eabi/lib/armv7e-m\libg.a(lib_a-svfprintf.o)
 *fill*         0x08005872        0x2 
 .rodata.blanks.7034
                0x08005874       0x10 c:/program files (x86)/gnu tools arm embedded/5.3 2016q1/bin/../lib/gcc/arm-none-eabi/5.3.1/../../../../arm-none-eabi/lib/armv7e-m\libg.a(lib_a-svfprintf.o)
 .rodata.str1.4
                0x08005884       0x10 c:/program files (x86)/gnu tools arm embedded/5.3 2016q1/bin/../lib/gcc/arm-none-eabi/5.3.1/../../../../arm-none-eabi/lib/armv7e-m\libg.a(lib_a-dtoa.o)
                                 0x12 (size before relaxing)
 .rodata.str1.4
                0x08005894        0x2 c:/program files (x86)/gnu tools arm embedded/5.3 2016q1/bin/../lib/gcc/arm-none-eabi/5.3.1/../../../../arm-none-eabi/lib/armv7e-m\libg.a(lib_a-impure.o)
 *fill*         0x08005896        0x2 
 .rodata.str1.4
                0x08005898        0xc c:/program files (x86)/gnu tools arm embedded/5.3 2016q1/bin/../lib/gcc/arm-none-eabi/5.3.1/../../../../arm-none-eabi/lib/armv7e-m\libg.a(lib_a-locale.o)
                                 0x12 (size before relaxing)
 *fill*         0x080058a4        0x4 
 .rodata.__mprec_tens
                0x080058a8       0xc8 c:/program files (x86)/gnu tools arm embedded/5.3 2016q1/bin/../lib/gcc/arm-none-eabi/5.3.1/../../../../arm-none-eabi/lib/armv7e-m\libg.a(lib_a-mprec.o)
                0x080058a8                __mprec_tens
 .rodata.__mprec_bigtens
                0x08005970       0x28 c:/program files (x86)/gnu tools arm embedded/5.3 2016q1/bin/../lib/gcc/arm-none-eabi/5.3.1/../../../../arm-none-eabi/lib/armv7e-m\libg.a(lib_a-mprec.o)
                0x08005970                __mprec_bigtens
 .rodata.p05.5373
                0x08005998        0xc c:/program files (x86)/gnu tools arm embedded/5.3 2016q1/bin/../lib/gcc/arm-none-eabi/5.3.1/../../../../arm-none-eabi/lib/armv7e-m\libg.a(lib_a-mprec.o)
 *(.eh_fram e*)

.glue_7         0x080059a4        0x0
 .glue_7        0x080059a4        0x0 linker stubs

.glue_7t        0x080059a4        0x0
 .glue_7t       0x080059a4        0x0 linker stubs

.vfp11_veneer   0x080059a4        0x0
 .vfp11_veneer  0x080059a4        0x0 linker stubs

.v4_bx          0x080059a4        0x0
 .v4_bx         0x080059a4        0x0 linker stubs

.iplt           0x080059a4        0x0
 .iplt          0x080059a4        0x0 ..\obj\stm32f30x_rcc.o

.ARM.extab
 *(.ARM.extab* .gnu.linkonce.armextab.*)
                0x080059a4                __exidx_start = .

.ARM.exidx      0x080059a4        0x8
 *(.ARM.exidx* .gnu.linkonce.armexidx.*)
 .ARM.exidx     0x080059a4        0x8 c:/program files (x86)/gnu tools arm embedded/5.3 2016q1/bin/../lib/gcc/arm-none-eabi/5.3.1/armv7e-m\libgcc.a(_udivmoddi4.o)
                0x080059ac                __exidx_end = .
                0x080059ac                __etext = .
                0x080059ac                _sidata = __etext

.rel.dyn        0x080059ac        0x0
 .rel.iplt      0x080059ac        0x0 ..\obj\stm32f30x_rcc.o

.data           0x20000000      0xa24 load address 0x080059ac
                0x20000000                __data_start__ = .
                0x20000000                _sdata = __data_start__
 *(vtable)
 *(.data*)
 .data          0x20000000       0xd5 ..\obj\main.o
                0x20000000                scale
                0x20000010                limit
                0x20000030                threePosSet
                0x20000050                pidSet
 *fill*         0x200000d5        0x3 
 .data          0x200000d8       0xd4 ..\obj\menu.o
 *fill*         0x200001ac        0x4 
 .data.impure_data
                0x200001b0      0x428 c:/program files (x86)/gnu tools arm embedded/5.3 2016q1/bin/../lib/gcc/arm-none-eabi/5.3.1/../../../../arm-none-eabi/lib/armv7e-m\libg.a(lib_a-impure.o)
 .data._impure_ptr
                0x200005d8        0x4 c:/program files (x86)/gnu tools arm embedded/5.3 2016q1/bin/../lib/gcc/arm-none-eabi/5.3.1/../../../../arm-none-eabi/lib/armv7e-m\libg.a(lib_a-impure.o)
                0x200005d8                _impure_ptr
 .data.lconv    0x200005dc       0x38 c:/program files (x86)/gnu tools arm embedded/5.3 2016q1/bin/../lib/gcc/arm-none-eabi/5.3.1/../../../../arm-none-eabi/lib/armv7e-m\libg.a(lib_a-locale.o)
 .data.__malloc_av_
                0x20000614      0x408 c:/program files (x86)/gnu tools arm embedded/5.3 2016q1/bin/../lib/gcc/arm-none-eabi/5.3.1/../../../../arm-none-eabi/lib/armv7e-m\libg.a(lib_a-mallocr.o)
                0x20000614                __malloc_av_
 .data.__malloc_trim_threshold
                0x20000a1c        0x4 c:/program files (x86)/gnu tools arm embedded/5.3 2016q1/bin/../lib/gcc/arm-none-eabi/5.3.1/../../../../arm-none-eabi/lib/armv7e-m\libg.a(lib_a-mallocr.o)
                0x20000a1c                __malloc_trim_threshold
 .data.__malloc_sbrk_base
                0x20000a20        0x4 c:/program files (x86)/gnu tools arm embedded/5.3 2016q1/bin/../lib/gcc/arm-none-eabi/5.3.1/../../../../arm-none-eabi/lib/armv7e-m\libg.a(lib_a-mallocr.o)
                0x20000a20                __malloc_sbrk_base
                0x20000a24                . = ALIGN (0x4)
                [!provide]                PROVIDE (__preinit_array_start, .)
 *(.preinit_array)
                [!provide]                PROVIDE (__preinit_array_end, .)
                0x20000a24                . = ALIGN (0x4)
                [!provide]                PROVIDE (__init_array_start, .)
 *(SORT(.init_array.*))
 *(.init_array)
                [!provide]                PROVIDE (__init_array_end, .)
                0x20000a24                . = ALIGN (0x4)
                [!provide]                PROVIDE (__fini_array_start, .)
 *(SORT(.fini_array.*))
 *(.fini_array)
                [!provide]                PROVIDE (__fini_array_end, .)
 *(.jcr*)
                0x20000a24                . = ALIGN (0x4)
                0x20000a24                __data_end__ = .
                0x20000a24                _edata = __data_end__

.igot.plt       0x20000a24        0x0 load address 0x080063d0
 .igot.plt      0x20000a24        0x0 ..\obj\stm32f30x_rcc.o

.bss            0x20000a28       0x88 load address 0x080063d8
                0x20000a28                . = ALIGN (0x4)
                0x20000a28                __bss_start__ = .
                0x20000a28                _sbss = __bss_start__
 *(.bss*)
 .bss           0x20000a28       0x39 ..\obj\main.o
                0x20000a28                mode
                0x20000a2a                AUTO
                0x20000a30                pv
                0x20000a38                sp
                0x20000a40                out
                0x20000a48                twoPosSet
                0x20000a60                segment
 *fill*         0x20000a61        0x3 
 .bss           0x20000a64       0x11 ..\obj\menu.o
 *fill*         0x20000a75        0x3 
 .bss.__malloc_max_total_mem
                0x20000a78        0x4 c:/program files (x86)/gnu tools arm embedded/5.3 2016q1/bin/../lib/gcc/arm-none-eabi/5.3.1/../../../../arm-none-eabi/lib/armv7e-m\libg.a(lib_a-mallocr.o)
                0x20000a78                __malloc_max_total_mem
 .bss.__malloc_max_sbrked_mem
                0x20000a7c        0x4 c:/program files (x86)/gnu tools arm embedded/5.3 2016q1/bin/../lib/gcc/arm-none-eabi/5.3.1/../../../../arm-none-eabi/lib/armv7e-m\libg.a(lib_a-mallocr.o)
                0x20000a7c                __malloc_max_sbrked_mem
 .bss.__malloc_top_pad
                0x20000a80        0x4 c:/program files (x86)/gnu tools arm embedded/5.3 2016q1/bin/../lib/gcc/arm-none-eabi/5.3.1/../../../../arm-none-eabi/lib/armv7e-m\libg.a(lib_a-mallocr.o)
                0x20000a80                __malloc_top_pad
 .bss.__malloc_current_mallinfo
                0x20000a84       0x28 c:/program files (x86)/gnu tools arm embedded/5.3 2016q1/bin/../lib/gcc/arm-none-eabi/5.3.1/../../../../arm-none-eabi/lib/armv7e-m\libg.a(lib_a-mallocr.o)
                0x20000a84                __malloc_current_mallinfo
 *(COMMON)
 COMMON         0x20000aac        0x4 c:/program files (x86)/gnu tools arm embedded/5.3 2016q1/bin/../lib/gcc/arm-none-eabi/5.3.1/../../../../arm-none-eabi/lib/armv7e-m\libg.a(lib_a-reent.o)
                0x20000aac                errno
                0x20000ab0                . = ALIGN (0x4)
                0x20000ab0                __bss_end__ = .
                0x20000ab0                _ebss = __bss_end__

.heap           0x20000ab0        0x0
                0x20000ab0                __end__ = .
                0x20000ab0                _end = __end__
                0x20000ab0                end = __end__
 *(.heap*)
                0x20000ab0                __HeapLimit = .

.co_stack       0x20000ab0        0x0
                0x20000ab0                . = ALIGN (0x8)
 *(.co_stack .co_stack.*)
                0x2000a000                __StackTop = (ORIGIN (ram) + LENGTH (ram))
                0x2000a000                __StackLimit = (__StackTop - SIZEOF (.co_stack))
                [!provide]                PROVIDE (__stack, __StackTop)
                0x00000001                ASSERT ((__StackLimit >= __HeapLimit), region ram  overflowed with stack)
LOAD ..\obj\stm32f30x_rcc.o
LOAD ..\obj\twoPos.o
LOAD ..\obj\stm32f30x_adc.o
LOAD ..\obj\globals.o
LOAD ..\obj\stm32f30x_gpio.o
LOAD ..\obj\main.o
LOAD ..\obj\stm32f30x_dma.o
LOAD ..\obj\init.o
LOAD ..\obj\stm32f30x_exti.o
LOAD ..\obj\menu.o
LOAD ..\obj\system_stm32f30x_temp.o
LOAD ..\obj\stm32f30x_misc.o
LOAD ..\obj\stm32f30x_tim.o
LOAD ..\obj\startup_stm32f30x.o
LOAD ..\obj\stm32f30x_syscfg.o
LOAD ..\obj\threePos.o
LOAD ..\obj\pid.o
START GROUP
LOAD c:/program files (x86)/gnu tools arm embedded/5.3 2016q1/bin/../lib/gcc/arm-none-eabi/5.3.1/armv7e-m\libgcc.a
LOAD c:/program files (x86)/gnu tools arm embedded/5.3 2016q1/bin/../lib/gcc/arm-none-eabi/5.3.1/../../../../arm-none-eabi/lib/armv7e-m\libg.a
LOAD c:/program files (x86)/gnu tools arm embedded/5.3 2016q1/bin/../lib/gcc/arm-none-eabi/5.3.1/../../../../arm-none-eabi/lib/armv7e-m\libc.a
END GROUP
OUTPUT(UReg.elf elf32-littlearm)

.debug_info     0x00000000     0x5074
 .debug_info    0x00000000      0xacc ..\obj\stm32f30x_rcc.o
 .debug_info    0x00000acc      0x612 ..\obj\stm32f30x_gpio.o
 .debug_info    0x000010de      0x5c1 ..\obj\main.o
 .debug_info    0x0000169f      0x73b ..\obj\init.o
 .debug_info    0x00001dda      0x67b ..\obj\menu.o
 .debug_info    0x00002455      0x4bb ..\obj\system_stm32f30x_temp.o
 .debug_info    0x00002910      0x556 ..\obj\stm32f30x_misc.o
 .debug_info    0x00002e66     0x218c ..\obj\stm32f30x_tim.o
 .debug_info    0x00004ff2       0x82 ..\obj\startup_stm32f30x.o

.debug_abbrev   0x00000000      0xb6b
 .debug_abbrev  0x00000000      0x1e5 ..\obj\stm32f30x_rcc.o
 .debug_abbrev  0x000001e5      0x198 ..\obj\stm32f30x_gpio.o
 .debug_abbrev  0x0000037d      0x127 ..\obj\main.o
 .debug_abbrev  0x000004a4      0x11b ..\obj\init.o
 .debug_abbrev  0x000005bf      0x183 ..\obj\menu.o
 .debug_abbrev  0x00000742      0x147 ..\obj\system_stm32f30x_temp.o
 .debug_abbrev  0x00000889      0x147 ..\obj\stm32f30x_misc.o
 .debug_abbrev  0x000009d0      0x189 ..\obj\stm32f30x_tim.o
 .debug_abbrev  0x00000b59       0x12 ..\obj\startup_stm32f30x.o

.debug_aranges  0x00000000      0x700
 .debug_aranges
                0x00000000      0x150 ..\obj\stm32f30x_rcc.o
 .debug_aranges
                0x00000150       0x80 ..\obj\stm32f30x_gpio.o
 .debug_aranges
                0x000001d0       0x28 ..\obj\main.o
 .debug_aranges
                0x000001f8       0x30 ..\obj\init.o
 .debug_aranges
                0x00000228       0x98 ..\obj\menu.o
 .debug_aranges
                0x000002c0       0x30 ..\obj\system_stm32f30x_temp.o
 .debug_aranges
                0x000002f0       0x40 ..\obj\stm32f30x_misc.o
 .debug_aranges
                0x00000330      0x3a8 ..\obj\stm32f30x_tim.o
 .debug_aranges
                0x000006d8       0x28 ..\obj\startup_stm32f30x.o

.debug_ranges   0x00000000      0x678
 .debug_ranges  0x00000000      0x140 ..\obj\stm32f30x_rcc.o
 .debug_ranges  0x00000140       0x70 ..\obj\stm32f30x_gpio.o
 .debug_ranges  0x000001b0       0x18 ..\obj\main.o
 .debug_ranges  0x000001c8       0x20 ..\obj\init.o
 .debug_ranges  0x000001e8       0x88 ..\obj\menu.o
 .debug_ranges  0x00000270       0x20 ..\obj\system_stm32f30x_temp.o
 .debug_ranges  0x00000290       0x30 ..\obj\stm32f30x_misc.o
 .debug_ranges  0x000002c0      0x398 ..\obj\stm32f30x_tim.o
 .debug_ranges  0x00000658       0x20 ..\obj\startup_stm32f30x.o

.debug_line     0x00000000     0x20b3
 .debug_line    0x00000000      0x56c ..\obj\stm32f30x_rcc.o
 .debug_line    0x0000056c      0x307 ..\obj\stm32f30x_gpio.o
 .debug_line    0x00000873      0x1b8 ..\obj\main.o
 .debug_line    0x00000a2b      0x20a ..\obj\init.o
 .debug_line    0x00000c35      0x371 ..\obj\menu.o
 .debug_line    0x00000fa6      0x1df ..\obj\system_stm32f30x_temp.o
 .debug_line    0x00001185      0x222 ..\obj\stm32f30x_misc.o
 .debug_line    0x000013a7      0xc76 ..\obj\stm32f30x_tim.o
 .debug_line    0x0000201d       0x96 ..\obj\startup_stm32f30x.o

.debug_str      0x00000000     0x21b5
 .debug_str     0x00000000      0x759 ..\obj\stm32f30x_rcc.o
                                0x7ea (size before relaxing)
 .debug_str     0x00000759      0x31a ..\obj\stm32f30x_gpio.o
                                0x495 (size before relaxing)
 .debug_str     0x00000a73      0x1e2 ..\obj\main.o
                                0x367 (size before relaxing)
 .debug_str     0x00000c55      0x55c ..\obj\init.o
                                0x8fd (size before relaxing)
 .debug_str     0x000011b1      0x143 ..\obj\menu.o
                                0x3b7 (size before relaxing)
 .debug_str     0x000012f4       0xef ..\obj\system_stm32f30x_temp.o
                                0x300 (size before relaxing)
 .debug_str     0x000013e3      0x16b ..\obj\stm32f30x_misc.o
                                0x3c4 (size before relaxing)
 .debug_str     0x0000154e      0xc67 ..\obj\stm32f30x_tim.o
                                0xf6d (size before relaxing)

.comment        0x00000000       0x6e
 .comment       0x00000000       0x6e ..\obj\stm32f30x_rcc.o
                                 0x6f (size before relaxing)
 .comment       0x0000006e       0x6f ..\obj\stm32f30x_gpio.o
 .comment       0x0000006e       0x6f ..\obj\main.o
 .comment       0x0000006e       0x6f ..\obj\init.o
 .comment       0x0000006e       0x6f ..\obj\menu.o
 .comment       0x0000006e       0x6f ..\obj\system_stm32f30x_temp.o
 .comment       0x0000006e       0x6f ..\obj\stm32f30x_misc.o
 .comment       0x0000006e       0x6f ..\obj\stm32f30x_tim.o

.ARM.attributes
                0x00000000       0x31
 .ARM.attributes
                0x00000000       0x33 ..\obj\stm32f30x_rcc.o
 .ARM.attributes
                0x00000033       0x33 ..\obj\stm32f30x_gpio.o
 .ARM.attributes
                0x00000066       0x33 ..\obj\main.o
 .ARM.attributes
                0x00000099       0x33 ..\obj\init.o
 .ARM.attributes
                0x000000cc       0x33 ..\obj\menu.o
 .ARM.attributes
                0x000000ff       0x33 ..\obj\system_stm32f30x_temp.o
 .ARM.attributes
                0x00000132       0x33 ..\obj\stm32f30x_misc.o
 .ARM.attributes
                0x00000165       0x33 ..\obj\stm32f30x_tim.o
 .ARM.attributes
                0x00000198       0x21 ..\obj\startup_stm32f30x.o
 .ARM.attributes
                0x000001b9       0x1e c:/program files (x86)/gnu tools arm embedded/5.3 2016q1/bin/../lib/gcc/arm-none-eabi/5.3.1/armv7e-m\libgcc.a(_arm_addsubdf3.o)
 .ARM.attributes
                0x000001d7       0x1e c:/program files (x86)/gnu tools arm embedded/5.3 2016q1/bin/../lib/gcc/arm-none-eabi/5.3.1/armv7e-m\libgcc.a(_arm_muldivdf3.o)
 .ARM.attributes
                0x000001f5       0x1e c:/program files (x86)/gnu tools arm embedded/5.3 2016q1/bin/../lib/gcc/arm-none-eabi/5.3.1/armv7e-m\libgcc.a(_arm_cmpdf2.o)
 .ARM.attributes
                0x00000213       0x1e c:/program files (x86)/gnu tools arm embedded/5.3 2016q1/bin/../lib/gcc/arm-none-eabi/5.3.1/armv7e-m\libgcc.a(_arm_fixdfsi.o)
 .ARM.attributes
                0x00000231       0x2e c:/program files (x86)/gnu tools arm embedded/5.3 2016q1/bin/../lib/gcc/arm-none-eabi/5.3.1/../../../../arm-none-eabi/lib/armv7e-m\libg.a(lib_a-sprintf.o)
 .ARM.attributes
                0x0000025f       0x2e c:/program files (x86)/gnu tools arm embedded/5.3 2016q1/bin/../lib/gcc/arm-none-eabi/5.3.1/../../../../arm-none-eabi/lib/armv7e-m\libg.a(lib_a-strcpy.o)
 .ARM.attributes
                0x0000028d       0x2e c:/program files (x86)/gnu tools arm embedded/5.3 2016q1/bin/../lib/gcc/arm-none-eabi/5.3.1/../../../../arm-none-eabi/lib/armv7e-m\libg.a(lib_a-svfprintf.o)
 .ARM.attributes
                0x000002bb       0x2e c:/program files (x86)/gnu tools arm embedded/5.3 2016q1/bin/../lib/gcc/arm-none-eabi/5.3.1/../../../../arm-none-eabi/lib/armv7e-m\libg.a(lib_a-dtoa.o)
 .ARM.attributes
                0x000002e9       0x2e c:/program files (x86)/gnu tools arm embedded/5.3 2016q1/bin/../lib/gcc/arm-none-eabi/5.3.1/../../../../arm-none-eabi/lib/armv7e-m\libg.a(lib_a-impure.o)
 .ARM.attributes
                0x00000317       0x2e c:/program files (x86)/gnu tools arm embedded/5.3 2016q1/bin/../lib/gcc/arm-none-eabi/5.3.1/../../../../arm-none-eabi/lib/armv7e-m\libg.a(lib_a-locale.o)
 .ARM.attributes
                0x00000345       0x2e c:/program files (x86)/gnu tools arm embedded/5.3 2016q1/bin/../lib/gcc/arm-none-eabi/5.3.1/../../../../arm-none-eabi/lib/armv7e-m\libg.a(lib_a-mallocr.o)
 .ARM.attributes
                0x00000373       0x1c c:/program files (x86)/gnu tools arm embedded/5.3 2016q1/bin/../lib/gcc/arm-none-eabi/5.3.1/../../../../arm-none-eabi/lib/armv7e-m\libg.a(lib_a-memchr.o)
 .ARM.attributes
                0x0000038f       0x1c c:/program files (x86)/gnu tools arm embedded/5.3 2016q1/bin/../lib/gcc/arm-none-eabi/5.3.1/../../../../arm-none-eabi/lib/armv7e-m\libg.a(lib_a-memcpy.o)
 .ARM.attributes
                0x000003ab       0x2e c:/program files (x86)/gnu tools arm embedded/5.3 2016q1/bin/../lib/gcc/arm-none-eabi/5.3.1/../../../../arm-none-eabi/lib/armv7e-m\libg.a(lib_a-mlock.o)
 .ARM.attributes
                0x000003d9       0x2e c:/program files (x86)/gnu tools arm embedded/5.3 2016q1/bin/../lib/gcc/arm-none-eabi/5.3.1/../../../../arm-none-eabi/lib/armv7e-m\libg.a(lib_a-mprec.o)
 .ARM.attributes
                0x00000407       0x2e c:/program files (x86)/gnu tools arm embedded/5.3 2016q1/bin/../lib/gcc/arm-none-eabi/5.3.1/../../../../arm-none-eabi/lib/armv7e-m\libg.a(lib_a-sbrkr.o)
 .ARM.attributes
                0x00000435       0x1c c:/program files (x86)/gnu tools arm embedded/5.3 2016q1/bin/../lib/gcc/arm-none-eabi/5.3.1/../../../../arm-none-eabi/lib/armv7e-m\libg.a(lib_a-strlen.o)
 .ARM.attributes
                0x00000451       0x2e c:/program files (x86)/gnu tools arm embedded/5.3 2016q1/bin/../lib/gcc/arm-none-eabi/5.3.1/../../../../arm-none-eabi/lib/armv7e-m\libg.a(lib_a-svfiprintf.o)
 .ARM.attributes
                0x0000047f       0x2e c:/program files (x86)/gnu tools arm embedded/5.3 2016q1/bin/../lib/gcc/arm-none-eabi/5.3.1/../../../../arm-none-eabi/lib/armv7e-m\libg.a(lib_a-callocr.o)
 .ARM.attributes
                0x000004ad       0x2e c:/program files (x86)/gnu tools arm embedded/5.3 2016q1/bin/../lib/gcc/arm-none-eabi/5.3.1/../../../../arm-none-eabi/lib/armv7e-m\libg.a(lib_a-freer.o)
 .ARM.attributes
                0x000004db       0x2e c:/program files (x86)/gnu tools arm embedded/5.3 2016q1/bin/../lib/gcc/arm-none-eabi/5.3.1/../../../../arm-none-eabi/lib/armv7e-m\libg.a(lib_a-memmove.o)
 .ARM.attributes
                0x00000509       0x2e c:/program files (x86)/gnu tools arm embedded/5.3 2016q1/bin/../lib/gcc/arm-none-eabi/5.3.1/../../../../arm-none-eabi/lib/armv7e-m\libg.a(lib_a-memset.o)
 .ARM.attributes
                0x00000537       0x2e c:/program files (x86)/gnu tools arm embedded/5.3 2016q1/bin/../lib/gcc/arm-none-eabi/5.3.1/../../../../arm-none-eabi/lib/armv7e-m\libg.a(lib_a-reallocr.o)
 .ARM.attributes
                0x00000565       0x2e c:/program files (x86)/gnu tools arm embedded/5.3 2016q1/bin/../lib/gcc/arm-none-eabi/5.3.1/../../../../arm-none-eabi/lib/armv7e-m\libg.a(lib_a-reent.o)
 .ARM.attributes
                0x00000593       0x1e c:/program files (x86)/gnu tools arm embedded/5.3 2016q1/bin/../lib/gcc/arm-none-eabi/5.3.1/armv7e-m\libgcc.a(_arm_unorddf2.o)
 .ARM.attributes
                0x000005b1       0x1e c:/program files (x86)/gnu tools arm embedded/5.3 2016q1/bin/../lib/gcc/arm-none-eabi/5.3.1/armv7e-m\libgcc.a(_aeabi_uldivmod.o)
 .ARM.attributes
                0x000005cf       0x2e c:/program files (x86)/gnu tools arm embedded/5.3 2016q1/bin/../lib/gcc/arm-none-eabi/5.3.1/armv7e-m\libgcc.a(_udivmoddi4.o)
 .ARM.attributes
                0x000005fd       0x1e c:/program files (x86)/gnu tools arm embedded/5.3 2016q1/bin/../lib/gcc/arm-none-eabi/5.3.1/armv7e-m\libgcc.a(_dvmd_tls.o)

.debug_frame    0x00000000     0x25e4
 .debug_frame   0x00000000      0x60c ..\obj\stm32f30x_rcc.o
 .debug_frame   0x0000060c      0x214 ..\obj\stm32f30x_gpio.o
 .debug_frame   0x00000820       0x48 ..\obj\main.o
 .debug_frame   0x00000868       0x7c ..\obj\init.o
 .debug_frame   0x000008e4      0x234 ..\obj\menu.o
 .debug_frame   0x00000b18       0x7c ..\obj\system_stm32f30x_temp.o
 .debug_frame   0x00000b94       0xd8 ..\obj\stm32f30x_misc.o
 .debug_frame   0x00000c6c     0x11c4 ..\obj\stm32f30x_tim.o
 .debug_frame   0x00001e30       0x84 c:/program files (x86)/gnu tools arm embedded/5.3 2016q1/bin/../lib/gcc/arm-none-eabi/5.3.1/../../../../arm-none-eabi/lib/armv7e-m\libg.a(lib_a-sprintf.o)
 .debug_frame   0x00001eb4       0x20 c:/program files (x86)/gnu tools arm embedded/5.3 2016q1/bin/../lib/gcc/arm-none-eabi/5.3.1/../../../../arm-none-eabi/lib/armv7e-m\libg.a(lib_a-strcpy.o)
 .debug_frame   0x00001ed4       0x44 c:/program files (x86)/gnu tools arm embedded/5.3 2016q1/bin/../lib/gcc/arm-none-eabi/5.3.1/../../../../arm-none-eabi/lib/armv7e-m\libg.a(lib_a-svfprintf.o)
 .debug_frame   0x00001f18       0x88 c:/program files (x86)/gnu tools arm embedded/5.3 2016q1/bin/../lib/gcc/arm-none-eabi/5.3.1/../../../../arm-none-eabi/lib/armv7e-m\libg.a(lib_a-dtoa.o)
 .debug_frame   0x00001fa0       0x9c c:/program files (x86)/gnu tools arm embedded/5.3 2016q1/bin/../lib/gcc/arm-none-eabi/5.3.1/../../../../arm-none-eabi/lib/armv7e-m\libg.a(lib_a-locale.o)
 .debug_frame   0x0000203c       0x58 c:/program files (x86)/gnu tools arm embedded/5.3 2016q1/bin/../lib/gcc/arm-none-eabi/5.3.1/../../../../arm-none-eabi/lib/armv7e-m\libg.a(lib_a-mallocr.o)
 .debug_frame   0x00002094       0x30 c:/program files (x86)/gnu tools arm embedded/5.3 2016q1/bin/../lib/gcc/arm-none-eabi/5.3.1/../../../../arm-none-eabi/lib/armv7e-m\libg.a(lib_a-mlock.o)
 .debug_frame   0x000020c4      0x264 c:/program files (x86)/gnu tools arm embedded/5.3 2016q1/bin/../lib/gcc/arm-none-eabi/5.3.1/../../../../arm-none-eabi/lib/armv7e-m\libg.a(lib_a-mprec.o)
 .debug_frame   0x00002328       0x2c c:/program files (x86)/gnu tools arm embedded/5.3 2016q1/bin/../lib/gcc/arm-none-eabi/5.3.1/../../../../arm-none-eabi/lib/armv7e-m\libg.a(lib_a-sbrkr.o)
 .debug_frame   0x00002354       0x78 c:/program files (x86)/gnu tools arm embedded/5.3 2016q1/bin/../lib/gcc/arm-none-eabi/5.3.1/../../../../arm-none-eabi/lib/armv7e-m\libg.a(lib_a-svfiprintf.o)
 .debug_frame   0x000023cc       0x28 c:/program files (x86)/gnu tools arm embedded/5.3 2016q1/bin/../lib/gcc/arm-none-eabi/5.3.1/../../../../arm-none-eabi/lib/armv7e-m\libg.a(lib_a-callocr.o)
 .debug_frame   0x000023f4       0x74 c:/program files (x86)/gnu tools arm embedded/5.3 2016q1/bin/../lib/gcc/arm-none-eabi/5.3.1/../../../../arm-none-eabi/lib/armv7e-m\libg.a(lib_a-freer.o)
 .debug_frame   0x00002468       0x30 c:/program files (x86)/gnu tools arm embedded/5.3 2016q1/bin/../lib/gcc/arm-none-eabi/5.3.1/../../../../arm-none-eabi/lib/armv7e-m\libg.a(lib_a-memmove.o)
 .debug_frame   0x00002498       0x34 c:/program files (x86)/gnu tools arm embedded/5.3 2016q1/bin/../lib/gcc/arm-none-eabi/5.3.1/../../../../arm-none-eabi/lib/armv7e-m\libg.a(lib_a-memset.o)
 .debug_frame   0x000024cc       0x60 c:/program files (x86)/gnu tools arm embedded/5.3 2016q1/bin/../lib/gcc/arm-none-eabi/5.3.1/../../../../arm-none-eabi/lib/armv7e-m\libg.a(lib_a-reallocr.o)
 .debug_frame   0x0000252c       0x58 c:/program files (x86)/gnu tools arm embedded/5.3 2016q1/bin/../lib/gcc/arm-none-eabi/5.3.1/../../../../arm-none-eabi/lib/armv7e-m\libg.a(lib_a-reent.o)
 .debug_frame   0x00002584       0x2c c:/program files (x86)/gnu tools arm embedded/5.3 2016q1/bin/../lib/gcc/arm-none-eabi/5.3.1/armv7e-m\libgcc.a(_aeabi_uldivmod.o)
 .debug_frame   0x000025b0       0x34 c:/program files (x86)/gnu tools arm embedded/5.3 2016q1/bin/../lib/gcc/arm-none-eabi/5.3.1/armv7e-m\libgcc.a(_udivmoddi4.o)
