Archive member included to satisfy reference by file (symbol)

C:\Program Files (x86)\GNU Tools ARM Embedded\5.3 2016q1\arm-none-eabi\lib\armv7e-m\libm.a(lib_a-s_ceil.o)
                              ..\obj\menu.o (ceil)
C:\Program Files (x86)\GNU Tools ARM Embedded\5.3 2016q1\arm-none-eabi\lib\armv7e-m\libm.a(lib_a-w_pow.o)
                              ..\obj\menu.o (pow)
C:\Program Files (x86)\GNU Tools ARM Embedded\5.3 2016q1\arm-none-eabi\lib\armv7e-m\libm.a(lib_a-e_pow.o)
                              C:\Program Files (x86)\GNU Tools ARM Embedded\5.3 2016q1\arm-none-eabi\lib\armv7e-m\libm.a(lib_a-w_pow.o) (__ieee754_pow)
C:\Program Files (x86)\GNU Tools ARM Embedded\5.3 2016q1\arm-none-eabi\lib\armv7e-m\libm.a(lib_a-e_sqrt.o)
                              C:\Program Files (x86)\GNU Tools ARM Embedded\5.3 2016q1\arm-none-eabi\lib\armv7e-m\libm.a(lib_a-e_pow.o) (__ieee754_sqrt)
C:\Program Files (x86)\GNU Tools ARM Embedded\5.3 2016q1\arm-none-eabi\lib\armv7e-m\libm.a(lib_a-s_fabs.o)
                              C:\Program Files (x86)\GNU Tools ARM Embedded\5.3 2016q1\arm-none-eabi\lib\armv7e-m\libm.a(lib_a-e_pow.o) (fabs)
C:\Program Files (x86)\GNU Tools ARM Embedded\5.3 2016q1\arm-none-eabi\lib\armv7e-m\libm.a(lib_a-s_finite.o)
                              C:\Program Files (x86)\GNU Tools ARM Embedded\5.3 2016q1\arm-none-eabi\lib\armv7e-m\libm.a(lib_a-w_pow.o) (finite)
C:\Program Files (x86)\GNU Tools ARM Embedded\5.3 2016q1\arm-none-eabi\lib\armv7e-m\libm.a(lib_a-s_lib_ver.o)
                              C:\Program Files (x86)\GNU Tools ARM Embedded\5.3 2016q1\arm-none-eabi\lib\armv7e-m\libm.a(lib_a-w_pow.o) (__fdlib_version)
C:\Program Files (x86)\GNU Tools ARM Embedded\5.3 2016q1\arm-none-eabi\lib\armv7e-m\libm.a(lib_a-s_matherr.o)
                              C:\Program Files (x86)\GNU Tools ARM Embedded\5.3 2016q1\arm-none-eabi\lib\armv7e-m\libm.a(lib_a-w_pow.o) (matherr)
C:\Program Files (x86)\GNU Tools ARM Embedded\5.3 2016q1\arm-none-eabi\lib\armv7e-m\libm.a(lib_a-s_nan.o)
                              C:\Program Files (x86)\GNU Tools ARM Embedded\5.3 2016q1\arm-none-eabi\lib\armv7e-m\libm.a(lib_a-e_pow.o) (nan)
C:\Program Files (x86)\GNU Tools ARM Embedded\5.3 2016q1\arm-none-eabi\lib\armv7e-m\libm.a(lib_a-s_rint.o)
                              C:\Program Files (x86)\GNU Tools ARM Embedded\5.3 2016q1\arm-none-eabi\lib\armv7e-m\libm.a(lib_a-w_pow.o) (rint)
C:\Program Files (x86)\GNU Tools ARM Embedded\5.3 2016q1\arm-none-eabi\lib\armv7e-m\libm.a(lib_a-s_scalbn.o)
                              C:\Program Files (x86)\GNU Tools ARM Embedded\5.3 2016q1\arm-none-eabi\lib\armv7e-m\libm.a(lib_a-e_pow.o) (scalbn)
C:\Program Files (x86)\GNU Tools ARM Embedded\5.3 2016q1\arm-none-eabi\lib\armv7e-m\libm.a(lib_a-s_copysign.o)
                              C:\Program Files (x86)\GNU Tools ARM Embedded\5.3 2016q1\arm-none-eabi\lib\armv7e-m\libm.a(lib_a-s_scalbn.o) (copysign)
c:/program files (x86)/gnu tools arm embedded/5.3 2016q1/bin/../lib/gcc/arm-none-eabi/5.3.1/armv7e-m\libgcc.a(_arm_addsubdf3.o)
                              ..\obj\twoPos.o (__aeabi_dsub)
c:/program files (x86)/gnu tools arm embedded/5.3 2016q1/bin/../lib/gcc/arm-none-eabi/5.3.1/armv7e-m\libgcc.a(_arm_muldivdf3.o)
                              ..\obj\menu.o (__aeabi_dmul)
c:/program files (x86)/gnu tools arm embedded/5.3 2016q1/bin/../lib/gcc/arm-none-eabi/5.3.1/armv7e-m\libgcc.a(_arm_cmpdf2.o)
                              ..\obj\pid.o (__aeabi_dcmpeq)
c:/program files (x86)/gnu tools arm embedded/5.3 2016q1/bin/../lib/gcc/arm-none-eabi/5.3.1/armv7e-m\libgcc.a(_arm_unorddf2.o)
                              C:\Program Files (x86)\GNU Tools ARM Embedded\5.3 2016q1\arm-none-eabi\lib\armv7e-m\libm.a(lib_a-w_pow.o) (__aeabi_dcmpun)
c:/program files (x86)/gnu tools arm embedded/5.3 2016q1/bin/../lib/gcc/arm-none-eabi/5.3.1/armv7e-m\libgcc.a(_arm_fixdfsi.o)
                              ..\obj\menu.o (__aeabi_d2iz)
C:\Program Files (x86)\GNU Tools ARM Embedded\5.3 2016q1\arm-none-eabi\lib\armv7e-m\libg.a(lib_a-errno.o)
                              C:\Program Files (x86)\GNU Tools ARM Embedded\5.3 2016q1\arm-none-eabi\lib\armv7e-m\libm.a(lib_a-w_pow.o) (__errno)
C:\Program Files (x86)\GNU Tools ARM Embedded\5.3 2016q1\arm-none-eabi\lib\armv7e-m\libg.a(lib_a-impure.o)
                              C:\Program Files (x86)\GNU Tools ARM Embedded\5.3 2016q1\arm-none-eabi\lib\armv7e-m\libg.a(lib_a-errno.o) (_impure_ptr)
C:\Program Files (x86)\GNU Tools ARM Embedded\5.3 2016q1\arm-none-eabi\lib\armv7e-m\libg.a(lib_a-sprintf.o)
                              ..\obj\menu.o (sprintf)
C:\Program Files (x86)\GNU Tools ARM Embedded\5.3 2016q1\arm-none-eabi\lib\armv7e-m\libg.a(lib_a-svfprintf.o)
                              C:\Program Files (x86)\GNU Tools ARM Embedded\5.3 2016q1\arm-none-eabi\lib\armv7e-m\libg.a(lib_a-sprintf.o) (_svfprintf_r)
C:\Program Files (x86)\GNU Tools ARM Embedded\5.3 2016q1\arm-none-eabi\lib\armv7e-m\libg.a(lib_a-dtoa.o)
[...]
Memory Configuration

Name             Origin             Length             Attributes
rom              0x08000000         0x00040000         xr
ram              0x20000000         0x0000a000         xrw
ram1             0x10000000         0x00002000         xrw
*default*        0x00000000         0xffffffff

Linker script and memory map

                0x2000a000                _eram = 0x2000a000

.text           0x08000000     0x8954
 *(.isr_vector)
 .isr_vector    0x08000000      0x188 ..\obj\startup_stm32f30x.o
                0x08000000                g_pfnVectors
 *(.text*)
 .text.RCC_AHBPeriphClockCmd
                0x08000188       0x3c ..\obj\stm32f30x_rcc.o
                0x08000188                RCC_AHBPeriphClockCmd
 .text.RCC_APB2PeriphClockCmd
                0x080001c4       0x3c ..\obj\stm32f30x_rcc.o
                0x080001c4                RCC_APB2PeriphClockCmd
 .text.RCC_APB1PeriphClockCmd
                0x08000200       0x3c ..\obj\stm32f30x_rcc.o
                0x08000200                RCC_APB1PeriphClockCmd
 .text.calculateTwoPosOut
                0x0800023c       0xa8 ..\obj\twoPos.o
                0x0800023c                calculateTwoPosOut
 .text.getLEDcode
                0x080002e4      0x1ac ..\obj\ledDigits.o
                0x080002e4                getLEDcode
 .text.getLEDcodeArray
                0x08000490       0x54 ..\obj\ledDigits.o
                0x08000490                getLEDcodeArray
 .text.GPIO_Init
                0x080004e4      0x12c ..\obj\stm32f30x_gpio.o
                0x080004e4                GPIO_Init
 .text.main     0x08000610       0x18 ..\obj\main.o
                0x08000610                main
 .text.TIM3_IRQHandler
                0x08000628       0xb0 ..\obj\main.o
                0x08000628                TIM3_IRQHandler
 .text.TIM4_IRQHandler
                0x080006d8      0x170 ..\obj\main.o
                0x080006d8                TIM4_IRQHandler
 .text.TIM7_IRQHandler
                0x08000848      0x11c ..\obj\main.o
                0x08000848                TIM7_IRQHandler
 .text.EXTI9_5_IRQHandler
                0x08000964      0x210 ..\obj\main.o
                0x08000964                EXTI9_5_IRQHandler
 .text.GPIOinit
                0x08000b74       0xec ..\obj\init.o
                0x08000b74                GPIOinit
 .text.EXTIinit
                0x08000c60       0x74 ..\obj\init.o
                0x08000c60                EXTIinit
 .text.NVICinit
                0x08000cd4       0x70 ..\obj\init.o
                0x08000cd4                NVICinit
 .text.TIMinit  0x08000d44       0xb8 ..\obj\init.o
                0x08000d44                TIMinit
 .text.EXTI_Init
                0x08000dfc      0x1f4 ..\obj\stm32f30x_exti.o
                0x08000dfc                EXTI_Init
 .text.EXTI_ClearFlag
                0x08000ff0       0x30 ..\obj\stm32f30x_exti.o
                0x08000ff0                EXTI_ClearFlag
 .text.getMenuParameter
                0x08001020      0x1e4 ..\obj\menu.o
                0x08001020                getMenuParameter
 .text.getTemplate
                0x08001204       0x80 ..\obj\menu.o
                0x08001204                getTemplate
 .text.setMenuDigitDbl
                0x08001284      0x110 ..\obj\menu.o
                0x08001284                setMenuDigitDbl
 .text.setMenuDigitInt
                0x08001394       0xf0 ..\obj\menu.o
                0x08001394                setMenuDigitInt
 .text.setMenuParameter
                0x08001484      0x554 ..\obj\menu.o
                0x08001484                setMenuParameter
 .text.changeSP
                0x080019d8       0xf4 ..\obj\menu.o
                0x080019d8                changeSP
 .text.changeOUT
                0x08001acc      0x128 ..\obj\menu.o
                0x08001acc                changeOUT
 .text.getMenuSize
                0x08001bf4       0x3c ..\obj\menu.o
                0x08001bf4                getMenuSize
 .text.getNaviLimit
                0x08001c30       0x94 ..\obj\menu.o
                0x08001c30                getNaviLimit
 .text.naviUp   0x08001cc4       0x78 ..\obj\menu.o
                0x08001cc4                naviUp
 .text.naviDown
                0x08001d3c       0x7c ..\obj\menu.o
                0x08001d3c                naviDown
 .text.naviRight
                0x08001db8       0x5c ..\obj\menu.o
                0x08001db8                naviRight
 .text.naviLeft
                0x08001e14       0x70 ..\obj\menu.o
                0x08001e14                naviLeft
 .text.getDisp1
                0x08001e84       0x98 ..\obj\menu.o
                0x08001e84                getDisp1
 .text.getDisp2
                0x08001f1c      0x11c ..\obj\menu.o
                0x08001f1c                getDisp2
 .text.exitMenu
                0x08002038       0x38 ..\obj\menu.o
                0x08002038                exitMenu
 .text.getCursor
                0x08002070       0x1c ..\obj\menu.o
                0x08002070                getCursor
 .text.SystemInit1
                0x0800208c       0x84 ..\obj\system_stm32f30x_temp.o
                0x0800208c                SystemInit
                0x0800208c                SystemInit1
 .text.SetSysClock1
                0x08002110       0xe0 ..\obj\system_stm32f30x_temp.o
                0x08002110                SetSysClock
 .text._sbrk    0x080021f0       0x3c ..\obj\syscalls.o
                0x080021f0                _sbrk
 .text.NVIC_Init
                0x0800222c       0xc4 ..\obj\stm32f30x_misc.o
                0x0800222c                NVIC_Init
 .text.TIM_TimeBaseInit
                0x080022f0       0xec ..\obj\stm32f30x_tim.o
                0x080022f0                TIM_TimeBaseInit
 .text.TIM_Cmd  0x080023dc       0x40 ..\obj\stm32f30x_tim.o
                0x080023dc                TIM_Cmd
 .text.TIM_ITConfig
                0x0800241c       0x40 ..\obj\stm32f30x_tim.o
                0x0800241c                TIM_ITConfig
 .text.TIM_ClearITPendingBit
                0x0800245c       0x24 ..\obj\stm32f30x_tim.o
                0x0800245c                TIM_ClearITPendingBit
 .text.Reset_Handler
                0x08002480       0x44 ..\obj\startup_stm32f30x.o
                0x08002480                Reset_Handler
 .text.Default_Handler
                0x080024c4        0x2 ..\obj\startup_stm32f30x.o
                0x080024c4                RTC_Alarm_IRQHandler
                0x080024c4                TIM8_TRG_COM_IRQHandler
                0x080024c4                TIM8_CC_IRQHandler
                0x080024c4                DebugMon_Handler
                0x080024c4                TIM1_CC_IRQHandler
                0x080024c4                HardFault_Handler
                0x080024c4                USB_HP_IRQHandler
                0x080024c4                SysTick_Handler
                0x080024c4                PVD_IRQHandler
                0x080024c4                PendSV_Handler
                0x080024c4                NMI_Handler
                0x080024c4                EXTI3_IRQHandler
                0x080024c4                EXTI0_IRQHandler
                0x080024c4                I2C2_EV_IRQHandler
                0x080024c4                FPU_IRQHandler
                0x080024c4                EXTI2_TS_IRQHandler
                0x080024c4                TIM1_UP_TIM16_IRQHandler
                0x080024c4                UsageFault_Handler
                0x080024c4                ADC1_2_IRQHandler
                0x080024c4                SPI1_IRQHandler
                0x080024c4                TIM6_DAC_IRQHandler
                0x080024c4                TIM8_UP_IRQHandler
                0x080024c4                DMA2_Channel2_IRQHandler
                0x080024c4                DMA1_Channel4_IRQHandler
                0x080024c4                USART3_IRQHandler
                0x080024c4                DMA1_Channel7_IRQHandler
                0x080024c4                CAN1_RX1_IRQHandler
                0x080024c4                UART5_IRQHandler
                0x080024c4                ADC3_IRQHandler
                0x080024c4                DMA2_Channel1_IRQHandler
                0x080024c4                I2C1_EV_IRQHandler
                0x080024c4                DMA1_Channel6_IRQHandler
                0x080024c4                UART4_IRQHandler
                0x080024c4                DMA2_Channel4_IRQHandler
                0x080024c4                RCC_IRQHandler
                0x080024c4                DMA1_Channel1_IRQHandler
                0x080024c4                Default_Handler
                0x080024c4                USBWakeUp_RMP_IRQHandler
                0x080024c4                EXTI15_10_IRQHandler
                0x080024c4                TAMPER_STAMP_IRQHandler
                0x080024c4                RTC_WKUP_IRQHandler
                0x080024c4                SPI2_IRQHandler
                0x080024c4                MemManage_Handler
                0x080024c4                SVC_Handler
                0x080024c4                DMA2_Channel5_IRQHandler
                0x080024c4                DMA1_Channel5_IRQHandler
                0x080024c4                USB_LP_IRQHandler
                0x080024c4                EXTI4_IRQHandler
                0x080024c4                USB_LP_CAN1_RX0_IRQHandler
                0x080024c4                TIM1_TRG_COM_TIM17_IRQHandler
                0x080024c4                USB_HP_CAN1_TX_IRQHandler
                0x080024c4                DMA1_Channel3_IRQHandler
                0x080024c4                ADC4_IRQHandler
                0x080024c4                WWDG_IRQHandler
                0x080024c4                TIM2_IRQHandler
                0x080024c4                COMP7_IRQHandler
                0x080024c4                COMP1_2_3_IRQHandler
                0x080024c4                EXTI1_IRQHandler
                0x080024c4                USART2_IRQHandler
                0x080024c4                COMP4_5_6_IRQHandler
                0x080024c4                I2C2_ER_IRQHandler
                0x080024c4                DMA1_Channel2_IRQHandler
                0x080024c4                TIM8_BRK_IRQHandler
                0x080024c4                CAN1_SCE_IRQHandler
                0x080024c4                FLASH_IRQHandler
                0x080024c4                BusFault_Handler
                0x080024c4                USART1_IRQHandler
                0x080024c4                SPI3_IRQHandler
                0x080024c4                I2C1_ER_IRQHandler
                0x080024c4                USBWakeUp_IRQHandler
                0x080024c4                DMA2_Channel3_IRQHandler
                0x080024c4                TIM1_BRK_TIM15_IRQHandler
 *fill*         0x080024c6        0x2 
 .text.SYSCFG_EXTILineConfig
                0x080024c8       0x84 ..\obj\stm32f30x_syscfg.o
                0x080024c8                SYSCFG_EXTILineConfig
 .text.timerUpdater
                0x0800254c       0x48 ..\obj\misc.o
                0x0800254c                timerUpdater
 .text.changeDO
                0x08002594       0x58 ..\obj\misc.o
                0x08002594                changeDO
 .text.resetThreePos
                0x080025ec       0x28 ..\obj\threePos.o
                0x080025ec                resetThreePos
 .text.setThreePosCurrentTime
                0x08002614       0x80 ..\obj\threePos.o
                0x08002614                setThreePosCurrentTime
 .text.calculateThreePosOut
                0x08002694      0x19c ..\obj\threePos.o
                0x08002694                calculateThreePosOut
 .text.resetPID
                0x08002830       0x48 ..\obj\pid.o
                0x08002830                resetPID
 .text.calculatePIDout
                0x08002878      0x18c ..\obj\pid.o
                0x08002878                calculatePIDout
 *fill*         0x08002a04        0x4 
 .text.ceil     0x08002a08      0x110 C:\Program Files (x86)\GNU Tools ARM Embedded\5.3 2016q1\arm-none-eabi\lib\armv7e-m\libm.a(lib_a-s_ceil.o)
                0x08002a08                ceil
 .text.pow      0x08002b18      0x2f0 C:\Program Files (x86)\GNU Tools ARM Embedded\5.3 2016q1\arm-none-eabi\lib\armv7e-m\libm.a(lib_a-w_pow.o)
                0x08002b18                pow
 .text.__ieee754_pow
                0x08002e08      0xab4 C:\Program Files (x86)\GNU Tools ARM Embedded\5.3 2016q1\arm-none-eabi\lib\armv7e-m\libm.a(lib_a-e_pow.o)
                0x08002e08                __ieee754_pow
 .text.__ieee754_sqrt
                0x080038bc      0x180 C:\Program Files (x86)\GNU Tools ARM Embedded\5.3 2016q1\arm-none-eabi\lib\armv7e-m\libm.a(lib_a-e_sqrt.o)
                0x080038bc                __ieee754_sqrt
 .text.fabs     0x08003a3c        0x8 C:\Program Files (x86)\GNU Tools ARM Embedded\5.3 2016q1\arm-none-eabi\lib\armv7e-m\libm.a(lib_a-s_fabs.o)
                0x08003a3c                fabs
 .text.finite   0x08003a44        0xc C:\Program Files (x86)\GNU Tools ARM Embedded\5.3 2016q1\arm-none-eabi\lib\armv7e-m\libm.a(lib_a-s_finite.o)
                0x08003a44                finite
 .text.matherr  0x08003a50        0x4 C:\Program Files (x86)\GNU Tools ARM Embedded\5.3 2016q1\arm-none-eabi\lib\armv7e-m\libm.a(lib_a-s_matherr.o)
                0x08003a50                matherr
 .text.nan      0x08003a54        0xc C:\Program Files (x86)\GNU Tools ARM Embedded\5.3 2016q1\arm-none-eabi\lib\armv7e-m\libm.a(lib_a-s_nan.o)
                0x08003a54                nan
 .text.rint     0x08003a60      0x118 C:\Program Files (x86)\GNU Tools ARM Embedded\5.3 2016q1\arm-none-eabi\lib\armv7e-m\libm.a(lib_a-s_rint.o)
                0x08003a60                rint
 .text.scalbn   0x08003b78       0xfc C:\Program Files (x86)\GNU Tools ARM Embedded\5.3 2016q1\arm-none-eabi\lib\armv7e-m\libm.a(lib_a-s_scalbn.o)
                0x08003b78                scalbn
 .text.copysign
                0x08003c74       0x10 C:\Program Files (x86)\GNU Tools ARM Embedded\5.3 2016q1\arm-none-eabi\lib\armv7e-m\libm.a(lib_a-s_copysign.o)
                0x08003c74                copysign
 .text          0x08003c84      0x370 c:/program files (x86)/gnu tools arm embedded/5.3 2016q1/bin/../lib/gcc/arm-none-eabi/5.3.1/armv7e-m\libgcc.a(_arm_addsubdf3.o)
                0x08003c84                __aeabi_drsub
                0x08003c8c                __aeabi_dsub
                0x08003c8c                __subdf3
                0x08003c90                __aeabi_dadd
                0x08003c90                __adddf3
                0x08003f08                __floatunsidf
                0x08003f08                __aeabi_ui2d
                0x08003f28                __floatsidf
                0x08003f28                __aeabi_i2d
                0x08003f4c                __aeabi_f2d
                0x08003f4c                __extendsfdf2
                0x08003f88                __floatundidf
                0x08003f88                __aeabi_ul2d
                0x08003f98                __floatdidf
                0x08003f98                __aeabi_l2d
 .text          0x08003ff4      0x424 c:/program files (x86)/gnu tools arm embedded/5.3 2016q1/bin/../lib/gcc/arm-none-eabi/5.3.1/armv7e-m\libgcc.a(_arm_muldivdf3.o)
                0x08003ff4                __aeabi_dmul
                0x08003ff4                __muldf3
                0x08004248                __divdf3
                0x08004248                __aeabi_ddiv
 .text          0x08004418      0x110 c:/program files (x86)/gnu tools arm embedded/5.3 2016q1/bin/../lib/gcc/arm-none-eabi/5.3.1/armv7e-m\libgcc.a(_arm_cmpdf2.o)
                0x08004418                __gtdf2
                0x08004418                __gedf2
                0x08004420                __ltdf2
                0x08004420                __ledf2
                0x08004428                __nedf2
                0x08004428                __eqdf2
                0x08004428                __cmpdf2
                0x080044a4                __aeabi_cdrcmple
                0x080044b4                __aeabi_cdcmpeq
                0x080044b4                __aeabi_cdcmple
                0x080044c4                __aeabi_dcmpeq
                0x080044d8                __aeabi_dcmplt
                0x080044ec                __aeabi_dcmple
                0x08004500                __aeabi_dcmpge
                0x08004514                __aeabi_dcmpgt
 .text          0x08004528       0x2c c:/program files (x86)/gnu tools arm embedded/5.3 2016q1/bin/../lib/gcc/arm-none-eabi/5.3.1/armv7e-m\libgcc.a(_arm_unorddf2.o)
                0x08004528                __unorddf2
                0x08004528                __aeabi_dcmpun
 .text          0x08004554       0x50 c:/program files (x86)/gnu tools arm embedded/5.3 2016q1/bin/../lib/gcc/arm-none-eabi/5.3.1/armv7e-m\libgcc.a(_arm_fixdfsi.o)
                0x08004554                __aeabi_d2iz
                0x08004554                __fixdfsi
 .text.__errno  0x080045a4        0xc C:\Program Files (x86)\GNU Tools ARM Embedded\5.3 2016q1\arm-none-eabi\lib\armv7e-m\libg.a(lib_a-errno.o)
                0x080045a4                __errno
 .text.sprintf  0x080045b0       0x4c C:\Program Files (x86)\GNU Tools ARM Embedded\5.3 2016q1\arm-none-eabi\lib\armv7e-m\libg.a(lib_a-sprintf.o)
                0x080045b0                sprintf
 .text._svfprintf_r
                0x080045fc     0x169c C:\Program Files (x86)\GNU Tools ARM Embedded\5.3 2016q1\arm-none-eabi\lib\armv7e-m\libg.a(lib_a-svfprintf.o)
                0x080045fc                _svfprintf_r
 .text.quorem   0x08005c98      0x128 C:\Program Files (x86)\GNU Tools ARM Embedded\5.3 2016q1\arm-none-eabi\lib\armv7e-m\libg.a(lib_a-dtoa.o)
 .text._dtoa_r  0x08005dc0      0xe58 C:\Program Files (x86)\GNU Tools ARM Embedded\5.3 2016q1\arm-none-eabi\lib\armv7e-m\libg.a(lib_a-dtoa.o)
                0x08005dc0                _dtoa_r
 .text._localeconv_r
                0x08006c18        0x8 C:\Program Files (x86)\GNU Tools ARM Embedded\5.3 2016q1\arm-none-eabi\lib\armv7e-m\libg.a(lib_a-locale.o)
                0x08006c18                _localeconv_r
 .text._malloc_r
                0x08006c20      0x570 C:\Program Files (x86)\GNU Tools ARM Embedded\5.3 2016q1\arm-none-eabi\lib\armv7e-m\libg.a(lib_a-mallocr.o)
                0x08006c20                _malloc_r
 .text          0x08007190       0xa0 C:\Program Files (x86)\GNU Tools ARM Embedded\5.3 2016q1\arm-none-eabi\lib\armv7e-m\libg.a(lib_a-memchr.o)
                0x08007190                memchr
 .text          0x08007230      0x134 C:\Program Files (x86)\GNU Tools ARM Embedded\5.3 2016q1\arm-none-eabi\lib\armv7e-m\libg.a(lib_a-memcpy.o)
                0x08007230                memcpy
 .text.__malloc_lock
                0x08007364        0x4 C:\Program Files (x86)\GNU Tools ARM Embedded\5.3 2016q1\arm-none-eabi\lib\armv7e-m\libg.a(lib_a-mlock.o)
                0x08007364                __malloc_lock
 .text.__malloc_unlock
                0x08007368        0x4 C:\Program Files (x86)\GNU Tools ARM Embedded\5.3 2016q1\arm-none-eabi\lib\armv7e-m\libg.a(lib_a-mlock.o)
                0x08007368                __malloc_unlock
 .text._Balloc  0x0800736c       0x4c C:\Program Files (x86)\GNU Tools ARM Embedded\5.3 2016q1\arm-none-eabi\lib\armv7e-m\libg.a(lib_a-mprec.o)
                0x0800736c                _Balloc
 .text._Bfree   0x080073b8       0x14 C:\Program Files (x86)\GNU Tools ARM Embedded\5.3 2016q1\arm-none-eabi\lib\armv7e-m\libg.a(lib_a-mprec.o)
                0x080073b8                _Bfree
 .text.__multadd
                0x080073cc       0x80 C:\Program Files (x86)\GNU Tools ARM Embedded\5.3 2016q1\arm-none-eabi\lib\armv7e-m\libg.a(lib_a-mprec.o)
                0x080073cc                __multadd
 .text.__hi0bits
                0x0800744c       0x40 C:\Program Files (x86)\GNU Tools ARM Embedded\5.3 2016q1\arm-none-eabi\lib\armv7e-m\libg.a(lib_a-mprec.o)
                0x0800744c                __hi0bits
 .text.__lo0bits
                0x0800748c       0x5c C:\Program Files (x86)\GNU Tools ARM Embedded\5.3 2016q1\arm-none-eabi\lib\armv7e-m\libg.a(lib_a-mprec.o)
                0x0800748c                __lo0bits
 .text.__i2b    0x080074e8       0x14 C:\Program Files (x86)\GNU Tools ARM Embedded\5.3 2016q1\arm-none-eabi\lib\armv7e-m\libg.a(lib_a-mprec.o)
                0x080074e8                __i2b
 .text.__multiply
                0x080074fc      0x130 C:\Program Files (x86)\GNU Tools ARM Embedded\5.3 2016q1\arm-none-eabi\lib\armv7e-m\libg.a(lib_a-mprec.o)
                0x080074fc                __multiply
 .text.__pow5mult
                0x0800762c       0xa0 C:\Program Files (x86)\GNU Tools ARM Embedded\5.3 2016q1\arm-none-eabi\lib\armv7e-m\libg.a(lib_a-mprec.o)
                0x0800762c                __pow5mult
 .text.__lshift
                0x080076cc       0xb0 C:\Program Files (x86)\GNU Tools ARM Embedded\5.3 2016q1\arm-none-eabi\lib\armv7e-m\libg.a(lib_a-mprec.o)
                0x080076cc                __lshift
 .text.__mcmp   0x0800777c       0x40 C:\Program Files (x86)\GNU Tools ARM Embedded\5.3 2016q1\arm-none-eabi\lib\armv7e-m\libg.a(lib_a-mprec.o)
                0x0800777c                __mcmp
 .text.__mdiff  0x080077bc      0x114 C:\Program Files (x86)\GNU Tools ARM Embedded\5.3 2016q1\arm-none-eabi\lib\armv7e-m\libg.a(lib_a-mprec.o)
                0x080077bc                __mdiff
 .text.__d2b    0x080078d0       0xb8 C:\Program Files (x86)\GNU Tools ARM Embedded\5.3 2016q1\arm-none-eabi\lib\armv7e-m\libg.a(lib_a-mprec.o)
                0x080078d0                __d2b
 .text._sbrk_r  0x08007988       0x24 C:\Program Files (x86)\GNU Tools ARM Embedded\5.3 2016q1\arm-none-eabi\lib\armv7e-m\libg.a(lib_a-sbrkr.o)
                0x08007988                _sbrk_r
 *fill*         0x080079ac       0x14 
 .text          0x080079c0       0xdc C:\Program Files (x86)\GNU Tools ARM Embedded\5.3 2016q1\arm-none-eabi\lib\armv7e-m\libg.a(lib_a-strlen.o)
                0x080079c0                strlen
 .text.__ssprint_r
                0x08007a9c      0x100 C:\Program Files (x86)\GNU Tools ARM Embedded\5.3 2016q1\arm-none-eabi\lib\armv7e-m\libg.a(lib_a-svfiprintf.o)
                0x08007a9c                __ssprint_r
 .text._calloc_r
                0x08007b9c       0x60 C:\Program Files (x86)\GNU Tools ARM Embedded\5.3 2016q1\arm-none-eabi\lib\armv7e-m\libg.a(lib_a-callocr.o)
                0x08007b9c                _calloc_r
 .text._malloc_trim_r
                0x08007bfc       0x9c C:\Program Files (x86)\GNU Tools ARM Embedded\5.3 2016q1\arm-none-eabi\lib\armv7e-m\libg.a(lib_a-freer.o)
                0x08007bfc                _malloc_trim_r
 .text._free_r  0x08007c98      0x1d0 C:\Program Files (x86)\GNU Tools ARM Embedded\5.3 2016q1\arm-none-eabi\lib\armv7e-m\libg.a(lib_a-freer.o)
                0x08007c98                _free_r
 .text.memmove  0x08007e68       0xc8 C:\Program Files (x86)\GNU Tools ARM Embedded\5.3 2016q1\arm-none-eabi\lib\armv7e-m\libg.a(lib_a-memmove.o)
                0x08007e68                memmove
 .text.memset   0x08007f30       0x9c C:\Program Files (x86)\GNU Tools ARM Embedded\5.3 2016q1\arm-none-eabi\lib\armv7e-m\libg.a(lib_a-memset.o)
                0x08007f30                memset
 .text._realloc_r
                0x08007fcc      0x3e0 C:\Program Files (x86)\GNU Tools ARM Embedded\5.3 2016q1\arm-none-eabi\lib\armv7e-m\libg.a(lib_a-reallocr.o)
                0x08007fcc                _realloc_r
 .text          0x080083ac       0x30 c:/program files (x86)/gnu tools arm embedded/5.3 2016q1/bin/../lib/gcc/arm-none-eabi/5.3.1/armv7e-m\libgcc.a(_aeabi_uldivmod.o)
                0x080083ac                __aeabi_uldivmod
 .text          0x080083dc      0x2e4 c:/program files (x86)/gnu tools arm embedded/5.3 2016q1/bin/../lib/gcc/arm-none-eabi/5.3.1/armv7e-m\libgcc.a(_udivmoddi4.o)
                0x080083dc                __udivmoddi4
 .text          0x080086c0        0x4 c:/program files (x86)/gnu tools arm embedded/5.3 2016q1/bin/../lib/gcc/arm-none-eabi/5.3.1/armv7e-m\libgcc.a(_dvmd_tls.o)
                0x080086c0                __aeabi_idiv0
                0x080086c0                __aeabi_ldiv0
 *(.init)
 *(.fini)
 *crtbegin.o(.ctors)
 *crtbegin?.o(.ctors)
 *(EXCLUDE_FILE(*crtend.o *crtend?.o) .ctors)
 *(SORT(.ctors.*))
 *(.ctors)
 *crtbegin.o(.dtors)
 *crtbegin?.o(.dtors)
 *(EXCLUDE_FILE(*crtend.o *crtend?.o) .dtors)
 *(SORT(.dtors.*))
 *(.dtors)
 *(.rodata*)
 .rodata        0x080086c4       0xf5 ..\obj\menu.o
 *fill*         0x080087b9        0x3 
 .rodata.str1.4
                0x080087bc        0x4 C:\Program Files (x86)\GNU Tools ARM Embedded\5.3 2016q1\arm-none-eabi\lib\armv7e-m\libm.a(lib_a-w_pow.o)
 .rodata.str1.4
                0x080087c0        0x4 C:\Program Files (x86)\GNU Tools ARM Embedded\5.3 2016q1\arm-none-eabi\lib\armv7e-m\libm.a(lib_a-e_pow.o)
                                  0x1 (size before relaxing)
 .rodata.TWO52  0x080087c0       0x10 C:\Program Files (x86)\GNU Tools ARM Embedded\5.3 2016q1\arm-none-eabi\lib\armv7e-m\libm.a(lib_a-s_rint.o)
 .rodata.str1.4
                0x080087d0        0x2 C:\Program Files (x86)\GNU Tools ARM Embedded\5.3 2016q1\arm-none-eabi\lib\armv7e-m\libg.a(lib_a-impure.o)
 *fill*         0x080087d2        0x2 
 .rodata.zeroes.7035
                0x080087d4       0x10 C:\Program Files (x86)\GNU Tools ARM Embedded\5.3 2016q1\arm-none-eabi\lib\armv7e-m\libg.a(lib_a-svfprintf.o)
 .rodata.str1.4
                0x080087e4       0x42 C:\Program Files (x86)\GNU Tools ARM Embedded\5.3 2016q1\arm-none-eabi\lib\armv7e-m\libg.a(lib_a-svfprintf.o)
 *fill*         0x08008826        0x2 
 .rodata.blanks.7034
                0x08008828       0x10 C:\Program Files (x86)\GNU Tools ARM Embedded\5.3 2016q1\arm-none-eabi\lib\armv7e-m\libg.a(lib_a-svfprintf.o)
 .rodata.str1.4
                0x08008838       0x10 C:\Program Files (x86)\GNU Tools ARM Embedded\5.3 2016q1\arm-none-eabi\lib\armv7e-m\libg.a(lib_a-dtoa.o)
                                 0x12 (size before relaxing)
 .rodata.str1.4
                0x08008848        0xc C:\Program Files (x86)\GNU Tools ARM Embedded\5.3 2016q1\arm-none-eabi\lib\armv7e-m\libg.a(lib_a-locale.o)
                                 0x12 (size before relaxing)
 *fill*         0x08008854        0x4 
 .rodata.__mprec_tens
                0x08008858       0xc8 C:\Program Files (x86)\GNU Tools ARM Embedded\5.3 2016q1\arm-none-eabi\lib\armv7e-m\libg.a(lib_a-mprec.o)
                0x08008858                __mprec_tens
 .rodata.__mprec_bigtens
                0x08008920       0x28 C:\Program Files (x86)\GNU Tools ARM Embedded\5.3 2016q1\arm-none-eabi\lib\armv7e-m\libg.a(lib_a-mprec.o)
                0x08008920                __mprec_bigtens
 .rodata.p05.5373
                0x08008948        0xc C:\Program Files (x86)\GNU Tools ARM Embedded\5.3 2016q1\arm-none-eabi\lib\armv7e-m\libg.a(lib_a-mprec.o)
 *(.eh_fram e*)

.glue_7         0x08008954        0x0
 .glue_7        0x08008954        0x0 linker stubs

.glue_7t        0x08008954        0x0
 .glue_7t       0x08008954        0x0 linker stubs

.vfp11_veneer   0x08008954        0x0
 .vfp11_veneer  0x08008954        0x0 linker stubs

.v4_bx          0x08008954        0x0
 .v4_bx         0x08008954        0x0 linker stubs

.iplt           0x08008954        0x0
 .iplt          0x08008954        0x0 ..\obj\stm32f30x_rcc.o

.ARM.extab
 *(.ARM.extab* .gnu.linkonce.armextab.*)
                0x08008954                __exidx_start = .

.ARM.exidx      0x08008954        0x8
 *(.ARM.exidx* .gnu.linkonce.armexidx.*)
 .ARM.exidx     0x08008954        0x8 c:/program files (x86)/gnu tools arm embedded/5.3 2016q1/bin/../lib/gcc/arm-none-eabi/5.3.1/armv7e-m\libgcc.a(_udivmoddi4.o)
                0x0800895c                __exidx_end = .
                0x0800895c                __etext = .
                0x0800895c                _sidata = __etext

.rel.dyn        0x0800895c        0x0
 .rel.iplt      0x0800895c        0x0 ..\obj\stm32f30x_rcc.o

.data           0x20000000      0xa3c load address 0x0800895c
                0x20000000                __data_start__ = .
                0x20000000                _sdata = __data_start__
 *(vtable)
 *(.data*)
 .data          0x20000000       0xf8 ..\obj\main.o
                0x20000000                prog
                0x20000008                scale
                0x20000018                limit
                0x20000038                threePosSet
                0x20000058                pidSet
 .data          0x200000f8       0xc8 ..\obj\menu.o
 .data.__fdlib_version
                0x200001c0        0x1 C:\Program Files (x86)\GNU Tools ARM Embedded\5.3 2016q1\arm-none-eabi\lib\armv7e-m\libm.a(lib_a-s_lib_ver.o)
                0x200001c0                __fdlib_version
 *fill*         0x200001c1        0x7 
 .data.impure_data
                0x200001c8      0x428 C:\Program Files (x86)\GNU Tools ARM Embedded\5.3 2016q1\arm-none-eabi\lib\armv7e-m\libg.a(lib_a-impure.o)
 .data._impure_ptr
                0x200005f0        0x4 C:\Program Files (x86)\GNU Tools ARM Embedded\5.3 2016q1\arm-none-eabi\lib\armv7e-m\libg.a(lib_a-impure.o)
                0x200005f0                _impure_ptr
 .data.lconv    0x200005f4       0x38 C:\Program Files (x86)\GNU Tools ARM Embedded\5.3 2016q1\arm-none-eabi\lib\armv7e-m\libg.a(lib_a-locale.o)
 .data.__malloc_av_
                0x2000062c      0x408 C:\Program Files (x86)\GNU Tools ARM Embedded\5.3 2016q1\arm-none-eabi\lib\armv7e-m\libg.a(lib_a-mallocr.o)
                0x2000062c                __malloc_av_
 .data.__malloc_trim_threshold
                0x20000a34        0x4 C:\Program Files (x86)\GNU Tools ARM Embedded\5.3 2016q1\arm-none-eabi\lib\armv7e-m\libg.a(lib_a-mallocr.o)
                0x20000a34                __malloc_trim_threshold
 .data.__malloc_sbrk_base
                0x20000a38        0x4 C:\Program Files (x86)\GNU Tools ARM Embedded\5.3 2016q1\arm-none-eabi\lib\armv7e-m\libg.a(lib_a-mallocr.o)
                0x20000a38                __malloc_sbrk_base
                0x20000a3c                . = ALIGN (0x4)
                [!provide]                PROVIDE (__preinit_array_start, .)
 *(.preinit_array)
                [!provide]                PROVIDE (__preinit_array_end, .)
                0x20000a3c                . = ALIGN (0x4)
                [!provide]                PROVIDE (__init_array_start, .)
 *(SORT(.init_array.*))
 *(.init_array)
                [!provide]                PROVIDE (__init_array_end, .)
                0x20000a3c                . = ALIGN (0x4)
                [!provide]                PROVIDE (__fini_array_start, .)
 *(SORT(.fini_array.*))
 *(.fini_array)
                [!provide]                PROVIDE (__fini_array_end, .)
 *(.jcr*)
                0x20000a3c                . = ALIGN (0x4)
                0x20000a3c                __data_end__ = .
                0x20000a3c                _edata = __data_end__

.igot.plt       0x20000a3c        0x0 load address 0x08009398
 .igot.plt      0x20000a3c        0x0 ..\obj\stm32f30x_rcc.o

.bss            0x20000a40       0xb0 load address 0x080093a0
                0x20000a40                . = ALIGN (0x4)
                0x20000a40                __bss_start__ = .
                0x20000a40                _sbss = __bss_start__
 *(.bss*)
 .bss           0x20000a40        0x8 ..\obj\twoPos.o
 .bss           0x20000a48       0x4c ..\obj\main.o
                0x20000a48                mode
                0x20000a4a                AUTO
                0x20000a50                pv
                0x20000a58                sp
                0x20000a60                out
                0x20000a68                twoPosSet
                0x20000a90                u
 .bss           0x20000a94        0xd ..\obj\menu.o
 *fill*         0x20000aa1        0x3 
 .bss           0x20000aa4        0x4 ..\obj\syscalls.o
 .bss           0x20000aa8        0x8 ..\obj\threePos.o
 .bss           0x20000ab0        0x8 ..\obj\pid.o
 .bss.__malloc_max_total_mem
                0x20000ab8        0x4 C:\Program Files (x86)\GNU Tools ARM Embedded\5.3 2016q1\arm-none-eabi\lib\armv7e-m\libg.a(lib_a-mallocr.o)
                0x20000ab8                __malloc_max_total_mem
 .bss.__malloc_max_sbrked_mem
                0x20000abc        0x4 C:\Program Files (x86)\GNU Tools ARM Embedded\5.3 2016q1\arm-none-eabi\lib\armv7e-m\libg.a(lib_a-mallocr.o)
                0x20000abc                __malloc_max_sbrked_mem
 .bss.__malloc_top_pad
                0x20000ac0        0x4 C:\Program Files (x86)\GNU Tools ARM Embedded\5.3 2016q1\arm-none-eabi\lib\armv7e-m\libg.a(lib_a-mallocr.o)
                0x20000ac0                __malloc_top_pad
 .bss.__malloc_current_mallinfo
                0x20000ac4       0x28 C:\Program Files (x86)\GNU Tools ARM Embedded\5.3 2016q1\arm-none-eabi\lib\armv7e-m\libg.a(lib_a-mallocr.o)
                0x20000ac4                __malloc_current_mallinfo
 *(COMMON)
 COMMON         0x20000aec        0x4 C:\Program Files (x86)\GNU Tools ARM Embedded\5.3 2016q1\arm-none-eabi\lib\armv7e-m\libg.a(lib_a-reent.o)
                0x20000aec                errno
                0x20000af0                . = ALIGN (0x4)
                0x20000af0                __bss_end__ = .
                0x20000af0                _ebss = __bss_end__

.heap           0x20000af0        0x0
                0x20000af0                __end__ = .
                0x20000af0                _end = __end__
                0x20000af0                end = __end__
 *(.heap*)
                0x20000af0                __HeapLimit = .

.co_stack       0x20000af0        0x0
                0x20000af0                . = ALIGN (0x8)
 *(.co_stack .co_stack.*)
                0x2000a000                __StackTop = (ORIGIN (ram) + LENGTH (ram))
                0x2000a000                __StackLimit = (__StackTop - SIZEOF (.co_stack))
                [!provide]                PROVIDE (__stack, __StackTop)
                0x00000001                ASSERT ((__StackLimit >= __HeapLimit), region ram  overflowed with stack)
LOAD ..\obj\stm32f30x_rcc.o
LOAD ..\obj\twoPos.o
LOAD ..\obj\stm32f30x_adc.o
LOAD ..\obj\globals.o
LOAD ..\obj\ledDigits.o
LOAD ..\obj\stm32f30x_gpio.o
LOAD ..\obj\main.o
LOAD ..\obj\stm32f30x_dma.o
LOAD ..\obj\init.o
LOAD ..\obj\stm32f30x_exti.o
LOAD ..\obj\menu.o
LOAD ..\obj\system_stm32f30x_temp.o
LOAD ..\obj\syscalls.o
LOAD ..\obj\stm32f30x_misc.o
LOAD ..\obj\stm32f30x_tim.o
LOAD ..\obj\startup_stm32f30x.o
LOAD ..\obj\stm32f30x_syscfg.o
LOAD ..\obj\misc.o
LOAD ..\obj\threePos.o
LOAD ..\obj\pid.o
LOAD C:\Program Files (x86)\GNU Tools ARM Embedded\5.3 2016q1\arm-none-eabi\lib\armv7e-m\libm.a
START GROUP
LOAD c:/program files (x86)/gnu tools arm embedded/5.3 2016q1/bin/../lib/gcc/arm-none-eabi/5.3.1/armv7e-m\libgcc.a
LOAD C:\Program Files (x86)\GNU Tools ARM Embedded\5.3 2016q1\arm-none-eabi\lib\armv7e-m\libg.a
LOAD C:\Program Files (x86)\GNU Tools ARM Embedded\5.3 2016q1\arm-none-eabi\lib\armv7e-m\libc.a
END GROUP
OUTPUT(UReg.elf elf32-littlearm)

.debug_info     0x00000000     0x6808
 .debug_info    0x00000000      0xacc ..\obj\stm32f30x_rcc.o
 .debug_info    0x00000acc      0x163 ..\obj\twoPos.o
 .debug_info    0x00000c2f       0xfb ..\obj\ledDigits.o
 .debug_info    0x00000d2a      0x612 ..\obj\stm32f30x_gpio.o
 .debug_info    0x0000133c      0x816 ..\obj\main.o
 .debug_info    0x00001b52      0x7f1 ..\obj\init.o
 .debug_info    0x00002343      0x3c4 ..\obj\stm32f30x_exti.o
 .debug_info    0x00002707      0x6b9 ..\obj\menu.o
 .debug_info    0x00002dc0      0x4bb ..\obj\system_stm32f30x_temp.o
 .debug_info    0x0000327b      0x3f5 ..\obj\syscalls.o
 .debug_info    0x00003670      0x556 ..\obj\stm32f30x_misc.o
 .debug_info    0x00003bc6     0x218c ..\obj\stm32f30x_tim.o
 .debug_info    0x00005d52       0x82 ..\obj\startup_stm32f30x.o
 .debug_info    0x00005dd4      0x3ce ..\obj\stm32f30x_syscfg.o
 .debug_info    0x000061a2      0x290 ..\obj\misc.o
 .debug_info    0x00006432      0x1e8 ..\obj\threePos.o
 .debug_info    0x0000661a      0x1ee ..\obj\pid.o

.debug_abbrev   0x00000000     0x13fe
 .debug_abbrev  0x00000000      0x1e5 ..\obj\stm32f30x_rcc.o
 .debug_abbrev  0x000001e5       0xdb ..\obj\twoPos.o
 .debug_abbrev  0x000002c0       0x94 ..\obj\ledDigits.o
 .debug_abbrev  0x00000354      0x198 ..\obj\stm32f30x_gpio.o
 .debug_abbrev  0x000004ec      0x13d ..\obj\main.o
 .debug_abbrev  0x00000629      0x11b ..\obj\init.o
 .debug_abbrev  0x00000744      0x17e ..\obj\stm32f30x_exti.o
 .debug_abbrev  0x000008c2      0x1e2 ..\obj\menu.o
 .debug_abbrev  0x00000aa4      0x147 ..\obj\system_stm32f30x_temp.o
 .debug_abbrev  0x00000beb       0xe5 ..\obj\syscalls.o
 .debug_abbrev  0x00000cd0      0x147 ..\obj\stm32f30x_misc.o
 .debug_abbrev  0x00000e17      0x189 ..\obj\stm32f30x_tim.o
 .debug_abbrev  0x00000fa0       0x12 ..\obj\startup_stm32f30x.o
 .debug_abbrev  0x00000fb2      0x183 ..\obj\stm32f30x_syscfg.o
 .debug_abbrev  0x00001135       0xe7 ..\obj\misc.o
 .debug_abbrev  0x0000121c       0xf1 ..\obj\threePos.o
 .debug_abbrev  0x0000130d       0xf1 ..\obj\pid.o

.debug_aranges  0x00000000      0x950
 .debug_aranges
                0x00000000      0x150 ..\obj\stm32f30x_rcc.o
 .debug_aranges
                0x00000150       0x28 ..\obj\twoPos.o
 .debug_aranges
                0x00000178       0x28 ..\obj\ledDigits.o
 .debug_aranges
                0x000001a0       0x80 ..\obj\stm32f30x_gpio.o
 .debug_aranges
                0x00000220       0x40 ..\obj\main.o
 .debug_aranges
                0x00000260       0x38 ..\obj\init.o
 .debug_aranges
                0x00000298       0x58 ..\obj\stm32f30x_exti.o
 .debug_aranges
                0x000002f0       0xa0 ..\obj\menu.o
 .debug_aranges
                0x00000390       0x30 ..\obj\system_stm32f30x_temp.o
 .debug_aranges
                0x000003c0       0x60 ..\obj\syscalls.o
 .debug_aranges
                0x00000420       0x40 ..\obj\stm32f30x_misc.o
 .debug_aranges
                0x00000460      0x3a8 ..\obj\stm32f30x_tim.o
 .debug_aranges
                0x00000808       0x28 ..\obj\startup_stm32f30x.o
 .debug_aranges
                0x00000830       0x88 ..\obj\stm32f30x_syscfg.o
 .debug_aranges
                0x000008b8       0x28 ..\obj\misc.o
 .debug_aranges
                0x000008e0       0x38 ..\obj\threePos.o
 .debug_aranges
                0x00000918       0x38 ..\obj\pid.o

.debug_ranges   0x00000000      0x848
 .debug_ranges  0x00000000      0x140 ..\obj\stm32f30x_rcc.o
 .debug_ranges  0x00000140       0x18 ..\obj\twoPos.o
 .debug_ranges  0x00000158       0x18 ..\obj\ledDigits.o
 .debug_ranges  0x00000170       0x70 ..\obj\stm32f30x_gpio.o
 .debug_ranges  0x000001e0       0x30 ..\obj\main.o
 .debug_ranges  0x00000210       0x28 ..\obj\init.o
 .debug_ranges  0x00000238       0x48 ..\obj\stm32f30x_exti.o
 .debug_ranges  0x00000280       0x90 ..\obj\menu.o
 .debug_ranges  0x00000310       0x20 ..\obj\system_stm32f30x_temp.o
 .debug_ranges  0x00000330       0x50 ..\obj\syscalls.o
 .debug_ranges  0x00000380       0x30 ..\obj\stm32f30x_misc.o
 .debug_ranges  0x000003b0      0x398 ..\obj\stm32f30x_tim.o
 .debug_ranges  0x00000748       0x20 ..\obj\startup_stm32f30x.o
 .debug_ranges  0x00000768       0x78 ..\obj\stm32f30x_syscfg.o
 .debug_ranges  0x000007e0       0x18 ..\obj\misc.o
 .debug_ranges  0x000007f8       0x28 ..\obj\threePos.o
 .debug_ranges  0x00000820       0x28 ..\obj\pid.o

.debug_line     0x00000000     0x30bc
 .debug_line    0x00000000      0x56c ..\obj\stm32f30x_rcc.o
 .debug_line    0x0000056c      0x158 ..\obj\twoPos.o
 .debug_line    0x000006c4      0x157 ..\obj\ledDigits.o
 .debug_line    0x0000081b      0x307 ..\obj\stm32f30x_gpio.o
 .debug_line    0x00000b22      0x314 ..\obj\main.o
 .debug_line    0x00000e36      0x273 ..\obj\init.o
 .debug_line    0x000010a9      0x281 ..\obj\stm32f30x_exti.o
 .debug_line    0x0000132a      0x3a0 ..\obj\menu.o
 .debug_line    0x000016ca      0x1df ..\obj\system_stm32f30x_temp.o
 .debug_line    0x000018a9      0x172 ..\obj\syscalls.o
 .debug_line    0x00001a1b      0x222 ..\obj\stm32f30x_misc.o
 .debug_line    0x00001c3d      0xc76 ..\obj\stm32f30x_tim.o
 .debug_line    0x000028b3       0x96 ..\obj\startup_stm32f30x.o
 .debug_line    0x00002949      0x296 ..\obj\stm32f30x_syscfg.o
 .debug_line    0x00002bdf      0x199 ..\obj\misc.o
 .debug_line    0x00002d78      0x1a0 ..\obj\threePos.o
 .debug_line    0x00002f18      0x1a4 ..\obj\pid.o

.debug_str      0x00000000     0x29cb
 .debug_str     0x00000000      0x759 ..\obj\stm32f30x_rcc.o
                                0x7ea (size before relaxing)
 .debug_str     0x00000759       0xb1 ..\obj\twoPos.o
                                0x1f6 (size before relaxing)
 .debug_str     0x0000080a       0x47 ..\obj\ledDigits.o
                                0x196 (size before relaxing)
 .debug_str     0x00000851      0x314 ..\obj\stm32f30x_gpio.o
                                0x495 (size before relaxing)
 .debug_str     0x00000b65      0x220 ..\obj\main.o
                                0x480 (size before relaxing)
 .debug_str     0x00000d85      0x63d ..\obj\init.o
                                0x9de (size before relaxing)
 .debug_str     0x000013c2      0x116 ..\obj\stm32f30x_exti.o
                                0x376 (size before relaxing)
 .debug_str     0x000014d8      0x16a ..\obj\menu.o
                                0x3db (size before relaxing)
 .debug_str     0x00001642       0xef ..\obj\system_stm32f30x_temp.o
                                0x300 (size before relaxing)
 .debug_str     0x00001731      0x14f ..\obj\syscalls.o
                                0x2b3 (size before relaxing)
 .debug_str     0x00001880      0x16b ..\obj\stm32f30x_misc.o
                                0x3c4 (size before relaxing)
 .debug_str     0x000019eb      0xc67 ..\obj\stm32f30x_tim.o
                                0xf6d (size before relaxing)
 .debug_str     0x00002652      0x25f ..\obj\stm32f30x_syscfg.o
                                0x3f6 (size before relaxing)
 .debug_str     0x000028b1       0x46 ..\obj\misc.o
                                0x26a (size before relaxing)
 .debug_str     0x000028f7       0x7d ..\obj\threePos.o
                                0x268 (size before relaxing)
 .debug_str     0x00002974       0x57 ..\obj\pid.o
                                0x1e9 (size before relaxing)

.comment        0x00000000       0x6e
 .comment       0x00000000       0x6e ..\obj\stm32f30x_rcc.o
                                 0x6f (size before relaxing)
 .comment       0x0000006e       0x6f ..\obj\twoPos.o
 .comment       0x0000006e       0x6f ..\obj\ledDigits.o
 .comment       0x0000006e       0x6f ..\obj\stm32f30x_gpio.o
 .comment       0x0000006e       0x6f ..\obj\main.o
 .comment       0x0000006e       0x6f ..\obj\init.o
 .comment       0x0000006e       0x6f ..\obj\stm32f30x_exti.o
 .comment       0x0000006e       0x6f ..\obj\menu.o
 .comment       0x0000006e       0x6f ..\obj\system_stm32f30x_temp.o
 .comment       0x0000006e       0x6f ..\obj\syscalls.o
 .comment       0x0000006e       0x6f ..\obj\stm32f30x_misc.o
 .comment       0x0000006e       0x6f ..\obj\stm32f30x_tim.o
 .comment       0x0000006e       0x6f ..\obj\stm32f30x_syscfg.o
 .comment       0x0000006e       0x6f ..\obj\misc.o
 .comment       0x0000006e       0x6f ..\obj\threePos.o
 .comment       0x0000006e       0x6f ..\obj\pid.o

.ARM.attributes
                0x00000000       0x31
 .ARM.attributes
                0x00000000       0x33 ..\obj\stm32f30x_rcc.o
 .ARM.attributes
                0x00000033       0x33 ..\obj\twoPos.o
 .ARM.attributes
                0x00000066       0x33 ..\obj\ledDigits.o
 .ARM.attributes
                0x00000099       0x33 ..\obj\stm32f30x_gpio.o
 .ARM.attributes
                0x000000cc       0x33 ..\obj\main.o
 .ARM.attributes
                0x000000ff       0x33 ..\obj\init.o
 .ARM.attributes
                0x00000132       0x33 ..\obj\stm32f30x_exti.o
 .ARM.attributes
                0x00000165       0x33 ..\obj\menu.o
 .ARM.attributes
                0x00000198       0x33 ..\obj\system_stm32f30x_temp.o
 .ARM.attributes
                0x000001cb       0x33 ..\obj\syscalls.o
 .ARM.attributes
                0x000001fe       0x33 ..\obj\stm32f30x_misc.o
 .ARM.attributes
                0x00000231       0x33 ..\obj\stm32f30x_tim.o
 .ARM.attributes
                0x00000264       0x21 ..\obj\startup_stm32f30x.o
 .ARM.attributes
                0x00000285       0x33 ..\obj\stm32f30x_syscfg.o
 .ARM.attributes
                0x000002b8       0x33 ..\obj\misc.o
 .ARM.attributes
                0x000002eb       0x33 ..\obj\threePos.o
 .ARM.attributes
                0x0000031e       0x33 ..\obj\pid.o
 .ARM.attributes
                0x00000351       0x2e C:\Program Files (x86)\GNU Tools ARM Embedded\5.3 2016q1\arm-none-eabi\lib\armv7e-m\libm.a(lib_a-s_ceil.o)
 .ARM.attributes
                0x0000037f       0x2e C:\Program Files (x86)\GNU Tools ARM Embedded\5.3 2016q1\arm-none-eabi\lib\armv7e-m\libm.a(lib_a-w_pow.o)
 .ARM.attributes
                0x000003ad       0x2e C:\Program Files (x86)\GNU Tools ARM Embedded\5.3 2016q1\arm-none-eabi\lib\armv7e-m\libm.a(lib_a-e_pow.o)
 .ARM.attributes
                0x000003db       0x2e C:\Program Files (x86)\GNU Tools ARM Embedded\5.3 2016q1\arm-none-eabi\lib\armv7e-m\libm.a(lib_a-e_sqrt.o)
 .ARM.attributes
                0x00000409       0x2e C:\Program Files (x86)\GNU Tools ARM Embedded\5.3 2016q1\arm-none-eabi\lib\armv7e-m\libm.a(lib_a-s_fabs.o)
 .ARM.attributes
                0x00000437       0x2e C:\Program Files (x86)\GNU Tools ARM Embedded\5.3 2016q1\arm-none-eabi\lib\armv7e-m\libm.a(lib_a-s_finite.o)
 .ARM.attributes
                0x00000465       0x2e C:\Program Files (x86)\GNU Tools ARM Embedded\5.3 2016q1\arm-none-eabi\lib\armv7e-m\libm.a(lib_a-s_lib_ver.o)
 .ARM.attributes
                0x00000493       0x2e C:\Program Files (x86)\GNU Tools ARM Embedded\5.3 2016q1\arm-none-eabi\lib\armv7e-m\libm.a(lib_a-s_matherr.o)
 .ARM.attributes
                0x000004c1       0x2e C:\Program Files (x86)\GNU Tools ARM Embedded\5.3 2016q1\arm-none-eabi\lib\armv7e-m\libm.a(lib_a-s_nan.o)
 .ARM.attributes
                0x000004ef       0x2e C:\Program Files (x86)\GNU Tools ARM Embedded\5.3 2016q1\arm-none-eabi\lib\armv7e-m\libm.a(lib_a-s_rint.o)
 .ARM.attributes
                0x0000051d       0x2e C:\Program Files (x86)\GNU Tools ARM Embedded\5.3 2016q1\arm-none-eabi\lib\armv7e-m\libm.a(lib_a-s_scalbn.o)
 .ARM.attributes
                0x0000054b       0x2e C:\Program Files (x86)\GNU Tools ARM Embedded\5.3 2016q1\arm-none-eabi\lib\armv7e-m\libm.a(lib_a-s_copysign.o)
 .ARM.attributes
                0x00000579       0x1e c:/program files (x86)/gnu tools arm embedded/5.3 2016q1/bin/../lib/gcc/arm-none-eabi/5.3.1/armv7e-m\libgcc.a(_arm_addsubdf3.o)
 .ARM.attributes
                0x00000597       0x1e c:/program files (x86)/gnu tools arm embedded/5.3 2016q1/bin/../lib/gcc/arm-none-eabi/5.3.1/armv7e-m\libgcc.a(_arm_muldivdf3.o)
 .ARM.attributes
                0x000005b5       0x1e c:/program files (x86)/gnu tools arm embedded/5.3 2016q1/bin/../lib/gcc/arm-none-eabi/5.3.1/armv7e-m\libgcc.a(_arm_cmpdf2.o)
 .ARM.attributes
                0x000005d3       0x1e c:/program files (x86)/gnu tools arm embedded/5.3 2016q1/bin/../lib/gcc/arm-none-eabi/5.3.1/armv7e-m\libgcc.a(_arm_unorddf2.o)
 .ARM.attributes
                0x000005f1       0x1e c:/program files (x86)/gnu tools arm embedded/5.3 2016q1/bin/../lib/gcc/arm-none-eabi/5.3.1/armv7e-m\libgcc.a(_arm_fixdfsi.o)
 .ARM.attributes
                0x0000060f       0x2e C:\Program Files (x86)\GNU Tools ARM Embedded\5.3 2016q1\arm-none-eabi\lib\armv7e-m\libg.a(lib_a-errno.o)
 .ARM.attributes
                0x0000063d       0x2e C:\Program Files (x86)\GNU Tools ARM Embedded\5.3 2016q1\arm-none-eabi\lib\armv7e-m\libg.a(lib_a-impure.o)
 .ARM.attributes
                0x0000066b       0x2e C:\Program Files (x86)\GNU Tools ARM Embedded\5.3 2016q1\arm-none-eabi\lib\armv7e-m\libg.a(lib_a-sprintf.o)
 .ARM.attributes
                0x00000699       0x2e C:\Program Files (x86)\GNU Tools ARM Embedded\5.3 2016q1\arm-none-eabi\lib\armv7e-m\libg.a(lib_a-svfprintf.o)
 .ARM.attributes
                0x000006c7       0x2e C:\Program Files (x86)\GNU Tools ARM Embedded\5.3 2016q1\arm-none-eabi\lib\armv7e-m\libg.a(lib_a-dtoa.o)
 .ARM.attributes
                0x000006f5       0x2e C:\Program Files (x86)\GNU Tools ARM Embedded\5.3 2016q1\arm-none-eabi\lib\armv7e-m\libg.a(lib_a-locale.o)
 .ARM.attributes
                0x00000723       0x2e C:\Program Files (x86)\GNU Tools ARM Embedded\5.3 2016q1\arm-none-eabi\lib\armv7e-m\libg.a(lib_a-mallocr.o)
 .ARM.attributes
                0x00000751       0x1c C:\Program Files (x86)\GNU Tools ARM Embedded\5.3 2016q1\arm-none-eabi\lib\armv7e-m\libg.a(lib_a-memchr.o)
 .ARM.attributes
                0x0000076d       0x1c C:\Program Files (x86)\GNU Tools ARM Embedded\5.3 2016q1\arm-none-eabi\lib\armv7e-m\libg.a(lib_a-memcpy.o)
 .ARM.attributes
                0x00000789       0x2e C:\Program Files (x86)\GNU Tools ARM Embedded\5.3 2016q1\arm-none-eabi\lib\armv7e-m\libg.a(lib_a-mlock.o)
 .ARM.attributes
                0x000007b7       0x2e C:\Program Files (x86)\GNU Tools ARM Embedded\5.3 2016q1\arm-none-eabi\lib\armv7e-m\libg.a(lib_a-mprec.o)
 .ARM.attributes
                0x000007e5       0x2e C:\Program Files (x86)\GNU Tools ARM Embedded\5.3 2016q1\arm-none-eabi\lib\armv7e-m\libg.a(lib_a-sbrkr.o)
 .ARM.attributes
                0x00000813       0x1c C:\Program Files (x86)\GNU Tools ARM Embedded\5.3 2016q1\arm-none-eabi\lib\armv7e-m\libg.a(lib_a-strlen.o)
 .ARM.attributes
                0x0000082f       0x2e C:\Program Files (x86)\GNU Tools ARM Embedded\5.3 2016q1\arm-none-eabi\lib\armv7e-m\libg.a(lib_a-svfiprintf.o)
 .ARM.attributes
                0x0000085d       0x2e C:\Program Files (x86)\GNU Tools ARM Embedded\5.3 2016q1\arm-none-eabi\lib\armv7e-m\libg.a(lib_a-callocr.o)
 .ARM.attributes
                0x0000088b       0x2e C:\Program Files (x86)\GNU Tools ARM Embedded\5.3 2016q1\arm-none-eabi\lib\armv7e-m\libg.a(lib_a-freer.o)
 .ARM.attributes
                0x000008b9       0x2e C:\Program Files (x86)\GNU Tools ARM Embedded\5.3 2016q1\arm-none-eabi\lib\armv7e-m\libg.a(lib_a-memmove.o)
 .ARM.attributes
                0x000008e7       0x2e C:\Program Files (x86)\GNU Tools ARM Embedded\5.3 2016q1\arm-none-eabi\lib\armv7e-m\libg.a(lib_a-memset.o)
 .ARM.attributes
                0x00000915       0x2e C:\Program Files (x86)\GNU Tools ARM Embedded\5.3 2016q1\arm-none-eabi\lib\armv7e-m\libg.a(lib_a-reallocr.o)
 .ARM.attributes
                0x00000943       0x2e C:\Program Files (x86)\GNU Tools ARM Embedded\5.3 2016q1\arm-none-eabi\lib\armv7e-m\libg.a(lib_a-reent.o)
 .ARM.attributes
                0x00000971       0x1e c:/program files (x86)/gnu tools arm embedded/5.3 2016q1/bin/../lib/gcc/arm-none-eabi/5.3.1/armv7e-m\libgcc.a(_aeabi_uldivmod.o)
 .ARM.attributes
                0x0000098f       0x2e c:/program files (x86)/gnu tools arm embedded/5.3 2016q1/bin/../lib/gcc/arm-none-eabi/5.3.1/armv7e-m\libgcc.a(_udivmoddi4.o)
 .ARM.attributes
                0x000009bd       0x1e c:/program files (x86)/gnu tools arm embedded/5.3 2016q1/bin/../lib/gcc/arm-none-eabi/5.3.1/armv7e-m\libgcc.a(_dvmd_tls.o)

.debug_frame    0x00000000     0x3008
 .debug_frame   0x00000000      0x60c ..\obj\stm32f30x_rcc.o
 .debug_frame   0x0000060c       0x5c ..\obj\twoPos.o
 .debug_frame   0x00000668       0x5c ..\obj\ledDigits.o
 .debug_frame   0x000006c4      0x214 ..\obj\stm32f30x_gpio.o
 .debug_frame   0x000008d8       0xa4 ..\obj\main.o
 .debug_frame   0x0000097c       0xa0 ..\obj\init.o
 .debug_frame   0x00000a1c      0x148 ..\obj\stm32f30x_exti.o
 .debug_frame   0x00000b64      0x268 ..\obj\menu.o
 .debug_frame   0x00000dcc       0x7c ..\obj\system_stm32f30x_temp.o
 .debug_frame   0x00000e48      0x168 ..\obj\syscalls.o
 .debug_frame   0x00000fb0       0xd8 ..\obj\stm32f30x_misc.o
 .debug_frame   0x00001088     0x11c4 ..\obj\stm32f30x_tim.o
 .debug_frame   0x0000224c      0x230 ..\obj\stm32f30x_syscfg.o
 .debug_frame   0x0000247c       0x60 ..\obj\misc.o
 .debug_frame   0x000024dc       0xa0 ..\obj\threePos.o
 .debug_frame   0x0000257c       0xb0 ..\obj\pid.o
 .debug_frame   0x0000262c       0x34 C:\Program Files (x86)\GNU Tools ARM Embedded\5.3 2016q1\arm-none-eabi\lib\armv7e-m\libm.a(lib_a-s_ceil.o)
 .debug_frame   0x00002660       0x4c C:\Program Files (x86)\GNU Tools ARM Embedded\5.3 2016q1\arm-none-eabi\lib\armv7e-m\libm.a(lib_a-w_pow.o)
 .debug_frame   0x000026ac       0x68 C:\Program Files (x86)\GNU Tools ARM Embedded\5.3 2016q1\arm-none-eabi\lib\armv7e-m\libm.a(lib_a-e_pow.o)
 .debug_frame   0x00002714       0x34 C:\Program Files (x86)\GNU Tools ARM Embedded\5.3 2016q1\arm-none-eabi\lib\armv7e-m\libm.a(lib_a-e_sqrt.o)
 .debug_frame   0x00002748       0x20 C:\Program Files (x86)\GNU Tools ARM Embedded\5.3 2016q1\arm-none-eabi\lib\armv7e-m\libm.a(lib_a-s_fabs.o)
 .debug_frame   0x00002768       0x20 C:\Program Files (x86)\GNU Tools ARM Embedded\5.3 2016q1\arm-none-eabi\lib\armv7e-m\libm.a(lib_a-s_finite.o)
 .debug_frame   0x00002788       0x20 C:\Program Files (x86)\GNU Tools ARM Embedded\5.3 2016q1\arm-none-eabi\lib\armv7e-m\libm.a(lib_a-s_matherr.o)
 .debug_frame   0x000027a8       0x20 C:\Program Files (x86)\GNU Tools ARM Embedded\5.3 2016q1\arm-none-eabi\lib\armv7e-m\libm.a(lib_a-s_nan.o)
 .debug_frame   0x000027c8       0x3c C:\Program Files (x86)\GNU Tools ARM Embedded\5.3 2016q1\arm-none-eabi\lib\armv7e-m\libm.a(lib_a-s_rint.o)
 .debug_frame   0x00002804       0x30 C:\Program Files (x86)\GNU Tools ARM Embedded\5.3 2016q1\arm-none-eabi\lib\armv7e-m\libm.a(lib_a-s_scalbn.o)
 .debug_frame   0x00002834       0x20 C:\Program Files (x86)\GNU Tools ARM Embedded\5.3 2016q1\arm-none-eabi\lib\armv7e-m\libm.a(lib_a-s_copysign.o)
 .debug_frame   0x00002854       0x20 C:\Program Files (x86)\GNU Tools ARM Embedded\5.3 2016q1\arm-none-eabi\lib\armv7e-m\libg.a(lib_a-errno.o)
 .debug_frame   0x00002874       0x84 C:\Program Files (x86)\GNU Tools ARM Embedded\5.3 2016q1\arm-none-eabi\lib\armv7e-m\libg.a(lib_a-sprintf.o)
 .debug_frame   0x000028f8       0x44 C:\Program Files (x86)\GNU Tools ARM Embedded\5.3 2016q1\arm-none-eabi\lib\armv7e-m\libg.a(lib_a-svfprintf.o)
 .debug_frame   0x0000293c       0x88 C:\Program Files (x86)\GNU Tools ARM Embedded\5.3 2016q1\arm-none-eabi\lib\armv7e-m\libg.a(lib_a-dtoa.o)
 .debug_frame   0x000029c4       0x9c C:\Program Files (x86)\GNU Tools ARM Embedded\5.3 2016q1\arm-none-eabi\lib\armv7e-m\libg.a(lib_a-locale.o)
 .debug_frame   0x00002a60       0x58 C:\Program Files (x86)\GNU Tools ARM Embedded\5.3 2016q1\arm-none-eabi\lib\armv7e-m\libg.a(lib_a-mallocr.o)
 .debug_frame   0x00002ab8       0x30 C:\Program Files (x86)\GNU Tools ARM Embedded\5.3 2016q1\arm-none-eabi\lib\armv7e-m\libg.a(lib_a-mlock.o)
 .debug_frame   0x00002ae8      0x264 C:\Program Files (x86)\GNU Tools ARM Embedded\5.3 2016q1\arm-none-eabi\lib\armv7e-m\libg.a(lib_a-mprec.o)
 .debug_frame   0x00002d4c       0x2c C:\Program Files (x86)\GNU Tools ARM Embedded\5.3 2016q1\arm-none-eabi\lib\armv7e-m\libg.a(lib_a-sbrkr.o)
 .debug_frame   0x00002d78       0x78 C:\Program Files (x86)\GNU Tools ARM Embedded\5.3 2016q1\arm-none-eabi\lib\armv7e-m\libg.a(lib_a-svfiprintf.o)
 .debug_frame   0x00002df0       0x28 C:\Program Files (x86)\GNU Tools ARM Embedded\5.3 2016q1\arm-none-eabi\lib\armv7e-m\libg.a(lib_a-callocr.o)
 .debug_frame   0x00002e18       0x74 C:\Program Files (x86)\GNU Tools ARM Embedded\5.3 2016q1\arm-none-eabi\lib\armv7e-m\libg.a(lib_a-freer.o)
 .debug_frame   0x00002e8c       0x30 C:\Program Files (x86)\GNU Tools ARM Embedded\5.3 2016q1\arm-none-eabi\lib\armv7e-m\libg.a(lib_a-memmove.o)
 .debug_frame   0x00002ebc       0x34 C:\Program Files (x86)\GNU Tools ARM Embedded\5.3 2016q1\arm-none-eabi\lib\armv7e-m\libg.a(lib_a-memset.o)
 .debug_frame   0x00002ef0       0x60 C:\Program Files (x86)\GNU Tools ARM Embedded\5.3 2016q1\arm-none-eabi\lib\armv7e-m\libg.a(lib_a-reallocr.o)
 .debug_frame   0x00002f50       0x58 C:\Program Files (x86)\GNU Tools ARM Embedded\5.3 2016q1\arm-none-eabi\lib\armv7e-m\libg.a(lib_a-reent.o)
 .debug_frame   0x00002fa8       0x2c c:/program files (x86)/gnu tools arm embedded/5.3 2016q1/bin/../lib/gcc/arm-none-eabi/5.3.1/armv7e-m\libgcc.a(_aeabi_uldivmod.o)
 .debug_frame   0x00002fd4       0x34 c:/program files (x86)/gnu tools arm embedded/5.3 2016q1/bin/../lib/gcc/arm-none-eabi/5.3.1/armv7e-m\libgcc.a(_udivmoddi4.o)
