Archive member included to satisfy reference by file (symbol)

C:\Program Files (x86)\GNU Tools ARM Embedded\5.3 2016q1\arm-none-eabi\lib\armv7e-m\libm.a(lib_a-s_round.o)
                              ..\obj\flash.o (round)
C:\Program Files (x86)\GNU Tools ARM Embedded\5.3 2016q1\arm-none-eabi\lib\armv7e-m\libm.a(lib_a-w_pow.o)
                              ..\obj\menuAux.o (pow)
C:\Program Files (x86)\GNU Tools ARM Embedded\5.3 2016q1\arm-none-eabi\lib\armv7e-m\libm.a(lib_a-e_pow.o)
                              C:\Program Files (x86)\GNU Tools ARM Embedded\5.3 2016q1\arm-none-eabi\lib\armv7e-m\libm.a(lib_a-w_pow.o) (__ieee754_pow)
C:\Program Files (x86)\GNU Tools ARM Embedded\5.3 2016q1\arm-none-eabi\lib\armv7e-m\libm.a(lib_a-e_sqrt.o)
                              C:\Program Files (x86)\GNU Tools ARM Embedded\5.3 2016q1\arm-none-eabi\lib\armv7e-m\libm.a(lib_a-e_pow.o) (__ieee754_sqrt)
C:\Program Files (x86)\GNU Tools ARM Embedded\5.3 2016q1\arm-none-eabi\lib\armv7e-m\libm.a(lib_a-s_fabs.o)
                              C:\Program Files (x86)\GNU Tools ARM Embedded\5.3 2016q1\arm-none-eabi\lib\armv7e-m\libm.a(lib_a-e_pow.o) (fabs)
C:\Program Files (x86)\GNU Tools ARM Embedded\5.3 2016q1\arm-none-eabi\lib\armv7e-m\libm.a(lib_a-s_finite.o)
                              C:\Program Files (x86)\GNU Tools ARM Embedded\5.3 2016q1\arm-none-eabi\lib\armv7e-m\libm.a(lib_a-w_pow.o) (finite)
C:\Program Files (x86)\GNU Tools ARM Embedded\5.3 2016q1\arm-none-eabi\lib\armv7e-m\libm.a(lib_a-s_lib_ver.o)
                              C:\Program Files (x86)\GNU Tools ARM Embedded\5.3 2016q1\arm-none-eabi\lib\armv7e-m\libm.a(lib_a-w_pow.o) (__fdlib_version)
C:\Program Files (x86)\GNU Tools ARM Embedded\5.3 2016q1\arm-none-eabi\lib\armv7e-m\libm.a(lib_a-s_matherr.o)
                              C:\Program Files (x86)\GNU Tools ARM Embedded\5.3 2016q1\arm-none-eabi\lib\armv7e-m\libm.a(lib_a-w_pow.o) (matherr)
C:\Program Files (x86)\GNU Tools ARM Embedded\5.3 2016q1\arm-none-eabi\lib\armv7e-m\libm.a(lib_a-s_nan.o)
                              C:\Program Files (x86)\GNU Tools ARM Embedded\5.3 2016q1\arm-none-eabi\lib\armv7e-m\libm.a(lib_a-e_pow.o) (nan)
C:\Program Files (x86)\GNU Tools ARM Embedded\5.3 2016q1\arm-none-eabi\lib\armv7e-m\libm.a(lib_a-s_rint.o)
                              C:\Program Files (x86)\GNU Tools ARM Embedded\5.3 2016q1\arm-none-eabi\lib\armv7e-m\libm.a(lib_a-w_pow.o) (rint)
C:\Program Files (x86)\GNU Tools ARM Embedded\5.3 2016q1\arm-none-eabi\lib\armv7e-m\libm.a(lib_a-s_scalbn.o)
                              C:\Program Files (x86)\GNU Tools ARM Embedded\5.3 2016q1\arm-none-eabi\lib\armv7e-m\libm.a(lib_a-e_pow.o) (scalbn)
C:\Program Files (x86)\GNU Tools ARM Embedded\5.3 2016q1\arm-none-eabi\lib\armv7e-m\libm.a(lib_a-s_copysign.o)
                              C:\Program Files (x86)\GNU Tools ARM Embedded\5.3 2016q1\arm-none-eabi\lib\armv7e-m\libm.a(lib_a-s_scalbn.o) (copysign)
c:/program files (x86)/gnu tools arm embedded/5.3 2016q1/bin/../lib/gcc/arm-none-eabi/5.3.1/armv7e-m\libgcc.a(_arm_addsubdf3.o)
                              ..\obj\twoPos.o (__aeabi_dsub)
c:/program files (x86)/gnu tools arm embedded/5.3 2016q1/bin/../lib/gcc/arm-none-eabi/5.3.1/armv7e-m\libgcc.a(_arm_muldivdf3.o)
                              ..\obj\flash.o (__aeabi_dmul)
c:/program files (x86)/gnu tools arm embedded/5.3 2016q1/bin/../lib/gcc/arm-none-eabi/5.3.1/armv7e-m\libgcc.a(_arm_cmpdf2.o)
                              ..\obj\main.o (__aeabi_dcmpeq)
c:/program files (x86)/gnu tools arm embedded/5.3 2016q1/bin/../lib/gcc/arm-none-eabi/5.3.1/armv7e-m\libgcc.a(_arm_unorddf2.o)
                              C:\Program Files (x86)\GNU Tools ARM Embedded\5.3 2016q1\arm-none-eabi\lib\armv7e-m\libm.a(lib_a-w_pow.o) (__aeabi_dcmpun)
c:/program files (x86)/gnu tools arm embedded/5.3 2016q1/bin/../lib/gcc/arm-none-eabi/5.3.1/armv7e-m\libgcc.a(_arm_fixdfsi.o)
                              ..\obj\flash.o (__aeabi_d2iz)
c:/program files (x86)/gnu tools arm embedded/5.3 2016q1/bin/../lib/gcc/arm-none-eabi/5.3.1/armv7e-m\libgcc.a(_arm_fixunsdfsi.o)
                              ..\obj\flash.o (__aeabi_d2uiz)
C:\Program Files (x86)\GNU Tools ARM Embedded\5.3 2016q1\arm-none-eabi\lib\armv7e-m\libg.a(lib_a-errno.o)
                              C:\Program Files (x86)\GNU Tools ARM Embedded\5.3 2016q1\arm-none-eabi\lib\armv7e-m\libm.a(lib_a-w_pow.o) (__errno)
C:\Program Files (x86)\GNU Tools ARM Embedded\5.3 2016q1\arm-none-eabi\lib\armv7e-m\libg.a(lib_a-impure.o)
                              C:\Program Files (x86)\GNU Tools ARM Embedded\5.3 2016q1\arm-none-eabi\lib\armv7e-m\libg.a(lib_a-errno.o) (_impure_ptr)
C:\Program Files (x86)\GNU Tools ARM Embedded\5.3 2016q1\arm-none-eabi\lib\armv7e-m\libg.a(lib_a-sprintf.o)
                              ..\obj\menu.o (sprintf)
C:\Program Files (x86)\GNU Tools ARM Embedded\5.3 2016q1\arm-none-eabi\lib\armv7e-m\libg.a(lib_a-svfprintf.o)
[...]
Memory Configuration

Name             Origin             Length             Attributes
rom              0x08000000         0x00040000         xr
ram              0x20000000         0x0000a000         xrw
ram1             0x10000000         0x00002000         xrw
*default*        0x00000000         0xffffffff

Linker script and memory map

                0x2000a000                _eram = 0x2000a000

.text           0x08000000     0xa1a4
 *(.isr_vector)
 .isr_vector    0x08000000      0x188 ..\obj\startup_stm32f30x.o
                0x08000000                g_pfnVectors
 *(.text*)
 .text.RCC_DeInit
                0x08000188       0x7c ..\obj\stm32f30x_rcc.o
                0x08000188                RCC_DeInit
 .text.RCC_HSICmd
                0x08000204       0x20 ..\obj\stm32f30x_rcc.o
                0x08000204                RCC_HSICmd
 .text.RCC_PLLConfig
                0x08000224       0x34 ..\obj\stm32f30x_rcc.o
                0x08000224                RCC_PLLConfig
 .text.RCC_PLLCmd
                0x08000258       0x20 ..\obj\stm32f30x_rcc.o
                0x08000258                RCC_PLLCmd
 .text.RCC_SYSCLKConfig
                0x08000278       0x38 ..\obj\stm32f30x_rcc.o
                0x08000278                RCC_SYSCLKConfig
 .text.RCC_HCLKConfig
                0x080002b0       0x38 ..\obj\stm32f30x_rcc.o
                0x080002b0                RCC_HCLKConfig
 .text.RCC_PCLK1Config
                0x080002e8       0x38 ..\obj\stm32f30x_rcc.o
                0x080002e8                RCC_PCLK1Config
 .text.RCC_PCLK2Config
                0x08000320       0x38 ..\obj\stm32f30x_rcc.o
                0x08000320                RCC_PCLK2Config
 .text.RCC_ADCCLKConfig
                0x08000358       0x4c ..\obj\stm32f30x_rcc.o
                0x08000358                RCC_ADCCLKConfig
 .text.RCC_AHBPeriphClockCmd
                0x080003a4       0x3c ..\obj\stm32f30x_rcc.o
                0x080003a4                RCC_AHBPeriphClockCmd
 .text.RCC_APB2PeriphClockCmd
                0x080003e0       0x3c ..\obj\stm32f30x_rcc.o
                0x080003e0                RCC_APB2PeriphClockCmd
 .text.RCC_APB1PeriphClockCmd
                0x0800041c       0x3c ..\obj\stm32f30x_rcc.o
                0x0800041c                RCC_APB1PeriphClockCmd
 .text.FLASH_Unlock
                0x08000458       0x30 ..\obj\stm32f30x_flash.o
                0x08000458                FLASH_Unlock
 .text.FLASH_Lock
                0x08000488       0x1c ..\obj\stm32f30x_flash.o
                0x08000488                FLASH_Lock
 .text.FLASH_ErasePage
                0x080004a4       0x64 ..\obj\stm32f30x_flash.o
                0x080004a4                FLASH_ErasePage
 .text.FLASH_ProgramWord
                0x08000508       0x90 ..\obj\stm32f30x_flash.o
                0x08000508                FLASH_ProgramWord
 .text.FLASH_GetStatus
                0x08000598       0x54 ..\obj\stm32f30x_flash.o
                0x08000598                FLASH_GetStatus
 .text.FLASH_WaitForLastOperation
                0x080005ec       0x44 ..\obj\stm32f30x_flash.o
                0x080005ec                FLASH_WaitForLastOperation
 .text.readFlash
                0x08000630      0x2c4 ..\obj\flash.o
                0x08000630                readFlash
 .text.saveFlash
                0x080008f4      0x478 ..\obj\flash.o
                0x080008f4                saveFlash
 .text.resetTwoPos
                0x08000d6c       0x30 ..\obj\twoPos.o
                0x08000d6c                resetTwoPos
 .text.calculateTwoPosOut
                0x08000d9c       0xb4 ..\obj\twoPos.o
                0x08000d9c                calculateTwoPosOut
 .text.ADC_Init
                0x08000e50       0x80 ..\obj\stm32f30x_adc.o
                0x08000e50                ADC_Init
 .text.ADC_CommonInit
                0x08000ed0       0x9c ..\obj\stm32f30x_adc.o
                0x08000ed0                ADC_CommonInit
 .text.ADC_Cmd  0x08000f6c       0x38 ..\obj\stm32f30x_adc.o
                0x08000f6c                ADC_Cmd
 .text.ADC_RegularChannelConfig
                0x08000fa4      0x1f0 ..\obj\stm32f30x_adc.o
                0x08000fa4                ADC_RegularChannelConfig
 .text.ADC_StartConversion
                0x08001194       0x20 ..\obj\stm32f30x_adc.o
                0x08001194                ADC_StartConversion
 .text.ADC_DMACmd
                0x080011b4       0x38 ..\obj\stm32f30x_adc.o
                0x080011b4                ADC_DMACmd
 .text.ADC_DMAConfig
                0x080011ec       0x2c ..\obj\stm32f30x_adc.o
                0x080011ec                ADC_DMAConfig
 .text.getLEDcode
                0x08001218      0x1ac ..\obj\ledDigits.o
                0x08001218                getLEDcode
 .text.getLEDcodeArray
                0x080013c4       0x54 ..\obj\ledDigits.o
                0x080013c4                getLEDcodeArray
 .text.GPIO_Init
                0x08001418      0x12c ..\obj\stm32f30x_gpio.o
                0x08001418                GPIO_Init
 .text.GPIO_PinAFConfig
                0x08001544       0x90 ..\obj\stm32f30x_gpio.o
                0x08001544                GPIO_PinAFConfig
 .text.main     0x080015d4       0x5c ..\obj\main.o
                0x080015d4                main
 .text.TIM3_IRQHandler
                0x08001630      0x180 ..\obj\main.o
                0x08001630                TIM3_IRQHandler
 .text.TIM4_IRQHandler
                0x080017b0      0x2b4 ..\obj\main.o
                0x080017b0                TIM4_IRQHandler
 .text.TIM7_IRQHandler
                0x08001a64      0x11c ..\obj\main.o
                0x08001a64                TIM7_IRQHandler
 .text.EXTI9_5_IRQHandler
                0x08001b80      0x210 ..\obj\main.o
                0x08001b80                EXTI9_5_IRQHandler
 .text.DMA_Init
                0x08001d90       0x80 ..\obj\stm32f30x_dma.o
                0x08001d90                DMA_Init
 .text.DMA_Cmd  0x08001e10       0x38 ..\obj\stm32f30x_dma.o
                0x08001e10                DMA_Cmd
 .text.NVIC_EnableIRQ
                0x08001e48       0x30 ..\obj\init.o
 .text.RCCinit  0x08001e78       0x3c ..\obj\init.o
                0x08001e78                RCCinit
 .text.GPIOinit
                0x08001eb4      0x12c ..\obj\init.o
                0x08001eb4                GPIOinit
 .text.EXTIinit
                0x08001fe0       0x74 ..\obj\init.o
                0x08001fe0                EXTIinit
 .text.NVICinit
                0x08002054       0x70 ..\obj\init.o
                0x08002054                NVICinit
 .text.TIMinit  0x080020c4       0xf0 ..\obj\init.o
                0x080020c4                TIMinit
 .text.ADCinit  0x080021b4       0xb0 ..\obj\init.o
                0x080021b4                ADCinit
 .text.DMAinit  0x08002264       0xb8 ..\obj\init.o
                0x08002264                DMAinit
 .text.PWMinit  0x0800231c       0x44 ..\obj\init.o
                0x0800231c                PWMinit
 .text.EXTI_Init
                0x08002360      0x1f4 ..\obj\stm32f30x_exti.o
                0x08002360                EXTI_Init
 .text.EXTI_ClearFlag
                0x08002554       0x30 ..\obj\stm32f30x_exti.o
                0x08002554                EXTI_ClearFlag
 .text.getMenuSize
                0x08002584       0x3c ..\obj\menu.o
                0x08002584                getMenuSize
 .text.getNaviLimit
                0x080025c0       0x94 ..\obj\menu.o
                0x080025c0                getNaviLimit
 .text.naviUp   0x08002654       0x80 ..\obj\menu.o
                0x08002654                naviUp
 .text.naviDown
                0x080026d4       0x84 ..\obj\menu.o
                0x080026d4                naviDown
 .text.naviRight
                0x08002758       0x5c ..\obj\menu.o
                0x08002758                naviRight
 .text.naviLeft
                0x080027b4       0x70 ..\obj\menu.o
                0x080027b4                naviLeft
 .text.getDisp1
                0x08002824       0x98 ..\obj\menu.o
                0x08002824                getDisp1
 .text.getDisp2
                0x080028bc       0xc8 ..\obj\menu.o
                0x080028bc                getDisp2
 .text.exitMenu
                0x08002984       0x38 ..\obj\menu.o
                0x08002984                exitMenu
 .text.getCursor
                0x080029bc       0x1c ..\obj\menu.o
                0x080029bc                getCursor
 .text.SystemInit1
                0x080029d8       0x84 ..\obj\system_stm32f30x_temp.o
                0x080029d8                SystemInit
                0x080029d8                SystemInit1
 .text.SetSysClock1
                0x08002a5c       0xe0 ..\obj\system_stm32f30x_temp.o
                0x08002a5c                SetSysClock
 .text._sbrk    0x08002b3c       0x3c ..\obj\syscalls.o
                0x08002b3c                _sbrk
 .text.NVIC_Init
                0x08002b78       0xc4 ..\obj\stm32f30x_misc.o
                0x08002b78                NVIC_Init
 .text.TIM_TimeBaseInit
                0x08002c3c       0xec ..\obj\stm32f30x_tim.o
                0x08002c3c                TIM_TimeBaseInit
 .text.TIM_Cmd  0x08002d28       0x40 ..\obj\stm32f30x_tim.o
                0x08002d28                TIM_Cmd
 .text.TIM_OC2Init
                0x08002d68      0x100 ..\obj\stm32f30x_tim.o
                0x08002d68                TIM_OC2Init
 .text.TIM_CtrlPWMOutputs
                0x08002e68       0x38 ..\obj\stm32f30x_tim.o
                0x08002e68                TIM_CtrlPWMOutputs
 .text.TIM_ITConfig
                0x08002ea0       0x40 ..\obj\stm32f30x_tim.o
                0x08002ea0                TIM_ITConfig
 .text.TIM_ClearITPendingBit
                0x08002ee0       0x24 ..\obj\stm32f30x_tim.o
                0x08002ee0                TIM_ClearITPendingBit
 .text.Reset_Handler
                0x08002f04       0x44 ..\obj\startup_stm32f30x.o
                0x08002f04                Reset_Handler
 .text.Default_Handler
                0x08002f48        0x2 ..\obj\startup_stm32f30x.o
                0x08002f48                RTC_Alarm_IRQHandler
                0x08002f48                TIM8_TRG_COM_IRQHandler
                0x08002f48                TIM8_CC_IRQHandler
                0x08002f48                DebugMon_Handler
                0x08002f48                TIM1_CC_IRQHandler
                0x08002f48                HardFault_Handler
                0x08002f48                USB_HP_IRQHandler
                0x08002f48                SysTick_Handler
                0x08002f48                PVD_IRQHandler
                0x08002f48                PendSV_Handler
                0x08002f48                NMI_Handler
                0x08002f48                EXTI3_IRQHandler
                0x08002f48                EXTI0_IRQHandler
                0x08002f48                I2C2_EV_IRQHandler
                0x08002f48                FPU_IRQHandler
                0x08002f48                EXTI2_TS_IRQHandler
                0x08002f48                TIM1_UP_TIM16_IRQHandler
                0x08002f48                UsageFault_Handler
                0x08002f48                ADC1_2_IRQHandler
                0x08002f48                SPI1_IRQHandler
                0x08002f48                TIM6_DAC_IRQHandler
                0x08002f48                TIM8_UP_IRQHandler
                0x08002f48                DMA2_Channel2_IRQHandler
                0x08002f48                DMA1_Channel4_IRQHandler
                0x08002f48                USART3_IRQHandler
                0x08002f48                DMA1_Channel7_IRQHandler
                0x08002f48                CAN1_RX1_IRQHandler
                0x08002f48                UART5_IRQHandler
                0x08002f48                ADC3_IRQHandler
                0x08002f48                DMA2_Channel1_IRQHandler
                0x08002f48                I2C1_EV_IRQHandler
                0x08002f48                DMA1_Channel6_IRQHandler
                0x08002f48                UART4_IRQHandler
                0x08002f48                DMA2_Channel4_IRQHandler
                0x08002f48                RCC_IRQHandler
                0x08002f48                DMA1_Channel1_IRQHandler
                0x08002f48                Default_Handler
                0x08002f48                USBWakeUp_RMP_IRQHandler
                0x08002f48                EXTI15_10_IRQHandler
                0x08002f48                TAMPER_STAMP_IRQHandler
                0x08002f48                RTC_WKUP_IRQHandler
                0x08002f48                SPI2_IRQHandler
                0x08002f48                MemManage_Handler
                0x08002f48                SVC_Handler
                0x08002f48                DMA2_Channel5_IRQHandler
                0x08002f48                DMA1_Channel5_IRQHandler
                0x08002f48                USB_LP_IRQHandler
                0x08002f48                EXTI4_IRQHandler
                0x08002f48                USB_LP_CAN1_RX0_IRQHandler
                0x08002f48                TIM1_TRG_COM_TIM17_IRQHandler
                0x08002f48                USB_HP_CAN1_TX_IRQHandler
                0x08002f48                DMA1_Channel3_IRQHandler
                0x08002f48                ADC4_IRQHandler
                0x08002f48                WWDG_IRQHandler
                0x08002f48                TIM2_IRQHandler
                0x08002f48                COMP7_IRQHandler
                0x08002f48                COMP1_2_3_IRQHandler
                0x08002f48                EXTI1_IRQHandler
                0x08002f48                USART2_IRQHandler
                0x08002f48                COMP4_5_6_IRQHandler
                0x08002f48                I2C2_ER_IRQHandler
                0x08002f48                DMA1_Channel2_IRQHandler
                0x08002f48                TIM8_BRK_IRQHandler
                0x08002f48                CAN1_SCE_IRQHandler
                0x08002f48                FLASH_IRQHandler
                0x08002f48                BusFault_Handler
                0x08002f48                USART1_IRQHandler
                0x08002f48                SPI3_IRQHandler
                0x08002f48                I2C1_ER_IRQHandler
                0x08002f48                USBWakeUp_IRQHandler
                0x08002f48                DMA2_Channel3_IRQHandler
                0x08002f48                TIM1_BRK_TIM15_IRQHandler
 *fill*         0x08002f4a        0x6 
 .text.getMenuParameter
                0x08002f50      0x1f8 ..\obj\menuAux.o
                0x08002f50                getMenuParameter
 .text.getTemplate
                0x08003148       0x88 ..\obj\menuAux.o
                0x08003148                getTemplate
 .text.cutAround
                0x080031d0       0x54 ..\obj\menuAux.o
                0x080031d0                cutAround
 .text.setMenuDigitDbl
                0x08003224       0x70 ..\obj\menuAux.o
                0x08003224                setMenuDigitDbl
 .text.setMenuDigitInt
                0x08003294       0xf0 ..\obj\menuAux.o
                0x08003294                setMenuDigitInt
 *fill*         0x08003384        0x4 
 .text.setMenuParameter
                0x08003388      0x500 ..\obj\menuAux.o
                0x08003388                setMenuParameter
 .text.changeSP
                0x08003888       0xf4 ..\obj\menuAux.o
                0x08003888                changeSP
 .text.changeOUT
                0x0800397c      0x128 ..\obj\menuAux.o
                0x0800397c                changeOUT
 .text.getCurrentModeOut
                0x08003aa4       0x74 ..\obj\menuAux.o
                0x08003aa4                getCurrentModeOut
 .text.SYSCFG_EXTILineConfig
                0x08003b18       0x84 ..\obj\stm32f30x_syscfg.o
                0x08003b18                SYSCFG_EXTILineConfig
 .text.getAvgRawPv
                0x08003b9c       0x88 ..\obj\misc.o
                0x08003b9c                getAvgRawPv
 .text.resetRegulators
                0x08003c24       0x14 ..\obj\misc.o
                0x08003c24                resetRegulators
 .text.timerUpdater
                0x08003c38       0x48 ..\obj\misc.o
                0x08003c38                timerUpdater
 .text.changeDO
                0x08003c80       0x58 ..\obj\misc.o
                0x08003c80                changeDO
 .text.resetThreePos
                0x08003cd8       0x44 ..\obj\threePos.o
                0x08003cd8                resetThreePos
 .text.setThreePosCurrentTime
                0x08003d1c       0x90 ..\obj\threePos.o
                0x08003d1c                setThreePosCurrentTime
 .text.calculateThreePosOut
                0x08003dac      0x1b0 ..\obj\threePos.o
                0x08003dac                calculateThreePosOut
 .text.resetPID
                0x08003f5c       0x54 ..\obj\pid.o
                0x08003f5c                resetPID
 .text.updatePID
                0x08003fb0      0x154 ..\obj\pid.o
                0x08003fb0                updatePID
 .text.calculatePIDout
                0x08004104      0x17c ..\obj\pid.o
                0x08004104                calculatePIDout
 .text.round    0x08004280       0xa0 C:\Program Files (x86)\GNU Tools ARM Embedded\5.3 2016q1\arm-none-eabi\lib\armv7e-m\libm.a(lib_a-s_round.o)
                0x08004280                round
 .text.pow      0x08004320      0x2f0 C:\Program Files (x86)\GNU Tools ARM Embedded\5.3 2016q1\arm-none-eabi\lib\armv7e-m\libm.a(lib_a-w_pow.o)
                0x08004320                pow
 .text.__ieee754_pow
                0x08004610      0xab4 C:\Program Files (x86)\GNU Tools ARM Embedded\5.3 2016q1\arm-none-eabi\lib\armv7e-m\libm.a(lib_a-e_pow.o)
                0x08004610                __ieee754_pow
 .text.__ieee754_sqrt
                0x080050c4      0x180 C:\Program Files (x86)\GNU Tools ARM Embedded\5.3 2016q1\arm-none-eabi\lib\armv7e-m\libm.a(lib_a-e_sqrt.o)
                0x080050c4                __ieee754_sqrt
 .text.fabs     0x08005244        0x8 C:\Program Files (x86)\GNU Tools ARM Embedded\5.3 2016q1\arm-none-eabi\lib\armv7e-m\libm.a(lib_a-s_fabs.o)
                0x08005244                fabs
 .text.finite   0x0800524c        0xc C:\Program Files (x86)\GNU Tools ARM Embedded\5.3 2016q1\arm-none-eabi\lib\armv7e-m\libm.a(lib_a-s_finite.o)
                0x0800524c                finite
 .text.matherr  0x08005258        0x4 C:\Program Files (x86)\GNU Tools ARM Embedded\5.3 2016q1\arm-none-eabi\lib\armv7e-m\libm.a(lib_a-s_matherr.o)
                0x08005258                matherr
 .text.nan      0x0800525c        0xc C:\Program Files (x86)\GNU Tools ARM Embedded\5.3 2016q1\arm-none-eabi\lib\armv7e-m\libm.a(lib_a-s_nan.o)
                0x0800525c                nan
 .text.rint     0x08005268      0x118 C:\Program Files (x86)\GNU Tools ARM Embedded\5.3 2016q1\arm-none-eabi\lib\armv7e-m\libm.a(lib_a-s_rint.o)
                0x08005268                rint
 .text.scalbn   0x08005380       0xfc C:\Program Files (x86)\GNU Tools ARM Embedded\5.3 2016q1\arm-none-eabi\lib\armv7e-m\libm.a(lib_a-s_scalbn.o)
                0x08005380                scalbn
 .text.copysign
                0x0800547c       0x10 C:\Program Files (x86)\GNU Tools ARM Embedded\5.3 2016q1\arm-none-eabi\lib\armv7e-m\libm.a(lib_a-s_copysign.o)
                0x0800547c                copysign
 .text          0x0800548c      0x370 c:/program files (x86)/gnu tools arm embedded/5.3 2016q1/bin/../lib/gcc/arm-none-eabi/5.3.1/armv7e-m\libgcc.a(_arm_addsubdf3.o)
                0x0800548c                __aeabi_drsub
                0x08005494                __aeabi_dsub
                0x08005494                __subdf3
                0x08005498                __aeabi_dadd
                0x08005498                __adddf3
                0x08005710                __floatunsidf
                0x08005710                __aeabi_ui2d
                0x08005730                __floatsidf
                0x08005730                __aeabi_i2d
                0x08005754                __aeabi_f2d
                0x08005754                __extendsfdf2
                0x08005790                __floatundidf
                0x08005790                __aeabi_ul2d
                0x080057a0                __floatdidf
                0x080057a0                __aeabi_l2d
 .text          0x080057fc      0x424 c:/program files (x86)/gnu tools arm embedded/5.3 2016q1/bin/../lib/gcc/arm-none-eabi/5.3.1/armv7e-m\libgcc.a(_arm_muldivdf3.o)
                0x080057fc                __aeabi_dmul
                0x080057fc                __muldf3
                0x08005a50                __divdf3
                0x08005a50                __aeabi_ddiv
 .text          0x08005c20      0x110 c:/program files (x86)/gnu tools arm embedded/5.3 2016q1/bin/../lib/gcc/arm-none-eabi/5.3.1/armv7e-m\libgcc.a(_arm_cmpdf2.o)
                0x08005c20                __gtdf2
                0x08005c20                __gedf2
                0x08005c28                __ltdf2
                0x08005c28                __ledf2
                0x08005c30                __nedf2
                0x08005c30                __eqdf2
                0x08005c30                __cmpdf2
                0x08005cac                __aeabi_cdrcmple
                0x08005cbc                __aeabi_cdcmpeq
                0x08005cbc                __aeabi_cdcmple
                0x08005ccc                __aeabi_dcmpeq
                0x08005ce0                __aeabi_dcmplt
                0x08005cf4                __aeabi_dcmple
                0x08005d08                __aeabi_dcmpge
                0x08005d1c                __aeabi_dcmpgt
 .text          0x08005d30       0x2c c:/program files (x86)/gnu tools arm embedded/5.3 2016q1/bin/../lib/gcc/arm-none-eabi/5.3.1/armv7e-m\libgcc.a(_arm_unorddf2.o)
                0x08005d30                __unorddf2
                0x08005d30                __aeabi_dcmpun
 .text          0x08005d5c       0x50 c:/program files (x86)/gnu tools arm embedded/5.3 2016q1/bin/../lib/gcc/arm-none-eabi/5.3.1/armv7e-m\libgcc.a(_arm_fixdfsi.o)
                0x08005d5c                __aeabi_d2iz
                0x08005d5c                __fixdfsi
 .text          0x08005dac       0x40 c:/program files (x86)/gnu tools arm embedded/5.3 2016q1/bin/../lib/gcc/arm-none-eabi/5.3.1/armv7e-m\libgcc.a(_arm_fixunsdfsi.o)
                0x08005dac                __aeabi_d2uiz
                0x08005dac                __fixunsdfsi
 .text.__errno  0x08005dec        0xc C:\Program Files (x86)\GNU Tools ARM Embedded\5.3 2016q1\arm-none-eabi\lib\armv7e-m\libg.a(lib_a-errno.o)
                0x08005dec                __errno
 .text.sprintf  0x08005df8       0x4c C:\Program Files (x86)\GNU Tools ARM Embedded\5.3 2016q1\arm-none-eabi\lib\armv7e-m\libg.a(lib_a-sprintf.o)
                0x08005df8                sprintf
 .text._svfprintf_r
                0x08005e44     0x169c C:\Program Files (x86)\GNU Tools ARM Embedded\5.3 2016q1\arm-none-eabi\lib\armv7e-m\libg.a(lib_a-svfprintf.o)
                0x08005e44                _svfprintf_r
 .text.quorem   0x080074e0      0x128 C:\Program Files (x86)\GNU Tools ARM Embedded\5.3 2016q1\arm-none-eabi\lib\armv7e-m\libg.a(lib_a-dtoa.o)
 .text._dtoa_r  0x08007608      0xe58 C:\Program Files (x86)\GNU Tools ARM Embedded\5.3 2016q1\arm-none-eabi\lib\armv7e-m\libg.a(lib_a-dtoa.o)
                0x08007608                _dtoa_r
 .text._localeconv_r
                0x08008460        0x8 C:\Program Files (x86)\GNU Tools ARM Embedded\5.3 2016q1\arm-none-eabi\lib\armv7e-m\libg.a(lib_a-locale.o)
                0x08008460                _localeconv_r
 .text._malloc_r
                0x08008468      0x570 C:\Program Files (x86)\GNU Tools ARM Embedded\5.3 2016q1\arm-none-eabi\lib\armv7e-m\libg.a(lib_a-mallocr.o)
                0x08008468                _malloc_r
 *fill*         0x080089d8        0x8 
 .text          0x080089e0       0xa0 C:\Program Files (x86)\GNU Tools ARM Embedded\5.3 2016q1\arm-none-eabi\lib\armv7e-m\libg.a(lib_a-memchr.o)
                0x080089e0                memchr
 .text          0x08008a80      0x134 C:\Program Files (x86)\GNU Tools ARM Embedded\5.3 2016q1\arm-none-eabi\lib\armv7e-m\libg.a(lib_a-memcpy.o)
                0x08008a80                memcpy
 .text.__malloc_lock
                0x08008bb4        0x4 C:\Program Files (x86)\GNU Tools ARM Embedded\5.3 2016q1\arm-none-eabi\lib\armv7e-m\libg.a(lib_a-mlock.o)
                0x08008bb4                __malloc_lock
 .text.__malloc_unlock
                0x08008bb8        0x4 C:\Program Files (x86)\GNU Tools ARM Embedded\5.3 2016q1\arm-none-eabi\lib\armv7e-m\libg.a(lib_a-mlock.o)
                0x08008bb8                __malloc_unlock
 .text._Balloc  0x08008bbc       0x4c C:\Program Files (x86)\GNU Tools ARM Embedded\5.3 2016q1\arm-none-eabi\lib\armv7e-m\libg.a(lib_a-mprec.o)
                0x08008bbc                _Balloc
 .text._Bfree   0x08008c08       0x14 C:\Program Files (x86)\GNU Tools ARM Embedded\5.3 2016q1\arm-none-eabi\lib\armv7e-m\libg.a(lib_a-mprec.o)
                0x08008c08                _Bfree
 .text.__multadd
                0x08008c1c       0x80 C:\Program Files (x86)\GNU Tools ARM Embedded\5.3 2016q1\arm-none-eabi\lib\armv7e-m\libg.a(lib_a-mprec.o)
                0x08008c1c                __multadd
 .text.__hi0bits
                0x08008c9c       0x40 C:\Program Files (x86)\GNU Tools ARM Embedded\5.3 2016q1\arm-none-eabi\lib\armv7e-m\libg.a(lib_a-mprec.o)
                0x08008c9c                __hi0bits
 .text.__lo0bits
                0x08008cdc       0x5c C:\Program Files (x86)\GNU Tools ARM Embedded\5.3 2016q1\arm-none-eabi\lib\armv7e-m\libg.a(lib_a-mprec.o)
                0x08008cdc                __lo0bits
 .text.__i2b    0x08008d38       0x14 C:\Program Files (x86)\GNU Tools ARM Embedded\5.3 2016q1\arm-none-eabi\lib\armv7e-m\libg.a(lib_a-mprec.o)
                0x08008d38                __i2b
 .text.__multiply
                0x08008d4c      0x130 C:\Program Files (x86)\GNU Tools ARM Embedded\5.3 2016q1\arm-none-eabi\lib\armv7e-m\libg.a(lib_a-mprec.o)
                0x08008d4c                __multiply
 .text.__pow5mult
                0x08008e7c       0xa0 C:\Program Files (x86)\GNU Tools ARM Embedded\5.3 2016q1\arm-none-eabi\lib\armv7e-m\libg.a(lib_a-mprec.o)
                0x08008e7c                __pow5mult
 .text.__lshift
                0x08008f1c       0xb0 C:\Program Files (x86)\GNU Tools ARM Embedded\5.3 2016q1\arm-none-eabi\lib\armv7e-m\libg.a(lib_a-mprec.o)
                0x08008f1c                __lshift
 .text.__mcmp   0x08008fcc       0x40 C:\Program Files (x86)\GNU Tools ARM Embedded\5.3 2016q1\arm-none-eabi\lib\armv7e-m\libg.a(lib_a-mprec.o)
                0x08008fcc                __mcmp
 .text.__mdiff  0x0800900c      0x114 C:\Program Files (x86)\GNU Tools ARM Embedded\5.3 2016q1\arm-none-eabi\lib\armv7e-m\libg.a(lib_a-mprec.o)
                0x0800900c                __mdiff
 .text.__d2b    0x08009120       0xb8 C:\Program Files (x86)\GNU Tools ARM Embedded\5.3 2016q1\arm-none-eabi\lib\armv7e-m\libg.a(lib_a-mprec.o)
                0x08009120                __d2b
 .text._sbrk_r  0x080091d8       0x24 C:\Program Files (x86)\GNU Tools ARM Embedded\5.3 2016q1\arm-none-eabi\lib\armv7e-m\libg.a(lib_a-sbrkr.o)
                0x080091d8                _sbrk_r
 *fill*         0x080091fc        0x4 
 .text          0x08009200       0xdc C:\Program Files (x86)\GNU Tools ARM Embedded\5.3 2016q1\arm-none-eabi\lib\armv7e-m\libg.a(lib_a-strlen.o)
                0x08009200                strlen
 .text.__ssprint_r
                0x080092dc      0x100 C:\Program Files (x86)\GNU Tools ARM Embedded\5.3 2016q1\arm-none-eabi\lib\armv7e-m\libg.a(lib_a-svfiprintf.o)
                0x080092dc                __ssprint_r
 .text._calloc_r
                0x080093dc       0x60 C:\Program Files (x86)\GNU Tools ARM Embedded\5.3 2016q1\arm-none-eabi\lib\armv7e-m\libg.a(lib_a-callocr.o)
                0x080093dc                _calloc_r
 .text._malloc_trim_r
                0x0800943c       0x9c C:\Program Files (x86)\GNU Tools ARM Embedded\5.3 2016q1\arm-none-eabi\lib\armv7e-m\libg.a(lib_a-freer.o)
                0x0800943c                _malloc_trim_r
 .text._free_r  0x080094d8      0x1d0 C:\Program Files (x86)\GNU Tools ARM Embedded\5.3 2016q1\arm-none-eabi\lib\armv7e-m\libg.a(lib_a-freer.o)
                0x080094d8                _free_r
 .text.memmove  0x080096a8       0xc8 C:\Program Files (x86)\GNU Tools ARM Embedded\5.3 2016q1\arm-none-eabi\lib\armv7e-m\libg.a(lib_a-memmove.o)
                0x080096a8                memmove
 .text.memset   0x08009770       0x9c C:\Program Files (x86)\GNU Tools ARM Embedded\5.3 2016q1\arm-none-eabi\lib\armv7e-m\libg.a(lib_a-memset.o)
                0x08009770                memset
 .text._realloc_r
                0x0800980c      0x3e0 C:\Program Files (x86)\GNU Tools ARM Embedded\5.3 2016q1\arm-none-eabi\lib\armv7e-m\libg.a(lib_a-reallocr.o)
                0x0800980c                _realloc_r
 .text          0x08009bec       0x30 c:/program files (x86)/gnu tools arm embedded/5.3 2016q1/bin/../lib/gcc/arm-none-eabi/5.3.1/armv7e-m\libgcc.a(_aeabi_uldivmod.o)
                0x08009bec                __aeabi_uldivmod
 .text          0x08009c1c      0x2e4 c:/program files (x86)/gnu tools arm embedded/5.3 2016q1/bin/../lib/gcc/arm-none-eabi/5.3.1/armv7e-m\libgcc.a(_udivmoddi4.o)
                0x08009c1c                __udivmoddi4
 .text          0x08009f00        0x4 c:/program files (x86)/gnu tools arm embedded/5.3 2016q1/bin/../lib/gcc/arm-none-eabi/5.3.1/armv7e-m\libgcc.a(_dvmd_tls.o)
                0x08009f00                __aeabi_idiv0
                0x08009f00                __aeabi_ldiv0
 *(.init)
 *(.fini)
 *crtbegin.o(.ctors)
 *crtbegin?.o(.ctors)
 *(EXCLUDE_FILE(*crtend.o *crtend?.o) .ctors)
 *(SORT(.ctors.*))
 *(.ctors)
 *crtbegin.o(.dtors)
 *crtbegin?.o(.dtors)
 *(EXCLUDE_FILE(*crtend.o *crtend?.o) .dtors)
 *(SORT(.dtors.*))
 *(.dtors)
 *(.rodata*)
 .rodata        0x08009f04       0xe7 ..\obj\menu.o
 *fill*         0x08009feb        0x1 
 .rodata        0x08009fec       0x1d ..\obj\menuAux.o
 *fill*         0x0800a009        0x3 
 .rodata.str1.4
                0x0800a00c        0x4 C:\Program Files (x86)\GNU Tools ARM Embedded\5.3 2016q1\arm-none-eabi\lib\armv7e-m\libm.a(lib_a-w_pow.o)
 .rodata.str1.4
                0x0800a010        0x4 C:\Program Files (x86)\GNU Tools ARM Embedded\5.3 2016q1\arm-none-eabi\lib\armv7e-m\libm.a(lib_a-e_pow.o)
                                  0x1 (size before relaxing)
 .rodata.TWO52  0x0800a010       0x10 C:\Program Files (x86)\GNU Tools ARM Embedded\5.3 2016q1\arm-none-eabi\lib\armv7e-m\libm.a(lib_a-s_rint.o)
 .rodata.str1.4
                0x0800a020        0x2 C:\Program Files (x86)\GNU Tools ARM Embedded\5.3 2016q1\arm-none-eabi\lib\armv7e-m\libg.a(lib_a-impure.o)
 *fill*         0x0800a022        0x2 
 .rodata.zeroes.7035
                0x0800a024       0x10 C:\Program Files (x86)\GNU Tools ARM Embedded\5.3 2016q1\arm-none-eabi\lib\armv7e-m\libg.a(lib_a-svfprintf.o)
 .rodata.str1.4
                0x0800a034       0x42 C:\Program Files (x86)\GNU Tools ARM Embedded\5.3 2016q1\arm-none-eabi\lib\armv7e-m\libg.a(lib_a-svfprintf.o)
 *fill*         0x0800a076        0x2 
 .rodata.blanks.7034
                0x0800a078       0x10 C:\Program Files (x86)\GNU Tools ARM Embedded\5.3 2016q1\arm-none-eabi\lib\armv7e-m\libg.a(lib_a-svfprintf.o)
 .rodata.str1.4
                0x0800a088       0x10 C:\Program Files (x86)\GNU Tools ARM Embedded\5.3 2016q1\arm-none-eabi\lib\armv7e-m\libg.a(lib_a-dtoa.o)
                                 0x12 (size before relaxing)
 .rodata.str1.4
                0x0800a098        0xc C:\Program Files (x86)\GNU Tools ARM Embedded\5.3 2016q1\arm-none-eabi\lib\armv7e-m\libg.a(lib_a-locale.o)
                                 0x12 (size before relaxing)
 *fill*         0x0800a0a4        0x4 
 .rodata.__mprec_tens
                0x0800a0a8       0xc8 C:\Program Files (x86)\GNU Tools ARM Embedded\5.3 2016q1\arm-none-eabi\lib\armv7e-m\libg.a(lib_a-mprec.o)
                0x0800a0a8                __mprec_tens
 .rodata.__mprec_bigtens
                0x0800a170       0x28 C:\Program Files (x86)\GNU Tools ARM Embedded\5.3 2016q1\arm-none-eabi\lib\armv7e-m\libg.a(lib_a-mprec.o)
                0x0800a170                __mprec_bigtens
 .rodata.p05.5373
                0x0800a198        0xc C:\Program Files (x86)\GNU Tools ARM Embedded\5.3 2016q1\arm-none-eabi\lib\armv7e-m\libg.a(lib_a-mprec.o)
 *(.eh_fram e*)

.glue_7         0x0800a1a4        0x0
 .glue_7        0x0800a1a4        0x0 linker stubs

.glue_7t        0x0800a1a4        0x0
 .glue_7t       0x0800a1a4        0x0 linker stubs

.vfp11_veneer   0x0800a1a4        0x0
 .vfp11_veneer  0x0800a1a4        0x0 linker stubs

.v4_bx          0x0800a1a4        0x0
 .v4_bx         0x0800a1a4        0x0 linker stubs

.iplt           0x0800a1a4        0x0
 .iplt          0x0800a1a4        0x0 ..\obj\stm32f30x_rcc.o

.ARM.extab
 *(.ARM.extab* .gnu.linkonce.armextab.*)
                0x0800a1a4                __exidx_start = .

.ARM.exidx      0x0800a1a4        0x8
 *(.ARM.exidx* .gnu.linkonce.armexidx.*)
 .ARM.exidx     0x0800a1a4        0x8 c:/program files (x86)/gnu tools arm embedded/5.3 2016q1/bin/../lib/gcc/arm-none-eabi/5.3.1/armv7e-m\libgcc.a(_udivmoddi4.o)
                0x0800a1ac                __exidx_end = .
                0x0800a1ac                __etext = .
                0x0800a1ac                _sidata = __etext

.rel.dyn        0x0800a1ac        0x0
 .rel.iplt      0x0800a1ac        0x0 ..\obj\stm32f30x_rcc.o

.data           0x20000000      0xa54 load address 0x0800a1ac
                0x20000000                __data_start__ = .
                0x20000000                _sdata = __data_start__
 *(vtable)
 *(.data*)
 .data          0x20000000      0x118 ..\obj\main.o
                0x20000000                mode
                0x20000002                AUTO
                0x20000008                sp
                0x20000010                scale
                0x20000020                limit
                0x20000040                twoPosSet
                0x20000058                threePosSet
                0x20000078                pidSet
 .data          0x20000118       0xc0 ..\obj\menu.o
 .data.__fdlib_version
                0x200001d8        0x1 C:\Program Files (x86)\GNU Tools ARM Embedded\5.3 2016q1\arm-none-eabi\lib\armv7e-m\libm.a(lib_a-s_lib_ver.o)
                0x200001d8                __fdlib_version
 *fill*         0x200001d9        0x7 
 .data.impure_data
                0x200001e0      0x428 C:\Program Files (x86)\GNU Tools ARM Embedded\5.3 2016q1\arm-none-eabi\lib\armv7e-m\libg.a(lib_a-impure.o)
 .data._impure_ptr
                0x20000608        0x4 C:\Program Files (x86)\GNU Tools ARM Embedded\5.3 2016q1\arm-none-eabi\lib\armv7e-m\libg.a(lib_a-impure.o)
                0x20000608                _impure_ptr
 .data.lconv    0x2000060c       0x38 C:\Program Files (x86)\GNU Tools ARM Embedded\5.3 2016q1\arm-none-eabi\lib\armv7e-m\libg.a(lib_a-locale.o)
 .data.__malloc_av_
                0x20000644      0x408 C:\Program Files (x86)\GNU Tools ARM Embedded\5.3 2016q1\arm-none-eabi\lib\armv7e-m\libg.a(lib_a-mallocr.o)
                0x20000644                __malloc_av_
 .data.__malloc_trim_threshold
                0x20000a4c        0x4 C:\Program Files (x86)\GNU Tools ARM Embedded\5.3 2016q1\arm-none-eabi\lib\armv7e-m\libg.a(lib_a-mallocr.o)
                0x20000a4c                __malloc_trim_threshold
 .data.__malloc_sbrk_base
                0x20000a50        0x4 C:\Program Files (x86)\GNU Tools ARM Embedded\5.3 2016q1\arm-none-eabi\lib\armv7e-m\libg.a(lib_a-mallocr.o)
                0x20000a50                __malloc_sbrk_base
                0x20000a54                . = ALIGN (0x4)
                [!provide]                PROVIDE (__preinit_array_start, .)
 *(.preinit_array)
                [!provide]                PROVIDE (__preinit_array_end, .)
                0x20000a54                . = ALIGN (0x4)
                [!provide]                PROVIDE (__init_array_start, .)
 *(SORT(.init_array.*))
 *(.init_array)
                [!provide]                PROVIDE (__init_array_end, .)
                0x20000a54                . = ALIGN (0x4)
                [!provide]                PROVIDE (__fini_array_start, .)
 *(SORT(.fini_array.*))
 *(.fini_array)
                [!provide]                PROVIDE (__fini_array_end, .)
 *(.jcr*)
                0x20000a54                . = ALIGN (0x4)
                0x20000a54                __data_end__ = .
                0x20000a54                _edata = __data_end__

.igot.plt       0x20000a54        0x0 load address 0x0800ac00
 .igot.plt      0x20000a54        0x0 ..\obj\stm32f30x_rcc.o

.bss            0x20000a58      0x290 load address 0x0800ac08
                0x20000a58                . = ALIGN (0x4)
                0x20000a58                __bss_start__ = .
                0x20000a58                _sbss = __bss_start__
 *(.bss*)
 .bss           0x20000a58       0x64 ..\obj\flash.o
 *fill*         0x20000abc        0x4 
 .bss           0x20000ac0        0x8 ..\obj\twoPos.o
 .bss           0x20000ac8       0x30 ..\obj\main.o
                0x20000ac8                prog
                0x20000aca                pvRaw
                0x20000acc                outRaw
                0x20000ad0                pv
 .bss           0x20000af8        0xd ..\obj\menu.o
 *fill*         0x20000b05        0x3 
 .bss           0x20000b08        0x4 ..\obj\syscalls.o
 .bss           0x20000b0c      0x191 ..\obj\misc.o
 *fill*         0x20000c9d        0x3 
 .bss           0x20000ca0        0x8 ..\obj\threePos.o
 .bss           0x20000ca8        0x8 ..\obj\pid.o
 .bss.__malloc_max_total_mem
                0x20000cb0        0x4 C:\Program Files (x86)\GNU Tools ARM Embedded\5.3 2016q1\arm-none-eabi\lib\armv7e-m\libg.a(lib_a-mallocr.o)
                0x20000cb0                __malloc_max_total_mem
 .bss.__malloc_max_sbrked_mem
                0x20000cb4        0x4 C:\Program Files (x86)\GNU Tools ARM Embedded\5.3 2016q1\arm-none-eabi\lib\armv7e-m\libg.a(lib_a-mallocr.o)
                0x20000cb4                __malloc_max_sbrked_mem
 .bss.__malloc_top_pad
                0x20000cb8        0x4 C:\Program Files (x86)\GNU Tools ARM Embedded\5.3 2016q1\arm-none-eabi\lib\armv7e-m\libg.a(lib_a-mallocr.o)
                0x20000cb8                __malloc_top_pad
 .bss.__malloc_current_mallinfo
                0x20000cbc       0x28 C:\Program Files (x86)\GNU Tools ARM Embedded\5.3 2016q1\arm-none-eabi\lib\armv7e-m\libg.a(lib_a-mallocr.o)
                0x20000cbc                __malloc_current_mallinfo
 *(COMMON)
 COMMON         0x20000ce4        0x4 C:\Program Files (x86)\GNU Tools ARM Embedded\5.3 2016q1\arm-none-eabi\lib\armv7e-m\libg.a(lib_a-reent.o)
                0x20000ce4                errno
                0x20000ce8                . = ALIGN (0x4)
                0x20000ce8                __bss_end__ = .
                0x20000ce8                _ebss = __bss_end__

.heap           0x20000ce8        0x0
                0x20000ce8                __end__ = .
                0x20000ce8                _end = __end__
                0x20000ce8                end = __end__
 *(.heap*)
                0x20000ce8                __HeapLimit = .

.co_stack       0x20000ce8        0x0
                0x20000ce8                . = ALIGN (0x8)
 *(.co_stack .co_stack.*)
                0x2000a000                __StackTop = (ORIGIN (ram) + LENGTH (ram))
                0x2000a000                __StackLimit = (__StackTop - SIZEOF (.co_stack))
                [!provide]                PROVIDE (__stack, __StackTop)
                0x00000001                ASSERT ((__StackLimit >= __HeapLimit), region ram  overflowed with stack)
LOAD ..\obj\stm32f30x_rcc.o
LOAD ..\obj\stm32f30x_flash.o
LOAD ..\obj\flash.o
LOAD ..\obj\twoPos.o
LOAD ..\obj\stm32f30x_adc.o
LOAD ..\obj\globals.o
LOAD ..\obj\ledDigits.o
LOAD ..\obj\stm32f30x_gpio.o
LOAD ..\obj\main.o
LOAD ..\obj\stm32f30x_dma.o
LOAD ..\obj\init.o
LOAD ..\obj\stm32f30x_exti.o
LOAD ..\obj\menu.o
LOAD ..\obj\system_stm32f30x_temp.o
LOAD ..\obj\syscalls.o
LOAD ..\obj\stm32f30x_misc.o
LOAD ..\obj\stm32f30x_tim.o
LOAD ..\obj\startup_stm32f30x.o
LOAD ..\obj\menuAux.o
LOAD ..\obj\stm32f30x_syscfg.o
LOAD ..\obj\misc.o
LOAD ..\obj\threePos.o
LOAD ..\obj\pid.o
LOAD C:\Program Files (x86)\GNU Tools ARM Embedded\5.3 2016q1\arm-none-eabi\lib\armv7e-m\libm.a
START GROUP
LOAD c:/program files (x86)/gnu tools arm embedded/5.3 2016q1/bin/../lib/gcc/arm-none-eabi/5.3.1/armv7e-m\libgcc.a
LOAD C:\Program Files (x86)\GNU Tools ARM Embedded\5.3 2016q1\arm-none-eabi\lib\armv7e-m\libg.a
LOAD C:\Program Files (x86)\GNU Tools ARM Embedded\5.3 2016q1\arm-none-eabi\lib\armv7e-m\libc.a
END GROUP
OUTPUT(UReg.elf elf32-littlearm)

.debug_info     0x00000000     0x97c3
 .debug_info    0x00000000      0xacc ..\obj\stm32f30x_rcc.o
 .debug_info    0x00000acc      0x7d7 ..\obj\stm32f30x_flash.o
 .debug_info    0x000012a3      0x486 ..\obj\flash.o
 .debug_info    0x00001729      0x284 ..\obj\twoPos.o
 .debug_info    0x000019ad     0x131f ..\obj\stm32f30x_adc.o
 .debug_info    0x00002ccc       0xfb ..\obj\ledDigits.o
 .debug_info    0x00002dc7      0x612 ..\obj\stm32f30x_gpio.o
 .debug_info    0x000033d9      0x85c ..\obj\main.o
 .debug_info    0x00003c35      0x47b ..\obj\stm32f30x_dma.o
 .debug_info    0x000040b0      0xe1e ..\obj\init.o
 .debug_info    0x00004ece      0x3c4 ..\obj\stm32f30x_exti.o
 .debug_info    0x00005292      0x3ae ..\obj\menu.o
 .debug_info    0x00005640      0x4bb ..\obj\system_stm32f30x_temp.o
 .debug_info    0x00005afb      0x3f5 ..\obj\syscalls.o
 .debug_info    0x00005ef0      0x556 ..\obj\stm32f30x_misc.o
 .debug_info    0x00006446     0x218c ..\obj\stm32f30x_tim.o
 .debug_info    0x000085d2       0x82 ..\obj\startup_stm32f30x.o
 .debug_info    0x00008654      0x591 ..\obj\menuAux.o
 .debug_info    0x00008be5      0x3ce ..\obj\stm32f30x_syscfg.o
 .debug_info    0x00008fb3      0x32f ..\obj\misc.o
 .debug_info    0x000092e2      0x2f1 ..\obj\threePos.o
 .debug_info    0x000095d3      0x1f0 ..\obj\pid.o

.debug_abbrev   0x00000000     0x1ba2
 .debug_abbrev  0x00000000      0x1e5 ..\obj\stm32f30x_rcc.o
 .debug_abbrev  0x000001e5      0x1b6 ..\obj\stm32f30x_flash.o
 .debug_abbrev  0x0000039b      0x13a ..\obj\flash.o
 .debug_abbrev  0x000004d5      0x10b ..\obj\twoPos.o
 .debug_abbrev  0x000005e0      0x192 ..\obj\stm32f30x_adc.o
 .debug_abbrev  0x00000772       0x94 ..\obj\ledDigits.o
 .debug_abbrev  0x00000806      0x198 ..\obj\stm32f30x_gpio.o
 .debug_abbrev  0x0000099e      0x125 ..\obj\main.o
 .debug_abbrev  0x00000ac3      0x157 ..\obj\stm32f30x_dma.o
 .debug_abbrev  0x00000c1a      0x19d ..\obj\init.o
 .debug_abbrev  0x00000db7      0x17e ..\obj\stm32f30x_exti.o
 .debug_abbrev  0x00000f35      0x170 ..\obj\menu.o
 .debug_abbrev  0x000010a5      0x147 ..\obj\system_stm32f30x_temp.o
 .debug_abbrev  0x000011ec       0xe5 ..\obj\syscalls.o
 .debug_abbrev  0x000012d1      0x147 ..\obj\stm32f30x_misc.o
 .debug_abbrev  0x00001418      0x189 ..\obj\stm32f30x_tim.o
 .debug_abbrev  0x000015a1       0x12 ..\obj\startup_stm32f30x.o
 .debug_abbrev  0x000015b3      0x15c ..\obj\menuAux.o
 .debug_abbrev  0x0000170f      0x183 ..\obj\stm32f30x_syscfg.o
 .debug_abbrev  0x00001892      0x146 ..\obj\misc.o
 .debug_abbrev  0x000019d8      0x10b ..\obj\threePos.o
 .debug_abbrev  0x00001ae3       0xbf ..\obj\pid.o

.debug_aranges  0x00000000      0xd48
 .debug_aranges
                0x00000000      0x150 ..\obj\stm32f30x_rcc.o
 .debug_aranges
                0x00000150      0x100 ..\obj\stm32f30x_flash.o
 .debug_aranges
                0x00000250       0x28 ..\obj\flash.o
 .debug_aranges
                0x00000278       0x28 ..\obj\twoPos.o
 .debug_aranges
                0x000002a0      0x210 ..\obj\stm32f30x_adc.o
 .debug_aranges
                0x000004b0       0x28 ..\obj\ledDigits.o
 .debug_aranges
                0x000004d8       0x80 ..\obj\stm32f30x_gpio.o
 .debug_aranges
                0x00000558       0x40 ..\obj\main.o
 .debug_aranges
                0x00000598       0x70 ..\obj\stm32f30x_dma.o
 .debug_aranges
                0x00000608       0x60 ..\obj\init.o
 .debug_aranges
                0x00000668       0x58 ..\obj\stm32f30x_exti.o
 .debug_aranges
                0x000006c0       0x68 ..\obj\menu.o
 .debug_aranges
                0x00000728       0x30 ..\obj\system_stm32f30x_temp.o
 .debug_aranges
                0x00000758       0x60 ..\obj\syscalls.o
 .debug_aranges
                0x000007b8       0x40 ..\obj\stm32f30x_misc.o
 .debug_aranges
                0x000007f8      0x3a8 ..\obj\stm32f30x_tim.o
 .debug_aranges
                0x00000ba0       0x28 ..\obj\startup_stm32f30x.o
 .debug_aranges
                0x00000bc8       0x60 ..\obj\menuAux.o
 .debug_aranges
                0x00000c28       0x88 ..\obj\stm32f30x_syscfg.o
 .debug_aranges
                0x00000cb0       0x38 ..\obj\misc.o
 .debug_aranges
                0x00000ce8       0x30 ..\obj\threePos.o
 .debug_aranges
                0x00000d18       0x30 ..\obj\pid.o

.debug_ranges   0x00000000      0xbf0
 .debug_ranges  0x00000000      0x140 ..\obj\stm32f30x_rcc.o
 .debug_ranges  0x00000140       0xf0 ..\obj\stm32f30x_flash.o
 .debug_ranges  0x00000230       0x18 ..\obj\flash.o
 .debug_ranges  0x00000248       0x18 ..\obj\twoPos.o
 .debug_ranges  0x00000260      0x200 ..\obj\stm32f30x_adc.o
 .debug_ranges  0x00000460       0x18 ..\obj\ledDigits.o
 .debug_ranges  0x00000478       0x70 ..\obj\stm32f30x_gpio.o
 .debug_ranges  0x000004e8       0x30 ..\obj\main.o
 .debug_ranges  0x00000518       0x60 ..\obj\stm32f30x_dma.o
 .debug_ranges  0x00000578       0x50 ..\obj\init.o
 .debug_ranges  0x000005c8       0x48 ..\obj\stm32f30x_exti.o
 .debug_ranges  0x00000610       0x58 ..\obj\menu.o
 .debug_ranges  0x00000668       0x20 ..\obj\system_stm32f30x_temp.o
 .debug_ranges  0x00000688       0x50 ..\obj\syscalls.o
 .debug_ranges  0x000006d8       0x30 ..\obj\stm32f30x_misc.o
 .debug_ranges  0x00000708      0x398 ..\obj\stm32f30x_tim.o
 .debug_ranges  0x00000aa0       0x20 ..\obj\startup_stm32f30x.o
 .debug_ranges  0x00000ac0       0x50 ..\obj\menuAux.o
 .debug_ranges  0x00000b10       0x78 ..\obj\stm32f30x_syscfg.o
 .debug_ranges  0x00000b88       0x28 ..\obj\misc.o
 .debug_ranges  0x00000bb0       0x20 ..\obj\threePos.o
 .debug_ranges  0x00000bd0       0x20 ..\obj\pid.o

.debug_line     0x00000000     0x4533
 .debug_line    0x00000000      0x56c ..\obj\stm32f30x_rcc.o
 .debug_line    0x0000056c      0x480 ..\obj\stm32f30x_flash.o
 .debug_line    0x000009ec      0x217 ..\obj\flash.o
 .debug_line    0x00000c03      0x1b0 ..\obj\twoPos.o
 .debug_line    0x00000db3      0x7a7 ..\obj\stm32f30x_adc.o
 .debug_line    0x0000155a      0x157 ..\obj\ledDigits.o
 .debug_line    0x000016b1      0x307 ..\obj\stm32f30x_gpio.o
 .debug_line    0x000019b8      0x32b ..\obj\main.o
 .debug_line    0x00001ce3      0x303 ..\obj\stm32f30x_dma.o
 .debug_line    0x00001fe6      0x352 ..\obj\init.o
 .debug_line    0x00002338      0x281 ..\obj\stm32f30x_exti.o
 .debug_line    0x000025b9      0x230 ..\obj\menu.o
 .debug_line    0x000027e9      0x1df ..\obj\system_stm32f30x_temp.o
 .debug_line    0x000029c8      0x172 ..\obj\syscalls.o
 .debug_line    0x00002b3a      0x222 ..\obj\stm32f30x_misc.o
 .debug_line    0x00002d5c      0xc76 ..\obj\stm32f30x_tim.o
 .debug_line    0x000039d2       0x96 ..\obj\startup_stm32f30x.o
 .debug_line    0x00003a68      0x2dc ..\obj\menuAux.o
 .debug_line    0x00003d44      0x296 ..\obj\stm32f30x_syscfg.o
 .debug_line    0x00003fda      0x1d4 ..\obj\misc.o
 .debug_line    0x000041ae      0x1ed ..\obj\threePos.o
 .debug_line    0x0000439b      0x198 ..\obj\pid.o

.debug_str      0x00000000     0x3a16
 .debug_str     0x00000000      0x759 ..\obj\stm32f30x_rcc.o
                                0x7ea (size before relaxing)
 .debug_str     0x00000759      0x3c3 ..\obj\stm32f30x_flash.o
                                0x58d (size before relaxing)
 .debug_str     0x00000b1c      0x163 ..\obj\flash.o
                                0x31d (size before relaxing)
 .debug_str     0x00000c7f       0x91 ..\obj\twoPos.o
                                0x27f (size before relaxing)
 .debug_str     0x00000d10      0x98b ..\obj\stm32f30x_adc.o
                                0xb86 (size before relaxing)
 .debug_str     0x0000169b       0x47 ..\obj\ledDigits.o
                                0x196 (size before relaxing)
 .debug_str     0x000016e2      0x2ba ..\obj\stm32f30x_gpio.o
                                0x495 (size before relaxing)
 .debug_str     0x0000199c      0x1ad ..\obj\main.o
                                0x4ae (size before relaxing)
 .debug_str     0x00001b49      0x210 ..\obj\stm32f30x_dma.o
                                0x3b3 (size before relaxing)
 .debug_str     0x00001d59      0x75a ..\obj\init.o
                                0xd9a (size before relaxing)
 .debug_str     0x000024b3      0x116 ..\obj\stm32f30x_exti.o
                                0x376 (size before relaxing)
 .debug_str     0x000025c9       0xd4 ..\obj\menu.o
                                0x2a7 (size before relaxing)
 .debug_str     0x0000269d       0xcb ..\obj\system_stm32f30x_temp.o
                                0x300 (size before relaxing)
 .debug_str     0x00002768      0x14f ..\obj\syscalls.o
                                0x2b3 (size before relaxing)
 .debug_str     0x000028b7      0x11f ..\obj\stm32f30x_misc.o
                                0x3c4 (size before relaxing)
 .debug_str     0x000029d6      0xbd6 ..\obj\stm32f30x_tim.o
                                0xf6d (size before relaxing)
 .debug_str     0x000035ac       0xf1 ..\obj\menuAux.o
                                0x38e (size before relaxing)
 .debug_str     0x0000369d      0x25f ..\obj\stm32f30x_syscfg.o
                                0x3f6 (size before relaxing)
 .debug_str     0x000038fc       0x7a ..\obj\misc.o
                                0x2bc (size before relaxing)
 .debug_str     0x00003976       0x5e ..\obj\threePos.o
                                0x2db (size before relaxing)
 .debug_str     0x000039d4       0x42 ..\obj\pid.o
                                0x1f2 (size before relaxing)

.comment        0x00000000       0x6e
 .comment       0x00000000       0x6e ..\obj\stm32f30x_rcc.o
                                 0x6f (size before relaxing)
 .comment       0x0000006e       0x6f ..\obj\stm32f30x_flash.o
 .comment       0x0000006e       0x6f ..\obj\flash.o
 .comment       0x0000006e       0x6f ..\obj\twoPos.o
 .comment       0x0000006e       0x6f ..\obj\stm32f30x_adc.o
 .comment       0x0000006e       0x6f ..\obj\ledDigits.o
 .comment       0x0000006e       0x6f ..\obj\stm32f30x_gpio.o
 .comment       0x0000006e       0x6f ..\obj\main.o
 .comment       0x0000006e       0x6f ..\obj\stm32f30x_dma.o
 .comment       0x0000006e       0x6f ..\obj\init.o
 .comment       0x0000006e       0x6f ..\obj\stm32f30x_exti.o
 .comment       0x0000006e       0x6f ..\obj\menu.o
 .comment       0x0000006e       0x6f ..\obj\system_stm32f30x_temp.o
 .comment       0x0000006e       0x6f ..\obj\syscalls.o
 .comment       0x0000006e       0x6f ..\obj\stm32f30x_misc.o
 .comment       0x0000006e       0x6f ..\obj\stm32f30x_tim.o
 .comment       0x0000006e       0x6f ..\obj\menuAux.o
 .comment       0x0000006e       0x6f ..\obj\stm32f30x_syscfg.o
 .comment       0x0000006e       0x6f ..\obj\misc.o
 .comment       0x0000006e       0x6f ..\obj\threePos.o
 .comment       0x0000006e       0x6f ..\obj\pid.o

.ARM.attributes
                0x00000000       0x31
 .ARM.attributes
                0x00000000       0x33 ..\obj\stm32f30x_rcc.o
 .ARM.attributes
                0x00000033       0x33 ..\obj\stm32f30x_flash.o
 .ARM.attributes
                0x00000066       0x33 ..\obj\flash.o
 .ARM.attributes
                0x00000099       0x33 ..\obj\twoPos.o
 .ARM.attributes
                0x000000cc       0x33 ..\obj\stm32f30x_adc.o
 .ARM.attributes
                0x000000ff       0x33 ..\obj\ledDigits.o
 .ARM.attributes
                0x00000132       0x33 ..\obj\stm32f30x_gpio.o
 .ARM.attributes
                0x00000165       0x33 ..\obj\main.o
 .ARM.attributes
                0x00000198       0x33 ..\obj\stm32f30x_dma.o
 .ARM.attributes
                0x000001cb       0x33 ..\obj\init.o
 .ARM.attributes
                0x000001fe       0x33 ..\obj\stm32f30x_exti.o
 .ARM.attributes
                0x00000231       0x33 ..\obj\menu.o
 .ARM.attributes
                0x00000264       0x33 ..\obj\system_stm32f30x_temp.o
 .ARM.attributes
                0x00000297       0x33 ..\obj\syscalls.o
 .ARM.attributes
                0x000002ca       0x33 ..\obj\stm32f30x_misc.o
 .ARM.attributes
                0x000002fd       0x33 ..\obj\stm32f30x_tim.o
 .ARM.attributes
                0x00000330       0x21 ..\obj\startup_stm32f30x.o
 .ARM.attributes
                0x00000351       0x33 ..\obj\menuAux.o
 .ARM.attributes
                0x00000384       0x33 ..\obj\stm32f30x_syscfg.o
 .ARM.attributes
                0x000003b7       0x33 ..\obj\misc.o
 .ARM.attributes
                0x000003ea       0x33 ..\obj\threePos.o
 .ARM.attributes
                0x0000041d       0x33 ..\obj\pid.o
 .ARM.attributes
                0x00000450       0x2e C:\Program Files (x86)\GNU Tools ARM Embedded\5.3 2016q1\arm-none-eabi\lib\armv7e-m\libm.a(lib_a-s_round.o)
 .ARM.attributes
                0x0000047e       0x2e C:\Program Files (x86)\GNU Tools ARM Embedded\5.3 2016q1\arm-none-eabi\lib\armv7e-m\libm.a(lib_a-w_pow.o)
 .ARM.attributes
                0x000004ac       0x2e C:\Program Files (x86)\GNU Tools ARM Embedded\5.3 2016q1\arm-none-eabi\lib\armv7e-m\libm.a(lib_a-e_pow.o)
 .ARM.attributes
                0x000004da       0x2e C:\Program Files (x86)\GNU Tools ARM Embedded\5.3 2016q1\arm-none-eabi\lib\armv7e-m\libm.a(lib_a-e_sqrt.o)
 .ARM.attributes
                0x00000508       0x2e C:\Program Files (x86)\GNU Tools ARM Embedded\5.3 2016q1\arm-none-eabi\lib\armv7e-m\libm.a(lib_a-s_fabs.o)
 .ARM.attributes
                0x00000536       0x2e C:\Program Files (x86)\GNU Tools ARM Embedded\5.3 2016q1\arm-none-eabi\lib\armv7e-m\libm.a(lib_a-s_finite.o)
 .ARM.attributes
                0x00000564       0x2e C:\Program Files (x86)\GNU Tools ARM Embedded\5.3 2016q1\arm-none-eabi\lib\armv7e-m\libm.a(lib_a-s_lib_ver.o)
 .ARM.attributes
                0x00000592       0x2e C:\Program Files (x86)\GNU Tools ARM Embedded\5.3 2016q1\arm-none-eabi\lib\armv7e-m\libm.a(lib_a-s_matherr.o)
 .ARM.attributes
                0x000005c0       0x2e C:\Program Files (x86)\GNU Tools ARM Embedded\5.3 2016q1\arm-none-eabi\lib\armv7e-m\libm.a(lib_a-s_nan.o)
 .ARM.attributes
                0x000005ee       0x2e C:\Program Files (x86)\GNU Tools ARM Embedded\5.3 2016q1\arm-none-eabi\lib\armv7e-m\libm.a(lib_a-s_rint.o)
 .ARM.attributes
                0x0000061c       0x2e C:\Program Files (x86)\GNU Tools ARM Embedded\5.3 2016q1\arm-none-eabi\lib\armv7e-m\libm.a(lib_a-s_scalbn.o)
 .ARM.attributes
                0x0000064a       0x2e C:\Program Files (x86)\GNU Tools ARM Embedded\5.3 2016q1\arm-none-eabi\lib\armv7e-m\libm.a(lib_a-s_copysign.o)
 .ARM.attributes
                0x00000678       0x1e c:/program files (x86)/gnu tools arm embedded/5.3 2016q1/bin/../lib/gcc/arm-none-eabi/5.3.1/armv7e-m\libgcc.a(_arm_addsubdf3.o)
 .ARM.attributes
                0x00000696       0x1e c:/program files (x86)/gnu tools arm embedded/5.3 2016q1/bin/../lib/gcc/arm-none-eabi/5.3.1/armv7e-m\libgcc.a(_arm_muldivdf3.o)
 .ARM.attributes
                0x000006b4       0x1e c:/program files (x86)/gnu tools arm embedded/5.3 2016q1/bin/../lib/gcc/arm-none-eabi/5.3.1/armv7e-m\libgcc.a(_arm_cmpdf2.o)
 .ARM.attributes
                0x000006d2       0x1e c:/program files (x86)/gnu tools arm embedded/5.3 2016q1/bin/../lib/gcc/arm-none-eabi/5.3.1/armv7e-m\libgcc.a(_arm_unorddf2.o)
 .ARM.attributes
                0x000006f0       0x1e c:/program files (x86)/gnu tools arm embedded/5.3 2016q1/bin/../lib/gcc/arm-none-eabi/5.3.1/armv7e-m\libgcc.a(_arm_fixdfsi.o)
 .ARM.attributes
                0x0000070e       0x1e c:/program files (x86)/gnu tools arm embedded/5.3 2016q1/bin/../lib/gcc/arm-none-eabi/5.3.1/armv7e-m\libgcc.a(_arm_fixunsdfsi.o)
 .ARM.attributes
                0x0000072c       0x2e C:\Program Files (x86)\GNU Tools ARM Embedded\5.3 2016q1\arm-none-eabi\lib\armv7e-m\libg.a(lib_a-errno.o)
 .ARM.attributes
                0x0000075a       0x2e C:\Program Files (x86)\GNU Tools ARM Embedded\5.3 2016q1\arm-none-eabi\lib\armv7e-m\libg.a(lib_a-impure.o)
 .ARM.attributes
                0x00000788       0x2e C:\Program Files (x86)\GNU Tools ARM Embedded\5.3 2016q1\arm-none-eabi\lib\armv7e-m\libg.a(lib_a-sprintf.o)
 .ARM.attributes
                0x000007b6       0x2e C:\Program Files (x86)\GNU Tools ARM Embedded\5.3 2016q1\arm-none-eabi\lib\armv7e-m\libg.a(lib_a-svfprintf.o)
 .ARM.attributes
                0x000007e4       0x2e C:\Program Files (x86)\GNU Tools ARM Embedded\5.3 2016q1\arm-none-eabi\lib\armv7e-m\libg.a(lib_a-dtoa.o)
 .ARM.attributes
                0x00000812       0x2e C:\Program Files (x86)\GNU Tools ARM Embedded\5.3 2016q1\arm-none-eabi\lib\armv7e-m\libg.a(lib_a-locale.o)
 .ARM.attributes
                0x00000840       0x2e C:\Program Files (x86)\GNU Tools ARM Embedded\5.3 2016q1\arm-none-eabi\lib\armv7e-m\libg.a(lib_a-mallocr.o)
 .ARM.attributes
                0x0000086e       0x1c C:\Program Files (x86)\GNU Tools ARM Embedded\5.3 2016q1\arm-none-eabi\lib\armv7e-m\libg.a(lib_a-memchr.o)
 .ARM.attributes
                0x0000088a       0x1c C:\Program Files (x86)\GNU Tools ARM Embedded\5.3 2016q1\arm-none-eabi\lib\armv7e-m\libg.a(lib_a-memcpy.o)
 .ARM.attributes
                0x000008a6       0x2e C:\Program Files (x86)\GNU Tools ARM Embedded\5.3 2016q1\arm-none-eabi\lib\armv7e-m\libg.a(lib_a-mlock.o)
 .ARM.attributes
                0x000008d4       0x2e C:\Program Files (x86)\GNU Tools ARM Embedded\5.3 2016q1\arm-none-eabi\lib\armv7e-m\libg.a(lib_a-mprec.o)
 .ARM.attributes
                0x00000902       0x2e C:\Program Files (x86)\GNU Tools ARM Embedded\5.3 2016q1\arm-none-eabi\lib\armv7e-m\libg.a(lib_a-sbrkr.o)
 .ARM.attributes
                0x00000930       0x1c C:\Program Files (x86)\GNU Tools ARM Embedded\5.3 2016q1\arm-none-eabi\lib\armv7e-m\libg.a(lib_a-strlen.o)
 .ARM.attributes
                0x0000094c       0x2e C:\Program Files (x86)\GNU Tools ARM Embedded\5.3 2016q1\arm-none-eabi\lib\armv7e-m\libg.a(lib_a-svfiprintf.o)
 .ARM.attributes
                0x0000097a       0x2e C:\Program Files (x86)\GNU Tools ARM Embedded\5.3 2016q1\arm-none-eabi\lib\armv7e-m\libg.a(lib_a-callocr.o)
 .ARM.attributes
                0x000009a8       0x2e C:\Program Files (x86)\GNU Tools ARM Embedded\5.3 2016q1\arm-none-eabi\lib\armv7e-m\libg.a(lib_a-freer.o)
 .ARM.attributes
                0x000009d6       0x2e C:\Program Files (x86)\GNU Tools ARM Embedded\5.3 2016q1\arm-none-eabi\lib\armv7e-m\libg.a(lib_a-memmove.o)
 .ARM.attributes
                0x00000a04       0x2e C:\Program Files (x86)\GNU Tools ARM Embedded\5.3 2016q1\arm-none-eabi\lib\armv7e-m\libg.a(lib_a-memset.o)
 .ARM.attributes
                0x00000a32       0x2e C:\Program Files (x86)\GNU Tools ARM Embedded\5.3 2016q1\arm-none-eabi\lib\armv7e-m\libg.a(lib_a-reallocr.o)
 .ARM.attributes
                0x00000a60       0x2e C:\Program Files (x86)\GNU Tools ARM Embedded\5.3 2016q1\arm-none-eabi\lib\armv7e-m\libg.a(lib_a-reent.o)
 .ARM.attributes
                0x00000a8e       0x1e c:/program files (x86)/gnu tools arm embedded/5.3 2016q1/bin/../lib/gcc/arm-none-eabi/5.3.1/armv7e-m\libgcc.a(_aeabi_uldivmod.o)
 .ARM.attributes
                0x00000aac       0x2e c:/program files (x86)/gnu tools arm embedded/5.3 2016q1/bin/../lib/gcc/arm-none-eabi/5.3.1/armv7e-m\libgcc.a(_udivmoddi4.o)
 .ARM.attributes
                0x00000ada       0x1e c:/program files (x86)/gnu tools arm embedded/5.3 2016q1/bin/../lib/gcc/arm-none-eabi/5.3.1/armv7e-m\libgcc.a(_dvmd_tls.o)

.debug_frame    0x00000000     0x4140
 .debug_frame   0x00000000      0x60c ..\obj\stm32f30x_rcc.o
 .debug_frame   0x0000060c      0x428 ..\obj\stm32f30x_flash.o
 .debug_frame   0x00000a34       0x58 ..\obj\flash.o
 .debug_frame   0x00000a8c       0x50 ..\obj\twoPos.o
 .debug_frame   0x00000adc      0x9e4 ..\obj\stm32f30x_adc.o
 .debug_frame   0x000014c0       0x5c ..\obj\ledDigits.o
 .debug_frame   0x0000151c      0x214 ..\obj\stm32f30x_gpio.o
 .debug_frame   0x00001730       0xb4 ..\obj\main.o
 .debug_frame   0x000017e4      0x1c8 ..\obj\stm32f30x_dma.o
 .debug_frame   0x000019ac      0x150 ..\obj\init.o
 .debug_frame   0x00001afc      0x148 ..\obj\stm32f30x_exti.o
 .debug_frame   0x00001c44      0x160 ..\obj\menu.o
 .debug_frame   0x00001da4       0x7c ..\obj\system_stm32f30x_temp.o
 .debug_frame   0x00001e20      0x168 ..\obj\syscalls.o
 .debug_frame   0x00001f88       0xd8 ..\obj\stm32f30x_misc.o
 .debug_frame   0x00002060     0x11c4 ..\obj\stm32f30x_tim.o
 .debug_frame   0x00003224      0x178 ..\obj\menuAux.o
 .debug_frame   0x0000339c      0x230 ..\obj\stm32f30x_syscfg.o
 .debug_frame   0x000035cc       0xa4 ..\obj\misc.o
 .debug_frame   0x00003670       0x74 ..\obj\threePos.o
 .debug_frame   0x000036e4       0x84 ..\obj\pid.o
 .debug_frame   0x00003768       0x30 C:\Program Files (x86)\GNU Tools ARM Embedded\5.3 2016q1\arm-none-eabi\lib\armv7e-m\libm.a(lib_a-s_round.o)
 .debug_frame   0x00003798       0x4c C:\Program Files (x86)\GNU Tools ARM Embedded\5.3 2016q1\arm-none-eabi\lib\armv7e-m\libm.a(lib_a-w_pow.o)
 .debug_frame   0x000037e4       0x68 C:\Program Files (x86)\GNU Tools ARM Embedded\5.3 2016q1\arm-none-eabi\lib\armv7e-m\libm.a(lib_a-e_pow.o)
 .debug_frame   0x0000384c       0x34 C:\Program Files (x86)\GNU Tools ARM Embedded\5.3 2016q1\arm-none-eabi\lib\armv7e-m\libm.a(lib_a-e_sqrt.o)
 .debug_frame   0x00003880       0x20 C:\Program Files (x86)\GNU Tools ARM Embedded\5.3 2016q1\arm-none-eabi\lib\armv7e-m\libm.a(lib_a-s_fabs.o)
 .debug_frame   0x000038a0       0x20 C:\Program Files (x86)\GNU Tools ARM Embedded\5.3 2016q1\arm-none-eabi\lib\armv7e-m\libm.a(lib_a-s_finite.o)
 .debug_frame   0x000038c0       0x20 C:\Program Files (x86)\GNU Tools ARM Embedded\5.3 2016q1\arm-none-eabi\lib\armv7e-m\libm.a(lib_a-s_matherr.o)
 .debug_frame   0x000038e0       0x20 C:\Program Files (x86)\GNU Tools ARM Embedded\5.3 2016q1\arm-none-eabi\lib\armv7e-m\libm.a(lib_a-s_nan.o)
 .debug_frame   0x00003900       0x3c C:\Program Files (x86)\GNU Tools ARM Embedded\5.3 2016q1\arm-none-eabi\lib\armv7e-m\libm.a(lib_a-s_rint.o)
 .debug_frame   0x0000393c       0x30 C:\Program Files (x86)\GNU Tools ARM Embedded\5.3 2016q1\arm-none-eabi\lib\armv7e-m\libm.a(lib_a-s_scalbn.o)
 .debug_frame   0x0000396c       0x20 C:\Program Files (x86)\GNU Tools ARM Embedded\5.3 2016q1\arm-none-eabi\lib\armv7e-m\libm.a(lib_a-s_copysign.o)
 .debug_frame   0x0000398c       0x20 C:\Program Files (x86)\GNU Tools ARM Embedded\5.3 2016q1\arm-none-eabi\lib\armv7e-m\libg.a(lib_a-errno.o)
 .debug_frame   0x000039ac       0x84 C:\Program Files (x86)\GNU Tools ARM Embedded\5.3 2016q1\arm-none-eabi\lib\armv7e-m\libg.a(lib_a-sprintf.o)
 .debug_frame   0x00003a30       0x44 C:\Program Files (x86)\GNU Tools ARM Embedded\5.3 2016q1\arm-none-eabi\lib\armv7e-m\libg.a(lib_a-svfprintf.o)
 .debug_frame   0x00003a74       0x88 C:\Program Files (x86)\GNU Tools ARM Embedded\5.3 2016q1\arm-none-eabi\lib\armv7e-m\libg.a(lib_a-dtoa.o)
 .debug_frame   0x00003afc       0x9c C:\Program Files (x86)\GNU Tools ARM Embedded\5.3 2016q1\arm-none-eabi\lib\armv7e-m\libg.a(lib_a-locale.o)
 .debug_frame   0x00003b98       0x58 C:\Program Files (x86)\GNU Tools ARM Embedded\5.3 2016q1\arm-none-eabi\lib\armv7e-m\libg.a(lib_a-mallocr.o)
 .debug_frame   0x00003bf0       0x30 C:\Program Files (x86)\GNU Tools ARM Embedded\5.3 2016q1\arm-none-eabi\lib\armv7e-m\libg.a(lib_a-mlock.o)
 .debug_frame   0x00003c20      0x264 C:\Program Files (x86)\GNU Tools ARM Embedded\5.3 2016q1\arm-none-eabi\lib\armv7e-m\libg.a(lib_a-mprec.o)
 .debug_frame   0x00003e84       0x2c C:\Program Files (x86)\GNU Tools ARM Embedded\5.3 2016q1\arm-none-eabi\lib\armv7e-m\libg.a(lib_a-sbrkr.o)
 .debug_frame   0x00003eb0       0x78 C:\Program Files (x86)\GNU Tools ARM Embedded\5.3 2016q1\arm-none-eabi\lib\armv7e-m\libg.a(lib_a-svfiprintf.o)
 .debug_frame   0x00003f28       0x28 C:\Program Files (x86)\GNU Tools ARM Embedded\5.3 2016q1\arm-none-eabi\lib\armv7e-m\libg.a(lib_a-callocr.o)
 .debug_frame   0x00003f50       0x74 C:\Program Files (x86)\GNU Tools ARM Embedded\5.3 2016q1\arm-none-eabi\lib\armv7e-m\libg.a(lib_a-freer.o)
 .debug_frame   0x00003fc4       0x30 C:\Program Files (x86)\GNU Tools ARM Embedded\5.3 2016q1\arm-none-eabi\lib\armv7e-m\libg.a(lib_a-memmove.o)
 .debug_frame   0x00003ff4       0x34 C:\Program Files (x86)\GNU Tools ARM Embedded\5.3 2016q1\arm-none-eabi\lib\armv7e-m\libg.a(lib_a-memset.o)
 .debug_frame   0x00004028       0x60 C:\Program Files (x86)\GNU Tools ARM Embedded\5.3 2016q1\arm-none-eabi\lib\armv7e-m\libg.a(lib_a-reallocr.o)
 .debug_frame   0x00004088       0x58 C:\Program Files (x86)\GNU Tools ARM Embedded\5.3 2016q1\arm-none-eabi\lib\armv7e-m\libg.a(lib_a-reent.o)
 .debug_frame   0x000040e0       0x2c c:/program files (x86)/gnu tools arm embedded/5.3 2016q1/bin/../lib/gcc/arm-none-eabi/5.3.1/armv7e-m\libgcc.a(_aeabi_uldivmod.o)
 .debug_frame   0x0000410c       0x34 c:/program files (x86)/gnu tools arm embedded/5.3 2016q1/bin/../lib/gcc/arm-none-eabi/5.3.1/armv7e-m\libgcc.a(_udivmoddi4.o)
