Archive member included to satisfy reference by file (symbol)

c:/program files (x86)/gnu tools arm embedded/5.3 2016q1/bin/../lib/gcc/arm-none-eabi/5.3.1/armv7e-m\libgcc.a(_arm_addsubdf3.o)
                              ..\obj\twoPos.o (__aeabi_dsub)
c:/program files (x86)/gnu tools arm embedded/5.3 2016q1/bin/../lib/gcc/arm-none-eabi/5.3.1/armv7e-m\libgcc.a(_arm_muldivdf3.o)
                              ..\obj\menu.o (__aeabi_dmul)
c:/program files (x86)/gnu tools arm embedded/5.3 2016q1/bin/../lib/gcc/arm-none-eabi/5.3.1/armv7e-m\libgcc.a(_arm_cmpdf2.o)
                              ..\obj\menu.o (__aeabi_dcmpeq)
c:/program files (x86)/gnu tools arm embedded/5.3 2016q1/bin/../lib/gcc/arm-none-eabi/5.3.1/armv7e-m\libgcc.a(_arm_fixdfsi.o)
                              ..\obj\menu.o (__aeabi_d2iz)
c:/program files (x86)/gnu tools arm embedded/5.3 2016q1/bin/../lib/gcc/arm-none-eabi/5.3.1/../../../../arm-none-eabi/lib/armv7e-m\libg.a(lib_a-sprintf.o)
                              ..\obj\menu.o (sprintf)
c:/program files (x86)/gnu tools arm embedded/5.3 2016q1/bin/../lib/gcc/arm-none-eabi/5.3.1/../../../../arm-none-eabi/lib/armv7e-m\libg.a(lib_a-svfprintf.o)
                              c:/program files (x86)/gnu tools arm embedded/5.3 2016q1/bin/../lib/gcc/arm-none-eabi/5.3.1/../../../../arm-none-eabi/lib/armv7e-m\libg.a(lib_a-sprintf.o) (_svfprintf_r)
c:/program files (x86)/gnu tools arm embedded/5.3 2016q1/bin/../lib/gcc/arm-none-eabi/5.3.1/../../../../arm-none-eabi/lib/armv7e-m\libg.a(lib_a-dtoa.o)
                              c:/program files (x86)/gnu tools arm embedded/5.3 2016q1/bin/../lib/gcc/arm-none-eabi/5.3.1/../../../../arm-none-eabi/lib/armv7e-m\libg.a(lib_a-svfprintf.o) (_dtoa_r)
c:/program files (x86)/gnu tools arm embedded/5.3 2016q1/bin/../lib/gcc/arm-none-eabi/5.3.1/../../../../arm-none-eabi/lib/armv7e-m\libg.a(lib_a-impure.o)
                              c:/program files (x86)/gnu tools arm embedded/5.3 2016q1/bin/../lib/gcc/arm-none-eabi/5.3.1/../../../../arm-none-eabi/lib/armv7e-m\libg.a(lib_a-sprintf.o) (_impure_ptr)
c:/program files (x86)/gnu tools arm embedded/5.3 2016q1/bin/../lib/gcc/arm-none-eabi/5.3.1/../../../../arm-none-eabi/lib/armv7e-m\libg.a(lib_a-locale.o)
                              c:/program files (x86)/gnu tools arm embedded/5.3 2016q1/bin/../lib/gcc/arm-none-eabi/5.3.1/../../../../arm-none-eabi/lib/armv7e-m\libg.a(lib_a-svfprintf.o) (_localeconv_r)
c:/program files (x86)/gnu tools arm embedded/5.3 2016q1/bin/../lib/gcc/arm-none-eabi/5.3.1/../../../../arm-none-eabi/lib/armv7e-m\libg.a(lib_a-mallocr.o)
                              c:/program files (x86)/gnu tools arm embedded/5.3 2016q1/bin/../lib/gcc/arm-none-eabi/5.3.1/../../../../arm-none-eabi/lib/armv7e-m\libg.a(lib_a-svfprintf.o) (_malloc_r)
c:/program files (x86)/gnu tools arm embedded/5.3 2016q1/bin/../lib/gcc/arm-none-eabi/5.3.1/../../../../arm-none-eabi/lib/armv7e-m\libg.a(lib_a-memchr.o)
                              c:/program files (x86)/gnu tools arm embedded/5.3 2016q1/bin/../lib/gcc/arm-none-eabi/5.3.1/../../../../arm-none-eabi/lib/armv7e-m\libg.a(lib_a-svfprintf.o) (memchr)
c:/program files (x86)/gnu tools arm embedded/5.3 2016q1/bin/../lib/gcc/arm-none-eabi/5.3.1/../../../../arm-none-eabi/lib/armv7e-m\libg.a(lib_a-memcpy.o)
                              c:/program files (x86)/gnu tools arm embedded/5.3 2016q1/bin/../lib/gcc/arm-none-eabi/5.3.1/../../../../arm-none-eabi/lib/armv7e-m\libg.a(lib_a-dtoa.o) (memcpy)
c:/program files (x86)/gnu tools arm embedded/5.3 2016q1/bin/../lib/gcc/arm-none-eabi/5.3.1/../../../../arm-none-eabi/lib/armv7e-m\libg.a(lib_a-mlock.o)
                              c:/program files (x86)/gnu tools arm embedded/5.3 2016q1/bin/../lib/gcc/arm-none-eabi/5.3.1/../../../../arm-none-eabi/lib/armv7e-m\libg.a(lib_a-mallocr.o) (__malloc_lock)
c:/program files (x86)/gnu tools arm embedded/5.3 2016q1/bin/../lib/gcc/arm-none-eabi/5.3.1/../../../../arm-none-eabi/lib/armv7e-m\libg.a(lib_a-mprec.o)
                              c:/program files (x86)/gnu tools arm embedded/5.3 2016q1/bin/../lib/gcc/arm-none-eabi/5.3.1/../../../../arm-none-eabi/lib/armv7e-m\libg.a(lib_a-dtoa.o) (_Balloc)
c:/program files (x86)/gnu tools arm embedded/5.3 2016q1/bin/../lib/gcc/arm-none-eabi/5.3.1/../../../../arm-none-eabi/lib/armv7e-m\libg.a(lib_a-sbrkr.o)
                              c:/program files (x86)/gnu tools arm embedded/5.3 2016q1/bin/../lib/gcc/arm-none-eabi/5.3.1/../../../../arm-none-eabi/lib/armv7e-m\libg.a(lib_a-mallocr.o) (_sbrk_r)
c:/program files (x86)/gnu tools arm embedded/5.3 2016q1/bin/../lib/gcc/arm-none-eabi/5.3.1/../../../../arm-none-eabi/lib/armv7e-m\libg.a(lib_a-strcmp.o)
                              c:/program files (x86)/gnu tools arm embedded/5.3 2016q1/bin/../lib/gcc/arm-none-eabi/5.3.1/../../../../arm-none-eabi/lib/armv7e-m\libg.a(lib_a-locale.o) (strcmp)
[...]
Memory Configuration

Name             Origin             Length             Attributes
rom              0x08000000         0x00040000         xr
ram              0x20000000         0x0000a000         xrw
ram1             0x10000000         0x00002000         xrw
*default*        0x00000000         0xffffffff

Linker script and memory map

                0x2000a000                _eram = 0x2000a000

.text           0x08000000     0x5fac
 *(.isr_vector)
 .isr_vector    0x08000000      0x188 ..\obj\startup_stm32f30x.o
                0x08000000                g_pfnVectors
 *(.text*)
 .text.RCC_AHBPeriphClockCmd
                0x08000188       0x3c ..\obj\stm32f30x_rcc.o
                0x08000188                RCC_AHBPeriphClockCmd
 .text.RCC_APB2PeriphClockCmd
                0x080001c4       0x3c ..\obj\stm32f30x_rcc.o
                0x080001c4                RCC_APB2PeriphClockCmd
 .text.RCC_APB1PeriphClockCmd
                0x08000200       0x3c ..\obj\stm32f30x_rcc.o
                0x08000200                RCC_APB1PeriphClockCmd
 .text.getLEDcode
                0x0800023c      0x1a8 ..\obj\ledDigits.o
                0x0800023c                getLEDcode
 .text.getLEDcodeArray
                0x080003e4       0x54 ..\obj\ledDigits.o
                0x080003e4                getLEDcodeArray
 .text.GPIO_Init
                0x08000438      0x12c ..\obj\stm32f30x_gpio.o
                0x08000438                GPIO_Init
 .text.main     0x08000564       0x18 ..\obj\main.o
                0x08000564                main
 .text.TIM7_IRQHandler
                0x0800057c       0xcc ..\obj\main.o
                0x0800057c                TIM7_IRQHandler
 .text.EXTI9_5_IRQHandler
                0x08000648       0x34 ..\obj\main.o
                0x08000648                EXTI9_5_IRQHandler
 .text.GPIOinit
                0x0800067c       0xc0 ..\obj\init.o
                0x0800067c                GPIOinit
 .text.EXTIinit
                0x0800073c       0x74 ..\obj\init.o
                0x0800073c                EXTIinit
 .text.NVICinit
                0x080007b0       0x40 ..\obj\init.o
                0x080007b0                NVICinit
 .text.TIMinit  0x080007f0       0x44 ..\obj\init.o
                0x080007f0                TIMinit
 .text.EXTI_Init
                0x08000834      0x1f4 ..\obj\stm32f30x_exti.o
                0x08000834                EXTI_Init
 .text.EXTI_ClearFlag
                0x08000a28       0x30 ..\obj\stm32f30x_exti.o
                0x08000a28                EXTI_ClearFlag
 .text.getMenuParameter
                0x08000a58      0x1e4 ..\obj\menu.o
                0x08000a58                getMenuParameter
 .text.getTemplate
                0x08000c3c       0x80 ..\obj\menu.o
                0x08000c3c                getTemplate
 .text.getDisp1
                0x08000cbc       0x98 ..\obj\menu.o
                0x08000cbc                getDisp1
 .text.getDisp2
                0x08000d54       0xd4 ..\obj\menu.o
                0x08000d54                getDisp2
 .text.SystemInit1
                0x08000e28       0x84 ..\obj\system_stm32f30x_temp.o
                0x08000e28                SystemInit
                0x08000e28                SystemInit1
 .text.SetSysClock1
                0x08000eac       0xe0 ..\obj\system_stm32f30x_temp.o
                0x08000eac                SetSysClock
 .text._sbrk    0x08000f8c       0x3c ..\obj\syscalls.o
                0x08000f8c                _sbrk
 .text.NVIC_Init
                0x08000fc8       0xc4 ..\obj\stm32f30x_misc.o
                0x08000fc8                NVIC_Init
 .text.TIM_TimeBaseInit
                0x0800108c       0xec ..\obj\stm32f30x_tim.o
                0x0800108c                TIM_TimeBaseInit
 .text.TIM_Cmd  0x08001178       0x40 ..\obj\stm32f30x_tim.o
                0x08001178                TIM_Cmd
 .text.TIM_ITConfig
                0x080011b8       0x40 ..\obj\stm32f30x_tim.o
                0x080011b8                TIM_ITConfig
 .text.TIM_ClearITPendingBit
                0x080011f8       0x24 ..\obj\stm32f30x_tim.o
                0x080011f8                TIM_ClearITPendingBit
 .text.Reset_Handler
                0x0800121c       0x44 ..\obj\startup_stm32f30x.o
                0x0800121c                Reset_Handler
 .text.Default_Handler
                0x08001260        0x2 ..\obj\startup_stm32f30x.o
                0x08001260                RTC_Alarm_IRQHandler
                0x08001260                TIM8_TRG_COM_IRQHandler
                0x08001260                TIM8_CC_IRQHandler
                0x08001260                DebugMon_Handler
                0x08001260                TIM1_CC_IRQHandler
                0x08001260                HardFault_Handler
                0x08001260                USB_HP_IRQHandler
                0x08001260                SysTick_Handler
                0x08001260                PVD_IRQHandler
                0x08001260                PendSV_Handler
                0x08001260                NMI_Handler
                0x08001260                EXTI3_IRQHandler
                0x08001260                EXTI0_IRQHandler
                0x08001260                I2C2_EV_IRQHandler
                0x08001260                FPU_IRQHandler
                0x08001260                EXTI2_TS_IRQHandler
                0x08001260                TIM1_UP_TIM16_IRQHandler
                0x08001260                UsageFault_Handler
                0x08001260                ADC1_2_IRQHandler
                0x08001260                SPI1_IRQHandler
                0x08001260                TIM6_DAC_IRQHandler
                0x08001260                TIM8_UP_IRQHandler
                0x08001260                DMA2_Channel2_IRQHandler
                0x08001260                DMA1_Channel4_IRQHandler
                0x08001260                USART3_IRQHandler
                0x08001260                DMA1_Channel7_IRQHandler
                0x08001260                CAN1_RX1_IRQHandler
                0x08001260                UART5_IRQHandler
                0x08001260                ADC3_IRQHandler
                0x08001260                TIM4_IRQHandler
                0x08001260                DMA2_Channel1_IRQHandler
                0x08001260                I2C1_EV_IRQHandler
                0x08001260                DMA1_Channel6_IRQHandler
                0x08001260                UART4_IRQHandler
                0x08001260                DMA2_Channel4_IRQHandler
                0x08001260                TIM3_IRQHandler
                0x08001260                RCC_IRQHandler
                0x08001260                DMA1_Channel1_IRQHandler
                0x08001260                Default_Handler
                0x08001260                USBWakeUp_RMP_IRQHandler
                0x08001260                EXTI15_10_IRQHandler
                0x08001260                TAMPER_STAMP_IRQHandler
                0x08001260                RTC_WKUP_IRQHandler
                0x08001260                SPI2_IRQHandler
                0x08001260                MemManage_Handler
                0x08001260                SVC_Handler
                0x08001260                DMA2_Channel5_IRQHandler
                0x08001260                DMA1_Channel5_IRQHandler
                0x08001260                USB_LP_IRQHandler
                0x08001260                EXTI4_IRQHandler
                0x08001260                USB_LP_CAN1_RX0_IRQHandler
                0x08001260                TIM1_TRG_COM_TIM17_IRQHandler
                0x08001260                USB_HP_CAN1_TX_IRQHandler
                0x08001260                DMA1_Channel3_IRQHandler
                0x08001260                ADC4_IRQHandler
                0x08001260                WWDG_IRQHandler
                0x08001260                TIM2_IRQHandler
                0x08001260                COMP7_IRQHandler
                0x08001260                COMP1_2_3_IRQHandler
                0x08001260                EXTI1_IRQHandler
                0x08001260                USART2_IRQHandler
                0x08001260                COMP4_5_6_IRQHandler
                0x08001260                I2C2_ER_IRQHandler
                0x08001260                DMA1_Channel2_IRQHandler
                0x08001260                TIM8_BRK_IRQHandler
                0x08001260                CAN1_SCE_IRQHandler
                0x08001260                FLASH_IRQHandler
                0x08001260                BusFault_Handler
                0x08001260                USART1_IRQHandler
                0x08001260                SPI3_IRQHandler
                0x08001260                I2C1_ER_IRQHandler
                0x08001260                USBWakeUp_IRQHandler
                0x08001260                DMA2_Channel3_IRQHandler
                0x08001260                TIM1_BRK_TIM15_IRQHandler
 *fill*         0x08001262        0x2 
 .text.SYSCFG_EXTILineConfig
                0x08001264       0x84 ..\obj\stm32f30x_syscfg.o
                0x08001264                SYSCFG_EXTILineConfig
 .text          0x080012e8      0x370 c:/program files (x86)/gnu tools arm embedded/5.3 2016q1/bin/../lib/gcc/arm-none-eabi/5.3.1/armv7e-m\libgcc.a(_arm_addsubdf3.o)
                0x080012e8                __aeabi_drsub
                0x080012f0                __aeabi_dsub
                0x080012f0                __subdf3
                0x080012f4                __aeabi_dadd
                0x080012f4                __adddf3
                0x0800156c                __floatunsidf
                0x0800156c                __aeabi_ui2d
                0x0800158c                __floatsidf
                0x0800158c                __aeabi_i2d
                0x080015b0                __aeabi_f2d
                0x080015b0                __extendsfdf2
                0x080015ec                __floatundidf
                0x080015ec                __aeabi_ul2d
                0x080015fc                __floatdidf
                0x080015fc                __aeabi_l2d
 .text          0x08001658      0x424 c:/program files (x86)/gnu tools arm embedded/5.3 2016q1/bin/../lib/gcc/arm-none-eabi/5.3.1/armv7e-m\libgcc.a(_arm_muldivdf3.o)
                0x08001658                __aeabi_dmul
                0x08001658                __muldf3
                0x080018ac                __divdf3
                0x080018ac                __aeabi_ddiv
 .text          0x08001a7c      0x110 c:/program files (x86)/gnu tools arm embedded/5.3 2016q1/bin/../lib/gcc/arm-none-eabi/5.3.1/armv7e-m\libgcc.a(_arm_cmpdf2.o)
                0x08001a7c                __gtdf2
                0x08001a7c                __gedf2
                0x08001a84                __ltdf2
                0x08001a84                __ledf2
                0x08001a8c                __nedf2
                0x08001a8c                __eqdf2
                0x08001a8c                __cmpdf2
                0x08001b08                __aeabi_cdrcmple
                0x08001b18                __aeabi_cdcmpeq
                0x08001b18                __aeabi_cdcmple
                0x08001b28                __aeabi_dcmpeq
                0x08001b3c                __aeabi_dcmplt
                0x08001b50                __aeabi_dcmple
                0x08001b64                __aeabi_dcmpge
                0x08001b78                __aeabi_dcmpgt
 .text          0x08001b8c       0x50 c:/program files (x86)/gnu tools arm embedded/5.3 2016q1/bin/../lib/gcc/arm-none-eabi/5.3.1/armv7e-m\libgcc.a(_arm_fixdfsi.o)
                0x08001b8c                __aeabi_d2iz
                0x08001b8c                __fixdfsi
 .text.sprintf  0x08001bdc       0x4c c:/program files (x86)/gnu tools arm embedded/5.3 2016q1/bin/../lib/gcc/arm-none-eabi/5.3.1/../../../../arm-none-eabi/lib/armv7e-m\libg.a(lib_a-sprintf.o)
                0x08001bdc                sprintf
 .text._svfprintf_r
                0x08001c28     0x169c c:/program files (x86)/gnu tools arm embedded/5.3 2016q1/bin/../lib/gcc/arm-none-eabi/5.3.1/../../../../arm-none-eabi/lib/armv7e-m\libg.a(lib_a-svfprintf.o)
                0x08001c28                _svfprintf_r
 .text.quorem   0x080032c4      0x128 c:/program files (x86)/gnu tools arm embedded/5.3 2016q1/bin/../lib/gcc/arm-none-eabi/5.3.1/../../../../arm-none-eabi/lib/armv7e-m\libg.a(lib_a-dtoa.o)
 *fill*         0x080033ec        0x4 
 .text._dtoa_r  0x080033f0      0xe58 c:/program files (x86)/gnu tools arm embedded/5.3 2016q1/bin/../lib/gcc/arm-none-eabi/5.3.1/../../../../arm-none-eabi/lib/armv7e-m\libg.a(lib_a-dtoa.o)
                0x080033f0                _dtoa_r
 .text._localeconv_r
                0x08004248        0x8 c:/program files (x86)/gnu tools arm embedded/5.3 2016q1/bin/../lib/gcc/arm-none-eabi/5.3.1/../../../../arm-none-eabi/lib/armv7e-m\libg.a(lib_a-locale.o)
                0x08004248                _localeconv_r
 .text._malloc_r
                0x08004250      0x570 c:/program files (x86)/gnu tools arm embedded/5.3 2016q1/bin/../lib/gcc/arm-none-eabi/5.3.1/../../../../arm-none-eabi/lib/armv7e-m\libg.a(lib_a-mallocr.o)
                0x08004250                _malloc_r
 .text          0x080047c0       0xa0 c:/program files (x86)/gnu tools arm embedded/5.3 2016q1/bin/../lib/gcc/arm-none-eabi/5.3.1/../../../../arm-none-eabi/lib/armv7e-m\libg.a(lib_a-memchr.o)
                0x080047c0                memchr
 .text          0x08004860      0x134 c:/program files (x86)/gnu tools arm embedded/5.3 2016q1/bin/../lib/gcc/arm-none-eabi/5.3.1/../../../../arm-none-eabi/lib/armv7e-m\libg.a(lib_a-memcpy.o)
                0x08004860                memcpy
 .text.__malloc_lock
                0x08004994        0x4 c:/program files (x86)/gnu tools arm embedded/5.3 2016q1/bin/../lib/gcc/arm-none-eabi/5.3.1/../../../../arm-none-eabi/lib/armv7e-m\libg.a(lib_a-mlock.o)
                0x08004994                __malloc_lock
 .text.__malloc_unlock
                0x08004998        0x4 c:/program files (x86)/gnu tools arm embedded/5.3 2016q1/bin/../lib/gcc/arm-none-eabi/5.3.1/../../../../arm-none-eabi/lib/armv7e-m\libg.a(lib_a-mlock.o)
                0x08004998                __malloc_unlock
 .text._Balloc  0x0800499c       0x4c c:/program files (x86)/gnu tools arm embedded/5.3 2016q1/bin/../lib/gcc/arm-none-eabi/5.3.1/../../../../arm-none-eabi/lib/armv7e-m\libg.a(lib_a-mprec.o)
                0x0800499c                _Balloc
 .text._Bfree   0x080049e8       0x14 c:/program files (x86)/gnu tools arm embedded/5.3 2016q1/bin/../lib/gcc/arm-none-eabi/5.3.1/../../../../arm-none-eabi/lib/armv7e-m\libg.a(lib_a-mprec.o)
                0x080049e8                _Bfree
 .text.__multadd
                0x080049fc       0x80 c:/program files (x86)/gnu tools arm embedded/5.3 2016q1/bin/../lib/gcc/arm-none-eabi/5.3.1/../../../../arm-none-eabi/lib/armv7e-m\libg.a(lib_a-mprec.o)
                0x080049fc                __multadd
 .text.__hi0bits
                0x08004a7c       0x40 c:/program files (x86)/gnu tools arm embedded/5.3 2016q1/bin/../lib/gcc/arm-none-eabi/5.3.1/../../../../arm-none-eabi/lib/armv7e-m\libg.a(lib_a-mprec.o)
                0x08004a7c                __hi0bits
 .text.__lo0bits
                0x08004abc       0x5c c:/program files (x86)/gnu tools arm embedded/5.3 2016q1/bin/../lib/gcc/arm-none-eabi/5.3.1/../../../../arm-none-eabi/lib/armv7e-m\libg.a(lib_a-mprec.o)
                0x08004abc                __lo0bits
 .text.__i2b    0x08004b18       0x14 c:/program files (x86)/gnu tools arm embedded/5.3 2016q1/bin/../lib/gcc/arm-none-eabi/5.3.1/../../../../arm-none-eabi/lib/armv7e-m\libg.a(lib_a-mprec.o)
                0x08004b18                __i2b
 .text.__multiply
                0x08004b2c      0x130 c:/program files (x86)/gnu tools arm embedded/5.3 2016q1/bin/../lib/gcc/arm-none-eabi/5.3.1/../../../../arm-none-eabi/lib/armv7e-m\libg.a(lib_a-mprec.o)
                0x08004b2c                __multiply
 .text.__pow5mult
                0x08004c5c       0xa0 c:/program files (x86)/gnu tools arm embedded/5.3 2016q1/bin/../lib/gcc/arm-none-eabi/5.3.1/../../../../arm-none-eabi/lib/armv7e-m\libg.a(lib_a-mprec.o)
                0x08004c5c                __pow5mult
 .text.__lshift
                0x08004cfc       0xb0 c:/program files (x86)/gnu tools arm embedded/5.3 2016q1/bin/../lib/gcc/arm-none-eabi/5.3.1/../../../../arm-none-eabi/lib/armv7e-m\libg.a(lib_a-mprec.o)
                0x08004cfc                __lshift
 .text.__mcmp   0x08004dac       0x40 c:/program files (x86)/gnu tools arm embedded/5.3 2016q1/bin/../lib/gcc/arm-none-eabi/5.3.1/../../../../arm-none-eabi/lib/armv7e-m\libg.a(lib_a-mprec.o)
                0x08004dac                __mcmp
 .text.__mdiff  0x08004dec      0x114 c:/program files (x86)/gnu tools arm embedded/5.3 2016q1/bin/../lib/gcc/arm-none-eabi/5.3.1/../../../../arm-none-eabi/lib/armv7e-m\libg.a(lib_a-mprec.o)
                0x08004dec                __mdiff
 .text.__d2b    0x08004f00       0xb8 c:/program files (x86)/gnu tools arm embedded/5.3 2016q1/bin/../lib/gcc/arm-none-eabi/5.3.1/../../../../arm-none-eabi/lib/armv7e-m\libg.a(lib_a-mprec.o)
                0x08004f00                __d2b
 .text._sbrk_r  0x08004fb8       0x24 c:/program files (x86)/gnu tools arm embedded/5.3 2016q1/bin/../lib/gcc/arm-none-eabi/5.3.1/../../../../arm-none-eabi/lib/armv7e-m\libg.a(lib_a-sbrkr.o)
                0x08004fb8                _sbrk_r
 *fill*         0x08004fdc       0x24 
 .text          0x08005000       0xdc c:/program files (x86)/gnu tools arm embedded/5.3 2016q1/bin/../lib/gcc/arm-none-eabi/5.3.1/../../../../arm-none-eabi/lib/armv7e-m\libg.a(lib_a-strlen.o)
                0x08005000                strlen
 .text.__ssprint_r
                0x080050dc      0x100 c:/program files (x86)/gnu tools arm embedded/5.3 2016q1/bin/../lib/gcc/arm-none-eabi/5.3.1/../../../../arm-none-eabi/lib/armv7e-m\libg.a(lib_a-svfiprintf.o)
                0x080050dc                __ssprint_r
 .text._calloc_r
                0x080051dc       0x60 c:/program files (x86)/gnu tools arm embedded/5.3 2016q1/bin/../lib/gcc/arm-none-eabi/5.3.1/../../../../arm-none-eabi/lib/armv7e-m\libg.a(lib_a-callocr.o)
                0x080051dc                _calloc_r
 .text._malloc_trim_r
                0x0800523c       0x9c c:/program files (x86)/gnu tools arm embedded/5.3 2016q1/bin/../lib/gcc/arm-none-eabi/5.3.1/../../../../arm-none-eabi/lib/armv7e-m\libg.a(lib_a-freer.o)
                0x0800523c                _malloc_trim_r
 .text._free_r  0x080052d8      0x1d0 c:/program files (x86)/gnu tools arm embedded/5.3 2016q1/bin/../lib/gcc/arm-none-eabi/5.3.1/../../../../arm-none-eabi/lib/armv7e-m\libg.a(lib_a-freer.o)
                0x080052d8                _free_r
 .text.memmove  0x080054a8       0xc8 c:/program files (x86)/gnu tools arm embedded/5.3 2016q1/bin/../lib/gcc/arm-none-eabi/5.3.1/../../../../arm-none-eabi/lib/armv7e-m\libg.a(lib_a-memmove.o)
                0x080054a8                memmove
 .text.memset   0x08005570       0x9c c:/program files (x86)/gnu tools arm embedded/5.3 2016q1/bin/../lib/gcc/arm-none-eabi/5.3.1/../../../../arm-none-eabi/lib/armv7e-m\libg.a(lib_a-memset.o)
                0x08005570                memset
 .text._realloc_r
                0x0800560c      0x3e0 c:/program files (x86)/gnu tools arm embedded/5.3 2016q1/bin/../lib/gcc/arm-none-eabi/5.3.1/../../../../arm-none-eabi/lib/armv7e-m\libg.a(lib_a-reallocr.o)
                0x0800560c                _realloc_r
 .text          0x080059ec       0x2c c:/program files (x86)/gnu tools arm embedded/5.3 2016q1/bin/../lib/gcc/arm-none-eabi/5.3.1/armv7e-m\libgcc.a(_arm_unorddf2.o)
                0x080059ec                __unorddf2
                0x080059ec                __aeabi_dcmpun
 .text          0x08005a18       0x30 c:/program files (x86)/gnu tools arm embedded/5.3 2016q1/bin/../lib/gcc/arm-none-eabi/5.3.1/armv7e-m\libgcc.a(_aeabi_uldivmod.o)
                0x08005a18                __aeabi_uldivmod
 .text          0x08005a48      0x2e4 c:/program files (x86)/gnu tools arm embedded/5.3 2016q1/bin/../lib/gcc/arm-none-eabi/5.3.1/armv7e-m\libgcc.a(_udivmoddi4.o)
                0x08005a48                __udivmoddi4
 .text          0x08005d2c        0x4 c:/program files (x86)/gnu tools arm embedded/5.3 2016q1/bin/../lib/gcc/arm-none-eabi/5.3.1/armv7e-m\libgcc.a(_dvmd_tls.o)
                0x08005d2c                __aeabi_idiv0
                0x08005d2c                __aeabi_ldiv0
 *(.init)
 *(.fini)
 *crtbegin.o(.ctors)
 *crtbegin?.o(.ctors)
 *(EXCLUDE_FILE(*crtend.o *crtend?.o) .ctors)
 *(SORT(.ctors.*))
 *(.ctors)
 *crtbegin.o(.dtors)
 *crtbegin?.o(.dtors)
 *(EXCLUDE_FILE(*crtend.o *crtend?.o) .dtors)
 *(SORT(.dtors.*))
 *(.dtors)
 *(.rodata*)
 .rodata        0x08005d30       0xf5 ..\obj\menu.o
 *fill*         0x08005e25        0x3 
 .rodata.zeroes.7035
                0x08005e28       0x10 c:/program files (x86)/gnu tools arm embedded/5.3 2016q1/bin/../lib/gcc/arm-none-eabi/5.3.1/../../../../arm-none-eabi/lib/armv7e-m\libg.a(lib_a-svfprintf.o)
 .rodata.str1.4
                0x08005e38       0x42 c:/program files (x86)/gnu tools arm embedded/5.3 2016q1/bin/../lib/gcc/arm-none-eabi/5.3.1/../../../../arm-none-eabi/lib/armv7e-m\libg.a(lib_a-svfprintf.o)
 *fill*         0x08005e7a        0x2 
 .rodata.blanks.7034
                0x08005e7c       0x10 c:/program files (x86)/gnu tools arm embedded/5.3 2016q1/bin/../lib/gcc/arm-none-eabi/5.3.1/../../../../arm-none-eabi/lib/armv7e-m\libg.a(lib_a-svfprintf.o)
 .rodata.str1.4
                0x08005e8c       0x10 c:/program files (x86)/gnu tools arm embedded/5.3 2016q1/bin/../lib/gcc/arm-none-eabi/5.3.1/../../../../arm-none-eabi/lib/armv7e-m\libg.a(lib_a-dtoa.o)
                                 0x12 (size before relaxing)
 .rodata.str1.4
                0x08005e9c        0x2 c:/program files (x86)/gnu tools arm embedded/5.3 2016q1/bin/../lib/gcc/arm-none-eabi/5.3.1/../../../../arm-none-eabi/lib/armv7e-m\libg.a(lib_a-impure.o)
 *fill*         0x08005e9e        0x2 
 .rodata.str1.4
                0x08005ea0        0xc c:/program files (x86)/gnu tools arm embedded/5.3 2016q1/bin/../lib/gcc/arm-none-eabi/5.3.1/../../../../arm-none-eabi/lib/armv7e-m\libg.a(lib_a-locale.o)
                                 0x12 (size before relaxing)
 *fill*         0x08005eac        0x4 
 .rodata.__mprec_tens
                0x08005eb0       0xc8 c:/program files (x86)/gnu tools arm embedded/5.3 2016q1/bin/../lib/gcc/arm-none-eabi/5.3.1/../../../../arm-none-eabi/lib/armv7e-m\libg.a(lib_a-mprec.o)
                0x08005eb0                __mprec_tens
 .rodata.__mprec_bigtens
                0x08005f78       0x28 c:/program files (x86)/gnu tools arm embedded/5.3 2016q1/bin/../lib/gcc/arm-none-eabi/5.3.1/../../../../arm-none-eabi/lib/armv7e-m\libg.a(lib_a-mprec.o)
                0x08005f78                __mprec_bigtens
 .rodata.p05.5373
                0x08005fa0        0xc c:/program files (x86)/gnu tools arm embedded/5.3 2016q1/bin/../lib/gcc/arm-none-eabi/5.3.1/../../../../arm-none-eabi/lib/armv7e-m\libg.a(lib_a-mprec.o)
 *(.eh_fram e*)

.glue_7         0x08005fac        0x0
 .glue_7        0x08005fac        0x0 linker stubs

.glue_7t        0x08005fac        0x0
 .glue_7t       0x08005fac        0x0 linker stubs

.vfp11_veneer   0x08005fac        0x0
 .vfp11_veneer  0x08005fac        0x0 linker stubs

.v4_bx          0x08005fac        0x0
 .v4_bx         0x08005fac        0x0 linker stubs

.iplt           0x08005fac        0x0
 .iplt          0x08005fac        0x0 ..\obj\stm32f30x_rcc.o

.ARM.extab
 *(.ARM.extab* .gnu.linkonce.armextab.*)
                0x08005fac                __exidx_start = .

.ARM.exidx      0x08005fac        0x8
 *(.ARM.exidx* .gnu.linkonce.armexidx.*)
 .ARM.exidx     0x08005fac        0x8 c:/program files (x86)/gnu tools arm embedded/5.3 2016q1/bin/../lib/gcc/arm-none-eabi/5.3.1/armv7e-m\libgcc.a(_udivmoddi4.o)
                0x08005fb4                __exidx_end = .
                0x08005fb4                __etext = .
                0x08005fb4                _sidata = __etext

.rel.dyn        0x08005fb4        0x0
 .rel.iplt      0x08005fb4        0x0 ..\obj\stm32f30x_rcc.o

.data           0x20000000      0xa14 load address 0x08005fb4
                0x20000000                __data_start__ = .
                0x20000000                _sdata = __data_start__
 *(vtable)
 *(.data*)
 .data          0x20000000       0xc8 ..\obj\main.o
                0x20000000                scale
                0x20000010                limit
                0x20000030                threePosSet
                0x20000050                pidSet
 .data          0x200000c8       0xd8 ..\obj\menu.o
 .data.impure_data
                0x200001a0      0x428 c:/program files (x86)/gnu tools arm embedded/5.3 2016q1/bin/../lib/gcc/arm-none-eabi/5.3.1/../../../../arm-none-eabi/lib/armv7e-m\libg.a(lib_a-impure.o)
 .data._impure_ptr
                0x200005c8        0x4 c:/program files (x86)/gnu tools arm embedded/5.3 2016q1/bin/../lib/gcc/arm-none-eabi/5.3.1/../../../../arm-none-eabi/lib/armv7e-m\libg.a(lib_a-impure.o)
                0x200005c8                _impure_ptr
 .data.lconv    0x200005cc       0x38 c:/program files (x86)/gnu tools arm embedded/5.3 2016q1/bin/../lib/gcc/arm-none-eabi/5.3.1/../../../../arm-none-eabi/lib/armv7e-m\libg.a(lib_a-locale.o)
 .data.__malloc_av_
                0x20000604      0x408 c:/program files (x86)/gnu tools arm embedded/5.3 2016q1/bin/../lib/gcc/arm-none-eabi/5.3.1/../../../../arm-none-eabi/lib/armv7e-m\libg.a(lib_a-mallocr.o)
                0x20000604                __malloc_av_
 .data.__malloc_trim_threshold
                0x20000a0c        0x4 c:/program files (x86)/gnu tools arm embedded/5.3 2016q1/bin/../lib/gcc/arm-none-eabi/5.3.1/../../../../arm-none-eabi/lib/armv7e-m\libg.a(lib_a-mallocr.o)
                0x20000a0c                __malloc_trim_threshold
 .data.__malloc_sbrk_base
                0x20000a10        0x4 c:/program files (x86)/gnu tools arm embedded/5.3 2016q1/bin/../lib/gcc/arm-none-eabi/5.3.1/../../../../arm-none-eabi/lib/armv7e-m\libg.a(lib_a-mallocr.o)
                0x20000a10                __malloc_sbrk_base
                0x20000a14                . = ALIGN (0x4)
                [!provide]                PROVIDE (__preinit_array_start, .)
 *(.preinit_array)
                [!provide]                PROVIDE (__preinit_array_end, .)
                0x20000a14                . = ALIGN (0x4)
                [!provide]                PROVIDE (__init_array_start, .)
 *(SORT(.init_array.*))
 *(.init_array)
                [!provide]                PROVIDE (__init_array_end, .)
                0x20000a14                . = ALIGN (0x4)
                [!provide]                PROVIDE (__fini_array_start, .)
 *(SORT(.fini_array.*))
 *(.fini_array)
                [!provide]                PROVIDE (__fini_array_end, .)
 *(.jcr*)
                0x20000a14                . = ALIGN (0x4)
                0x20000a14                __data_end__ = .
                0x20000a14                _edata = __data_end__

.igot.plt       0x20000a14        0x0 load address 0x080069c8
 .igot.plt      0x20000a14        0x0 ..\obj\stm32f30x_rcc.o

.bss            0x20000a18       0x90 load address 0x080069d0
                0x20000a18                . = ALIGN (0x4)
                0x20000a18                __bss_start__ = .
                0x20000a18                _sbss = __bss_start__
 *(.bss*)
 .bss           0x20000a18       0x44 ..\obj\main.o
                0x20000a18                mode
                0x20000a1a                AUTO
                0x20000a20                pv
                0x20000a28                sp
                0x20000a30                out
                0x20000a38                twoPosSet
 .bss           0x20000a5c        0xd ..\obj\menu.o
 *fill*         0x20000a69        0x3 
 .bss           0x20000a6c        0x4 ..\obj\syscalls.o
 .bss.__malloc_max_total_mem
                0x20000a70        0x4 c:/program files (x86)/gnu tools arm embedded/5.3 2016q1/bin/../lib/gcc/arm-none-eabi/5.3.1/../../../../arm-none-eabi/lib/armv7e-m\libg.a(lib_a-mallocr.o)
                0x20000a70                __malloc_max_total_mem
 .bss.__malloc_max_sbrked_mem
                0x20000a74        0x4 c:/program files (x86)/gnu tools arm embedded/5.3 2016q1/bin/../lib/gcc/arm-none-eabi/5.3.1/../../../../arm-none-eabi/lib/armv7e-m\libg.a(lib_a-mallocr.o)
                0x20000a74                __malloc_max_sbrked_mem
 .bss.__malloc_top_pad
                0x20000a78        0x4 c:/program files (x86)/gnu tools arm embedded/5.3 2016q1/bin/../lib/gcc/arm-none-eabi/5.3.1/../../../../arm-none-eabi/lib/armv7e-m\libg.a(lib_a-mallocr.o)
                0x20000a78                __malloc_top_pad
 .bss.__malloc_current_mallinfo
                0x20000a7c       0x28 c:/program files (x86)/gnu tools arm embedded/5.3 2016q1/bin/../lib/gcc/arm-none-eabi/5.3.1/../../../../arm-none-eabi/lib/armv7e-m\libg.a(lib_a-mallocr.o)
                0x20000a7c                __malloc_current_mallinfo
 *(COMMON)
 COMMON         0x20000aa4        0x4 c:/program files (x86)/gnu tools arm embedded/5.3 2016q1/bin/../lib/gcc/arm-none-eabi/5.3.1/../../../../arm-none-eabi/lib/armv7e-m\libg.a(lib_a-reent.o)
                0x20000aa4                errno
                0x20000aa8                . = ALIGN (0x4)
                0x20000aa8                __bss_end__ = .
                0x20000aa8                _ebss = __bss_end__

.heap           0x20000aa8        0x0
                0x20000aa8                __end__ = .
                0x20000aa8                _end = __end__
                0x20000aa8                end = __end__
 *(.heap*)
                0x20000aa8                __HeapLimit = .

.co_stack       0x20000aa8        0x0
                0x20000aa8                . = ALIGN (0x8)
 *(.co_stack .co_stack.*)
                0x2000a000                __StackTop = (ORIGIN (ram) + LENGTH (ram))
                0x2000a000                __StackLimit = (__StackTop - SIZEOF (.co_stack))
                [!provide]                PROVIDE (__stack, __StackTop)
                0x00000001                ASSERT ((__StackLimit >= __HeapLimit), region ram  overflowed with stack)
LOAD ..\obj\stm32f30x_rcc.o
LOAD ..\obj\twoPos.o
LOAD ..\obj\stm32f30x_adc.o
LOAD ..\obj\globals.o
LOAD ..\obj\ledDigits.o
LOAD ..\obj\stm32f30x_gpio.o
LOAD ..\obj\main.o
LOAD ..\obj\stm32f30x_dma.o
LOAD ..\obj\init.o
LOAD ..\obj\stm32f30x_exti.o
LOAD ..\obj\menu.o
LOAD ..\obj\system_stm32f30x_temp.o
LOAD ..\obj\syscalls.o
LOAD ..\obj\stm32f30x_misc.o
LOAD ..\obj\stm32f30x_tim.o
LOAD ..\obj\startup_stm32f30x.o
LOAD ..\obj\stm32f30x_syscfg.o
LOAD ..\obj\threePos.o
LOAD ..\obj\pid.o
START GROUP
LOAD c:/program files (x86)/gnu tools arm embedded/5.3 2016q1/bin/../lib/gcc/arm-none-eabi/5.3.1/armv7e-m\libgcc.a
LOAD c:/program files (x86)/gnu tools arm embedded/5.3 2016q1/bin/../lib/gcc/arm-none-eabi/5.3.1/../../../../arm-none-eabi/lib/armv7e-m\libg.a
LOAD c:/program files (x86)/gnu tools arm embedded/5.3 2016q1/bin/../lib/gcc/arm-none-eabi/5.3.1/../../../../arm-none-eabi/lib/armv7e-m\libc.a
END GROUP
OUTPUT(UReg.elf elf32-littlearm)

.debug_info     0x00000000     0x5e9e
 .debug_info    0x00000000      0xacc ..\obj\stm32f30x_rcc.o
 .debug_info    0x00000acc       0xfb ..\obj\ledDigits.o
 .debug_info    0x00000bc7      0x612 ..\obj\stm32f30x_gpio.o
 .debug_info    0x000011d9      0x6b3 ..\obj\main.o
 .debug_info    0x0000188c      0x7f1 ..\obj\init.o
 .debug_info    0x0000207d      0x3c4 ..\obj\stm32f30x_exti.o
 .debug_info    0x00002441      0x67b ..\obj\menu.o
 .debug_info    0x00002abc      0x4bb ..\obj\system_stm32f30x_temp.o
 .debug_info    0x00002f77      0x3f5 ..\obj\syscalls.o
 .debug_info    0x0000336c      0x556 ..\obj\stm32f30x_misc.o
 .debug_info    0x000038c2     0x218c ..\obj\stm32f30x_tim.o
 .debug_info    0x00005a4e       0x82 ..\obj\startup_stm32f30x.o
 .debug_info    0x00005ad0      0x3ce ..\obj\stm32f30x_syscfg.o

.debug_abbrev   0x00000000      0xffb
 .debug_abbrev  0x00000000      0x1e5 ..\obj\stm32f30x_rcc.o
 .debug_abbrev  0x000001e5       0x94 ..\obj\ledDigits.o
 .debug_abbrev  0x00000279      0x198 ..\obj\stm32f30x_gpio.o
 .debug_abbrev  0x00000411      0x13d ..\obj\main.o
 .debug_abbrev  0x0000054e      0x11b ..\obj\init.o
 .debug_abbrev  0x00000669      0x17e ..\obj\stm32f30x_exti.o
 .debug_abbrev  0x000007e7      0x183 ..\obj\menu.o
 .debug_abbrev  0x0000096a      0x147 ..\obj\system_stm32f30x_temp.o
 .debug_abbrev  0x00000ab1       0xe5 ..\obj\syscalls.o
 .debug_abbrev  0x00000b96      0x147 ..\obj\stm32f30x_misc.o
 .debug_abbrev  0x00000cdd      0x189 ..\obj\stm32f30x_tim.o
 .debug_abbrev  0x00000e66       0x12 ..\obj\startup_stm32f30x.o
 .debug_abbrev  0x00000e78      0x183 ..\obj\stm32f30x_syscfg.o

.debug_aranges  0x00000000      0x878
 .debug_aranges
                0x00000000      0x150 ..\obj\stm32f30x_rcc.o
 .debug_aranges
                0x00000150       0x28 ..\obj\ledDigits.o
 .debug_aranges
                0x00000178       0x80 ..\obj\stm32f30x_gpio.o
 .debug_aranges
                0x000001f8       0x30 ..\obj\main.o
 .debug_aranges
                0x00000228       0x38 ..\obj\init.o
 .debug_aranges
                0x00000260       0x58 ..\obj\stm32f30x_exti.o
 .debug_aranges
                0x000002b8       0x98 ..\obj\menu.o
 .debug_aranges
                0x00000350       0x30 ..\obj\system_stm32f30x_temp.o
 .debug_aranges
                0x00000380       0x60 ..\obj\syscalls.o
 .debug_aranges
                0x000003e0       0x40 ..\obj\stm32f30x_misc.o
 .debug_aranges
                0x00000420      0x3a8 ..\obj\stm32f30x_tim.o
 .debug_aranges
                0x000007c8       0x28 ..\obj\startup_stm32f30x.o
 .debug_aranges
                0x000007f0       0x88 ..\obj\stm32f30x_syscfg.o

.debug_ranges   0x00000000      0x7b0
 .debug_ranges  0x00000000      0x140 ..\obj\stm32f30x_rcc.o
 .debug_ranges  0x00000140       0x18 ..\obj\ledDigits.o
 .debug_ranges  0x00000158       0x70 ..\obj\stm32f30x_gpio.o
 .debug_ranges  0x000001c8       0x20 ..\obj\main.o
 .debug_ranges  0x000001e8       0x28 ..\obj\init.o
 .debug_ranges  0x00000210       0x48 ..\obj\stm32f30x_exti.o
 .debug_ranges  0x00000258       0x88 ..\obj\menu.o
 .debug_ranges  0x000002e0       0x20 ..\obj\system_stm32f30x_temp.o
 .debug_ranges  0x00000300       0x50 ..\obj\syscalls.o
 .debug_ranges  0x00000350       0x30 ..\obj\stm32f30x_misc.o
 .debug_ranges  0x00000380      0x398 ..\obj\stm32f30x_tim.o
 .debug_ranges  0x00000718       0x20 ..\obj\startup_stm32f30x.o
 .debug_ranges  0x00000738       0x78 ..\obj\stm32f30x_syscfg.o

.debug_line     0x00000000     0x28f5
 .debug_line    0x00000000      0x56c ..\obj\stm32f30x_rcc.o
 .debug_line    0x0000056c      0x156 ..\obj\ledDigits.o
 .debug_line    0x000006c2      0x307 ..\obj\stm32f30x_gpio.o
 .debug_line    0x000009c9      0x1d3 ..\obj\main.o
 .debug_line    0x00000b9c      0x252 ..\obj\init.o
 .debug_line    0x00000dee      0x281 ..\obj\stm32f30x_exti.o
 .debug_line    0x0000106f      0x371 ..\obj\menu.o
 .debug_line    0x000013e0      0x1df ..\obj\system_stm32f30x_temp.o
 .debug_line    0x000015bf      0x172 ..\obj\syscalls.o
 .debug_line    0x00001731      0x222 ..\obj\stm32f30x_misc.o
 .debug_line    0x00001953      0xc76 ..\obj\stm32f30x_tim.o
 .debug_line    0x000025c9       0x96 ..\obj\startup_stm32f30x.o
 .debug_line    0x0000265f      0x296 ..\obj\stm32f30x_syscfg.o

.debug_str      0x00000000     0x27a9
 .debug_str     0x00000000      0x759 ..\obj\stm32f30x_rcc.o
                                0x7ea (size before relaxing)
 .debug_str     0x00000759       0x76 ..\obj\ledDigits.o
                                0x196 (size before relaxing)
 .debug_str     0x000007cf      0x314 ..\obj\stm32f30x_gpio.o
                                0x495 (size before relaxing)
 .debug_str     0x00000ae3      0x1c1 ..\obj\main.o
                                0x3ca (size before relaxing)
 .debug_str     0x00000ca4      0x63d ..\obj\init.o
                                0x9de (size before relaxing)
 .debug_str     0x000012e1      0x116 ..\obj\stm32f30x_exti.o
                                0x376 (size before relaxing)
 .debug_str     0x000013f7      0x143 ..\obj\menu.o
                                0x3b7 (size before relaxing)
 .debug_str     0x0000153a       0xef ..\obj\system_stm32f30x_temp.o
                                0x300 (size before relaxing)
 .debug_str     0x00001629      0x14f ..\obj\syscalls.o
                                0x2b3 (size before relaxing)
 .debug_str     0x00001778      0x16b ..\obj\stm32f30x_misc.o
                                0x3c4 (size before relaxing)
 .debug_str     0x000018e3      0xc67 ..\obj\stm32f30x_tim.o
                                0xf6d (size before relaxing)
 .debug_str     0x0000254a      0x25f ..\obj\stm32f30x_syscfg.o
                                0x3f6 (size before relaxing)

.comment        0x00000000       0x6e
 .comment       0x00000000       0x6e ..\obj\stm32f30x_rcc.o
                                 0x6f (size before relaxing)
 .comment       0x0000006e       0x6f ..\obj\ledDigits.o
 .comment       0x0000006e       0x6f ..\obj\stm32f30x_gpio.o
 .comment       0x0000006e       0x6f ..\obj\main.o
 .comment       0x0000006e       0x6f ..\obj\init.o
 .comment       0x0000006e       0x6f ..\obj\stm32f30x_exti.o
 .comment       0x0000006e       0x6f ..\obj\menu.o
 .comment       0x0000006e       0x6f ..\obj\system_stm32f30x_temp.o
 .comment       0x0000006e       0x6f ..\obj\syscalls.o
 .comment       0x0000006e       0x6f ..\obj\stm32f30x_misc.o
 .comment       0x0000006e       0x6f ..\obj\stm32f30x_tim.o
 .comment       0x0000006e       0x6f ..\obj\stm32f30x_syscfg.o

.ARM.attributes
                0x00000000       0x31
 .ARM.attributes
                0x00000000       0x33 ..\obj\stm32f30x_rcc.o
 .ARM.attributes
                0x00000033       0x33 ..\obj\ledDigits.o
 .ARM.attributes
                0x00000066       0x33 ..\obj\stm32f30x_gpio.o
 .ARM.attributes
                0x00000099       0x33 ..\obj\main.o
 .ARM.attributes
                0x000000cc       0x33 ..\obj\init.o
 .ARM.attributes
                0x000000ff       0x33 ..\obj\stm32f30x_exti.o
 .ARM.attributes
                0x00000132       0x33 ..\obj\menu.o
 .ARM.attributes
                0x00000165       0x33 ..\obj\system_stm32f30x_temp.o
 .ARM.attributes
                0x00000198       0x33 ..\obj\syscalls.o
 .ARM.attributes
                0x000001cb       0x33 ..\obj\stm32f30x_misc.o
 .ARM.attributes
                0x000001fe       0x33 ..\obj\stm32f30x_tim.o
 .ARM.attributes
                0x00000231       0x21 ..\obj\startup_stm32f30x.o
 .ARM.attributes
                0x00000252       0x33 ..\obj\stm32f30x_syscfg.o
 .ARM.attributes
                0x00000285       0x1e c:/program files (x86)/gnu tools arm embedded/5.3 2016q1/bin/../lib/gcc/arm-none-eabi/5.3.1/armv7e-m\libgcc.a(_arm_addsubdf3.o)
 .ARM.attributes
                0x000002a3       0x1e c:/program files (x86)/gnu tools arm embedded/5.3 2016q1/bin/../lib/gcc/arm-none-eabi/5.3.1/armv7e-m\libgcc.a(_arm_muldivdf3.o)
 .ARM.attributes
                0x000002c1       0x1e c:/program files (x86)/gnu tools arm embedded/5.3 2016q1/bin/../lib/gcc/arm-none-eabi/5.3.1/armv7e-m\libgcc.a(_arm_cmpdf2.o)
 .ARM.attributes
                0x000002df       0x1e c:/program files (x86)/gnu tools arm embedded/5.3 2016q1/bin/../lib/gcc/arm-none-eabi/5.3.1/armv7e-m\libgcc.a(_arm_fixdfsi.o)
 .ARM.attributes
                0x000002fd       0x2e c:/program files (x86)/gnu tools arm embedded/5.3 2016q1/bin/../lib/gcc/arm-none-eabi/5.3.1/../../../../arm-none-eabi/lib/armv7e-m\libg.a(lib_a-sprintf.o)
 .ARM.attributes
                0x0000032b       0x2e c:/program files (x86)/gnu tools arm embedded/5.3 2016q1/bin/../lib/gcc/arm-none-eabi/5.3.1/../../../../arm-none-eabi/lib/armv7e-m\libg.a(lib_a-svfprintf.o)
 .ARM.attributes
                0x00000359       0x2e c:/program files (x86)/gnu tools arm embedded/5.3 2016q1/bin/../lib/gcc/arm-none-eabi/5.3.1/../../../../arm-none-eabi/lib/armv7e-m\libg.a(lib_a-dtoa.o)
 .ARM.attributes
                0x00000387       0x2e c:/program files (x86)/gnu tools arm embedded/5.3 2016q1/bin/../lib/gcc/arm-none-eabi/5.3.1/../../../../arm-none-eabi/lib/armv7e-m\libg.a(lib_a-impure.o)
 .ARM.attributes
                0x000003b5       0x2e c:/program files (x86)/gnu tools arm embedded/5.3 2016q1/bin/../lib/gcc/arm-none-eabi/5.3.1/../../../../arm-none-eabi/lib/armv7e-m\libg.a(lib_a-locale.o)
 .ARM.attributes
                0x000003e3       0x2e c:/program files (x86)/gnu tools arm embedded/5.3 2016q1/bin/../lib/gcc/arm-none-eabi/5.3.1/../../../../arm-none-eabi/lib/armv7e-m\libg.a(lib_a-mallocr.o)
 .ARM.attributes
                0x00000411       0x1c c:/program files (x86)/gnu tools arm embedded/5.3 2016q1/bin/../lib/gcc/arm-none-eabi/5.3.1/../../../../arm-none-eabi/lib/armv7e-m\libg.a(lib_a-memchr.o)
 .ARM.attributes
                0x0000042d       0x1c c:/program files (x86)/gnu tools arm embedded/5.3 2016q1/bin/../lib/gcc/arm-none-eabi/5.3.1/../../../../arm-none-eabi/lib/armv7e-m\libg.a(lib_a-memcpy.o)
 .ARM.attributes
                0x00000449       0x2e c:/program files (x86)/gnu tools arm embedded/5.3 2016q1/bin/../lib/gcc/arm-none-eabi/5.3.1/../../../../arm-none-eabi/lib/armv7e-m\libg.a(lib_a-mlock.o)
 .ARM.attributes
                0x00000477       0x2e c:/program files (x86)/gnu tools arm embedded/5.3 2016q1/bin/../lib/gcc/arm-none-eabi/5.3.1/../../../../arm-none-eabi/lib/armv7e-m\libg.a(lib_a-mprec.o)
 .ARM.attributes
                0x000004a5       0x2e c:/program files (x86)/gnu tools arm embedded/5.3 2016q1/bin/../lib/gcc/arm-none-eabi/5.3.1/../../../../arm-none-eabi/lib/armv7e-m\libg.a(lib_a-sbrkr.o)
 .ARM.attributes
                0x000004d3       0x1c c:/program files (x86)/gnu tools arm embedded/5.3 2016q1/bin/../lib/gcc/arm-none-eabi/5.3.1/../../../../arm-none-eabi/lib/armv7e-m\libg.a(lib_a-strlen.o)
 .ARM.attributes
                0x000004ef       0x2e c:/program files (x86)/gnu tools arm embedded/5.3 2016q1/bin/../lib/gcc/arm-none-eabi/5.3.1/../../../../arm-none-eabi/lib/armv7e-m\libg.a(lib_a-svfiprintf.o)
 .ARM.attributes
                0x0000051d       0x2e c:/program files (x86)/gnu tools arm embedded/5.3 2016q1/bin/../lib/gcc/arm-none-eabi/5.3.1/../../../../arm-none-eabi/lib/armv7e-m\libg.a(lib_a-callocr.o)
 .ARM.attributes
                0x0000054b       0x2e c:/program files (x86)/gnu tools arm embedded/5.3 2016q1/bin/../lib/gcc/arm-none-eabi/5.3.1/../../../../arm-none-eabi/lib/armv7e-m\libg.a(lib_a-freer.o)
 .ARM.attributes
                0x00000579       0x2e c:/program files (x86)/gnu tools arm embedded/5.3 2016q1/bin/../lib/gcc/arm-none-eabi/5.3.1/../../../../arm-none-eabi/lib/armv7e-m\libg.a(lib_a-memmove.o)
 .ARM.attributes
                0x000005a7       0x2e c:/program files (x86)/gnu tools arm embedded/5.3 2016q1/bin/../lib/gcc/arm-none-eabi/5.3.1/../../../../arm-none-eabi/lib/armv7e-m\libg.a(lib_a-memset.o)
 .ARM.attributes
                0x000005d5       0x2e c:/program files (x86)/gnu tools arm embedded/5.3 2016q1/bin/../lib/gcc/arm-none-eabi/5.3.1/../../../../arm-none-eabi/lib/armv7e-m\libg.a(lib_a-reallocr.o)
 .ARM.attributes
                0x00000603       0x2e c:/program files (x86)/gnu tools arm embedded/5.3 2016q1/bin/../lib/gcc/arm-none-eabi/5.3.1/../../../../arm-none-eabi/lib/armv7e-m\libg.a(lib_a-reent.o)
 .ARM.attributes
                0x00000631       0x1e c:/program files (x86)/gnu tools arm embedded/5.3 2016q1/bin/../lib/gcc/arm-none-eabi/5.3.1/armv7e-m\libgcc.a(_arm_unorddf2.o)
 .ARM.attributes
                0x0000064f       0x1e c:/program files (x86)/gnu tools arm embedded/5.3 2016q1/bin/../lib/gcc/arm-none-eabi/5.3.1/armv7e-m\libgcc.a(_aeabi_uldivmod.o)
 .ARM.attributes
                0x0000066d       0x2e c:/program files (x86)/gnu tools arm embedded/5.3 2016q1/bin/../lib/gcc/arm-none-eabi/5.3.1/armv7e-m\libgcc.a(_udivmoddi4.o)
 .ARM.attributes
                0x0000069b       0x1e c:/program files (x86)/gnu tools arm embedded/5.3 2016q1/bin/../lib/gcc/arm-none-eabi/5.3.1/armv7e-m\libgcc.a(_dvmd_tls.o)

.debug_frame    0x00000000     0x2b44
 .debug_frame   0x00000000      0x60c ..\obj\stm32f30x_rcc.o
 .debug_frame   0x0000060c       0x5c ..\obj\ledDigits.o
 .debug_frame   0x00000668      0x214 ..\obj\stm32f30x_gpio.o
 .debug_frame   0x0000087c       0x68 ..\obj\main.o
 .debug_frame   0x000008e4       0xa0 ..\obj\init.o
 .debug_frame   0x00000984      0x148 ..\obj\stm32f30x_exti.o
 .debug_frame   0x00000acc      0x234 ..\obj\menu.o
 .debug_frame   0x00000d00       0x7c ..\obj\system_stm32f30x_temp.o
 .debug_frame   0x00000d7c      0x168 ..\obj\syscalls.o
 .debug_frame   0x00000ee4       0xd8 ..\obj\stm32f30x_misc.o
 .debug_frame   0x00000fbc     0x11c4 ..\obj\stm32f30x_tim.o
 .debug_frame   0x00002180      0x230 ..\obj\stm32f30x_syscfg.o
 .debug_frame   0x000023b0       0x84 c:/program files (x86)/gnu tools arm embedded/5.3 2016q1/bin/../lib/gcc/arm-none-eabi/5.3.1/../../../../arm-none-eabi/lib/armv7e-m\libg.a(lib_a-sprintf.o)
 .debug_frame   0x00002434       0x44 c:/program files (x86)/gnu tools arm embedded/5.3 2016q1/bin/../lib/gcc/arm-none-eabi/5.3.1/../../../../arm-none-eabi/lib/armv7e-m\libg.a(lib_a-svfprintf.o)
 .debug_frame   0x00002478       0x88 c:/program files (x86)/gnu tools arm embedded/5.3 2016q1/bin/../lib/gcc/arm-none-eabi/5.3.1/../../../../arm-none-eabi/lib/armv7e-m\libg.a(lib_a-dtoa.o)
 .debug_frame   0x00002500       0x9c c:/program files (x86)/gnu tools arm embedded/5.3 2016q1/bin/../lib/gcc/arm-none-eabi/5.3.1/../../../../arm-none-eabi/lib/armv7e-m\libg.a(lib_a-locale.o)
 .debug_frame   0x0000259c       0x58 c:/program files (x86)/gnu tools arm embedded/5.3 2016q1/bin/../lib/gcc/arm-none-eabi/5.3.1/../../../../arm-none-eabi/lib/armv7e-m\libg.a(lib_a-mallocr.o)
 .debug_frame   0x000025f4       0x30 c:/program files (x86)/gnu tools arm embedded/5.3 2016q1/bin/../lib/gcc/arm-none-eabi/5.3.1/../../../../arm-none-eabi/lib/armv7e-m\libg.a(lib_a-mlock.o)
 .debug_frame   0x00002624      0x264 c:/program files (x86)/gnu tools arm embedded/5.3 2016q1/bin/../lib/gcc/arm-none-eabi/5.3.1/../../../../arm-none-eabi/lib/armv7e-m\libg.a(lib_a-mprec.o)
 .debug_frame   0x00002888       0x2c c:/program files (x86)/gnu tools arm embedded/5.3 2016q1/bin/../lib/gcc/arm-none-eabi/5.3.1/../../../../arm-none-eabi/lib/armv7e-m\libg.a(lib_a-sbrkr.o)
 .debug_frame   0x000028b4       0x78 c:/program files (x86)/gnu tools arm embedded/5.3 2016q1/bin/../lib/gcc/arm-none-eabi/5.3.1/../../../../arm-none-eabi/lib/armv7e-m\libg.a(lib_a-svfiprintf.o)
 .debug_frame   0x0000292c       0x28 c:/program files (x86)/gnu tools arm embedded/5.3 2016q1/bin/../lib/gcc/arm-none-eabi/5.3.1/../../../../arm-none-eabi/lib/armv7e-m\libg.a(lib_a-callocr.o)
 .debug_frame   0x00002954       0x74 c:/program files (x86)/gnu tools arm embedded/5.3 2016q1/bin/../lib/gcc/arm-none-eabi/5.3.1/../../../../arm-none-eabi/lib/armv7e-m\libg.a(lib_a-freer.o)
 .debug_frame   0x000029c8       0x30 c:/program files (x86)/gnu tools arm embedded/5.3 2016q1/bin/../lib/gcc/arm-none-eabi/5.3.1/../../../../arm-none-eabi/lib/armv7e-m\libg.a(lib_a-memmove.o)
 .debug_frame   0x000029f8       0x34 c:/program files (x86)/gnu tools arm embedded/5.3 2016q1/bin/../lib/gcc/arm-none-eabi/5.3.1/../../../../arm-none-eabi/lib/armv7e-m\libg.a(lib_a-memset.o)
 .debug_frame   0x00002a2c       0x60 c:/program files (x86)/gnu tools arm embedded/5.3 2016q1/bin/../lib/gcc/arm-none-eabi/5.3.1/../../../../arm-none-eabi/lib/armv7e-m\libg.a(lib_a-reallocr.o)
 .debug_frame   0x00002a8c       0x58 c:/program files (x86)/gnu tools arm embedded/5.3 2016q1/bin/../lib/gcc/arm-none-eabi/5.3.1/../../../../arm-none-eabi/lib/armv7e-m\libg.a(lib_a-reent.o)
 .debug_frame   0x00002ae4       0x2c c:/program files (x86)/gnu tools arm embedded/5.3 2016q1/bin/../lib/gcc/arm-none-eabi/5.3.1/armv7e-m\libgcc.a(_aeabi_uldivmod.o)
 .debug_frame   0x00002b10       0x34 c:/program files (x86)/gnu tools arm embedded/5.3 2016q1/bin/../lib/gcc/arm-none-eabi/5.3.1/armv7e-m\libgcc.a(_udivmoddi4.o)
