Archive member included to satisfy reference by file (symbol)

C:\Program Files (x86)\GNU Tools ARM Embedded\5.3 2016q1\arm-none-eabi\lib\armv7e-m\libm.a(lib_a-w_pow.o)
                              ..\obj\menuAux.o (pow)
C:\Program Files (x86)\GNU Tools ARM Embedded\5.3 2016q1\arm-none-eabi\lib\armv7e-m\libm.a(lib_a-e_pow.o)
                              C:\Program Files (x86)\GNU Tools ARM Embedded\5.3 2016q1\arm-none-eabi\lib\armv7e-m\libm.a(lib_a-w_pow.o) (__ieee754_pow)
C:\Program Files (x86)\GNU Tools ARM Embedded\5.3 2016q1\arm-none-eabi\lib\armv7e-m\libm.a(lib_a-e_sqrt.o)
                              C:\Program Files (x86)\GNU Tools ARM Embedded\5.3 2016q1\arm-none-eabi\lib\armv7e-m\libm.a(lib_a-e_pow.o) (__ieee754_sqrt)
C:\Program Files (x86)\GNU Tools ARM Embedded\5.3 2016q1\arm-none-eabi\lib\armv7e-m\libm.a(lib_a-s_fabs.o)
                              C:\Program Files (x86)\GNU Tools ARM Embedded\5.3 2016q1\arm-none-eabi\lib\armv7e-m\libm.a(lib_a-e_pow.o) (fabs)
C:\Program Files (x86)\GNU Tools ARM Embedded\5.3 2016q1\arm-none-eabi\lib\armv7e-m\libm.a(lib_a-s_finite.o)
                              C:\Program Files (x86)\GNU Tools ARM Embedded\5.3 2016q1\arm-none-eabi\lib\armv7e-m\libm.a(lib_a-w_pow.o) (finite)
C:\Program Files (x86)\GNU Tools ARM Embedded\5.3 2016q1\arm-none-eabi\lib\armv7e-m\libm.a(lib_a-s_lib_ver.o)
                              C:\Program Files (x86)\GNU Tools ARM Embedded\5.3 2016q1\arm-none-eabi\lib\armv7e-m\libm.a(lib_a-w_pow.o) (__fdlib_version)
C:\Program Files (x86)\GNU Tools ARM Embedded\5.3 2016q1\arm-none-eabi\lib\armv7e-m\libm.a(lib_a-s_matherr.o)
                              C:\Program Files (x86)\GNU Tools ARM Embedded\5.3 2016q1\arm-none-eabi\lib\armv7e-m\libm.a(lib_a-w_pow.o) (matherr)
C:\Program Files (x86)\GNU Tools ARM Embedded\5.3 2016q1\arm-none-eabi\lib\armv7e-m\libm.a(lib_a-s_nan.o)
                              C:\Program Files (x86)\GNU Tools ARM Embedded\5.3 2016q1\arm-none-eabi\lib\armv7e-m\libm.a(lib_a-e_pow.o) (nan)
C:\Program Files (x86)\GNU Tools ARM Embedded\5.3 2016q1\arm-none-eabi\lib\armv7e-m\libm.a(lib_a-s_rint.o)
                              C:\Program Files (x86)\GNU Tools ARM Embedded\5.3 2016q1\arm-none-eabi\lib\armv7e-m\libm.a(lib_a-w_pow.o) (rint)
C:\Program Files (x86)\GNU Tools ARM Embedded\5.3 2016q1\arm-none-eabi\lib\armv7e-m\libm.a(lib_a-s_scalbn.o)
                              C:\Program Files (x86)\GNU Tools ARM Embedded\5.3 2016q1\arm-none-eabi\lib\armv7e-m\libm.a(lib_a-e_pow.o) (scalbn)
C:\Program Files (x86)\GNU Tools ARM Embedded\5.3 2016q1\arm-none-eabi\lib\armv7e-m\libm.a(lib_a-s_copysign.o)
                              C:\Program Files (x86)\GNU Tools ARM Embedded\5.3 2016q1\arm-none-eabi\lib\armv7e-m\libm.a(lib_a-s_scalbn.o) (copysign)
c:/program files (x86)/gnu tools arm embedded/5.3 2016q1/bin/../lib/gcc/arm-none-eabi/5.3.1/armv7e-m\libgcc.a(_arm_addsubdf3.o)
                              ..\obj\twoPos.o (__aeabi_dsub)
c:/program files (x86)/gnu tools arm embedded/5.3 2016q1/bin/../lib/gcc/arm-none-eabi/5.3.1/armv7e-m\libgcc.a(_arm_muldivdf3.o)
                              ..\obj\flash.o (__aeabi_dmul)
c:/program files (x86)/gnu tools arm embedded/5.3 2016q1/bin/../lib/gcc/arm-none-eabi/5.3.1/armv7e-m\libgcc.a(_arm_cmpdf2.o)
                              ..\obj\pid.o (__aeabi_dcmpeq)
c:/program files (x86)/gnu tools arm embedded/5.3 2016q1/bin/../lib/gcc/arm-none-eabi/5.3.1/armv7e-m\libgcc.a(_arm_unorddf2.o)
                              C:\Program Files (x86)\GNU Tools ARM Embedded\5.3 2016q1\arm-none-eabi\lib\armv7e-m\libm.a(lib_a-w_pow.o) (__aeabi_dcmpun)
c:/program files (x86)/gnu tools arm embedded/5.3 2016q1/bin/../lib/gcc/arm-none-eabi/5.3.1/armv7e-m\libgcc.a(_arm_fixdfsi.o)
                              ..\obj\menuAux.o (__aeabi_d2iz)
c:/program files (x86)/gnu tools arm embedded/5.3 2016q1/bin/../lib/gcc/arm-none-eabi/5.3.1/armv7e-m\libgcc.a(_arm_fixunsdfsi.o)
                              ..\obj\flash.o (__aeabi_d2uiz)
C:\Program Files (x86)\GNU Tools ARM Embedded\5.3 2016q1\arm-none-eabi\lib\armv7e-m\libg.a(lib_a-errno.o)
                              C:\Program Files (x86)\GNU Tools ARM Embedded\5.3 2016q1\arm-none-eabi\lib\armv7e-m\libm.a(lib_a-w_pow.o) (__errno)
C:\Program Files (x86)\GNU Tools ARM Embedded\5.3 2016q1\arm-none-eabi\lib\armv7e-m\libg.a(lib_a-impure.o)
                              C:\Program Files (x86)\GNU Tools ARM Embedded\5.3 2016q1\arm-none-eabi\lib\armv7e-m\libg.a(lib_a-errno.o) (_impure_ptr)
C:\Program Files (x86)\GNU Tools ARM Embedded\5.3 2016q1\arm-none-eabi\lib\armv7e-m\libg.a(lib_a-sprintf.o)
                              ..\obj\menu.o (sprintf)
C:\Program Files (x86)\GNU Tools ARM Embedded\5.3 2016q1\arm-none-eabi\lib\armv7e-m\libg.a(lib_a-svfprintf.o)
                              C:\Program Files (x86)\GNU Tools ARM Embedded\5.3 2016q1\arm-none-eabi\lib\armv7e-m\libg.a(lib_a-sprintf.o) (_svfprintf_r)
[...]
Memory Configuration

Name             Origin             Length             Attributes
rom              0x08000000         0x00040000         xr
ram              0x20000000         0x0000a000         xrw
ram1             0x10000000         0x00002000         xrw
*default*        0x00000000         0xffffffff

Linker script and memory map

                0x2000a000                _eram = 0x2000a000

.text           0x08000000     0x9564
 *(.isr_vector)
 .isr_vector    0x08000000      0x188 ..\obj\startup_stm32f30x.o
                0x08000000                g_pfnVectors
 *(.text*)
 .text.RCC_ADCCLKConfig
                0x08000188       0x4c ..\obj\stm32f30x_rcc.o
                0x08000188                RCC_ADCCLKConfig
 .text.RCC_AHBPeriphClockCmd
                0x080001d4       0x3c ..\obj\stm32f30x_rcc.o
                0x080001d4                RCC_AHBPeriphClockCmd
 .text.RCC_APB2PeriphClockCmd
                0x08000210       0x3c ..\obj\stm32f30x_rcc.o
                0x08000210                RCC_APB2PeriphClockCmd
 .text.RCC_APB1PeriphClockCmd
                0x0800024c       0x3c ..\obj\stm32f30x_rcc.o
                0x0800024c                RCC_APB1PeriphClockCmd
 .text.resetTwoPos
                0x08000288       0x30 ..\obj\twoPos.o
                0x08000288                resetTwoPos
 .text.calculateTwoPosOut
                0x080002b8       0xb4 ..\obj\twoPos.o
                0x080002b8                calculateTwoPosOut
 .text.ADC_Init
                0x0800036c       0x80 ..\obj\stm32f30x_adc.o
                0x0800036c                ADC_Init
 .text.ADC_CommonInit
                0x080003ec       0x9c ..\obj\stm32f30x_adc.o
                0x080003ec                ADC_CommonInit
 .text.ADC_Cmd  0x08000488       0x38 ..\obj\stm32f30x_adc.o
                0x08000488                ADC_Cmd
 .text.ADC_RegularChannelConfig
                0x080004c0      0x1f0 ..\obj\stm32f30x_adc.o
                0x080004c0                ADC_RegularChannelConfig
 .text.ADC_StartConversion
                0x080006b0       0x20 ..\obj\stm32f30x_adc.o
                0x080006b0                ADC_StartConversion
 .text.ADC_DMACmd
                0x080006d0       0x38 ..\obj\stm32f30x_adc.o
                0x080006d0                ADC_DMACmd
 .text.ADC_DMAConfig
                0x08000708       0x2c ..\obj\stm32f30x_adc.o
                0x08000708                ADC_DMAConfig
 .text.getLEDcode
                0x08000734      0x1ac ..\obj\ledDigits.o
                0x08000734                getLEDcode
 .text.getLEDcodeArray
                0x080008e0       0x54 ..\obj\ledDigits.o
                0x080008e0                getLEDcodeArray
 .text.GPIO_Init
                0x08000934      0x12c ..\obj\stm32f30x_gpio.o
                0x08000934                GPIO_Init
 .text.GPIO_PinAFConfig
                0x08000a60       0x90 ..\obj\stm32f30x_gpio.o
                0x08000a60                GPIO_PinAFConfig
 .text.main     0x08000af0       0x2c ..\obj\main.o
                0x08000af0                main
 *fill*         0x08000b1c        0x4 
 .text.TIM3_IRQHandler
                0x08000b20      0x180 ..\obj\main.o
                0x08000b20                TIM3_IRQHandler
 .text.TIM4_IRQHandler
                0x08000ca0      0x240 ..\obj\main.o
                0x08000ca0                TIM4_IRQHandler
 .text.TIM7_IRQHandler
                0x08000ee0      0x11c ..\obj\main.o
                0x08000ee0                TIM7_IRQHandler
 .text.EXTI9_5_IRQHandler
                0x08000ffc      0x20c ..\obj\main.o
                0x08000ffc                EXTI9_5_IRQHandler
 .text.DMA_Init
                0x08001208       0x80 ..\obj\stm32f30x_dma.o
                0x08001208                DMA_Init
 .text.DMA_Cmd  0x08001288       0x38 ..\obj\stm32f30x_dma.o
                0x08001288                DMA_Cmd
 .text.NVIC_EnableIRQ
                0x080012c0       0x30 ..\obj\init.o
 .text.GPIOinit
                0x080012f0      0x12c ..\obj\init.o
                0x080012f0                GPIOinit
 .text.EXTIinit
                0x0800141c       0x74 ..\obj\init.o
                0x0800141c                EXTIinit
 .text.NVICinit
                0x08001490       0x70 ..\obj\init.o
                0x08001490                NVICinit
 .text.TIMinit  0x08001500       0xf0 ..\obj\init.o
                0x08001500                TIMinit
 .text.ADCinit  0x080015f0       0xb0 ..\obj\init.o
                0x080015f0                ADCinit
 .text.DMAinit  0x080016a0       0xb8 ..\obj\init.o
                0x080016a0                DMAinit
 .text.PWMinit  0x08001758       0x44 ..\obj\init.o
                0x08001758                PWMinit
 .text.EXTI_Init
                0x0800179c      0x1f4 ..\obj\stm32f30x_exti.o
                0x0800179c                EXTI_Init
 .text.EXTI_ClearFlag
                0x08001990       0x30 ..\obj\stm32f30x_exti.o
                0x08001990                EXTI_ClearFlag
 .text.getMenuSize
                0x080019c0       0x3c ..\obj\menu.o
                0x080019c0                getMenuSize
 .text.getNaviLimit
                0x080019fc       0x94 ..\obj\menu.o
                0x080019fc                getNaviLimit
 .text.naviUp   0x08001a90       0x80 ..\obj\menu.o
                0x08001a90                naviUp
 .text.naviDown
                0x08001b10       0x84 ..\obj\menu.o
                0x08001b10                naviDown
 .text.naviRight
                0x08001b94       0x5c ..\obj\menu.o
                0x08001b94                naviRight
 .text.naviLeft
                0x08001bf0       0x70 ..\obj\menu.o
                0x08001bf0                naviLeft
 .text.getDisp1
                0x08001c60       0x98 ..\obj\menu.o
                0x08001c60                getDisp1
 .text.getDisp2
                0x08001cf8       0xc8 ..\obj\menu.o
                0x08001cf8                getDisp2
 .text.exitMenu
                0x08001dc0       0x38 ..\obj\menu.o
                0x08001dc0                exitMenu
 .text.getCursor
                0x08001df8       0x1c ..\obj\menu.o
                0x08001df8                getCursor
 .text.SystemInit1
                0x08001e14       0x84 ..\obj\system_stm32f30x_temp.o
                0x08001e14                SystemInit
                0x08001e14                SystemInit1
 .text.SetSysClock1
                0x08001e98       0xe0 ..\obj\system_stm32f30x_temp.o
                0x08001e98                SetSysClock
 .text._sbrk    0x08001f78       0x3c ..\obj\syscalls.o
                0x08001f78                _sbrk
 .text.NVIC_Init
                0x08001fb4       0xc4 ..\obj\stm32f30x_misc.o
                0x08001fb4                NVIC_Init
 .text.TIM_TimeBaseInit
                0x08002078       0xec ..\obj\stm32f30x_tim.o
                0x08002078                TIM_TimeBaseInit
 .text.TIM_Cmd  0x08002164       0x40 ..\obj\stm32f30x_tim.o
                0x08002164                TIM_Cmd
 .text.TIM_OC2Init
                0x080021a4      0x100 ..\obj\stm32f30x_tim.o
                0x080021a4                TIM_OC2Init
 .text.TIM_CtrlPWMOutputs
                0x080022a4       0x38 ..\obj\stm32f30x_tim.o
                0x080022a4                TIM_CtrlPWMOutputs
 .text.TIM_ITConfig
                0x080022dc       0x40 ..\obj\stm32f30x_tim.o
                0x080022dc                TIM_ITConfig
 .text.TIM_ClearITPendingBit
                0x0800231c       0x24 ..\obj\stm32f30x_tim.o
                0x0800231c                TIM_ClearITPendingBit
 .text.Reset_Handler
                0x08002340       0x44 ..\obj\startup_stm32f30x.o
                0x08002340                Reset_Handler
 .text.Default_Handler
                0x08002384        0x2 ..\obj\startup_stm32f30x.o
                0x08002384                RTC_Alarm_IRQHandler
                0x08002384                TIM8_TRG_COM_IRQHandler
                0x08002384                TIM8_CC_IRQHandler
                0x08002384                DebugMon_Handler
                0x08002384                TIM1_CC_IRQHandler
                0x08002384                HardFault_Handler
                0x08002384                USB_HP_IRQHandler
                0x08002384                SysTick_Handler
                0x08002384                PVD_IRQHandler
                0x08002384                PendSV_Handler
                0x08002384                NMI_Handler
                0x08002384                EXTI3_IRQHandler
                0x08002384                EXTI0_IRQHandler
                0x08002384                I2C2_EV_IRQHandler
                0x08002384                FPU_IRQHandler
                0x08002384                EXTI2_TS_IRQHandler
                0x08002384                TIM1_UP_TIM16_IRQHandler
                0x08002384                UsageFault_Handler
                0x08002384                ADC1_2_IRQHandler
                0x08002384                SPI1_IRQHandler
                0x08002384                TIM6_DAC_IRQHandler
                0x08002384                TIM8_UP_IRQHandler
                0x08002384                DMA2_Channel2_IRQHandler
                0x08002384                DMA1_Channel4_IRQHandler
                0x08002384                USART3_IRQHandler
                0x08002384                DMA1_Channel7_IRQHandler
                0x08002384                CAN1_RX1_IRQHandler
                0x08002384                UART5_IRQHandler
                0x08002384                ADC3_IRQHandler
                0x08002384                DMA2_Channel1_IRQHandler
                0x08002384                I2C1_EV_IRQHandler
                0x08002384                DMA1_Channel6_IRQHandler
                0x08002384                UART4_IRQHandler
                0x08002384                DMA2_Channel4_IRQHandler
                0x08002384                RCC_IRQHandler
                0x08002384                DMA1_Channel1_IRQHandler
                0x08002384                Default_Handler
                0x08002384                USBWakeUp_RMP_IRQHandler
                0x08002384                EXTI15_10_IRQHandler
                0x08002384                TAMPER_STAMP_IRQHandler
                0x08002384                RTC_WKUP_IRQHandler
                0x08002384                SPI2_IRQHandler
                0x08002384                MemManage_Handler
                0x08002384                SVC_Handler
                0x08002384                DMA2_Channel5_IRQHandler
                0x08002384                DMA1_Channel5_IRQHandler
                0x08002384                USB_LP_IRQHandler
                0x08002384                EXTI4_IRQHandler
                0x08002384                USB_LP_CAN1_RX0_IRQHandler
                0x08002384                TIM1_TRG_COM_TIM17_IRQHandler
                0x08002384                USB_HP_CAN1_TX_IRQHandler
                0x08002384                DMA1_Channel3_IRQHandler
                0x08002384                ADC4_IRQHandler
                0x08002384                WWDG_IRQHandler
                0x08002384                TIM2_IRQHandler
                0x08002384                COMP7_IRQHandler
                0x08002384                COMP1_2_3_IRQHandler
                0x08002384                EXTI1_IRQHandler
                0x08002384                USART2_IRQHandler
                0x08002384                COMP4_5_6_IRQHandler
                0x08002384                I2C2_ER_IRQHandler
                0x08002384                DMA1_Channel2_IRQHandler
                0x08002384                TIM8_BRK_IRQHandler
                0x08002384                CAN1_SCE_IRQHandler
                0x08002384                FLASH_IRQHandler
                0x08002384                BusFault_Handler
                0x08002384                USART1_IRQHandler
                0x08002384                SPI3_IRQHandler
                0x08002384                I2C1_ER_IRQHandler
                0x08002384                USBWakeUp_IRQHandler
                0x08002384                DMA2_Channel3_IRQHandler
                0x08002384                TIM1_BRK_TIM15_IRQHandler
 *fill*         0x08002386        0x2 
 .text.getMenuParameter
                0x08002388      0x1f8 ..\obj\menuAux.o
                0x08002388                getMenuParameter
 .text.getTemplate
                0x08002580       0x88 ..\obj\menuAux.o
                0x08002580                getTemplate
 .text.cutAround
                0x08002608       0x54 ..\obj\menuAux.o
                0x08002608                cutAround
 .text.setMenuDigitDbl
                0x0800265c       0x70 ..\obj\menuAux.o
                0x0800265c                setMenuDigitDbl
 .text.setMenuDigitInt
                0x080026cc       0xf0 ..\obj\menuAux.o
                0x080026cc                setMenuDigitInt
 *fill*         0x080027bc        0x4 
 .text.setMenuParameter
                0x080027c0      0x4f8 ..\obj\menuAux.o
                0x080027c0                setMenuParameter
 .text.changeSP
                0x08002cb8       0xf4 ..\obj\menuAux.o
                0x08002cb8                changeSP
 .text.changeOUT
                0x08002dac      0x128 ..\obj\menuAux.o
                0x08002dac                changeOUT
 .text.getCurrentModeOut
                0x08002ed4       0x74 ..\obj\menuAux.o
                0x08002ed4                getCurrentModeOut
 .text.SYSCFG_EXTILineConfig
                0x08002f48       0x84 ..\obj\stm32f30x_syscfg.o
                0x08002f48                SYSCFG_EXTILineConfig
 .text.getAvgRawPv
                0x08002fcc       0x88 ..\obj\misc.o
                0x08002fcc                getAvgRawPv
 .text.resetRegulators
                0x08003054       0x14 ..\obj\misc.o
                0x08003054                resetRegulators
 .text.timerUpdater
                0x08003068       0x48 ..\obj\misc.o
                0x08003068                timerUpdater
 .text.changeDO
                0x080030b0       0x58 ..\obj\misc.o
                0x080030b0                changeDO
 .text.resetThreePos
                0x08003108       0x44 ..\obj\threePos.o
                0x08003108                resetThreePos
 .text.setThreePosCurrentTime
                0x0800314c       0x90 ..\obj\threePos.o
                0x0800314c                setThreePosCurrentTime
 .text.calculateThreePosOut
                0x080031dc      0x1b0 ..\obj\threePos.o
                0x080031dc                calculateThreePosOut
 .text.resetPID
                0x0800338c       0x54 ..\obj\pid.o
                0x0800338c                resetPID
 .text.updatePID
                0x080033e0      0x154 ..\obj\pid.o
                0x080033e0                updatePID
 .text.calculatePIDout
                0x08003534      0x17c ..\obj\pid.o
                0x08003534                calculatePIDout
 .text.pow      0x080036b0      0x2f0 C:\Program Files (x86)\GNU Tools ARM Embedded\5.3 2016q1\arm-none-eabi\lib\armv7e-m\libm.a(lib_a-w_pow.o)
                0x080036b0                pow
 .text.__ieee754_pow
                0x080039a0      0xab4 C:\Program Files (x86)\GNU Tools ARM Embedded\5.3 2016q1\arm-none-eabi\lib\armv7e-m\libm.a(lib_a-e_pow.o)
                0x080039a0                __ieee754_pow
 .text.__ieee754_sqrt
                0x08004454      0x180 C:\Program Files (x86)\GNU Tools ARM Embedded\5.3 2016q1\arm-none-eabi\lib\armv7e-m\libm.a(lib_a-e_sqrt.o)
                0x08004454                __ieee754_sqrt
 .text.fabs     0x080045d4        0x8 C:\Program Files (x86)\GNU Tools ARM Embedded\5.3 2016q1\arm-none-eabi\lib\armv7e-m\libm.a(lib_a-s_fabs.o)
                0x080045d4                fabs
 .text.finite   0x080045dc        0xc C:\Program Files (x86)\GNU Tools ARM Embedded\5.3 2016q1\arm-none-eabi\lib\armv7e-m\libm.a(lib_a-s_finite.o)
                0x080045dc                finite
 .text.matherr  0x080045e8        0x4 C:\Program Files (x86)\GNU Tools ARM Embedded\5.3 2016q1\arm-none-eabi\lib\armv7e-m\libm.a(lib_a-s_matherr.o)
                0x080045e8                matherr
 .text.nan      0x080045ec        0xc C:\Program Files (x86)\GNU Tools ARM Embedded\5.3 2016q1\arm-none-eabi\lib\armv7e-m\libm.a(lib_a-s_nan.o)
                0x080045ec                nan
 .text.rint     0x080045f8      0x118 C:\Program Files (x86)\GNU Tools ARM Embedded\5.3 2016q1\arm-none-eabi\lib\armv7e-m\libm.a(lib_a-s_rint.o)
                0x080045f8                rint
 .text.scalbn   0x08004710       0xfc C:\Program Files (x86)\GNU Tools ARM Embedded\5.3 2016q1\arm-none-eabi\lib\armv7e-m\libm.a(lib_a-s_scalbn.o)
                0x08004710                scalbn
 .text.copysign
                0x0800480c       0x10 C:\Program Files (x86)\GNU Tools ARM Embedded\5.3 2016q1\arm-none-eabi\lib\armv7e-m\libm.a(lib_a-s_copysign.o)
                0x0800480c                copysign
 .text          0x0800481c      0x370 c:/program files (x86)/gnu tools arm embedded/5.3 2016q1/bin/../lib/gcc/arm-none-eabi/5.3.1/armv7e-m\libgcc.a(_arm_addsubdf3.o)
                0x0800481c                __aeabi_drsub
                0x08004824                __aeabi_dsub
                0x08004824                __subdf3
                0x08004828                __aeabi_dadd
                0x08004828                __adddf3
                0x08004aa0                __floatunsidf
                0x08004aa0                __aeabi_ui2d
                0x08004ac0                __floatsidf
                0x08004ac0                __aeabi_i2d
                0x08004ae4                __aeabi_f2d
                0x08004ae4                __extendsfdf2
                0x08004b20                __floatundidf
                0x08004b20                __aeabi_ul2d
                0x08004b30                __floatdidf
                0x08004b30                __aeabi_l2d
 .text          0x08004b8c      0x424 c:/program files (x86)/gnu tools arm embedded/5.3 2016q1/bin/../lib/gcc/arm-none-eabi/5.3.1/armv7e-m\libgcc.a(_arm_muldivdf3.o)
                0x08004b8c                __aeabi_dmul
                0x08004b8c                __muldf3
                0x08004de0                __divdf3
                0x08004de0                __aeabi_ddiv
 .text          0x08004fb0      0x110 c:/program files (x86)/gnu tools arm embedded/5.3 2016q1/bin/../lib/gcc/arm-none-eabi/5.3.1/armv7e-m\libgcc.a(_arm_cmpdf2.o)
                0x08004fb0                __gtdf2
                0x08004fb0                __gedf2
                0x08004fb8                __ltdf2
                0x08004fb8                __ledf2
                0x08004fc0                __nedf2
                0x08004fc0                __eqdf2
                0x08004fc0                __cmpdf2
                0x0800503c                __aeabi_cdrcmple
                0x0800504c                __aeabi_cdcmpeq
                0x0800504c                __aeabi_cdcmple
                0x0800505c                __aeabi_dcmpeq
                0x08005070                __aeabi_dcmplt
                0x08005084                __aeabi_dcmple
                0x08005098                __aeabi_dcmpge
                0x080050ac                __aeabi_dcmpgt
 .text          0x080050c0       0x2c c:/program files (x86)/gnu tools arm embedded/5.3 2016q1/bin/../lib/gcc/arm-none-eabi/5.3.1/armv7e-m\libgcc.a(_arm_unorddf2.o)
                0x080050c0                __unorddf2
                0x080050c0                __aeabi_dcmpun
 .text          0x080050ec       0x50 c:/program files (x86)/gnu tools arm embedded/5.3 2016q1/bin/../lib/gcc/arm-none-eabi/5.3.1/armv7e-m\libgcc.a(_arm_fixdfsi.o)
                0x080050ec                __aeabi_d2iz
                0x080050ec                __fixdfsi
 .text          0x0800513c       0x40 c:/program files (x86)/gnu tools arm embedded/5.3 2016q1/bin/../lib/gcc/arm-none-eabi/5.3.1/armv7e-m\libgcc.a(_arm_fixunsdfsi.o)
                0x0800513c                __aeabi_d2uiz
                0x0800513c                __fixunsdfsi
 .text.__errno  0x0800517c        0xc C:\Program Files (x86)\GNU Tools ARM Embedded\5.3 2016q1\arm-none-eabi\lib\armv7e-m\libg.a(lib_a-errno.o)
                0x0800517c                __errno
 .text.sprintf  0x08005188       0x4c C:\Program Files (x86)\GNU Tools ARM Embedded\5.3 2016q1\arm-none-eabi\lib\armv7e-m\libg.a(lib_a-sprintf.o)
                0x08005188                sprintf
 .text._svfprintf_r
                0x080051d4     0x169c C:\Program Files (x86)\GNU Tools ARM Embedded\5.3 2016q1\arm-none-eabi\lib\armv7e-m\libg.a(lib_a-svfprintf.o)
                0x080051d4                _svfprintf_r
 .text.quorem   0x08006870      0x128 C:\Program Files (x86)\GNU Tools ARM Embedded\5.3 2016q1\arm-none-eabi\lib\armv7e-m\libg.a(lib_a-dtoa.o)
 .text._dtoa_r  0x08006998      0xe58 C:\Program Files (x86)\GNU Tools ARM Embedded\5.3 2016q1\arm-none-eabi\lib\armv7e-m\libg.a(lib_a-dtoa.o)
                0x08006998                _dtoa_r
 .text._localeconv_r
                0x080077f0        0x8 C:\Program Files (x86)\GNU Tools ARM Embedded\5.3 2016q1\arm-none-eabi\lib\armv7e-m\libg.a(lib_a-locale.o)
                0x080077f0                _localeconv_r
 .text._malloc_r
                0x080077f8      0x570 C:\Program Files (x86)\GNU Tools ARM Embedded\5.3 2016q1\arm-none-eabi\lib\armv7e-m\libg.a(lib_a-mallocr.o)
                0x080077f8                _malloc_r
 *fill*         0x08007d68        0x8 
 .text          0x08007d70       0xa0 C:\Program Files (x86)\GNU Tools ARM Embedded\5.3 2016q1\arm-none-eabi\lib\armv7e-m\libg.a(lib_a-memchr.o)
                0x08007d70                memchr
 .text          0x08007e10      0x134 C:\Program Files (x86)\GNU Tools ARM Embedded\5.3 2016q1\arm-none-eabi\lib\armv7e-m\libg.a(lib_a-memcpy.o)
                0x08007e10                memcpy
 .text.__malloc_lock
                0x08007f44        0x4 C:\Program Files (x86)\GNU Tools ARM Embedded\5.3 2016q1\arm-none-eabi\lib\armv7e-m\libg.a(lib_a-mlock.o)
                0x08007f44                __malloc_lock
 .text.__malloc_unlock
                0x08007f48        0x4 C:\Program Files (x86)\GNU Tools ARM Embedded\5.3 2016q1\arm-none-eabi\lib\armv7e-m\libg.a(lib_a-mlock.o)
                0x08007f48                __malloc_unlock
 .text._Balloc  0x08007f4c       0x4c C:\Program Files (x86)\GNU Tools ARM Embedded\5.3 2016q1\arm-none-eabi\lib\armv7e-m\libg.a(lib_a-mprec.o)
                0x08007f4c                _Balloc
 .text._Bfree   0x08007f98       0x14 C:\Program Files (x86)\GNU Tools ARM Embedded\5.3 2016q1\arm-none-eabi\lib\armv7e-m\libg.a(lib_a-mprec.o)
                0x08007f98                _Bfree
 .text.__multadd
                0x08007fac       0x80 C:\Program Files (x86)\GNU Tools ARM Embedded\5.3 2016q1\arm-none-eabi\lib\armv7e-m\libg.a(lib_a-mprec.o)
                0x08007fac                __multadd
 .text.__hi0bits
                0x0800802c       0x40 C:\Program Files (x86)\GNU Tools ARM Embedded\5.3 2016q1\arm-none-eabi\lib\armv7e-m\libg.a(lib_a-mprec.o)
                0x0800802c                __hi0bits
 .text.__lo0bits
                0x0800806c       0x5c C:\Program Files (x86)\GNU Tools ARM Embedded\5.3 2016q1\arm-none-eabi\lib\armv7e-m\libg.a(lib_a-mprec.o)
                0x0800806c                __lo0bits
 .text.__i2b    0x080080c8       0x14 C:\Program Files (x86)\GNU Tools ARM Embedded\5.3 2016q1\arm-none-eabi\lib\armv7e-m\libg.a(lib_a-mprec.o)
                0x080080c8                __i2b
 .text.__multiply
                0x080080dc      0x130 C:\Program Files (x86)\GNU Tools ARM Embedded\5.3 2016q1\arm-none-eabi\lib\armv7e-m\libg.a(lib_a-mprec.o)
                0x080080dc                __multiply
 .text.__pow5mult
                0x0800820c       0xa0 C:\Program Files (x86)\GNU Tools ARM Embedded\5.3 2016q1\arm-none-eabi\lib\armv7e-m\libg.a(lib_a-mprec.o)
                0x0800820c                __pow5mult
 .text.__lshift
                0x080082ac       0xb0 C:\Program Files (x86)\GNU Tools ARM Embedded\5.3 2016q1\arm-none-eabi\lib\armv7e-m\libg.a(lib_a-mprec.o)
                0x080082ac                __lshift
 .text.__mcmp   0x0800835c       0x40 C:\Program Files (x86)\GNU Tools ARM Embedded\5.3 2016q1\arm-none-eabi\lib\armv7e-m\libg.a(lib_a-mprec.o)
                0x0800835c                __mcmp
 .text.__mdiff  0x0800839c      0x114 C:\Program Files (x86)\GNU Tools ARM Embedded\5.3 2016q1\arm-none-eabi\lib\armv7e-m\libg.a(lib_a-mprec.o)
                0x0800839c                __mdiff
 .text.__d2b    0x080084b0       0xb8 C:\Program Files (x86)\GNU Tools ARM Embedded\5.3 2016q1\arm-none-eabi\lib\armv7e-m\libg.a(lib_a-mprec.o)
                0x080084b0                __d2b
 .text._sbrk_r  0x08008568       0x24 C:\Program Files (x86)\GNU Tools ARM Embedded\5.3 2016q1\arm-none-eabi\lib\armv7e-m\libg.a(lib_a-sbrkr.o)
                0x08008568                _sbrk_r
 *fill*         0x0800858c       0x34 
 .text          0x080085c0       0xdc C:\Program Files (x86)\GNU Tools ARM Embedded\5.3 2016q1\arm-none-eabi\lib\armv7e-m\libg.a(lib_a-strlen.o)
                0x080085c0                strlen
 .text.__ssprint_r
                0x0800869c      0x100 C:\Program Files (x86)\GNU Tools ARM Embedded\5.3 2016q1\arm-none-eabi\lib\armv7e-m\libg.a(lib_a-svfiprintf.o)
                0x0800869c                __ssprint_r
 .text._calloc_r
                0x0800879c       0x60 C:\Program Files (x86)\GNU Tools ARM Embedded\5.3 2016q1\arm-none-eabi\lib\armv7e-m\libg.a(lib_a-callocr.o)
                0x0800879c                _calloc_r
 .text._malloc_trim_r
                0x080087fc       0x9c C:\Program Files (x86)\GNU Tools ARM Embedded\5.3 2016q1\arm-none-eabi\lib\armv7e-m\libg.a(lib_a-freer.o)
                0x080087fc                _malloc_trim_r
 .text._free_r  0x08008898      0x1d0 C:\Program Files (x86)\GNU Tools ARM Embedded\5.3 2016q1\arm-none-eabi\lib\armv7e-m\libg.a(lib_a-freer.o)
                0x08008898                _free_r
 .text.memmove  0x08008a68       0xc8 C:\Program Files (x86)\GNU Tools ARM Embedded\5.3 2016q1\arm-none-eabi\lib\armv7e-m\libg.a(lib_a-memmove.o)
                0x08008a68                memmove
 .text.memset   0x08008b30       0x9c C:\Program Files (x86)\GNU Tools ARM Embedded\5.3 2016q1\arm-none-eabi\lib\armv7e-m\libg.a(lib_a-memset.o)
                0x08008b30                memset
 .text._realloc_r
                0x08008bcc      0x3e0 C:\Program Files (x86)\GNU Tools ARM Embedded\5.3 2016q1\arm-none-eabi\lib\armv7e-m\libg.a(lib_a-reallocr.o)
                0x08008bcc                _realloc_r
 .text          0x08008fac       0x30 c:/program files (x86)/gnu tools arm embedded/5.3 2016q1/bin/../lib/gcc/arm-none-eabi/5.3.1/armv7e-m\libgcc.a(_aeabi_uldivmod.o)
                0x08008fac                __aeabi_uldivmod
 .text          0x08008fdc      0x2e4 c:/program files (x86)/gnu tools arm embedded/5.3 2016q1/bin/../lib/gcc/arm-none-eabi/5.3.1/armv7e-m\libgcc.a(_udivmoddi4.o)
                0x08008fdc                __udivmoddi4
 .text          0x080092c0        0x4 c:/program files (x86)/gnu tools arm embedded/5.3 2016q1/bin/../lib/gcc/arm-none-eabi/5.3.1/armv7e-m\libgcc.a(_dvmd_tls.o)
                0x080092c0                __aeabi_idiv0
                0x080092c0                __aeabi_ldiv0
 *(.init)
 *(.fini)
 *crtbegin.o(.ctors)
 *crtbegin?.o(.ctors)
 *(EXCLUDE_FILE(*crtend.o *crtend?.o) .ctors)
 *(SORT(.ctors.*))
 *(.ctors)
 *crtbegin.o(.dtors)
 *crtbegin?.o(.dtors)
 *(EXCLUDE_FILE(*crtend.o *crtend?.o) .dtors)
 *(SORT(.dtors.*))
 *(.dtors)
 *(.rodata*)
 .rodata        0x080092c4       0xe7 ..\obj\menu.o
 *fill*         0x080093ab        0x1 
 .rodata        0x080093ac       0x1d ..\obj\menuAux.o
 *fill*         0x080093c9        0x3 
 .rodata.str1.4
                0x080093cc        0x4 C:\Program Files (x86)\GNU Tools ARM Embedded\5.3 2016q1\arm-none-eabi\lib\armv7e-m\libm.a(lib_a-w_pow.o)
 .rodata.str1.4
                0x080093d0        0x4 C:\Program Files (x86)\GNU Tools ARM Embedded\5.3 2016q1\arm-none-eabi\lib\armv7e-m\libm.a(lib_a-e_pow.o)
                                  0x1 (size before relaxing)
 .rodata.TWO52  0x080093d0       0x10 C:\Program Files (x86)\GNU Tools ARM Embedded\5.3 2016q1\arm-none-eabi\lib\armv7e-m\libm.a(lib_a-s_rint.o)
 .rodata.str1.4
                0x080093e0        0x2 C:\Program Files (x86)\GNU Tools ARM Embedded\5.3 2016q1\arm-none-eabi\lib\armv7e-m\libg.a(lib_a-impure.o)
 *fill*         0x080093e2        0x2 
 .rodata.zeroes.7035
                0x080093e4       0x10 C:\Program Files (x86)\GNU Tools ARM Embedded\5.3 2016q1\arm-none-eabi\lib\armv7e-m\libg.a(lib_a-svfprintf.o)
 .rodata.str1.4
                0x080093f4       0x42 C:\Program Files (x86)\GNU Tools ARM Embedded\5.3 2016q1\arm-none-eabi\lib\armv7e-m\libg.a(lib_a-svfprintf.o)
 *fill*         0x08009436        0x2 
 .rodata.blanks.7034
                0x08009438       0x10 C:\Program Files (x86)\GNU Tools ARM Embedded\5.3 2016q1\arm-none-eabi\lib\armv7e-m\libg.a(lib_a-svfprintf.o)
 .rodata.str1.4
                0x08009448       0x10 C:\Program Files (x86)\GNU Tools ARM Embedded\5.3 2016q1\arm-none-eabi\lib\armv7e-m\libg.a(lib_a-dtoa.o)
                                 0x12 (size before relaxing)
 .rodata.str1.4
                0x08009458        0xc C:\Program Files (x86)\GNU Tools ARM Embedded\5.3 2016q1\arm-none-eabi\lib\armv7e-m\libg.a(lib_a-locale.o)
                                 0x12 (size before relaxing)
 *fill*         0x08009464        0x4 
 .rodata.__mprec_tens
                0x08009468       0xc8 C:\Program Files (x86)\GNU Tools ARM Embedded\5.3 2016q1\arm-none-eabi\lib\armv7e-m\libg.a(lib_a-mprec.o)
                0x08009468                __mprec_tens
 .rodata.__mprec_bigtens
                0x08009530       0x28 C:\Program Files (x86)\GNU Tools ARM Embedded\5.3 2016q1\arm-none-eabi\lib\armv7e-m\libg.a(lib_a-mprec.o)
                0x08009530                __mprec_bigtens
 .rodata.p05.5373
                0x08009558        0xc C:\Program Files (x86)\GNU Tools ARM Embedded\5.3 2016q1\arm-none-eabi\lib\armv7e-m\libg.a(lib_a-mprec.o)
 *(.eh_fram e*)

.glue_7         0x08009564        0x0
 .glue_7        0x08009564        0x0 linker stubs

.glue_7t        0x08009564        0x0
 .glue_7t       0x08009564        0x0 linker stubs

.vfp11_veneer   0x08009564        0x0
 .vfp11_veneer  0x08009564        0x0 linker stubs

.v4_bx          0x08009564        0x0
 .v4_bx         0x08009564        0x0 linker stubs

.iplt           0x08009564        0x0
 .iplt          0x08009564        0x0 ..\obj\stm32f30x_rcc.o

.ARM.extab
 *(.ARM.extab* .gnu.linkonce.armextab.*)
                0x08009564                __exidx_start = .

.ARM.exidx      0x08009564        0x8
 *(.ARM.exidx* .gnu.linkonce.armexidx.*)
 .ARM.exidx     0x08009564        0x8 c:/program files (x86)/gnu tools arm embedded/5.3 2016q1/bin/../lib/gcc/arm-none-eabi/5.3.1/armv7e-m\libgcc.a(_udivmoddi4.o)
                0x0800956c                __exidx_end = .
                0x0800956c                __etext = .
                0x0800956c                _sidata = __etext

.rel.dyn        0x0800956c        0x0
 .rel.iplt      0x0800956c        0x0 ..\obj\stm32f30x_rcc.o

.data           0x20000000      0xa54 load address 0x0800956c
                0x20000000                __data_start__ = .
                0x20000000                _sdata = __data_start__
 *(vtable)
 *(.data*)
 .data          0x20000000      0x118 ..\obj\main.o
                0x20000000                mode
                0x20000002                AUTO
                0x20000008                sp
                0x20000010                scale
                0x20000020                limit
                0x20000040                twoPosSet
                0x20000058                threePosSet
                0x20000078                pidSet
 .data          0x20000118       0xc0 ..\obj\menu.o
 .data.__fdlib_version
                0x200001d8        0x1 C:\Program Files (x86)\GNU Tools ARM Embedded\5.3 2016q1\arm-none-eabi\lib\armv7e-m\libm.a(lib_a-s_lib_ver.o)
                0x200001d8                __fdlib_version
 *fill*         0x200001d9        0x7 
 .data.impure_data
                0x200001e0      0x428 C:\Program Files (x86)\GNU Tools ARM Embedded\5.3 2016q1\arm-none-eabi\lib\armv7e-m\libg.a(lib_a-impure.o)
 .data._impure_ptr
                0x20000608        0x4 C:\Program Files (x86)\GNU Tools ARM Embedded\5.3 2016q1\arm-none-eabi\lib\armv7e-m\libg.a(lib_a-impure.o)
                0x20000608                _impure_ptr
 .data.lconv    0x2000060c       0x38 C:\Program Files (x86)\GNU Tools ARM Embedded\5.3 2016q1\arm-none-eabi\lib\armv7e-m\libg.a(lib_a-locale.o)
 .data.__malloc_av_
                0x20000644      0x408 C:\Program Files (x86)\GNU Tools ARM Embedded\5.3 2016q1\arm-none-eabi\lib\armv7e-m\libg.a(lib_a-mallocr.o)
                0x20000644                __malloc_av_
 .data.__malloc_trim_threshold
                0x20000a4c        0x4 C:\Program Files (x86)\GNU Tools ARM Embedded\5.3 2016q1\arm-none-eabi\lib\armv7e-m\libg.a(lib_a-mallocr.o)
                0x20000a4c                __malloc_trim_threshold
 .data.__malloc_sbrk_base
                0x20000a50        0x4 C:\Program Files (x86)\GNU Tools ARM Embedded\5.3 2016q1\arm-none-eabi\lib\armv7e-m\libg.a(lib_a-mallocr.o)
                0x20000a50                __malloc_sbrk_base
                0x20000a54                . = ALIGN (0x4)
                [!provide]                PROVIDE (__preinit_array_start, .)
 *(.preinit_array)
                [!provide]                PROVIDE (__preinit_array_end, .)
                0x20000a54                . = ALIGN (0x4)
                [!provide]                PROVIDE (__init_array_start, .)
 *(SORT(.init_array.*))
 *(.init_array)
                [!provide]                PROVIDE (__init_array_end, .)
                0x20000a54                . = ALIGN (0x4)
                [!provide]                PROVIDE (__fini_array_start, .)
 *(SORT(.fini_array.*))
 *(.fini_array)
                [!provide]                PROVIDE (__fini_array_end, .)
 *(.jcr*)
                0x20000a54                . = ALIGN (0x4)
                0x20000a54                __data_end__ = .
                0x20000a54                _edata = __data_end__

.igot.plt       0x20000a54        0x0 load address 0x08009fc0
 .igot.plt      0x20000a54        0x0 ..\obj\stm32f30x_rcc.o

.bss            0x20000a58      0x218 load address 0x08009fc8
                0x20000a58                . = ALIGN (0x4)
                0x20000a58                __bss_start__ = .
                0x20000a58                _sbss = __bss_start__
 *(.bss*)
 .bss           0x20000a58        0x8 ..\obj\twoPos.o
 .bss           0x20000a60       0x20 ..\obj\main.o
                0x20000a60                prog
                0x20000a62                pvRaw
                0x20000a64                outRaw
                0x20000a68                pv
 .bss           0x20000a80        0xd ..\obj\menu.o
 *fill*         0x20000a8d        0x3 
 .bss           0x20000a90        0x4 ..\obj\syscalls.o
 .bss           0x20000a94      0x190 ..\obj\misc.o
 *fill*         0x20000c24        0x4 
 .bss           0x20000c28        0x8 ..\obj\threePos.o
 .bss           0x20000c30        0x8 ..\obj\pid.o
 .bss.__malloc_max_total_mem
                0x20000c38        0x4 C:\Program Files (x86)\GNU Tools ARM Embedded\5.3 2016q1\arm-none-eabi\lib\armv7e-m\libg.a(lib_a-mallocr.o)
                0x20000c38                __malloc_max_total_mem
 .bss.__malloc_max_sbrked_mem
                0x20000c3c        0x4 C:\Program Files (x86)\GNU Tools ARM Embedded\5.3 2016q1\arm-none-eabi\lib\armv7e-m\libg.a(lib_a-mallocr.o)
                0x20000c3c                __malloc_max_sbrked_mem
 .bss.__malloc_top_pad
                0x20000c40        0x4 C:\Program Files (x86)\GNU Tools ARM Embedded\5.3 2016q1\arm-none-eabi\lib\armv7e-m\libg.a(lib_a-mallocr.o)
                0x20000c40                __malloc_top_pad
 .bss.__malloc_current_mallinfo
                0x20000c44       0x28 C:\Program Files (x86)\GNU Tools ARM Embedded\5.3 2016q1\arm-none-eabi\lib\armv7e-m\libg.a(lib_a-mallocr.o)
                0x20000c44                __malloc_current_mallinfo
 *(COMMON)
 COMMON         0x20000c6c        0x4 C:\Program Files (x86)\GNU Tools ARM Embedded\5.3 2016q1\arm-none-eabi\lib\armv7e-m\libg.a(lib_a-reent.o)
                0x20000c6c                errno
                0x20000c70                . = ALIGN (0x4)
                0x20000c70                __bss_end__ = .
                0x20000c70                _ebss = __bss_end__

.heap           0x20000c70        0x0
                0x20000c70                __end__ = .
                0x20000c70                _end = __end__
                0x20000c70                end = __end__
 *(.heap*)
                0x20000c70                __HeapLimit = .

.co_stack       0x20000c70        0x0
                0x20000c70                . = ALIGN (0x8)
 *(.co_stack .co_stack.*)
                0x2000a000                __StackTop = (ORIGIN (ram) + LENGTH (ram))
                0x2000a000                __StackLimit = (__StackTop - SIZEOF (.co_stack))
                [!provide]                PROVIDE (__stack, __StackTop)
                0x00000001                ASSERT ((__StackLimit >= __HeapLimit), region ram  overflowed with stack)
LOAD ..\obj\stm32f30x_rcc.o
LOAD ..\obj\stm32f30x_flash.o
LOAD ..\obj\flash.o
LOAD ..\obj\twoPos.o
LOAD ..\obj\stm32f30x_adc.o
LOAD ..\obj\globals.o
LOAD ..\obj\ledDigits.o
LOAD ..\obj\stm32f30x_gpio.o
LOAD ..\obj\main.o
LOAD ..\obj\stm32f30x_dma.o
LOAD ..\obj\init.o
LOAD ..\obj\stm32f30x_exti.o
LOAD ..\obj\menu.o
LOAD ..\obj\system_stm32f30x_temp.o
LOAD ..\obj\syscalls.o
LOAD ..\obj\stm32f30x_misc.o
LOAD ..\obj\stm32f30x_tim.o
LOAD ..\obj\startup_stm32f30x.o
LOAD ..\obj\menuAux.o
LOAD ..\obj\stm32f30x_syscfg.o
LOAD ..\obj\misc.o
LOAD ..\obj\threePos.o
LOAD ..\obj\pid.o
LOAD C:\Program Files (x86)\GNU Tools ARM Embedded\5.3 2016q1\arm-none-eabi\lib\armv7e-m\libm.a
START GROUP
LOAD c:/program files (x86)/gnu tools arm embedded/5.3 2016q1/bin/../lib/gcc/arm-none-eabi/5.3.1/armv7e-m\libgcc.a
LOAD C:\Program Files (x86)\GNU Tools ARM Embedded\5.3 2016q1\arm-none-eabi\lib\armv7e-m\libg.a
LOAD C:\Program Files (x86)\GNU Tools ARM Embedded\5.3 2016q1\arm-none-eabi\lib\armv7e-m\libc.a
END GROUP
OUTPUT(UReg.elf elf32-littlearm)

.debug_info     0x00000000     0x8b8f
 .debug_info    0x00000000      0xacc ..\obj\stm32f30x_rcc.o
 .debug_info    0x00000acc      0x2ae ..\obj\twoPos.o
 .debug_info    0x00000d7a     0x131f ..\obj\stm32f30x_adc.o
 .debug_info    0x00002099       0xfb ..\obj\ledDigits.o
 .debug_info    0x00002194      0x612 ..\obj\stm32f30x_gpio.o
 .debug_info    0x000027a6      0x829 ..\obj\main.o
 .debug_info    0x00002fcf      0x47b ..\obj\stm32f30x_dma.o
 .debug_info    0x0000344a      0xe0d ..\obj\init.o
 .debug_info    0x00004257      0x3c4 ..\obj\stm32f30x_exti.o
 .debug_info    0x0000461b      0x3ae ..\obj\menu.o
 .debug_info    0x000049c9      0x4bb ..\obj\system_stm32f30x_temp.o
 .debug_info    0x00004e84      0x3f5 ..\obj\syscalls.o
 .debug_info    0x00005279      0x556 ..\obj\stm32f30x_misc.o
 .debug_info    0x000057cf     0x218c ..\obj\stm32f30x_tim.o
 .debug_info    0x0000795b       0x82 ..\obj\startup_stm32f30x.o
 .debug_info    0x000079dd      0x591 ..\obj\menuAux.o
 .debug_info    0x00007f6e      0x3ce ..\obj\stm32f30x_syscfg.o
 .debug_info    0x0000833c      0x31e ..\obj\misc.o
 .debug_info    0x0000865a      0x31b ..\obj\threePos.o
 .debug_info    0x00008975      0x21a ..\obj\pid.o

.debug_abbrev   0x00000000     0x1932
 .debug_abbrev  0x00000000      0x1e5 ..\obj\stm32f30x_rcc.o
 .debug_abbrev  0x000001e5      0x13d ..\obj\twoPos.o
 .debug_abbrev  0x00000322      0x192 ..\obj\stm32f30x_adc.o
 .debug_abbrev  0x000004b4       0x94 ..\obj\ledDigits.o
 .debug_abbrev  0x00000548      0x198 ..\obj\stm32f30x_gpio.o
 .debug_abbrev  0x000006e0      0x125 ..\obj\main.o
 .debug_abbrev  0x00000805      0x157 ..\obj\stm32f30x_dma.o
 .debug_abbrev  0x0000095c      0x187 ..\obj\init.o
 .debug_abbrev  0x00000ae3      0x17e ..\obj\stm32f30x_exti.o
 .debug_abbrev  0x00000c61      0x170 ..\obj\menu.o
 .debug_abbrev  0x00000dd1      0x147 ..\obj\system_stm32f30x_temp.o
 .debug_abbrev  0x00000f18       0xe5 ..\obj\syscalls.o
 .debug_abbrev  0x00000ffd      0x147 ..\obj\stm32f30x_misc.o
 .debug_abbrev  0x00001144      0x189 ..\obj\stm32f30x_tim.o
 .debug_abbrev  0x000012cd       0x12 ..\obj\startup_stm32f30x.o
 .debug_abbrev  0x000012df      0x15c ..\obj\menuAux.o
 .debug_abbrev  0x0000143b      0x183 ..\obj\stm32f30x_syscfg.o
 .debug_abbrev  0x000015be      0x146 ..\obj\misc.o
 .debug_abbrev  0x00001704      0x13d ..\obj\threePos.o
 .debug_abbrev  0x00001841       0xf1 ..\obj\pid.o

.debug_aranges  0x00000000      0xc30
 .debug_aranges
                0x00000000      0x150 ..\obj\stm32f30x_rcc.o
 .debug_aranges
                0x00000150       0x30 ..\obj\twoPos.o
 .debug_aranges
                0x00000180      0x210 ..\obj\stm32f30x_adc.o
 .debug_aranges
                0x00000390       0x28 ..\obj\ledDigits.o
 .debug_aranges
                0x000003b8       0x80 ..\obj\stm32f30x_gpio.o
 .debug_aranges
                0x00000438       0x40 ..\obj\main.o
 .debug_aranges
                0x00000478       0x70 ..\obj\stm32f30x_dma.o
 .debug_aranges
                0x000004e8       0x58 ..\obj\init.o
 .debug_aranges
                0x00000540       0x58 ..\obj\stm32f30x_exti.o
 .debug_aranges
                0x00000598       0x68 ..\obj\menu.o
 .debug_aranges
                0x00000600       0x30 ..\obj\system_stm32f30x_temp.o
 .debug_aranges
                0x00000630       0x60 ..\obj\syscalls.o
 .debug_aranges
                0x00000690       0x40 ..\obj\stm32f30x_misc.o
 .debug_aranges
                0x000006d0      0x3a8 ..\obj\stm32f30x_tim.o
 .debug_aranges
                0x00000a78       0x28 ..\obj\startup_stm32f30x.o
 .debug_aranges
                0x00000aa0       0x60 ..\obj\menuAux.o
 .debug_aranges
                0x00000b00       0x88 ..\obj\stm32f30x_syscfg.o
 .debug_aranges
                0x00000b88       0x38 ..\obj\misc.o
 .debug_aranges
                0x00000bc0       0x38 ..\obj\threePos.o
 .debug_aranges
                0x00000bf8       0x38 ..\obj\pid.o

.debug_ranges   0x00000000      0xaf8
 .debug_ranges  0x00000000      0x140 ..\obj\stm32f30x_rcc.o
 .debug_ranges  0x00000140       0x20 ..\obj\twoPos.o
 .debug_ranges  0x00000160      0x200 ..\obj\stm32f30x_adc.o
 .debug_ranges  0x00000360       0x18 ..\obj\ledDigits.o
 .debug_ranges  0x00000378       0x70 ..\obj\stm32f30x_gpio.o
 .debug_ranges  0x000003e8       0x30 ..\obj\main.o
 .debug_ranges  0x00000418       0x60 ..\obj\stm32f30x_dma.o
 .debug_ranges  0x00000478       0x48 ..\obj\init.o
 .debug_ranges  0x000004c0       0x48 ..\obj\stm32f30x_exti.o
 .debug_ranges  0x00000508       0x58 ..\obj\menu.o
 .debug_ranges  0x00000560       0x20 ..\obj\system_stm32f30x_temp.o
 .debug_ranges  0x00000580       0x50 ..\obj\syscalls.o
 .debug_ranges  0x000005d0       0x30 ..\obj\stm32f30x_misc.o
 .debug_ranges  0x00000600      0x398 ..\obj\stm32f30x_tim.o
 .debug_ranges  0x00000998       0x20 ..\obj\startup_stm32f30x.o
 .debug_ranges  0x000009b8       0x50 ..\obj\menuAux.o
 .debug_ranges  0x00000a08       0x78 ..\obj\stm32f30x_syscfg.o
 .debug_ranges  0x00000a80       0x28 ..\obj\misc.o
 .debug_ranges  0x00000aa8       0x28 ..\obj\threePos.o
 .debug_ranges  0x00000ad0       0x28 ..\obj\pid.o

.debug_line     0x00000000     0x3eb3
 .debug_line    0x00000000      0x56c ..\obj\stm32f30x_rcc.o
 .debug_line    0x0000056c      0x1c3 ..\obj\twoPos.o
 .debug_line    0x0000072f      0x7a7 ..\obj\stm32f30x_adc.o
 .debug_line    0x00000ed6      0x157 ..\obj\ledDigits.o
 .debug_line    0x0000102d      0x307 ..\obj\stm32f30x_gpio.o
 .debug_line    0x00001334      0x318 ..\obj\main.o
 .debug_line    0x0000164c      0x303 ..\obj\stm32f30x_dma.o
 .debug_line    0x0000194f      0x338 ..\obj\init.o
 .debug_line    0x00001c87      0x281 ..\obj\stm32f30x_exti.o
 .debug_line    0x00001f08      0x230 ..\obj\menu.o
 .debug_line    0x00002138      0x1df ..\obj\system_stm32f30x_temp.o
 .debug_line    0x00002317      0x172 ..\obj\syscalls.o
 .debug_line    0x00002489      0x222 ..\obj\stm32f30x_misc.o
 .debug_line    0x000026ab      0xc76 ..\obj\stm32f30x_tim.o
 .debug_line    0x00003321       0x96 ..\obj\startup_stm32f30x.o
 .debug_line    0x000033b7      0x2dc ..\obj\menuAux.o
 .debug_line    0x00003693      0x296 ..\obj\stm32f30x_syscfg.o
 .debug_line    0x00003929      0x1d5 ..\obj\misc.o
 .debug_line    0x00003afe      0x204 ..\obj\threePos.o
 .debug_line    0x00003d02      0x1b1 ..\obj\pid.o

.debug_str      0x00000000     0x3628
 .debug_str     0x00000000      0x759 ..\obj\stm32f30x_rcc.o
                                0x7ea (size before relaxing)
 .debug_str     0x00000759      0x122 ..\obj\twoPos.o
                                0x29a (size before relaxing)
 .debug_str     0x0000087b      0x994 ..\obj\stm32f30x_adc.o
                                0xb86 (size before relaxing)
 .debug_str     0x0000120f       0x47 ..\obj\ledDigits.o
                                0x196 (size before relaxing)
 .debug_str     0x00001256      0x2ba ..\obj\stm32f30x_gpio.o
                                0x495 (size before relaxing)
 .debug_str     0x00001510      0x21f ..\obj\main.o
                                0x494 (size before relaxing)
 .debug_str     0x0000172f      0x210 ..\obj\stm32f30x_dma.o
                                0x3b3 (size before relaxing)
 .debug_str     0x0000193f      0x752 ..\obj\init.o
                                0xd92 (size before relaxing)
 .debug_str     0x00002091      0x116 ..\obj\stm32f30x_exti.o
                                0x376 (size before relaxing)
 .debug_str     0x000021a7       0xd4 ..\obj\menu.o
                                0x2a7 (size before relaxing)
 .debug_str     0x0000227b       0xe6 ..\obj\system_stm32f30x_temp.o
                                0x300 (size before relaxing)
 .debug_str     0x00002361      0x14f ..\obj\syscalls.o
                                0x2b3 (size before relaxing)
 .debug_str     0x000024b0      0x11f ..\obj\stm32f30x_misc.o
                                0x3c4 (size before relaxing)
 .debug_str     0x000025cf      0xbd6 ..\obj\stm32f30x_tim.o
                                0xf6d (size before relaxing)
 .debug_str     0x000031a5       0xf1 ..\obj\menuAux.o
                                0x38e (size before relaxing)
 .debug_str     0x00003296      0x25f ..\obj\stm32f30x_syscfg.o
                                0x3f6 (size before relaxing)
 .debug_str     0x000034f5       0x6a ..\obj\misc.o
                                0x2ac (size before relaxing)
 .debug_str     0x0000355f       0x7d ..\obj\threePos.o
                                0x2fa (size before relaxing)
 .debug_str     0x000035dc       0x4c ..\obj\pid.o
                                0x203 (size before relaxing)

.comment        0x00000000       0x6e
 .comment       0x00000000       0x6e ..\obj\stm32f30x_rcc.o
                                 0x6f (size before relaxing)
 .comment       0x0000006e       0x6f ..\obj\twoPos.o
 .comment       0x0000006e       0x6f ..\obj\stm32f30x_adc.o
 .comment       0x0000006e       0x6f ..\obj\ledDigits.o
 .comment       0x0000006e       0x6f ..\obj\stm32f30x_gpio.o
 .comment       0x0000006e       0x6f ..\obj\main.o
 .comment       0x0000006e       0x6f ..\obj\stm32f30x_dma.o
 .comment       0x0000006e       0x6f ..\obj\init.o
 .comment       0x0000006e       0x6f ..\obj\stm32f30x_exti.o
 .comment       0x0000006e       0x6f ..\obj\menu.o
 .comment       0x0000006e       0x6f ..\obj\system_stm32f30x_temp.o
 .comment       0x0000006e       0x6f ..\obj\syscalls.o
 .comment       0x0000006e       0x6f ..\obj\stm32f30x_misc.o
 .comment       0x0000006e       0x6f ..\obj\stm32f30x_tim.o
 .comment       0x0000006e       0x6f ..\obj\menuAux.o
 .comment       0x0000006e       0x6f ..\obj\stm32f30x_syscfg.o
 .comment       0x0000006e       0x6f ..\obj\misc.o
 .comment       0x0000006e       0x6f ..\obj\threePos.o
 .comment       0x0000006e       0x6f ..\obj\pid.o

.ARM.attributes
                0x00000000       0x31
 .ARM.attributes
                0x00000000       0x33 ..\obj\stm32f30x_rcc.o
 .ARM.attributes
                0x00000033       0x33 ..\obj\twoPos.o
 .ARM.attributes
                0x00000066       0x33 ..\obj\stm32f30x_adc.o
 .ARM.attributes
                0x00000099       0x33 ..\obj\ledDigits.o
 .ARM.attributes
                0x000000cc       0x33 ..\obj\stm32f30x_gpio.o
 .ARM.attributes
                0x000000ff       0x33 ..\obj\main.o
 .ARM.attributes
                0x00000132       0x33 ..\obj\stm32f30x_dma.o
 .ARM.attributes
                0x00000165       0x33 ..\obj\init.o
 .ARM.attributes
                0x00000198       0x33 ..\obj\stm32f30x_exti.o
 .ARM.attributes
                0x000001cb       0x33 ..\obj\menu.o
 .ARM.attributes
                0x000001fe       0x33 ..\obj\system_stm32f30x_temp.o
 .ARM.attributes
                0x00000231       0x33 ..\obj\syscalls.o
 .ARM.attributes
                0x00000264       0x33 ..\obj\stm32f30x_misc.o
 .ARM.attributes
                0x00000297       0x33 ..\obj\stm32f30x_tim.o
 .ARM.attributes
                0x000002ca       0x21 ..\obj\startup_stm32f30x.o
 .ARM.attributes
                0x000002eb       0x33 ..\obj\menuAux.o
 .ARM.attributes
                0x0000031e       0x33 ..\obj\stm32f30x_syscfg.o
 .ARM.attributes
                0x00000351       0x33 ..\obj\misc.o
 .ARM.attributes
                0x00000384       0x33 ..\obj\threePos.o
 .ARM.attributes
                0x000003b7       0x33 ..\obj\pid.o
 .ARM.attributes
                0x000003ea       0x2e C:\Program Files (x86)\GNU Tools ARM Embedded\5.3 2016q1\arm-none-eabi\lib\armv7e-m\libm.a(lib_a-w_pow.o)
 .ARM.attributes
                0x00000418       0x2e C:\Program Files (x86)\GNU Tools ARM Embedded\5.3 2016q1\arm-none-eabi\lib\armv7e-m\libm.a(lib_a-e_pow.o)
 .ARM.attributes
                0x00000446       0x2e C:\Program Files (x86)\GNU Tools ARM Embedded\5.3 2016q1\arm-none-eabi\lib\armv7e-m\libm.a(lib_a-e_sqrt.o)
 .ARM.attributes
                0x00000474       0x2e C:\Program Files (x86)\GNU Tools ARM Embedded\5.3 2016q1\arm-none-eabi\lib\armv7e-m\libm.a(lib_a-s_fabs.o)
 .ARM.attributes
                0x000004a2       0x2e C:\Program Files (x86)\GNU Tools ARM Embedded\5.3 2016q1\arm-none-eabi\lib\armv7e-m\libm.a(lib_a-s_finite.o)
 .ARM.attributes
                0x000004d0       0x2e C:\Program Files (x86)\GNU Tools ARM Embedded\5.3 2016q1\arm-none-eabi\lib\armv7e-m\libm.a(lib_a-s_lib_ver.o)
 .ARM.attributes
                0x000004fe       0x2e C:\Program Files (x86)\GNU Tools ARM Embedded\5.3 2016q1\arm-none-eabi\lib\armv7e-m\libm.a(lib_a-s_matherr.o)
 .ARM.attributes
                0x0000052c       0x2e C:\Program Files (x86)\GNU Tools ARM Embedded\5.3 2016q1\arm-none-eabi\lib\armv7e-m\libm.a(lib_a-s_nan.o)
 .ARM.attributes
                0x0000055a       0x2e C:\Program Files (x86)\GNU Tools ARM Embedded\5.3 2016q1\arm-none-eabi\lib\armv7e-m\libm.a(lib_a-s_rint.o)
 .ARM.attributes
                0x00000588       0x2e C:\Program Files (x86)\GNU Tools ARM Embedded\5.3 2016q1\arm-none-eabi\lib\armv7e-m\libm.a(lib_a-s_scalbn.o)
 .ARM.attributes
                0x000005b6       0x2e C:\Program Files (x86)\GNU Tools ARM Embedded\5.3 2016q1\arm-none-eabi\lib\armv7e-m\libm.a(lib_a-s_copysign.o)
 .ARM.attributes
                0x000005e4       0x1e c:/program files (x86)/gnu tools arm embedded/5.3 2016q1/bin/../lib/gcc/arm-none-eabi/5.3.1/armv7e-m\libgcc.a(_arm_addsubdf3.o)
 .ARM.attributes
                0x00000602       0x1e c:/program files (x86)/gnu tools arm embedded/5.3 2016q1/bin/../lib/gcc/arm-none-eabi/5.3.1/armv7e-m\libgcc.a(_arm_muldivdf3.o)
 .ARM.attributes
                0x00000620       0x1e c:/program files (x86)/gnu tools arm embedded/5.3 2016q1/bin/../lib/gcc/arm-none-eabi/5.3.1/armv7e-m\libgcc.a(_arm_cmpdf2.o)
 .ARM.attributes
                0x0000063e       0x1e c:/program files (x86)/gnu tools arm embedded/5.3 2016q1/bin/../lib/gcc/arm-none-eabi/5.3.1/armv7e-m\libgcc.a(_arm_unorddf2.o)
 .ARM.attributes
                0x0000065c       0x1e c:/program files (x86)/gnu tools arm embedded/5.3 2016q1/bin/../lib/gcc/arm-none-eabi/5.3.1/armv7e-m\libgcc.a(_arm_fixdfsi.o)
 .ARM.attributes
                0x0000067a       0x1e c:/program files (x86)/gnu tools arm embedded/5.3 2016q1/bin/../lib/gcc/arm-none-eabi/5.3.1/armv7e-m\libgcc.a(_arm_fixunsdfsi.o)
 .ARM.attributes
                0x00000698       0x2e C:\Program Files (x86)\GNU Tools ARM Embedded\5.3 2016q1\arm-none-eabi\lib\armv7e-m\libg.a(lib_a-errno.o)
 .ARM.attributes
                0x000006c6       0x2e C:\Program Files (x86)\GNU Tools ARM Embedded\5.3 2016q1\arm-none-eabi\lib\armv7e-m\libg.a(lib_a-impure.o)
 .ARM.attributes
                0x000006f4       0x2e C:\Program Files (x86)\GNU Tools ARM Embedded\5.3 2016q1\arm-none-eabi\lib\armv7e-m\libg.a(lib_a-sprintf.o)
 .ARM.attributes
                0x00000722       0x2e C:\Program Files (x86)\GNU Tools ARM Embedded\5.3 2016q1\arm-none-eabi\lib\armv7e-m\libg.a(lib_a-svfprintf.o)
 .ARM.attributes
                0x00000750       0x2e C:\Program Files (x86)\GNU Tools ARM Embedded\5.3 2016q1\arm-none-eabi\lib\armv7e-m\libg.a(lib_a-dtoa.o)
 .ARM.attributes
                0x0000077e       0x2e C:\Program Files (x86)\GNU Tools ARM Embedded\5.3 2016q1\arm-none-eabi\lib\armv7e-m\libg.a(lib_a-locale.o)
 .ARM.attributes
                0x000007ac       0x2e C:\Program Files (x86)\GNU Tools ARM Embedded\5.3 2016q1\arm-none-eabi\lib\armv7e-m\libg.a(lib_a-mallocr.o)
 .ARM.attributes
                0x000007da       0x1c C:\Program Files (x86)\GNU Tools ARM Embedded\5.3 2016q1\arm-none-eabi\lib\armv7e-m\libg.a(lib_a-memchr.o)
 .ARM.attributes
                0x000007f6       0x1c C:\Program Files (x86)\GNU Tools ARM Embedded\5.3 2016q1\arm-none-eabi\lib\armv7e-m\libg.a(lib_a-memcpy.o)
 .ARM.attributes
                0x00000812       0x2e C:\Program Files (x86)\GNU Tools ARM Embedded\5.3 2016q1\arm-none-eabi\lib\armv7e-m\libg.a(lib_a-mlock.o)
 .ARM.attributes
                0x00000840       0x2e C:\Program Files (x86)\GNU Tools ARM Embedded\5.3 2016q1\arm-none-eabi\lib\armv7e-m\libg.a(lib_a-mprec.o)
 .ARM.attributes
                0x0000086e       0x2e C:\Program Files (x86)\GNU Tools ARM Embedded\5.3 2016q1\arm-none-eabi\lib\armv7e-m\libg.a(lib_a-sbrkr.o)
 .ARM.attributes
                0x0000089c       0x1c C:\Program Files (x86)\GNU Tools ARM Embedded\5.3 2016q1\arm-none-eabi\lib\armv7e-m\libg.a(lib_a-strlen.o)
 .ARM.attributes
                0x000008b8       0x2e C:\Program Files (x86)\GNU Tools ARM Embedded\5.3 2016q1\arm-none-eabi\lib\armv7e-m\libg.a(lib_a-svfiprintf.o)
 .ARM.attributes
                0x000008e6       0x2e C:\Program Files (x86)\GNU Tools ARM Embedded\5.3 2016q1\arm-none-eabi\lib\armv7e-m\libg.a(lib_a-callocr.o)
 .ARM.attributes
                0x00000914       0x2e C:\Program Files (x86)\GNU Tools ARM Embedded\5.3 2016q1\arm-none-eabi\lib\armv7e-m\libg.a(lib_a-freer.o)
 .ARM.attributes
                0x00000942       0x2e C:\Program Files (x86)\GNU Tools ARM Embedded\5.3 2016q1\arm-none-eabi\lib\armv7e-m\libg.a(lib_a-memmove.o)
 .ARM.attributes
                0x00000970       0x2e C:\Program Files (x86)\GNU Tools ARM Embedded\5.3 2016q1\arm-none-eabi\lib\armv7e-m\libg.a(lib_a-memset.o)
 .ARM.attributes
                0x0000099e       0x2e C:\Program Files (x86)\GNU Tools ARM Embedded\5.3 2016q1\arm-none-eabi\lib\armv7e-m\libg.a(lib_a-reallocr.o)
 .ARM.attributes
                0x000009cc       0x2e C:\Program Files (x86)\GNU Tools ARM Embedded\5.3 2016q1\arm-none-eabi\lib\armv7e-m\libg.a(lib_a-reent.o)
 .ARM.attributes
                0x000009fa       0x1e c:/program files (x86)/gnu tools arm embedded/5.3 2016q1/bin/../lib/gcc/arm-none-eabi/5.3.1/armv7e-m\libgcc.a(_aeabi_uldivmod.o)
 .ARM.attributes
                0x00000a18       0x2e c:/program files (x86)/gnu tools arm embedded/5.3 2016q1/bin/../lib/gcc/arm-none-eabi/5.3.1/armv7e-m\libgcc.a(_udivmoddi4.o)
 .ARM.attributes
                0x00000a46       0x1e c:/program files (x86)/gnu tools arm embedded/5.3 2016q1/bin/../lib/gcc/arm-none-eabi/5.3.1/armv7e-m\libgcc.a(_dvmd_tls.o)

.debug_frame    0x00000000     0x3ce8
 .debug_frame   0x00000000      0x60c ..\obj\stm32f30x_rcc.o
 .debug_frame   0x0000060c       0x78 ..\obj\twoPos.o
 .debug_frame   0x00000684      0x9e4 ..\obj\stm32f30x_adc.o
 .debug_frame   0x00001068       0x5c ..\obj\ledDigits.o
 .debug_frame   0x000010c4      0x214 ..\obj\stm32f30x_gpio.o
 .debug_frame   0x000012d8       0xb0 ..\obj\main.o
 .debug_frame   0x00001388      0x1c8 ..\obj\stm32f30x_dma.o
 .debug_frame   0x00001550      0x134 ..\obj\init.o
 .debug_frame   0x00001684      0x148 ..\obj\stm32f30x_exti.o
 .debug_frame   0x000017cc      0x160 ..\obj\menu.o
 .debug_frame   0x0000192c       0x7c ..\obj\system_stm32f30x_temp.o
 .debug_frame   0x000019a8      0x168 ..\obj\syscalls.o
 .debug_frame   0x00001b10       0xd8 ..\obj\stm32f30x_misc.o
 .debug_frame   0x00001be8     0x11c4 ..\obj\stm32f30x_tim.o
 .debug_frame   0x00002dac      0x178 ..\obj\menuAux.o
 .debug_frame   0x00002f24      0x230 ..\obj\stm32f30x_syscfg.o
 .debug_frame   0x00003154       0xa4 ..\obj\misc.o
 .debug_frame   0x000031f8       0x9c ..\obj\threePos.o
 .debug_frame   0x00003294       0xac ..\obj\pid.o
 .debug_frame   0x00003340       0x4c C:\Program Files (x86)\GNU Tools ARM Embedded\5.3 2016q1\arm-none-eabi\lib\armv7e-m\libm.a(lib_a-w_pow.o)
 .debug_frame   0x0000338c       0x68 C:\Program Files (x86)\GNU Tools ARM Embedded\5.3 2016q1\arm-none-eabi\lib\armv7e-m\libm.a(lib_a-e_pow.o)
 .debug_frame   0x000033f4       0x34 C:\Program Files (x86)\GNU Tools ARM Embedded\5.3 2016q1\arm-none-eabi\lib\armv7e-m\libm.a(lib_a-e_sqrt.o)
 .debug_frame   0x00003428       0x20 C:\Program Files (x86)\GNU Tools ARM Embedded\5.3 2016q1\arm-none-eabi\lib\armv7e-m\libm.a(lib_a-s_fabs.o)
 .debug_frame   0x00003448       0x20 C:\Program Files (x86)\GNU Tools ARM Embedded\5.3 2016q1\arm-none-eabi\lib\armv7e-m\libm.a(lib_a-s_finite.o)
 .debug_frame   0x00003468       0x20 C:\Program Files (x86)\GNU Tools ARM Embedded\5.3 2016q1\arm-none-eabi\lib\armv7e-m\libm.a(lib_a-s_matherr.o)
 .debug_frame   0x00003488       0x20 C:\Program Files (x86)\GNU Tools ARM Embedded\5.3 2016q1\arm-none-eabi\lib\armv7e-m\libm.a(lib_a-s_nan.o)
 .debug_frame   0x000034a8       0x3c C:\Program Files (x86)\GNU Tools ARM Embedded\5.3 2016q1\arm-none-eabi\lib\armv7e-m\libm.a(lib_a-s_rint.o)
 .debug_frame   0x000034e4       0x30 C:\Program Files (x86)\GNU Tools ARM Embedded\5.3 2016q1\arm-none-eabi\lib\armv7e-m\libm.a(lib_a-s_scalbn.o)
 .debug_frame   0x00003514       0x20 C:\Program Files (x86)\GNU Tools ARM Embedded\5.3 2016q1\arm-none-eabi\lib\armv7e-m\libm.a(lib_a-s_copysign.o)
 .debug_frame   0x00003534       0x20 C:\Program Files (x86)\GNU Tools ARM Embedded\5.3 2016q1\arm-none-eabi\lib\armv7e-m\libg.a(lib_a-errno.o)
 .debug_frame   0x00003554       0x84 C:\Program Files (x86)\GNU Tools ARM Embedded\5.3 2016q1\arm-none-eabi\lib\armv7e-m\libg.a(lib_a-sprintf.o)
 .debug_frame   0x000035d8       0x44 C:\Program Files (x86)\GNU Tools ARM Embedded\5.3 2016q1\arm-none-eabi\lib\armv7e-m\libg.a(lib_a-svfprintf.o)
 .debug_frame   0x0000361c       0x88 C:\Program Files (x86)\GNU Tools ARM Embedded\5.3 2016q1\arm-none-eabi\lib\armv7e-m\libg.a(lib_a-dtoa.o)
 .debug_frame   0x000036a4       0x9c C:\Program Files (x86)\GNU Tools ARM Embedded\5.3 2016q1\arm-none-eabi\lib\armv7e-m\libg.a(lib_a-locale.o)
 .debug_frame   0x00003740       0x58 C:\Program Files (x86)\GNU Tools ARM Embedded\5.3 2016q1\arm-none-eabi\lib\armv7e-m\libg.a(lib_a-mallocr.o)
 .debug_frame   0x00003798       0x30 C:\Program Files (x86)\GNU Tools ARM Embedded\5.3 2016q1\arm-none-eabi\lib\armv7e-m\libg.a(lib_a-mlock.o)
 .debug_frame   0x000037c8      0x264 C:\Program Files (x86)\GNU Tools ARM Embedded\5.3 2016q1\arm-none-eabi\lib\armv7e-m\libg.a(lib_a-mprec.o)
 .debug_frame   0x00003a2c       0x2c C:\Program Files (x86)\GNU Tools ARM Embedded\5.3 2016q1\arm-none-eabi\lib\armv7e-m\libg.a(lib_a-sbrkr.o)
 .debug_frame   0x00003a58       0x78 C:\Program Files (x86)\GNU Tools ARM Embedded\5.3 2016q1\arm-none-eabi\lib\armv7e-m\libg.a(lib_a-svfiprintf.o)
 .debug_frame   0x00003ad0       0x28 C:\Program Files (x86)\GNU Tools ARM Embedded\5.3 2016q1\arm-none-eabi\lib\armv7e-m\libg.a(lib_a-callocr.o)
 .debug_frame   0x00003af8       0x74 C:\Program Files (x86)\GNU Tools ARM Embedded\5.3 2016q1\arm-none-eabi\lib\armv7e-m\libg.a(lib_a-freer.o)
 .debug_frame   0x00003b6c       0x30 C:\Program Files (x86)\GNU Tools ARM Embedded\5.3 2016q1\arm-none-eabi\lib\armv7e-m\libg.a(lib_a-memmove.o)
 .debug_frame   0x00003b9c       0x34 C:\Program Files (x86)\GNU Tools ARM Embedded\5.3 2016q1\arm-none-eabi\lib\armv7e-m\libg.a(lib_a-memset.o)
 .debug_frame   0x00003bd0       0x60 C:\Program Files (x86)\GNU Tools ARM Embedded\5.3 2016q1\arm-none-eabi\lib\armv7e-m\libg.a(lib_a-reallocr.o)
 .debug_frame   0x00003c30       0x58 C:\Program Files (x86)\GNU Tools ARM Embedded\5.3 2016q1\arm-none-eabi\lib\armv7e-m\libg.a(lib_a-reent.o)
 .debug_frame   0x00003c88       0x2c c:/program files (x86)/gnu tools arm embedded/5.3 2016q1/bin/../lib/gcc/arm-none-eabi/5.3.1/armv7e-m\libgcc.a(_aeabi_uldivmod.o)
 .debug_frame   0x00003cb4       0x34 c:/program files (x86)/gnu tools arm embedded/5.3 2016q1/bin/../lib/gcc/arm-none-eabi/5.3.1/armv7e-m\libgcc.a(_udivmoddi4.o)
