Archive member included to satisfy reference by file (symbol)

C:\Program Files (x86)\GNU Tools ARM Embedded\5.3 2016q1\arm-none-eabi\lib\armv7e-m\libm.a(lib_a-s_round.o)
                              ..\obj\flash.o (round)
C:\Program Files (x86)\GNU Tools ARM Embedded\5.3 2016q1\arm-none-eabi\lib\armv7e-m\libm.a(lib_a-w_pow.o)
                              ..\obj\menuAux.o (pow)
C:\Program Files (x86)\GNU Tools ARM Embedded\5.3 2016q1\arm-none-eabi\lib\armv7e-m\libm.a(lib_a-e_pow.o)
                              C:\Program Files (x86)\GNU Tools ARM Embedded\5.3 2016q1\arm-none-eabi\lib\armv7e-m\libm.a(lib_a-w_pow.o) (__ieee754_pow)
C:\Program Files (x86)\GNU Tools ARM Embedded\5.3 2016q1\arm-none-eabi\lib\armv7e-m\libm.a(lib_a-e_sqrt.o)
                              C:\Program Files (x86)\GNU Tools ARM Embedded\5.3 2016q1\arm-none-eabi\lib\armv7e-m\libm.a(lib_a-e_pow.o) (__ieee754_sqrt)
C:\Program Files (x86)\GNU Tools ARM Embedded\5.3 2016q1\arm-none-eabi\lib\armv7e-m\libm.a(lib_a-s_fabs.o)
                              C:\Program Files (x86)\GNU Tools ARM Embedded\5.3 2016q1\arm-none-eabi\lib\armv7e-m\libm.a(lib_a-e_pow.o) (fabs)
C:\Program Files (x86)\GNU Tools ARM Embedded\5.3 2016q1\arm-none-eabi\lib\armv7e-m\libm.a(lib_a-s_finite.o)
                              C:\Program Files (x86)\GNU Tools ARM Embedded\5.3 2016q1\arm-none-eabi\lib\armv7e-m\libm.a(lib_a-w_pow.o) (finite)
C:\Program Files (x86)\GNU Tools ARM Embedded\5.3 2016q1\arm-none-eabi\lib\armv7e-m\libm.a(lib_a-s_lib_ver.o)
                              C:\Program Files (x86)\GNU Tools ARM Embedded\5.3 2016q1\arm-none-eabi\lib\armv7e-m\libm.a(lib_a-w_pow.o) (__fdlib_version)
C:\Program Files (x86)\GNU Tools ARM Embedded\5.3 2016q1\arm-none-eabi\lib\armv7e-m\libm.a(lib_a-s_matherr.o)
                              C:\Program Files (x86)\GNU Tools ARM Embedded\5.3 2016q1\arm-none-eabi\lib\armv7e-m\libm.a(lib_a-w_pow.o) (matherr)
C:\Program Files (x86)\GNU Tools ARM Embedded\5.3 2016q1\arm-none-eabi\lib\armv7e-m\libm.a(lib_a-s_nan.o)
                              C:\Program Files (x86)\GNU Tools ARM Embedded\5.3 2016q1\arm-none-eabi\lib\armv7e-m\libm.a(lib_a-e_pow.o) (nan)
C:\Program Files (x86)\GNU Tools ARM Embedded\5.3 2016q1\arm-none-eabi\lib\armv7e-m\libm.a(lib_a-s_rint.o)
                              C:\Program Files (x86)\GNU Tools ARM Embedded\5.3 2016q1\arm-none-eabi\lib\armv7e-m\libm.a(lib_a-w_pow.o) (rint)
C:\Program Files (x86)\GNU Tools ARM Embedded\5.3 2016q1\arm-none-eabi\lib\armv7e-m\libm.a(lib_a-s_scalbn.o)
                              C:\Program Files (x86)\GNU Tools ARM Embedded\5.3 2016q1\arm-none-eabi\lib\armv7e-m\libm.a(lib_a-e_pow.o) (scalbn)
C:\Program Files (x86)\GNU Tools ARM Embedded\5.3 2016q1\arm-none-eabi\lib\armv7e-m\libm.a(lib_a-s_copysign.o)
                              C:\Program Files (x86)\GNU Tools ARM Embedded\5.3 2016q1\arm-none-eabi\lib\armv7e-m\libm.a(lib_a-s_scalbn.o) (copysign)
c:/program files (x86)/gnu tools arm embedded/5.3 2016q1/bin/../lib/gcc/arm-none-eabi/5.3.1/armv7e-m\libgcc.a(_arm_addsubdf3.o)
                              ..\obj\twoPos.o (__aeabi_dsub)
c:/program files (x86)/gnu tools arm embedded/5.3 2016q1/bin/../lib/gcc/arm-none-eabi/5.3.1/armv7e-m\libgcc.a(_arm_muldivdf3.o)
                              ..\obj\flash.o (__aeabi_dmul)
c:/program files (x86)/gnu tools arm embedded/5.3 2016q1/bin/../lib/gcc/arm-none-eabi/5.3.1/armv7e-m\libgcc.a(_arm_cmpdf2.o)
                              ..\obj\main.o (__aeabi_dcmpeq)
c:/program files (x86)/gnu tools arm embedded/5.3 2016q1/bin/../lib/gcc/arm-none-eabi/5.3.1/armv7e-m\libgcc.a(_arm_unorddf2.o)
                              C:\Program Files (x86)\GNU Tools ARM Embedded\5.3 2016q1\arm-none-eabi\lib\armv7e-m\libm.a(lib_a-w_pow.o) (__aeabi_dcmpun)
c:/program files (x86)/gnu tools arm embedded/5.3 2016q1/bin/../lib/gcc/arm-none-eabi/5.3.1/armv7e-m\libgcc.a(_arm_fixdfsi.o)
                              ..\obj\flash.o (__aeabi_d2iz)
c:/program files (x86)/gnu tools arm embedded/5.3 2016q1/bin/../lib/gcc/arm-none-eabi/5.3.1/armv7e-m\libgcc.a(_arm_fixunsdfsi.o)
                              ..\obj\flash.o (__aeabi_d2uiz)
C:\Program Files (x86)\GNU Tools ARM Embedded\5.3 2016q1\arm-none-eabi\lib\armv7e-m\libg.a(lib_a-errno.o)
                              C:\Program Files (x86)\GNU Tools ARM Embedded\5.3 2016q1\arm-none-eabi\lib\armv7e-m\libm.a(lib_a-w_pow.o) (__errno)
C:\Program Files (x86)\GNU Tools ARM Embedded\5.3 2016q1\arm-none-eabi\lib\armv7e-m\libg.a(lib_a-impure.o)
                              C:\Program Files (x86)\GNU Tools ARM Embedded\5.3 2016q1\arm-none-eabi\lib\armv7e-m\libg.a(lib_a-errno.o) (_impure_ptr)
C:\Program Files (x86)\GNU Tools ARM Embedded\5.3 2016q1\arm-none-eabi\lib\armv7e-m\libg.a(lib_a-sprintf.o)
                              ..\obj\menu.o (sprintf)
C:\Program Files (x86)\GNU Tools ARM Embedded\5.3 2016q1\arm-none-eabi\lib\armv7e-m\libg.a(lib_a-svfprintf.o)
[...]
Memory Configuration

Name             Origin             Length             Attributes
rom              0x08000000         0x00040000         xr
ram              0x20000000         0x0000a000         xrw
ram1             0x10000000         0x00002000         xrw
*default*        0x00000000         0xffffffff

Linker script and memory map

                0x2000a000                _eram = 0x2000a000

.text           0x08000000     0x9a64
 *(.isr_vector)
 .isr_vector    0x08000000      0x188 ..\obj\startup_stm32f30x.o
                0x08000000                g_pfnVectors
 *(.text*)
 .text.RCC_DeInit
                0x08000188       0x7c ..\obj\stm32f30x_rcc.o
                0x08000188                RCC_DeInit
 .text.RCC_HSICmd
                0x08000204       0x20 ..\obj\stm32f30x_rcc.o
                0x08000204                RCC_HSICmd
 .text.RCC_PLLConfig
                0x08000224       0x34 ..\obj\stm32f30x_rcc.o
                0x08000224                RCC_PLLConfig
 .text.RCC_PLLCmd
                0x08000258       0x20 ..\obj\stm32f30x_rcc.o
                0x08000258                RCC_PLLCmd
 .text.RCC_SYSCLKConfig
                0x08000278       0x38 ..\obj\stm32f30x_rcc.o
                0x08000278                RCC_SYSCLKConfig
 .text.RCC_HCLKConfig
                0x080002b0       0x38 ..\obj\stm32f30x_rcc.o
                0x080002b0                RCC_HCLKConfig
 .text.RCC_PCLK1Config
                0x080002e8       0x38 ..\obj\stm32f30x_rcc.o
                0x080002e8                RCC_PCLK1Config
 .text.RCC_PCLK2Config
                0x08000320       0x38 ..\obj\stm32f30x_rcc.o
                0x08000320                RCC_PCLK2Config
 .text.RCC_ADCCLKConfig
                0x08000358       0x4c ..\obj\stm32f30x_rcc.o
                0x08000358                RCC_ADCCLKConfig
 .text.RCC_AHBPeriphClockCmd
                0x080003a4       0x3c ..\obj\stm32f30x_rcc.o
                0x080003a4                RCC_AHBPeriphClockCmd
 .text.RCC_APB2PeriphClockCmd
                0x080003e0       0x3c ..\obj\stm32f30x_rcc.o
                0x080003e0                RCC_APB2PeriphClockCmd
 .text.RCC_APB1PeriphClockCmd
                0x0800041c       0x3c ..\obj\stm32f30x_rcc.o
                0x0800041c                RCC_APB1PeriphClockCmd
 .text.readFlash
                0x08000458      0x2c4 ..\obj\flash.o
                0x08000458                readFlash
 .text.resetTwoPos
                0x0800071c       0x30 ..\obj\twoPos.o
                0x0800071c                resetTwoPos
 .text.calculateTwoPosOut
                0x0800074c       0xb4 ..\obj\twoPos.o
                0x0800074c                calculateTwoPosOut
 .text.ADC_Init
                0x08000800       0x80 ..\obj\stm32f30x_adc.o
                0x08000800                ADC_Init
 .text.ADC_CommonInit
                0x08000880       0x9c ..\obj\stm32f30x_adc.o
                0x08000880                ADC_CommonInit
 .text.ADC_Cmd  0x0800091c       0x38 ..\obj\stm32f30x_adc.o
                0x0800091c                ADC_Cmd
 .text.ADC_RegularChannelConfig
                0x08000954      0x1f0 ..\obj\stm32f30x_adc.o
                0x08000954                ADC_RegularChannelConfig
 .text.ADC_StartConversion
                0x08000b44       0x20 ..\obj\stm32f30x_adc.o
                0x08000b44                ADC_StartConversion
 .text.ADC_DMACmd
                0x08000b64       0x38 ..\obj\stm32f30x_adc.o
                0x08000b64                ADC_DMACmd
 .text.ADC_DMAConfig
                0x08000b9c       0x2c ..\obj\stm32f30x_adc.o
                0x08000b9c                ADC_DMAConfig
 .text.getLEDcode
                0x08000bc8      0x1ac ..\obj\ledDigits.o
                0x08000bc8                getLEDcode
 .text.getLEDcodeArray
                0x08000d74       0x54 ..\obj\ledDigits.o
                0x08000d74                getLEDcodeArray
 .text.GPIO_Init
                0x08000dc8      0x12c ..\obj\stm32f30x_gpio.o
                0x08000dc8                GPIO_Init
 .text.GPIO_PinAFConfig
                0x08000ef4       0x90 ..\obj\stm32f30x_gpio.o
                0x08000ef4                GPIO_PinAFConfig
 .text.main     0x08000f84       0x5c ..\obj\main.o
                0x08000f84                main
 .text.TIM3_IRQHandler
                0x08000fe0      0x1ac ..\obj\main.o
                0x08000fe0                TIM3_IRQHandler
 .text.TIM4_IRQHandler
                0x0800118c      0x2b0 ..\obj\main.o
                0x0800118c                TIM4_IRQHandler
 .text.TIM7_IRQHandler
                0x0800143c      0x11c ..\obj\main.o
                0x0800143c                TIM7_IRQHandler
 .text.EXTI9_5_IRQHandler
                0x08001558      0x20c ..\obj\main.o
                0x08001558                EXTI9_5_IRQHandler
 .text.DMA_Init
                0x08001764       0x80 ..\obj\stm32f30x_dma.o
                0x08001764                DMA_Init
 .text.DMA_Cmd  0x080017e4       0x38 ..\obj\stm32f30x_dma.o
                0x080017e4                DMA_Cmd
 .text.NVIC_EnableIRQ
                0x0800181c       0x30 ..\obj\init.o
 .text.RCCinit  0x0800184c       0x3c ..\obj\init.o
                0x0800184c                RCCinit
 .text.GPIOinit
                0x08001888      0x12c ..\obj\init.o
                0x08001888                GPIOinit
 .text.EXTIinit
                0x080019b4       0x74 ..\obj\init.o
                0x080019b4                EXTIinit
 .text.NVICinit
                0x08001a28       0x70 ..\obj\init.o
                0x08001a28                NVICinit
 .text.TIMinit  0x08001a98       0xf0 ..\obj\init.o
                0x08001a98                TIMinit
 .text.ADCinit  0x08001b88       0xb0 ..\obj\init.o
                0x08001b88                ADCinit
 .text.DMAinit  0x08001c38       0xb8 ..\obj\init.o
                0x08001c38                DMAinit
 .text.PWMinit  0x08001cf0       0x44 ..\obj\init.o
                0x08001cf0                PWMinit
 .text.EXTI_Init
                0x08001d34      0x1f4 ..\obj\stm32f30x_exti.o
                0x08001d34                EXTI_Init
 .text.EXTI_ClearFlag
                0x08001f28       0x30 ..\obj\stm32f30x_exti.o
                0x08001f28                EXTI_ClearFlag
 .text.getMenuSize
                0x08001f58       0x3c ..\obj\menu.o
                0x08001f58                getMenuSize
 .text.getNaviLimit
                0x08001f94       0x94 ..\obj\menu.o
                0x08001f94                getNaviLimit
 .text.naviUp   0x08002028       0x80 ..\obj\menu.o
                0x08002028                naviUp
 .text.naviDown
                0x080020a8       0x84 ..\obj\menu.o
                0x080020a8                naviDown
 .text.naviRight
                0x0800212c       0x5c ..\obj\menu.o
                0x0800212c                naviRight
 .text.naviLeft
                0x08002188       0x70 ..\obj\menu.o
                0x08002188                naviLeft
 .text.getDisp1
                0x080021f8       0x98 ..\obj\menu.o
                0x080021f8                getDisp1
 .text.getDisp2
                0x08002290       0xc8 ..\obj\menu.o
                0x08002290                getDisp2
 .text.exitMenu
                0x08002358       0x38 ..\obj\menu.o
                0x08002358                exitMenu
 .text.getCursor
                0x08002390       0x1c ..\obj\menu.o
                0x08002390                getCursor
 .text.SystemInit1
                0x080023ac       0x84 ..\obj\system_stm32f30x_temp.o
                0x080023ac                SystemInit
                0x080023ac                SystemInit1
 .text.SetSysClock1
                0x08002430       0xe0 ..\obj\system_stm32f30x_temp.o
                0x08002430                SetSysClock
 .text._sbrk    0x08002510       0x3c ..\obj\syscalls.o
                0x08002510                _sbrk
 .text.NVIC_Init
                0x0800254c       0xc4 ..\obj\stm32f30x_misc.o
                0x0800254c                NVIC_Init
 .text.TIM_TimeBaseInit
                0x08002610       0xec ..\obj\stm32f30x_tim.o
                0x08002610                TIM_TimeBaseInit
 .text.TIM_Cmd  0x080026fc       0x40 ..\obj\stm32f30x_tim.o
                0x080026fc                TIM_Cmd
 .text.TIM_OC2Init
                0x0800273c      0x100 ..\obj\stm32f30x_tim.o
                0x0800273c                TIM_OC2Init
 .text.TIM_CtrlPWMOutputs
                0x0800283c       0x38 ..\obj\stm32f30x_tim.o
                0x0800283c                TIM_CtrlPWMOutputs
 .text.TIM_ITConfig
                0x08002874       0x40 ..\obj\stm32f30x_tim.o
                0x08002874                TIM_ITConfig
 .text.TIM_ClearITPendingBit
                0x080028b4       0x24 ..\obj\stm32f30x_tim.o
                0x080028b4                TIM_ClearITPendingBit
 .text.Reset_Handler
                0x080028d8       0x44 ..\obj\startup_stm32f30x.o
                0x080028d8                Reset_Handler
 .text.Default_Handler
                0x0800291c        0x2 ..\obj\startup_stm32f30x.o
                0x0800291c                RTC_Alarm_IRQHandler
                0x0800291c                TIM8_TRG_COM_IRQHandler
                0x0800291c                TIM8_CC_IRQHandler
                0x0800291c                DebugMon_Handler
                0x0800291c                TIM1_CC_IRQHandler
                0x0800291c                HardFault_Handler
                0x0800291c                USB_HP_IRQHandler
                0x0800291c                SysTick_Handler
                0x0800291c                PVD_IRQHandler
                0x0800291c                PendSV_Handler
                0x0800291c                NMI_Handler
                0x0800291c                EXTI3_IRQHandler
                0x0800291c                EXTI0_IRQHandler
                0x0800291c                I2C2_EV_IRQHandler
                0x0800291c                FPU_IRQHandler
                0x0800291c                EXTI2_TS_IRQHandler
                0x0800291c                TIM1_UP_TIM16_IRQHandler
                0x0800291c                UsageFault_Handler
                0x0800291c                ADC1_2_IRQHandler
                0x0800291c                SPI1_IRQHandler
                0x0800291c                TIM6_DAC_IRQHandler
                0x0800291c                TIM8_UP_IRQHandler
                0x0800291c                DMA2_Channel2_IRQHandler
                0x0800291c                DMA1_Channel4_IRQHandler
                0x0800291c                USART3_IRQHandler
                0x0800291c                DMA1_Channel7_IRQHandler
                0x0800291c                CAN1_RX1_IRQHandler
                0x0800291c                UART5_IRQHandler
                0x0800291c                ADC3_IRQHandler
                0x0800291c                DMA2_Channel1_IRQHandler
                0x0800291c                I2C1_EV_IRQHandler
                0x0800291c                DMA1_Channel6_IRQHandler
                0x0800291c                UART4_IRQHandler
                0x0800291c                DMA2_Channel4_IRQHandler
                0x0800291c                RCC_IRQHandler
                0x0800291c                DMA1_Channel1_IRQHandler
                0x0800291c                Default_Handler
                0x0800291c                USBWakeUp_RMP_IRQHandler
                0x0800291c                EXTI15_10_IRQHandler
                0x0800291c                TAMPER_STAMP_IRQHandler
                0x0800291c                RTC_WKUP_IRQHandler
                0x0800291c                SPI2_IRQHandler
                0x0800291c                MemManage_Handler
                0x0800291c                SVC_Handler
                0x0800291c                DMA2_Channel5_IRQHandler
                0x0800291c                DMA1_Channel5_IRQHandler
                0x0800291c                USB_LP_IRQHandler
                0x0800291c                EXTI4_IRQHandler
                0x0800291c                USB_LP_CAN1_RX0_IRQHandler
                0x0800291c                TIM1_TRG_COM_TIM17_IRQHandler
                0x0800291c                USB_HP_CAN1_TX_IRQHandler
                0x0800291c                DMA1_Channel3_IRQHandler
                0x0800291c                ADC4_IRQHandler
                0x0800291c                WWDG_IRQHandler
                0x0800291c                TIM2_IRQHandler
                0x0800291c                COMP7_IRQHandler
                0x0800291c                COMP1_2_3_IRQHandler
                0x0800291c                EXTI1_IRQHandler
                0x0800291c                USART2_IRQHandler
                0x0800291c                COMP4_5_6_IRQHandler
                0x0800291c                I2C2_ER_IRQHandler
                0x0800291c                DMA1_Channel2_IRQHandler
                0x0800291c                TIM8_BRK_IRQHandler
                0x0800291c                CAN1_SCE_IRQHandler
                0x0800291c                FLASH_IRQHandler
                0x0800291c                BusFault_Handler
                0x0800291c                USART1_IRQHandler
                0x0800291c                SPI3_IRQHandler
                0x0800291c                I2C1_ER_IRQHandler
                0x0800291c                USBWakeUp_IRQHandler
                0x0800291c                DMA2_Channel3_IRQHandler
                0x0800291c                TIM1_BRK_TIM15_IRQHandler
 *fill*         0x0800291e        0x2 
 .text.getMenuParameter
                0x08002920      0x1f8 ..\obj\menuAux.o
                0x08002920                getMenuParameter
 .text.getTemplate
                0x08002b18       0x88 ..\obj\menuAux.o
                0x08002b18                getTemplate
 .text.cutAround
                0x08002ba0       0x54 ..\obj\menuAux.o
                0x08002ba0                cutAround
 .text.setMenuDigitDbl
                0x08002bf4       0x70 ..\obj\menuAux.o
                0x08002bf4                setMenuDigitDbl
 .text.setMenuDigitInt
                0x08002c64       0xf0 ..\obj\menuAux.o
                0x08002c64                setMenuDigitInt
 *fill*         0x08002d54        0x4 
 .text.setMenuParameter
                0x08002d58      0x500 ..\obj\menuAux.o
                0x08002d58                setMenuParameter
 .text.changeSP
                0x08003258       0xf4 ..\obj\menuAux.o
                0x08003258                changeSP
 .text.changeOUT
                0x0800334c      0x128 ..\obj\menuAux.o
                0x0800334c                changeOUT
 .text.getCurrentModeOut
                0x08003474       0x74 ..\obj\menuAux.o
                0x08003474                getCurrentModeOut
 .text.SYSCFG_EXTILineConfig
                0x080034e8       0x84 ..\obj\stm32f30x_syscfg.o
                0x080034e8                SYSCFG_EXTILineConfig
 .text.getAvgRawPv
                0x0800356c       0x88 ..\obj\misc.o
                0x0800356c                getAvgRawPv
 .text.resetRegulators
                0x080035f4       0x14 ..\obj\misc.o
                0x080035f4                resetRegulators
 .text.timerUpdater
                0x08003608       0x48 ..\obj\misc.o
                0x08003608                timerUpdater
 .text.changeDO
                0x08003650       0x58 ..\obj\misc.o
                0x08003650                changeDO
 .text.resetThreePos
                0x080036a8       0x4c ..\obj\threePos.o
                0x080036a8                resetThreePos
 .text.calculateThreePosOut
                0x080036f4      0x1e0 ..\obj\threePos.o
                0x080036f4                calculateThreePosOut
 .text.resetPID
                0x080038d4       0x54 ..\obj\pid.o
                0x080038d4                resetPID
 .text.updatePID
                0x08003928      0x144 ..\obj\pid.o
                0x08003928                updatePID
 .text.calculatePIDout
                0x08003a6c      0x17c ..\obj\pid.o
                0x08003a6c                calculatePIDout
 .text.pow      0x08003be8      0x2f0 C:\Program Files (x86)\GNU Tools ARM Embedded\5.3 2016q1\arm-none-eabi\lib\armv7e-m\libm.a(lib_a-w_pow.o)
                0x08003be8                pow
 .text.__ieee754_pow
                0x08003ed8      0xab4 C:\Program Files (x86)\GNU Tools ARM Embedded\5.3 2016q1\arm-none-eabi\lib\armv7e-m\libm.a(lib_a-e_pow.o)
                0x08003ed8                __ieee754_pow
 .text.__ieee754_sqrt
                0x0800498c      0x180 C:\Program Files (x86)\GNU Tools ARM Embedded\5.3 2016q1\arm-none-eabi\lib\armv7e-m\libm.a(lib_a-e_sqrt.o)
                0x0800498c                __ieee754_sqrt
 .text.fabs     0x08004b0c        0x8 C:\Program Files (x86)\GNU Tools ARM Embedded\5.3 2016q1\arm-none-eabi\lib\armv7e-m\libm.a(lib_a-s_fabs.o)
                0x08004b0c                fabs
 .text.finite   0x08004b14        0xc C:\Program Files (x86)\GNU Tools ARM Embedded\5.3 2016q1\arm-none-eabi\lib\armv7e-m\libm.a(lib_a-s_finite.o)
                0x08004b14                finite
 .text.matherr  0x08004b20        0x4 C:\Program Files (x86)\GNU Tools ARM Embedded\5.3 2016q1\arm-none-eabi\lib\armv7e-m\libm.a(lib_a-s_matherr.o)
                0x08004b20                matherr
 .text.nan      0x08004b24        0xc C:\Program Files (x86)\GNU Tools ARM Embedded\5.3 2016q1\arm-none-eabi\lib\armv7e-m\libm.a(lib_a-s_nan.o)
                0x08004b24                nan
 .text.rint     0x08004b30      0x118 C:\Program Files (x86)\GNU Tools ARM Embedded\5.3 2016q1\arm-none-eabi\lib\armv7e-m\libm.a(lib_a-s_rint.o)
                0x08004b30                rint
 .text.scalbn   0x08004c48       0xfc C:\Program Files (x86)\GNU Tools ARM Embedded\5.3 2016q1\arm-none-eabi\lib\armv7e-m\libm.a(lib_a-s_scalbn.o)
                0x08004c48                scalbn
 .text.copysign
                0x08004d44       0x10 C:\Program Files (x86)\GNU Tools ARM Embedded\5.3 2016q1\arm-none-eabi\lib\armv7e-m\libm.a(lib_a-s_copysign.o)
                0x08004d44                copysign
 .text          0x08004d54      0x370 c:/program files (x86)/gnu tools arm embedded/5.3 2016q1/bin/../lib/gcc/arm-none-eabi/5.3.1/armv7e-m\libgcc.a(_arm_addsubdf3.o)
                0x08004d54                __aeabi_drsub
                0x08004d5c                __aeabi_dsub
                0x08004d5c                __subdf3
                0x08004d60                __aeabi_dadd
                0x08004d60                __adddf3
                0x08004fd8                __floatunsidf
                0x08004fd8                __aeabi_ui2d
                0x08004ff8                __floatsidf
                0x08004ff8                __aeabi_i2d
                0x0800501c                __aeabi_f2d
                0x0800501c                __extendsfdf2
                0x08005058                __floatundidf
                0x08005058                __aeabi_ul2d
                0x08005068                __floatdidf
                0x08005068                __aeabi_l2d
 .text          0x080050c4      0x424 c:/program files (x86)/gnu tools arm embedded/5.3 2016q1/bin/../lib/gcc/arm-none-eabi/5.3.1/armv7e-m\libgcc.a(_arm_muldivdf3.o)
                0x080050c4                __aeabi_dmul
                0x080050c4                __muldf3
                0x08005318                __divdf3
                0x08005318                __aeabi_ddiv
 .text          0x080054e8      0x110 c:/program files (x86)/gnu tools arm embedded/5.3 2016q1/bin/../lib/gcc/arm-none-eabi/5.3.1/armv7e-m\libgcc.a(_arm_cmpdf2.o)
                0x080054e8                __gtdf2
                0x080054e8                __gedf2
                0x080054f0                __ltdf2
                0x080054f0                __ledf2
                0x080054f8                __nedf2
                0x080054f8                __eqdf2
                0x080054f8                __cmpdf2
                0x08005574                __aeabi_cdrcmple
                0x08005584                __aeabi_cdcmpeq
                0x08005584                __aeabi_cdcmple
                0x08005594                __aeabi_dcmpeq
                0x080055a8                __aeabi_dcmplt
                0x080055bc                __aeabi_dcmple
                0x080055d0                __aeabi_dcmpge
                0x080055e4                __aeabi_dcmpgt
 .text          0x080055f8       0x2c c:/program files (x86)/gnu tools arm embedded/5.3 2016q1/bin/../lib/gcc/arm-none-eabi/5.3.1/armv7e-m\libgcc.a(_arm_unorddf2.o)
                0x080055f8                __unorddf2
                0x080055f8                __aeabi_dcmpun
 .text          0x08005624       0x50 c:/program files (x86)/gnu tools arm embedded/5.3 2016q1/bin/../lib/gcc/arm-none-eabi/5.3.1/armv7e-m\libgcc.a(_arm_fixdfsi.o)
                0x08005624                __aeabi_d2iz
                0x08005624                __fixdfsi
 .text          0x08005674       0x40 c:/program files (x86)/gnu tools arm embedded/5.3 2016q1/bin/../lib/gcc/arm-none-eabi/5.3.1/armv7e-m\libgcc.a(_arm_fixunsdfsi.o)
                0x08005674                __aeabi_d2uiz
                0x08005674                __fixunsdfsi
 .text.__errno  0x080056b4        0xc C:\Program Files (x86)\GNU Tools ARM Embedded\5.3 2016q1\arm-none-eabi\lib\armv7e-m\libg.a(lib_a-errno.o)
                0x080056b4                __errno
 .text.sprintf  0x080056c0       0x4c C:\Program Files (x86)\GNU Tools ARM Embedded\5.3 2016q1\arm-none-eabi\lib\armv7e-m\libg.a(lib_a-sprintf.o)
                0x080056c0                sprintf
 .text._svfprintf_r
                0x0800570c     0x169c C:\Program Files (x86)\GNU Tools ARM Embedded\5.3 2016q1\arm-none-eabi\lib\armv7e-m\libg.a(lib_a-svfprintf.o)
                0x0800570c                _svfprintf_r
 .text.quorem   0x08006da8      0x128 C:\Program Files (x86)\GNU Tools ARM Embedded\5.3 2016q1\arm-none-eabi\lib\armv7e-m\libg.a(lib_a-dtoa.o)
 .text._dtoa_r  0x08006ed0      0xe58 C:\Program Files (x86)\GNU Tools ARM Embedded\5.3 2016q1\arm-none-eabi\lib\armv7e-m\libg.a(lib_a-dtoa.o)
                0x08006ed0                _dtoa_r
 .text._localeconv_r
                0x08007d28        0x8 C:\Program Files (x86)\GNU Tools ARM Embedded\5.3 2016q1\arm-none-eabi\lib\armv7e-m\libg.a(lib_a-locale.o)
                0x08007d28                _localeconv_r
 .text._malloc_r
                0x08007d30      0x570 C:\Program Files (x86)\GNU Tools ARM Embedded\5.3 2016q1\arm-none-eabi\lib\armv7e-m\libg.a(lib_a-mallocr.o)
                0x08007d30                _malloc_r
 .text          0x080082a0       0xa0 C:\Program Files (x86)\GNU Tools ARM Embedded\5.3 2016q1\arm-none-eabi\lib\armv7e-m\libg.a(lib_a-memchr.o)
                0x080082a0                memchr
 .text          0x08008340      0x134 C:\Program Files (x86)\GNU Tools ARM Embedded\5.3 2016q1\arm-none-eabi\lib\armv7e-m\libg.a(lib_a-memcpy.o)
                0x08008340                memcpy
 .text.__malloc_lock
                0x08008474        0x4 C:\Program Files (x86)\GNU Tools ARM Embedded\5.3 2016q1\arm-none-eabi\lib\armv7e-m\libg.a(lib_a-mlock.o)
                0x08008474                __malloc_lock
 .text.__malloc_unlock
                0x08008478        0x4 C:\Program Files (x86)\GNU Tools ARM Embedded\5.3 2016q1\arm-none-eabi\lib\armv7e-m\libg.a(lib_a-mlock.o)
                0x08008478                __malloc_unlock
 .text._Balloc  0x0800847c       0x4c C:\Program Files (x86)\GNU Tools ARM Embedded\5.3 2016q1\arm-none-eabi\lib\armv7e-m\libg.a(lib_a-mprec.o)
                0x0800847c                _Balloc
 .text._Bfree   0x080084c8       0x14 C:\Program Files (x86)\GNU Tools ARM Embedded\5.3 2016q1\arm-none-eabi\lib\armv7e-m\libg.a(lib_a-mprec.o)
                0x080084c8                _Bfree
 .text.__multadd
                0x080084dc       0x80 C:\Program Files (x86)\GNU Tools ARM Embedded\5.3 2016q1\arm-none-eabi\lib\armv7e-m\libg.a(lib_a-mprec.o)
                0x080084dc                __multadd
 .text.__hi0bits
                0x0800855c       0x40 C:\Program Files (x86)\GNU Tools ARM Embedded\5.3 2016q1\arm-none-eabi\lib\armv7e-m\libg.a(lib_a-mprec.o)
                0x0800855c                __hi0bits
 .text.__lo0bits
                0x0800859c       0x5c C:\Program Files (x86)\GNU Tools ARM Embedded\5.3 2016q1\arm-none-eabi\lib\armv7e-m\libg.a(lib_a-mprec.o)
                0x0800859c                __lo0bits
 .text.__i2b    0x080085f8       0x14 C:\Program Files (x86)\GNU Tools ARM Embedded\5.3 2016q1\arm-none-eabi\lib\armv7e-m\libg.a(lib_a-mprec.o)
                0x080085f8                __i2b
 .text.__multiply
                0x0800860c      0x130 C:\Program Files (x86)\GNU Tools ARM Embedded\5.3 2016q1\arm-none-eabi\lib\armv7e-m\libg.a(lib_a-mprec.o)
                0x0800860c                __multiply
 .text.__pow5mult
                0x0800873c       0xa0 C:\Program Files (x86)\GNU Tools ARM Embedded\5.3 2016q1\arm-none-eabi\lib\armv7e-m\libg.a(lib_a-mprec.o)
                0x0800873c                __pow5mult
 .text.__lshift
                0x080087dc       0xb0 C:\Program Files (x86)\GNU Tools ARM Embedded\5.3 2016q1\arm-none-eabi\lib\armv7e-m\libg.a(lib_a-mprec.o)
                0x080087dc                __lshift
 .text.__mcmp   0x0800888c       0x40 C:\Program Files (x86)\GNU Tools ARM Embedded\5.3 2016q1\arm-none-eabi\lib\armv7e-m\libg.a(lib_a-mprec.o)
                0x0800888c                __mcmp
 .text.__mdiff  0x080088cc      0x114 C:\Program Files (x86)\GNU Tools ARM Embedded\5.3 2016q1\arm-none-eabi\lib\armv7e-m\libg.a(lib_a-mprec.o)
                0x080088cc                __mdiff
 .text.__d2b    0x080089e0       0xb8 C:\Program Files (x86)\GNU Tools ARM Embedded\5.3 2016q1\arm-none-eabi\lib\armv7e-m\libg.a(lib_a-mprec.o)
                0x080089e0                __d2b
 .text._sbrk_r  0x08008a98       0x24 C:\Program Files (x86)\GNU Tools ARM Embedded\5.3 2016q1\arm-none-eabi\lib\armv7e-m\libg.a(lib_a-sbrkr.o)
                0x08008a98                _sbrk_r
 *fill*         0x08008abc        0x4 
 .text          0x08008ac0       0xdc C:\Program Files (x86)\GNU Tools ARM Embedded\5.3 2016q1\arm-none-eabi\lib\armv7e-m\libg.a(lib_a-strlen.o)
                0x08008ac0                strlen
 .text.__ssprint_r
                0x08008b9c      0x100 C:\Program Files (x86)\GNU Tools ARM Embedded\5.3 2016q1\arm-none-eabi\lib\armv7e-m\libg.a(lib_a-svfiprintf.o)
                0x08008b9c                __ssprint_r
 .text._calloc_r
                0x08008c9c       0x60 C:\Program Files (x86)\GNU Tools ARM Embedded\5.3 2016q1\arm-none-eabi\lib\armv7e-m\libg.a(lib_a-callocr.o)
                0x08008c9c                _calloc_r
 .text._malloc_trim_r
                0x08008cfc       0x9c C:\Program Files (x86)\GNU Tools ARM Embedded\5.3 2016q1\arm-none-eabi\lib\armv7e-m\libg.a(lib_a-freer.o)
                0x08008cfc                _malloc_trim_r
 .text._free_r  0x08008d98      0x1d0 C:\Program Files (x86)\GNU Tools ARM Embedded\5.3 2016q1\arm-none-eabi\lib\armv7e-m\libg.a(lib_a-freer.o)
                0x08008d98                _free_r
 .text.memmove  0x08008f68       0xc8 C:\Program Files (x86)\GNU Tools ARM Embedded\5.3 2016q1\arm-none-eabi\lib\armv7e-m\libg.a(lib_a-memmove.o)
                0x08008f68                memmove
 .text.memset   0x08009030       0x9c C:\Program Files (x86)\GNU Tools ARM Embedded\5.3 2016q1\arm-none-eabi\lib\armv7e-m\libg.a(lib_a-memset.o)
                0x08009030                memset
 .text._realloc_r
                0x080090cc      0x3e0 C:\Program Files (x86)\GNU Tools ARM Embedded\5.3 2016q1\arm-none-eabi\lib\armv7e-m\libg.a(lib_a-reallocr.o)
                0x080090cc                _realloc_r
 .text          0x080094ac       0x30 c:/program files (x86)/gnu tools arm embedded/5.3 2016q1/bin/../lib/gcc/arm-none-eabi/5.3.1/armv7e-m\libgcc.a(_aeabi_uldivmod.o)
                0x080094ac                __aeabi_uldivmod
 .text          0x080094dc      0x2e4 c:/program files (x86)/gnu tools arm embedded/5.3 2016q1/bin/../lib/gcc/arm-none-eabi/5.3.1/armv7e-m\libgcc.a(_udivmoddi4.o)
                0x080094dc                __udivmoddi4
 .text          0x080097c0        0x4 c:/program files (x86)/gnu tools arm embedded/5.3 2016q1/bin/../lib/gcc/arm-none-eabi/5.3.1/armv7e-m\libgcc.a(_dvmd_tls.o)
                0x080097c0                __aeabi_idiv0
                0x080097c0                __aeabi_ldiv0
 *(.init)
 *(.fini)
 *crtbegin.o(.ctors)
 *crtbegin?.o(.ctors)
 *(EXCLUDE_FILE(*crtend.o *crtend?.o) .ctors)
 *(SORT(.ctors.*))
 *(.ctors)
 *crtbegin.o(.dtors)
 *crtbegin?.o(.dtors)
 *(EXCLUDE_FILE(*crtend.o *crtend?.o) .dtors)
 *(SORT(.dtors.*))
 *(.dtors)
 *(.rodata*)
 .rodata        0x080097c4       0xe7 ..\obj\menu.o
 *fill*         0x080098ab        0x1 
 .rodata        0x080098ac       0x1d ..\obj\menuAux.o
 *fill*         0x080098c9        0x3 
 .rodata.str1.4
                0x080098cc        0x4 C:\Program Files (x86)\GNU Tools ARM Embedded\5.3 2016q1\arm-none-eabi\lib\armv7e-m\libm.a(lib_a-w_pow.o)
 .rodata.str1.4
                0x080098d0        0x4 C:\Program Files (x86)\GNU Tools ARM Embedded\5.3 2016q1\arm-none-eabi\lib\armv7e-m\libm.a(lib_a-e_pow.o)
                                  0x1 (size before relaxing)
 .rodata.TWO52  0x080098d0       0x10 C:\Program Files (x86)\GNU Tools ARM Embedded\5.3 2016q1\arm-none-eabi\lib\armv7e-m\libm.a(lib_a-s_rint.o)
 .rodata.str1.4
                0x080098e0        0x2 C:\Program Files (x86)\GNU Tools ARM Embedded\5.3 2016q1\arm-none-eabi\lib\armv7e-m\libg.a(lib_a-impure.o)
 *fill*         0x080098e2        0x2 
 .rodata.zeroes.7035
                0x080098e4       0x10 C:\Program Files (x86)\GNU Tools ARM Embedded\5.3 2016q1\arm-none-eabi\lib\armv7e-m\libg.a(lib_a-svfprintf.o)
 .rodata.str1.4
                0x080098f4       0x42 C:\Program Files (x86)\GNU Tools ARM Embedded\5.3 2016q1\arm-none-eabi\lib\armv7e-m\libg.a(lib_a-svfprintf.o)
 *fill*         0x08009936        0x2 
 .rodata.blanks.7034
                0x08009938       0x10 C:\Program Files (x86)\GNU Tools ARM Embedded\5.3 2016q1\arm-none-eabi\lib\armv7e-m\libg.a(lib_a-svfprintf.o)
 .rodata.str1.4
                0x08009948       0x10 C:\Program Files (x86)\GNU Tools ARM Embedded\5.3 2016q1\arm-none-eabi\lib\armv7e-m\libg.a(lib_a-dtoa.o)
                                 0x12 (size before relaxing)
 .rodata.str1.4
                0x08009958        0xc C:\Program Files (x86)\GNU Tools ARM Embedded\5.3 2016q1\arm-none-eabi\lib\armv7e-m\libg.a(lib_a-locale.o)
                                 0x12 (size before relaxing)
 *fill*         0x08009964        0x4 
 .rodata.__mprec_tens
                0x08009968       0xc8 C:\Program Files (x86)\GNU Tools ARM Embedded\5.3 2016q1\arm-none-eabi\lib\armv7e-m\libg.a(lib_a-mprec.o)
                0x08009968                __mprec_tens
 .rodata.__mprec_bigtens
                0x08009a30       0x28 C:\Program Files (x86)\GNU Tools ARM Embedded\5.3 2016q1\arm-none-eabi\lib\armv7e-m\libg.a(lib_a-mprec.o)
                0x08009a30                __mprec_bigtens
 .rodata.p05.5373
                0x08009a58        0xc C:\Program Files (x86)\GNU Tools ARM Embedded\5.3 2016q1\arm-none-eabi\lib\armv7e-m\libg.a(lib_a-mprec.o)
 *(.eh_fram e*)

.glue_7         0x08009a64        0x0
 .glue_7        0x08009a64        0x0 linker stubs

.glue_7t        0x08009a64        0x0
 .glue_7t       0x08009a64        0x0 linker stubs

.vfp11_veneer   0x08009a64        0x0
 .vfp11_veneer  0x08009a64        0x0 linker stubs

.v4_bx          0x08009a64        0x0
 .v4_bx         0x08009a64        0x0 linker stubs

.iplt           0x08009a64        0x0
 .iplt          0x08009a64        0x0 ..\obj\stm32f30x_rcc.o

.ARM.extab
 *(.ARM.extab* .gnu.linkonce.armextab.*)
                0x08009a64                __exidx_start = .

.ARM.exidx      0x08009a64        0x8
 *(.ARM.exidx* .gnu.linkonce.armexidx.*)
 .ARM.exidx     0x08009a64        0x8 c:/program files (x86)/gnu tools arm embedded/5.3 2016q1/bin/../lib/gcc/arm-none-eabi/5.3.1/armv7e-m\libgcc.a(_udivmoddi4.o)
                0x08009a6c                __exidx_end = .
                0x08009a6c                __etext = .
                0x08009a6c                _sidata = __etext

.rel.dyn        0x08009a6c        0x0
 .rel.iplt      0x08009a6c        0x0 ..\obj\stm32f30x_rcc.o

.data           0x20000000      0xa4c load address 0x08009a6c
                0x20000000                __data_start__ = .
                0x20000000                _sdata = __data_start__
 *(vtable)
 *(.data*)
 .data          0x20000000      0x110 ..\obj\main.o
                0x20000000                mode
                0x20000002                AUTO
                0x20000008                sp
                0x20000010                scale
                0x20000020                limit
                0x20000040                twoPosSet
                0x20000058                threePosSet
                0x20000070                pidSet
 .data          0x20000110       0xc0 ..\obj\menu.o
 .data.__fdlib_version
                0x200001d0        0x1 C:\Program Files (x86)\GNU Tools ARM Embedded\5.3 2016q1\arm-none-eabi\lib\armv7e-m\libm.a(lib_a-s_lib_ver.o)
                0x200001d0                __fdlib_version
 *fill*         0x200001d1        0x7 
 .data.impure_data
                0x200001d8      0x428 C:\Program Files (x86)\GNU Tools ARM Embedded\5.3 2016q1\arm-none-eabi\lib\armv7e-m\libg.a(lib_a-impure.o)
 .data._impure_ptr
                0x20000600        0x4 C:\Program Files (x86)\GNU Tools ARM Embedded\5.3 2016q1\arm-none-eabi\lib\armv7e-m\libg.a(lib_a-impure.o)
                0x20000600                _impure_ptr
 .data.lconv    0x20000604       0x38 C:\Program Files (x86)\GNU Tools ARM Embedded\5.3 2016q1\arm-none-eabi\lib\armv7e-m\libg.a(lib_a-locale.o)
 .data.__malloc_av_
                0x2000063c      0x408 C:\Program Files (x86)\GNU Tools ARM Embedded\5.3 2016q1\arm-none-eabi\lib\armv7e-m\libg.a(lib_a-mallocr.o)
                0x2000063c                __malloc_av_
 .data.__malloc_trim_threshold
                0x20000a44        0x4 C:\Program Files (x86)\GNU Tools ARM Embedded\5.3 2016q1\arm-none-eabi\lib\armv7e-m\libg.a(lib_a-mallocr.o)
                0x20000a44                __malloc_trim_threshold
 .data.__malloc_sbrk_base
                0x20000a48        0x4 C:\Program Files (x86)\GNU Tools ARM Embedded\5.3 2016q1\arm-none-eabi\lib\armv7e-m\libg.a(lib_a-mallocr.o)
                0x20000a48                __malloc_sbrk_base
                0x20000a4c                . = ALIGN (0x4)
                [!provide]                PROVIDE (__preinit_array_start, .)
 *(.preinit_array)
                [!provide]                PROVIDE (__preinit_array_end, .)
                0x20000a4c                . = ALIGN (0x4)
                [!provide]                PROVIDE (__init_array_start, .)
 *(SORT(.init_array.*))
 *(.init_array)
                [!provide]                PROVIDE (__init_array_end, .)
                0x20000a4c                . = ALIGN (0x4)
                [!provide]                PROVIDE (__fini_array_start, .)
 *(SORT(.fini_array.*))
 *(.fini_array)
                [!provide]                PROVIDE (__fini_array_end, .)
 *(.jcr*)
                0x20000a4c                . = ALIGN (0x4)
                0x20000a4c                __data_end__ = .
                0x20000a4c                _edata = __data_end__

.igot.plt       0x20000a4c        0x0 load address 0x0800a4b8
 .igot.plt      0x20000a4c        0x0 ..\obj\stm32f30x_rcc.o

.bss            0x20000a50      0x2a0 load address 0x0800a4c0
                0x20000a50                . = ALIGN (0x4)
                0x20000a50                __bss_start__ = .
                0x20000a50                _sbss = __bss_start__
 *(.bss*)
 .bss           0x20000a50       0x64 ..\obj\flash.o
 *fill*         0x20000ab4        0x4 
 .bss           0x20000ab8        0x8 ..\obj\twoPos.o
 .bss           0x20000ac0       0x34 ..\obj\main.o
                0x20000ac0                prog
                0x20000ac2                pvRaw
                0x20000ac4                outRaw
                0x20000ac8                pv
                0x20000af0                tmp
 .bss           0x20000af4        0xd ..\obj\menu.o
 *fill*         0x20000b01        0x3 
 .bss           0x20000b04        0x4 ..\obj\syscalls.o
 .bss           0x20000b08      0x191 ..\obj\misc.o
 *fill*         0x20000c99        0x7 
 .bss           0x20000ca0        0xb ..\obj\threePos.o
 *fill*         0x20000cab        0x5 
 .bss           0x20000cb0        0x8 ..\obj\pid.o
 .bss.__malloc_max_total_mem
                0x20000cb8        0x4 C:\Program Files (x86)\GNU Tools ARM Embedded\5.3 2016q1\arm-none-eabi\lib\armv7e-m\libg.a(lib_a-mallocr.o)
                0x20000cb8                __malloc_max_total_mem
 .bss.__malloc_max_sbrked_mem
                0x20000cbc        0x4 C:\Program Files (x86)\GNU Tools ARM Embedded\5.3 2016q1\arm-none-eabi\lib\armv7e-m\libg.a(lib_a-mallocr.o)
                0x20000cbc                __malloc_max_sbrked_mem
 .bss.__malloc_top_pad
                0x20000cc0        0x4 C:\Program Files (x86)\GNU Tools ARM Embedded\5.3 2016q1\arm-none-eabi\lib\armv7e-m\libg.a(lib_a-mallocr.o)
                0x20000cc0                __malloc_top_pad
 .bss.__malloc_current_mallinfo
                0x20000cc4       0x28 C:\Program Files (x86)\GNU Tools ARM Embedded\5.3 2016q1\arm-none-eabi\lib\armv7e-m\libg.a(lib_a-mallocr.o)
                0x20000cc4                __malloc_current_mallinfo
 *(COMMON)
 COMMON         0x20000cec        0x4 C:\Program Files (x86)\GNU Tools ARM Embedded\5.3 2016q1\arm-none-eabi\lib\armv7e-m\libg.a(lib_a-reent.o)
                0x20000cec                errno
                0x20000cf0                . = ALIGN (0x4)
                0x20000cf0                __bss_end__ = .
                0x20000cf0                _ebss = __bss_end__

.heap           0x20000cf0        0x0
                0x20000cf0                __end__ = .
                0x20000cf0                _end = __end__
                0x20000cf0                end = __end__
 *(.heap*)
                0x20000cf0                __HeapLimit = .

.co_stack       0x20000cf0        0x0
                0x20000cf0                . = ALIGN (0x8)
 *(.co_stack .co_stack.*)
                0x2000a000                __StackTop = (ORIGIN (ram) + LENGTH (ram))
                0x2000a000                __StackLimit = (__StackTop - SIZEOF (.co_stack))
                [!provide]                PROVIDE (__stack, __StackTop)
                0x00000001                ASSERT ((__StackLimit >= __HeapLimit), region ram  overflowed with stack)
LOAD ..\obj\stm32f30x_rcc.o
LOAD ..\obj\stm32f30x_flash.o
LOAD ..\obj\flash.o
LOAD ..\obj\twoPos.o
LOAD ..\obj\stm32f30x_adc.o
LOAD ..\obj\globals.o
LOAD ..\obj\ledDigits.o
LOAD ..\obj\stm32f30x_gpio.o
LOAD ..\obj\main.o
LOAD ..\obj\stm32f30x_dma.o
LOAD ..\obj\init.o
LOAD ..\obj\stm32f30x_exti.o
LOAD ..\obj\menu.o
LOAD ..\obj\system_stm32f30x_temp.o
LOAD ..\obj\syscalls.o
LOAD ..\obj\stm32f30x_misc.o
LOAD ..\obj\stm32f30x_tim.o
LOAD ..\obj\startup_stm32f30x.o
LOAD ..\obj\menuAux.o
LOAD ..\obj\stm32f30x_syscfg.o
LOAD ..\obj\misc.o
LOAD ..\obj\threePos.o
LOAD ..\obj\pid.o
LOAD C:\Program Files (x86)\GNU Tools ARM Embedded\5.3 2016q1\arm-none-eabi\lib\armv7e-m\libm.a
START GROUP
LOAD c:/program files (x86)/gnu tools arm embedded/5.3 2016q1/bin/../lib/gcc/arm-none-eabi/5.3.1/armv7e-m\libgcc.a
LOAD C:\Program Files (x86)\GNU Tools ARM Embedded\5.3 2016q1\arm-none-eabi\lib\armv7e-m\libg.a
LOAD C:\Program Files (x86)\GNU Tools ARM Embedded\5.3 2016q1\arm-none-eabi\lib\armv7e-m\libc.a
END GROUP
OUTPUT(UReg.elf elf32-littlearm)

.debug_info     0x00000000     0x8fae
 .debug_info    0x00000000      0xacc ..\obj\stm32f30x_rcc.o
 .debug_info    0x00000acc      0x46e ..\obj\flash.o
 .debug_info    0x00000f3a      0x284 ..\obj\twoPos.o
 .debug_info    0x000011be     0x131f ..\obj\stm32f30x_adc.o
 .debug_info    0x000024dd       0xfb ..\obj\ledDigits.o
 .debug_info    0x000025d8      0x612 ..\obj\stm32f30x_gpio.o
 .debug_info    0x00002bea      0x855 ..\obj\main.o
 .debug_info    0x0000343f      0x47b ..\obj\stm32f30x_dma.o
 .debug_info    0x000038ba      0xe1e ..\obj\init.o
 .debug_info    0x000046d8      0x3c4 ..\obj\stm32f30x_exti.o
 .debug_info    0x00004a9c      0x3ae ..\obj\menu.o
 .debug_info    0x00004e4a      0x4bb ..\obj\system_stm32f30x_temp.o
 .debug_info    0x00005305      0x3f5 ..\obj\syscalls.o
 .debug_info    0x000056fa      0x556 ..\obj\stm32f30x_misc.o
 .debug_info    0x00005c50     0x218c ..\obj\stm32f30x_tim.o
 .debug_info    0x00007ddc       0x82 ..\obj\startup_stm32f30x.o
 .debug_info    0x00007e5e      0x579 ..\obj\menuAux.o
 .debug_info    0x000083d7      0x3ce ..\obj\stm32f30x_syscfg.o
 .debug_info    0x000087a5      0x32f ..\obj\misc.o
 .debug_info    0x00008ad4      0x2ea ..\obj\threePos.o
 .debug_info    0x00008dbe      0x1f0 ..\obj\pid.o

.debug_abbrev   0x00000000     0x19ec
 .debug_abbrev  0x00000000      0x1e5 ..\obj\stm32f30x_rcc.o
 .debug_abbrev  0x000001e5      0x13a ..\obj\flash.o
 .debug_abbrev  0x0000031f      0x10b ..\obj\twoPos.o
 .debug_abbrev  0x0000042a      0x192 ..\obj\stm32f30x_adc.o
 .debug_abbrev  0x000005bc       0x94 ..\obj\ledDigits.o
 .debug_abbrev  0x00000650      0x198 ..\obj\stm32f30x_gpio.o
 .debug_abbrev  0x000007e8      0x125 ..\obj\main.o
 .debug_abbrev  0x0000090d      0x157 ..\obj\stm32f30x_dma.o
 .debug_abbrev  0x00000a64      0x19d ..\obj\init.o
 .debug_abbrev  0x00000c01      0x17e ..\obj\stm32f30x_exti.o
 .debug_abbrev  0x00000d7f      0x170 ..\obj\menu.o
 .debug_abbrev  0x00000eef      0x147 ..\obj\system_stm32f30x_temp.o
 .debug_abbrev  0x00001036       0xe5 ..\obj\syscalls.o
 .debug_abbrev  0x0000111b      0x147 ..\obj\stm32f30x_misc.o
 .debug_abbrev  0x00001262      0x189 ..\obj\stm32f30x_tim.o
 .debug_abbrev  0x000013eb       0x12 ..\obj\startup_stm32f30x.o
 .debug_abbrev  0x000013fd      0x15c ..\obj\menuAux.o
 .debug_abbrev  0x00001559      0x183 ..\obj\stm32f30x_syscfg.o
 .debug_abbrev  0x000016dc      0x146 ..\obj\misc.o
 .debug_abbrev  0x00001822      0x10b ..\obj\threePos.o
 .debug_abbrev  0x0000192d       0xbf ..\obj\pid.o

.debug_aranges  0x00000000      0xc40
 .debug_aranges
                0x00000000      0x150 ..\obj\stm32f30x_rcc.o
 .debug_aranges
                0x00000150       0x28 ..\obj\flash.o
 .debug_aranges
                0x00000178       0x28 ..\obj\twoPos.o
 .debug_aranges
                0x000001a0      0x210 ..\obj\stm32f30x_adc.o
 .debug_aranges
                0x000003b0       0x28 ..\obj\ledDigits.o
 .debug_aranges
                0x000003d8       0x80 ..\obj\stm32f30x_gpio.o
 .debug_aranges
                0x00000458       0x40 ..\obj\main.o
 .debug_aranges
                0x00000498       0x70 ..\obj\stm32f30x_dma.o
 .debug_aranges
                0x00000508       0x60 ..\obj\init.o
 .debug_aranges
                0x00000568       0x58 ..\obj\stm32f30x_exti.o
 .debug_aranges
                0x000005c0       0x68 ..\obj\menu.o
 .debug_aranges
                0x00000628       0x30 ..\obj\system_stm32f30x_temp.o
 .debug_aranges
                0x00000658       0x60 ..\obj\syscalls.o
 .debug_aranges
                0x000006b8       0x40 ..\obj\stm32f30x_misc.o
 .debug_aranges
                0x000006f8      0x3a8 ..\obj\stm32f30x_tim.o
 .debug_aranges
                0x00000aa0       0x28 ..\obj\startup_stm32f30x.o
 .debug_aranges
                0x00000ac8       0x60 ..\obj\menuAux.o
 .debug_aranges
                0x00000b28       0x88 ..\obj\stm32f30x_syscfg.o
 .debug_aranges
                0x00000bb0       0x38 ..\obj\misc.o
 .debug_aranges
                0x00000be8       0x28 ..\obj\threePos.o
 .debug_aranges
                0x00000c10       0x30 ..\obj\pid.o

.debug_ranges   0x00000000      0xaf8
 .debug_ranges  0x00000000      0x140 ..\obj\stm32f30x_rcc.o
 .debug_ranges  0x00000140       0x18 ..\obj\flash.o
 .debug_ranges  0x00000158       0x18 ..\obj\twoPos.o
 .debug_ranges  0x00000170      0x200 ..\obj\stm32f30x_adc.o
 .debug_ranges  0x00000370       0x18 ..\obj\ledDigits.o
 .debug_ranges  0x00000388       0x70 ..\obj\stm32f30x_gpio.o
 .debug_ranges  0x000003f8       0x30 ..\obj\main.o
 .debug_ranges  0x00000428       0x60 ..\obj\stm32f30x_dma.o
 .debug_ranges  0x00000488       0x50 ..\obj\init.o
 .debug_ranges  0x000004d8       0x48 ..\obj\stm32f30x_exti.o
 .debug_ranges  0x00000520       0x58 ..\obj\menu.o
 .debug_ranges  0x00000578       0x20 ..\obj\system_stm32f30x_temp.o
 .debug_ranges  0x00000598       0x50 ..\obj\syscalls.o
 .debug_ranges  0x000005e8       0x30 ..\obj\stm32f30x_misc.o
 .debug_ranges  0x00000618      0x398 ..\obj\stm32f30x_tim.o
 .debug_ranges  0x000009b0       0x20 ..\obj\startup_stm32f30x.o
 .debug_ranges  0x000009d0       0x50 ..\obj\menuAux.o
 .debug_ranges  0x00000a20       0x78 ..\obj\stm32f30x_syscfg.o
 .debug_ranges  0x00000a98       0x28 ..\obj\misc.o
 .debug_ranges  0x00000ac0       0x18 ..\obj\threePos.o
 .debug_ranges  0x00000ad8       0x20 ..\obj\pid.o

.debug_line     0x00000000     0x40a5
 .debug_line    0x00000000      0x56c ..\obj\stm32f30x_rcc.o
 .debug_line    0x0000056c      0x217 ..\obj\flash.o
 .debug_line    0x00000783      0x1b0 ..\obj\twoPos.o
 .debug_line    0x00000933      0x7a7 ..\obj\stm32f30x_adc.o
 .debug_line    0x000010da      0x157 ..\obj\ledDigits.o
 .debug_line    0x00001231      0x307 ..\obj\stm32f30x_gpio.o
 .debug_line    0x00001538      0x32d ..\obj\main.o
 .debug_line    0x00001865      0x303 ..\obj\stm32f30x_dma.o
 .debug_line    0x00001b68      0x352 ..\obj\init.o
 .debug_line    0x00001eba      0x281 ..\obj\stm32f30x_exti.o
 .debug_line    0x0000213b      0x230 ..\obj\menu.o
 .debug_line    0x0000236b      0x1df ..\obj\system_stm32f30x_temp.o
 .debug_line    0x0000254a      0x172 ..\obj\syscalls.o
 .debug_line    0x000026bc      0x222 ..\obj\stm32f30x_misc.o
 .debug_line    0x000028de      0xc76 ..\obj\stm32f30x_tim.o
 .debug_line    0x00003554       0x96 ..\obj\startup_stm32f30x.o
 .debug_line    0x000035ea      0x2dc ..\obj\menuAux.o
 .debug_line    0x000038c6      0x296 ..\obj\stm32f30x_syscfg.o
 .debug_line    0x00003b5c      0x1d4 ..\obj\misc.o
 .debug_line    0x00003d30      0x1dd ..\obj\threePos.o
 .debug_line    0x00003f0d      0x198 ..\obj\pid.o

.debug_str      0x00000000     0x3674
 .debug_str     0x00000000      0x759 ..\obj\stm32f30x_rcc.o
                                0x7ea (size before relaxing)
 .debug_str     0x00000759      0x171 ..\obj\flash.o
                                0x307 (size before relaxing)
 .debug_str     0x000008ca       0xa5 ..\obj\twoPos.o
                                0x27f (size before relaxing)
 .debug_str     0x0000096f      0x98b ..\obj\stm32f30x_adc.o
                                0xb86 (size before relaxing)
 .debug_str     0x000012fa       0x47 ..\obj\ledDigits.o
                                0x196 (size before relaxing)
 .debug_str     0x00001341      0x2ba ..\obj\stm32f30x_gpio.o
                                0x495 (size before relaxing)
 .debug_str     0x000015fb      0x1b9 ..\obj\main.o
                                0x4a4 (size before relaxing)
 .debug_str     0x000017b4      0x210 ..\obj\stm32f30x_dma.o
                                0x3b3 (size before relaxing)
 .debug_str     0x000019c4      0x75a ..\obj\init.o
                                0xd9a (size before relaxing)
 .debug_str     0x0000211e      0x116 ..\obj\stm32f30x_exti.o
                                0x376 (size before relaxing)
 .debug_str     0x00002234       0xd4 ..\obj\menu.o
                                0x2a7 (size before relaxing)
 .debug_str     0x00002308       0xcb ..\obj\system_stm32f30x_temp.o
                                0x300 (size before relaxing)
 .debug_str     0x000023d3      0x14f ..\obj\syscalls.o
                                0x2b3 (size before relaxing)
 .debug_str     0x00002522      0x11f ..\obj\stm32f30x_misc.o
                                0x3c4 (size before relaxing)
 .debug_str     0x00002641      0xbd6 ..\obj\stm32f30x_tim.o
                                0xf6d (size before relaxing)
 .debug_str     0x00003217       0xf1 ..\obj\menuAux.o
                                0x378 (size before relaxing)
 .debug_str     0x00003308      0x25f ..\obj\stm32f30x_syscfg.o
                                0x3f6 (size before relaxing)
 .debug_str     0x00003567       0x7a ..\obj\misc.o
                                0x2bc (size before relaxing)
 .debug_str     0x000035e1       0x51 ..\obj\threePos.o
                                0x2c4 (size before relaxing)
 .debug_str     0x00003632       0x42 ..\obj\pid.o
                                0x1f2 (size before relaxing)

.comment        0x00000000       0x6e
 .comment       0x00000000       0x6e ..\obj\stm32f30x_rcc.o
                                 0x6f (size before relaxing)
 .comment       0x0000006e       0x6f ..\obj\flash.o
 .comment       0x0000006e       0x6f ..\obj\twoPos.o
 .comment       0x0000006e       0x6f ..\obj\stm32f30x_adc.o
 .comment       0x0000006e       0x6f ..\obj\ledDigits.o
 .comment       0x0000006e       0x6f ..\obj\stm32f30x_gpio.o
 .comment       0x0000006e       0x6f ..\obj\main.o
 .comment       0x0000006e       0x6f ..\obj\stm32f30x_dma.o
 .comment       0x0000006e       0x6f ..\obj\init.o
 .comment       0x0000006e       0x6f ..\obj\stm32f30x_exti.o
 .comment       0x0000006e       0x6f ..\obj\menu.o
 .comment       0x0000006e       0x6f ..\obj\system_stm32f30x_temp.o
 .comment       0x0000006e       0x6f ..\obj\syscalls.o
 .comment       0x0000006e       0x6f ..\obj\stm32f30x_misc.o
 .comment       0x0000006e       0x6f ..\obj\stm32f30x_tim.o
 .comment       0x0000006e       0x6f ..\obj\menuAux.o
 .comment       0x0000006e       0x6f ..\obj\stm32f30x_syscfg.o
 .comment       0x0000006e       0x6f ..\obj\misc.o
 .comment       0x0000006e       0x6f ..\obj\threePos.o
 .comment       0x0000006e       0x6f ..\obj\pid.o

.ARM.attributes
                0x00000000       0x31
 .ARM.attributes
                0x00000000       0x33 ..\obj\stm32f30x_rcc.o
 .ARM.attributes
                0x00000033       0x33 ..\obj\flash.o
 .ARM.attributes
                0x00000066       0x33 ..\obj\twoPos.o
 .ARM.attributes
                0x00000099       0x33 ..\obj\stm32f30x_adc.o
 .ARM.attributes
                0x000000cc       0x33 ..\obj\ledDigits.o
 .ARM.attributes
                0x000000ff       0x33 ..\obj\stm32f30x_gpio.o
 .ARM.attributes
                0x00000132       0x33 ..\obj\main.o
 .ARM.attributes
                0x00000165       0x33 ..\obj\stm32f30x_dma.o
 .ARM.attributes
                0x00000198       0x33 ..\obj\init.o
 .ARM.attributes
                0x000001cb       0x33 ..\obj\stm32f30x_exti.o
 .ARM.attributes
                0x000001fe       0x33 ..\obj\menu.o
 .ARM.attributes
                0x00000231       0x33 ..\obj\system_stm32f30x_temp.o
 .ARM.attributes
                0x00000264       0x33 ..\obj\syscalls.o
 .ARM.attributes
                0x00000297       0x33 ..\obj\stm32f30x_misc.o
 .ARM.attributes
                0x000002ca       0x33 ..\obj\stm32f30x_tim.o
 .ARM.attributes
                0x000002fd       0x21 ..\obj\startup_stm32f30x.o
 .ARM.attributes
                0x0000031e       0x33 ..\obj\menuAux.o
 .ARM.attributes
                0x00000351       0x33 ..\obj\stm32f30x_syscfg.o
 .ARM.attributes
                0x00000384       0x33 ..\obj\misc.o
 .ARM.attributes
                0x000003b7       0x33 ..\obj\threePos.o
 .ARM.attributes
                0x000003ea       0x33 ..\obj\pid.o
 .ARM.attributes
                0x0000041d       0x2e C:\Program Files (x86)\GNU Tools ARM Embedded\5.3 2016q1\arm-none-eabi\lib\armv7e-m\libm.a(lib_a-w_pow.o)
 .ARM.attributes
                0x0000044b       0x2e C:\Program Files (x86)\GNU Tools ARM Embedded\5.3 2016q1\arm-none-eabi\lib\armv7e-m\libm.a(lib_a-e_pow.o)
 .ARM.attributes
                0x00000479       0x2e C:\Program Files (x86)\GNU Tools ARM Embedded\5.3 2016q1\arm-none-eabi\lib\armv7e-m\libm.a(lib_a-e_sqrt.o)
 .ARM.attributes
                0x000004a7       0x2e C:\Program Files (x86)\GNU Tools ARM Embedded\5.3 2016q1\arm-none-eabi\lib\armv7e-m\libm.a(lib_a-s_fabs.o)
 .ARM.attributes
                0x000004d5       0x2e C:\Program Files (x86)\GNU Tools ARM Embedded\5.3 2016q1\arm-none-eabi\lib\armv7e-m\libm.a(lib_a-s_finite.o)
 .ARM.attributes
                0x00000503       0x2e C:\Program Files (x86)\GNU Tools ARM Embedded\5.3 2016q1\arm-none-eabi\lib\armv7e-m\libm.a(lib_a-s_lib_ver.o)
 .ARM.attributes
                0x00000531       0x2e C:\Program Files (x86)\GNU Tools ARM Embedded\5.3 2016q1\arm-none-eabi\lib\armv7e-m\libm.a(lib_a-s_matherr.o)
 .ARM.attributes
                0x0000055f       0x2e C:\Program Files (x86)\GNU Tools ARM Embedded\5.3 2016q1\arm-none-eabi\lib\armv7e-m\libm.a(lib_a-s_nan.o)
 .ARM.attributes
                0x0000058d       0x2e C:\Program Files (x86)\GNU Tools ARM Embedded\5.3 2016q1\arm-none-eabi\lib\armv7e-m\libm.a(lib_a-s_rint.o)
 .ARM.attributes
                0x000005bb       0x2e C:\Program Files (x86)\GNU Tools ARM Embedded\5.3 2016q1\arm-none-eabi\lib\armv7e-m\libm.a(lib_a-s_scalbn.o)
 .ARM.attributes
                0x000005e9       0x2e C:\Program Files (x86)\GNU Tools ARM Embedded\5.3 2016q1\arm-none-eabi\lib\armv7e-m\libm.a(lib_a-s_copysign.o)
 .ARM.attributes
                0x00000617       0x1e c:/program files (x86)/gnu tools arm embedded/5.3 2016q1/bin/../lib/gcc/arm-none-eabi/5.3.1/armv7e-m\libgcc.a(_arm_addsubdf3.o)
 .ARM.attributes
                0x00000635       0x1e c:/program files (x86)/gnu tools arm embedded/5.3 2016q1/bin/../lib/gcc/arm-none-eabi/5.3.1/armv7e-m\libgcc.a(_arm_muldivdf3.o)
 .ARM.attributes
                0x00000653       0x1e c:/program files (x86)/gnu tools arm embedded/5.3 2016q1/bin/../lib/gcc/arm-none-eabi/5.3.1/armv7e-m\libgcc.a(_arm_cmpdf2.o)
 .ARM.attributes
                0x00000671       0x1e c:/program files (x86)/gnu tools arm embedded/5.3 2016q1/bin/../lib/gcc/arm-none-eabi/5.3.1/armv7e-m\libgcc.a(_arm_unorddf2.o)
 .ARM.attributes
                0x0000068f       0x1e c:/program files (x86)/gnu tools arm embedded/5.3 2016q1/bin/../lib/gcc/arm-none-eabi/5.3.1/armv7e-m\libgcc.a(_arm_fixdfsi.o)
 .ARM.attributes
                0x000006ad       0x1e c:/program files (x86)/gnu tools arm embedded/5.3 2016q1/bin/../lib/gcc/arm-none-eabi/5.3.1/armv7e-m\libgcc.a(_arm_fixunsdfsi.o)
 .ARM.attributes
                0x000006cb       0x2e C:\Program Files (x86)\GNU Tools ARM Embedded\5.3 2016q1\arm-none-eabi\lib\armv7e-m\libg.a(lib_a-errno.o)
 .ARM.attributes
                0x000006f9       0x2e C:\Program Files (x86)\GNU Tools ARM Embedded\5.3 2016q1\arm-none-eabi\lib\armv7e-m\libg.a(lib_a-impure.o)
 .ARM.attributes
                0x00000727       0x2e C:\Program Files (x86)\GNU Tools ARM Embedded\5.3 2016q1\arm-none-eabi\lib\armv7e-m\libg.a(lib_a-sprintf.o)
 .ARM.attributes
                0x00000755       0x2e C:\Program Files (x86)\GNU Tools ARM Embedded\5.3 2016q1\arm-none-eabi\lib\armv7e-m\libg.a(lib_a-svfprintf.o)
 .ARM.attributes
                0x00000783       0x2e C:\Program Files (x86)\GNU Tools ARM Embedded\5.3 2016q1\arm-none-eabi\lib\armv7e-m\libg.a(lib_a-dtoa.o)
 .ARM.attributes
                0x000007b1       0x2e C:\Program Files (x86)\GNU Tools ARM Embedded\5.3 2016q1\arm-none-eabi\lib\armv7e-m\libg.a(lib_a-locale.o)
 .ARM.attributes
                0x000007df       0x2e C:\Program Files (x86)\GNU Tools ARM Embedded\5.3 2016q1\arm-none-eabi\lib\armv7e-m\libg.a(lib_a-mallocr.o)
 .ARM.attributes
                0x0000080d       0x1c C:\Program Files (x86)\GNU Tools ARM Embedded\5.3 2016q1\arm-none-eabi\lib\armv7e-m\libg.a(lib_a-memchr.o)
 .ARM.attributes
                0x00000829       0x1c C:\Program Files (x86)\GNU Tools ARM Embedded\5.3 2016q1\arm-none-eabi\lib\armv7e-m\libg.a(lib_a-memcpy.o)
 .ARM.attributes
                0x00000845       0x2e C:\Program Files (x86)\GNU Tools ARM Embedded\5.3 2016q1\arm-none-eabi\lib\armv7e-m\libg.a(lib_a-mlock.o)
 .ARM.attributes
                0x00000873       0x2e C:\Program Files (x86)\GNU Tools ARM Embedded\5.3 2016q1\arm-none-eabi\lib\armv7e-m\libg.a(lib_a-mprec.o)
 .ARM.attributes
                0x000008a1       0x2e C:\Program Files (x86)\GNU Tools ARM Embedded\5.3 2016q1\arm-none-eabi\lib\armv7e-m\libg.a(lib_a-sbrkr.o)
 .ARM.attributes
                0x000008cf       0x1c C:\Program Files (x86)\GNU Tools ARM Embedded\5.3 2016q1\arm-none-eabi\lib\armv7e-m\libg.a(lib_a-strlen.o)
 .ARM.attributes
                0x000008eb       0x2e C:\Program Files (x86)\GNU Tools ARM Embedded\5.3 2016q1\arm-none-eabi\lib\armv7e-m\libg.a(lib_a-svfiprintf.o)
 .ARM.attributes
                0x00000919       0x2e C:\Program Files (x86)\GNU Tools ARM Embedded\5.3 2016q1\arm-none-eabi\lib\armv7e-m\libg.a(lib_a-callocr.o)
 .ARM.attributes
                0x00000947       0x2e C:\Program Files (x86)\GNU Tools ARM Embedded\5.3 2016q1\arm-none-eabi\lib\armv7e-m\libg.a(lib_a-freer.o)
 .ARM.attributes
                0x00000975       0x2e C:\Program Files (x86)\GNU Tools ARM Embedded\5.3 2016q1\arm-none-eabi\lib\armv7e-m\libg.a(lib_a-memmove.o)
 .ARM.attributes
                0x000009a3       0x2e C:\Program Files (x86)\GNU Tools ARM Embedded\5.3 2016q1\arm-none-eabi\lib\armv7e-m\libg.a(lib_a-memset.o)
 .ARM.attributes
                0x000009d1       0x2e C:\Program Files (x86)\GNU Tools ARM Embedded\5.3 2016q1\arm-none-eabi\lib\armv7e-m\libg.a(lib_a-reallocr.o)
 .ARM.attributes
                0x000009ff       0x2e C:\Program Files (x86)\GNU Tools ARM Embedded\5.3 2016q1\arm-none-eabi\lib\armv7e-m\libg.a(lib_a-reent.o)
 .ARM.attributes
                0x00000a2d       0x1e c:/program files (x86)/gnu tools arm embedded/5.3 2016q1/bin/../lib/gcc/arm-none-eabi/5.3.1/armv7e-m\libgcc.a(_aeabi_uldivmod.o)
 .ARM.attributes
                0x00000a4b       0x2e c:/program files (x86)/gnu tools arm embedded/5.3 2016q1/bin/../lib/gcc/arm-none-eabi/5.3.1/armv7e-m\libgcc.a(_udivmoddi4.o)
 .ARM.attributes
                0x00000a79       0x1e c:/program files (x86)/gnu tools arm embedded/5.3 2016q1/bin/../lib/gcc/arm-none-eabi/5.3.1/armv7e-m\libgcc.a(_dvmd_tls.o)

.debug_frame    0x00000000     0x3cc8
 .debug_frame   0x00000000      0x60c ..\obj\stm32f30x_rcc.o
 .debug_frame   0x0000060c       0x58 ..\obj\flash.o
 .debug_frame   0x00000664       0x50 ..\obj\twoPos.o
 .debug_frame   0x000006b4      0x9e4 ..\obj\stm32f30x_adc.o
 .debug_frame   0x00001098       0x5c ..\obj\ledDigits.o
 .debug_frame   0x000010f4      0x214 ..\obj\stm32f30x_gpio.o
 .debug_frame   0x00001308       0xb4 ..\obj\main.o
 .debug_frame   0x000013bc      0x1c8 ..\obj\stm32f30x_dma.o
 .debug_frame   0x00001584      0x150 ..\obj\init.o
 .debug_frame   0x000016d4      0x148 ..\obj\stm32f30x_exti.o
 .debug_frame   0x0000181c      0x160 ..\obj\menu.o
 .debug_frame   0x0000197c       0x7c ..\obj\system_stm32f30x_temp.o
 .debug_frame   0x000019f8      0x168 ..\obj\syscalls.o
 .debug_frame   0x00001b60       0xd8 ..\obj\stm32f30x_misc.o
 .debug_frame   0x00001c38     0x11c4 ..\obj\stm32f30x_tim.o
 .debug_frame   0x00002dfc      0x178 ..\obj\menuAux.o
 .debug_frame   0x00002f74      0x230 ..\obj\stm32f30x_syscfg.o
 .debug_frame   0x000031a4       0xa4 ..\obj\misc.o
 .debug_frame   0x00003248       0x54 ..\obj\threePos.o
 .debug_frame   0x0000329c       0x84 ..\obj\pid.o
 .debug_frame   0x00003320       0x4c C:\Program Files (x86)\GNU Tools ARM Embedded\5.3 2016q1\arm-none-eabi\lib\armv7e-m\libm.a(lib_a-w_pow.o)
 .debug_frame   0x0000336c       0x68 C:\Program Files (x86)\GNU Tools ARM Embedded\5.3 2016q1\arm-none-eabi\lib\armv7e-m\libm.a(lib_a-e_pow.o)
 .debug_frame   0x000033d4       0x34 C:\Program Files (x86)\GNU Tools ARM Embedded\5.3 2016q1\arm-none-eabi\lib\armv7e-m\libm.a(lib_a-e_sqrt.o)
 .debug_frame   0x00003408       0x20 C:\Program Files (x86)\GNU Tools ARM Embedded\5.3 2016q1\arm-none-eabi\lib\armv7e-m\libm.a(lib_a-s_fabs.o)
 .debug_frame   0x00003428       0x20 C:\Program Files (x86)\GNU Tools ARM Embedded\5.3 2016q1\arm-none-eabi\lib\armv7e-m\libm.a(lib_a-s_finite.o)
 .debug_frame   0x00003448       0x20 C:\Program Files (x86)\GNU Tools ARM Embedded\5.3 2016q1\arm-none-eabi\lib\armv7e-m\libm.a(lib_a-s_matherr.o)
 .debug_frame   0x00003468       0x20 C:\Program Files (x86)\GNU Tools ARM Embedded\5.3 2016q1\arm-none-eabi\lib\armv7e-m\libm.a(lib_a-s_nan.o)
 .debug_frame   0x00003488       0x3c C:\Program Files (x86)\GNU Tools ARM Embedded\5.3 2016q1\arm-none-eabi\lib\armv7e-m\libm.a(lib_a-s_rint.o)
 .debug_frame   0x000034c4       0x30 C:\Program Files (x86)\GNU Tools ARM Embedded\5.3 2016q1\arm-none-eabi\lib\armv7e-m\libm.a(lib_a-s_scalbn.o)
 .debug_frame   0x000034f4       0x20 C:\Program Files (x86)\GNU Tools ARM Embedded\5.3 2016q1\arm-none-eabi\lib\armv7e-m\libm.a(lib_a-s_copysign.o)
 .debug_frame   0x00003514       0x20 C:\Program Files (x86)\GNU Tools ARM Embedded\5.3 2016q1\arm-none-eabi\lib\armv7e-m\libg.a(lib_a-errno.o)
 .debug_frame   0x00003534       0x84 C:\Program Files (x86)\GNU Tools ARM Embedded\5.3 2016q1\arm-none-eabi\lib\armv7e-m\libg.a(lib_a-sprintf.o)
 .debug_frame   0x000035b8       0x44 C:\Program Files (x86)\GNU Tools ARM Embedded\5.3 2016q1\arm-none-eabi\lib\armv7e-m\libg.a(lib_a-svfprintf.o)
 .debug_frame   0x000035fc       0x88 C:\Program Files (x86)\GNU Tools ARM Embedded\5.3 2016q1\arm-none-eabi\lib\armv7e-m\libg.a(lib_a-dtoa.o)
 .debug_frame   0x00003684       0x9c C:\Program Files (x86)\GNU Tools ARM Embedded\5.3 2016q1\arm-none-eabi\lib\armv7e-m\libg.a(lib_a-locale.o)
 .debug_frame   0x00003720       0x58 C:\Program Files (x86)\GNU Tools ARM Embedded\5.3 2016q1\arm-none-eabi\lib\armv7e-m\libg.a(lib_a-mallocr.o)
 .debug_frame   0x00003778       0x30 C:\Program Files (x86)\GNU Tools ARM Embedded\5.3 2016q1\arm-none-eabi\lib\armv7e-m\libg.a(lib_a-mlock.o)
 .debug_frame   0x000037a8      0x264 C:\Program Files (x86)\GNU Tools ARM Embedded\5.3 2016q1\arm-none-eabi\lib\armv7e-m\libg.a(lib_a-mprec.o)
 .debug_frame   0x00003a0c       0x2c C:\Program Files (x86)\GNU Tools ARM Embedded\5.3 2016q1\arm-none-eabi\lib\armv7e-m\libg.a(lib_a-sbrkr.o)
 .debug_frame   0x00003a38       0x78 C:\Program Files (x86)\GNU Tools ARM Embedded\5.3 2016q1\arm-none-eabi\lib\armv7e-m\libg.a(lib_a-svfiprintf.o)
 .debug_frame   0x00003ab0       0x28 C:\Program Files (x86)\GNU Tools ARM Embedded\5.3 2016q1\arm-none-eabi\lib\armv7e-m\libg.a(lib_a-callocr.o)
 .debug_frame   0x00003ad8       0x74 C:\Program Files (x86)\GNU Tools ARM Embedded\5.3 2016q1\arm-none-eabi\lib\armv7e-m\libg.a(lib_a-freer.o)
 .debug_frame   0x00003b4c       0x30 C:\Program Files (x86)\GNU Tools ARM Embedded\5.3 2016q1\arm-none-eabi\lib\armv7e-m\libg.a(lib_a-memmove.o)
 .debug_frame   0x00003b7c       0x34 C:\Program Files (x86)\GNU Tools ARM Embedded\5.3 2016q1\arm-none-eabi\lib\armv7e-m\libg.a(lib_a-memset.o)
 .debug_frame   0x00003bb0       0x60 C:\Program Files (x86)\GNU Tools ARM Embedded\5.3 2016q1\arm-none-eabi\lib\armv7e-m\libg.a(lib_a-reallocr.o)
 .debug_frame   0x00003c10       0x58 C:\Program Files (x86)\GNU Tools ARM Embedded\5.3 2016q1\arm-none-eabi\lib\armv7e-m\libg.a(lib_a-reent.o)
 .debug_frame   0x00003c68       0x2c c:/program files (x86)/gnu tools arm embedded/5.3 2016q1/bin/../lib/gcc/arm-none-eabi/5.3.1/armv7e-m\libgcc.a(_aeabi_uldivmod.o)
 .debug_frame   0x00003c94       0x34 c:/program files (x86)/gnu tools arm embedded/5.3 2016q1/bin/../lib/gcc/arm-none-eabi/5.3.1/armv7e-m\libgcc.a(_udivmoddi4.o)
