Archive member included to satisfy reference by file (symbol)

C:\Program Files (x86)\GNU Tools ARM Embedded\5.3 2016q1\arm-none-eabi\lib\armv7e-m\libm.a(lib_a-w_pow.o)
                              ..\obj\menu.o (pow)
C:\Program Files (x86)\GNU Tools ARM Embedded\5.3 2016q1\arm-none-eabi\lib\armv7e-m\libm.a(lib_a-e_pow.o)
                              C:\Program Files (x86)\GNU Tools ARM Embedded\5.3 2016q1\arm-none-eabi\lib\armv7e-m\libm.a(lib_a-w_pow.o) (__ieee754_pow)
C:\Program Files (x86)\GNU Tools ARM Embedded\5.3 2016q1\arm-none-eabi\lib\armv7e-m\libm.a(lib_a-e_sqrt.o)
                              C:\Program Files (x86)\GNU Tools ARM Embedded\5.3 2016q1\arm-none-eabi\lib\armv7e-m\libm.a(lib_a-e_pow.o) (__ieee754_sqrt)
C:\Program Files (x86)\GNU Tools ARM Embedded\5.3 2016q1\arm-none-eabi\lib\armv7e-m\libm.a(lib_a-s_fabs.o)
                              C:\Program Files (x86)\GNU Tools ARM Embedded\5.3 2016q1\arm-none-eabi\lib\armv7e-m\libm.a(lib_a-e_pow.o) (fabs)
C:\Program Files (x86)\GNU Tools ARM Embedded\5.3 2016q1\arm-none-eabi\lib\armv7e-m\libm.a(lib_a-s_finite.o)
                              C:\Program Files (x86)\GNU Tools ARM Embedded\5.3 2016q1\arm-none-eabi\lib\armv7e-m\libm.a(lib_a-w_pow.o) (finite)
C:\Program Files (x86)\GNU Tools ARM Embedded\5.3 2016q1\arm-none-eabi\lib\armv7e-m\libm.a(lib_a-s_lib_ver.o)
                              C:\Program Files (x86)\GNU Tools ARM Embedded\5.3 2016q1\arm-none-eabi\lib\armv7e-m\libm.a(lib_a-w_pow.o) (__fdlib_version)
C:\Program Files (x86)\GNU Tools ARM Embedded\5.3 2016q1\arm-none-eabi\lib\armv7e-m\libm.a(lib_a-s_matherr.o)
                              C:\Program Files (x86)\GNU Tools ARM Embedded\5.3 2016q1\arm-none-eabi\lib\armv7e-m\libm.a(lib_a-w_pow.o) (matherr)
C:\Program Files (x86)\GNU Tools ARM Embedded\5.3 2016q1\arm-none-eabi\lib\armv7e-m\libm.a(lib_a-s_nan.o)
                              C:\Program Files (x86)\GNU Tools ARM Embedded\5.3 2016q1\arm-none-eabi\lib\armv7e-m\libm.a(lib_a-e_pow.o) (nan)
C:\Program Files (x86)\GNU Tools ARM Embedded\5.3 2016q1\arm-none-eabi\lib\armv7e-m\libm.a(lib_a-s_rint.o)
                              C:\Program Files (x86)\GNU Tools ARM Embedded\5.3 2016q1\arm-none-eabi\lib\armv7e-m\libm.a(lib_a-w_pow.o) (rint)
C:\Program Files (x86)\GNU Tools ARM Embedded\5.3 2016q1\arm-none-eabi\lib\armv7e-m\libm.a(lib_a-s_scalbn.o)
                              C:\Program Files (x86)\GNU Tools ARM Embedded\5.3 2016q1\arm-none-eabi\lib\armv7e-m\libm.a(lib_a-e_pow.o) (scalbn)
C:\Program Files (x86)\GNU Tools ARM Embedded\5.3 2016q1\arm-none-eabi\lib\armv7e-m\libm.a(lib_a-s_copysign.o)
                              C:\Program Files (x86)\GNU Tools ARM Embedded\5.3 2016q1\arm-none-eabi\lib\armv7e-m\libm.a(lib_a-s_scalbn.o) (copysign)
c:/program files (x86)/gnu tools arm embedded/5.3 2016q1/bin/../lib/gcc/arm-none-eabi/5.3.1/armv7e-m\libgcc.a(_arm_addsubdf3.o)
                              ..\obj\twoPos.o (__aeabi_dsub)
c:/program files (x86)/gnu tools arm embedded/5.3 2016q1/bin/../lib/gcc/arm-none-eabi/5.3.1/armv7e-m\libgcc.a(_arm_muldivdf3.o)
                              ..\obj\main.o (__aeabi_dmul)
c:/program files (x86)/gnu tools arm embedded/5.3 2016q1/bin/../lib/gcc/arm-none-eabi/5.3.1/armv7e-m\libgcc.a(_arm_cmpdf2.o)
                              ..\obj\pid.o (__aeabi_dcmpeq)
c:/program files (x86)/gnu tools arm embedded/5.3 2016q1/bin/../lib/gcc/arm-none-eabi/5.3.1/armv7e-m\libgcc.a(_arm_unorddf2.o)
                              C:\Program Files (x86)\GNU Tools ARM Embedded\5.3 2016q1\arm-none-eabi\lib\armv7e-m\libm.a(lib_a-w_pow.o) (__aeabi_dcmpun)
c:/program files (x86)/gnu tools arm embedded/5.3 2016q1/bin/../lib/gcc/arm-none-eabi/5.3.1/armv7e-m\libgcc.a(_arm_fixdfsi.o)
                              ..\obj\menu.o (__aeabi_d2iz)
c:/program files (x86)/gnu tools arm embedded/5.3 2016q1/bin/../lib/gcc/arm-none-eabi/5.3.1/armv7e-m\libgcc.a(_arm_fixunsdfsi.o)
                              ..\obj\main.o (__aeabi_d2uiz)
C:\Program Files (x86)\GNU Tools ARM Embedded\5.3 2016q1\arm-none-eabi\lib\armv7e-m\libg.a(lib_a-errno.o)
                              C:\Program Files (x86)\GNU Tools ARM Embedded\5.3 2016q1\arm-none-eabi\lib\armv7e-m\libm.a(lib_a-w_pow.o) (__errno)
C:\Program Files (x86)\GNU Tools ARM Embedded\5.3 2016q1\arm-none-eabi\lib\armv7e-m\libg.a(lib_a-impure.o)
                              C:\Program Files (x86)\GNU Tools ARM Embedded\5.3 2016q1\arm-none-eabi\lib\armv7e-m\libg.a(lib_a-errno.o) (_impure_ptr)
C:\Program Files (x86)\GNU Tools ARM Embedded\5.3 2016q1\arm-none-eabi\lib\armv7e-m\libg.a(lib_a-sprintf.o)
                              ..\obj\menu.o (sprintf)
C:\Program Files (x86)\GNU Tools ARM Embedded\5.3 2016q1\arm-none-eabi\lib\armv7e-m\libg.a(lib_a-svfprintf.o)
                              C:\Program Files (x86)\GNU Tools ARM Embedded\5.3 2016q1\arm-none-eabi\lib\armv7e-m\libg.a(lib_a-sprintf.o) (_svfprintf_r)
[...]
Memory Configuration

Name             Origin             Length             Attributes
rom              0x08000000         0x00040000         xr
ram              0x20000000         0x0000a000         xrw
ram1             0x10000000         0x00002000         xrw
*default*        0x00000000         0xffffffff

Linker script and memory map

                0x2000a000                _eram = 0x2000a000

.text           0x08000000     0x8a94
 *(.isr_vector)
 .isr_vector    0x08000000      0x188 ..\obj\startup_stm32f30x.o
                0x08000000                g_pfnVectors
 *(.text*)
 .text.RCC_AHBPeriphClockCmd
                0x08000188       0x3c ..\obj\stm32f30x_rcc.o
                0x08000188                RCC_AHBPeriphClockCmd
 .text.RCC_APB2PeriphClockCmd
                0x080001c4       0x3c ..\obj\stm32f30x_rcc.o
                0x080001c4                RCC_APB2PeriphClockCmd
 .text.RCC_APB1PeriphClockCmd
                0x08000200       0x3c ..\obj\stm32f30x_rcc.o
                0x08000200                RCC_APB1PeriphClockCmd
 .text.resetTwoPos
                0x0800023c       0x30 ..\obj\twoPos.o
                0x0800023c                resetTwoPos
 .text.calculateTwoPosOut
                0x0800026c       0xb4 ..\obj\twoPos.o
                0x0800026c                calculateTwoPosOut
 .text.getLEDcode
                0x08000320      0x1ac ..\obj\ledDigits.o
                0x08000320                getLEDcode
 .text.getLEDcodeArray
                0x080004cc       0x54 ..\obj\ledDigits.o
                0x080004cc                getLEDcodeArray
 .text.GPIO_Init
                0x08000520      0x12c ..\obj\stm32f30x_gpio.o
                0x08000520                GPIO_Init
 .text.main     0x0800064c       0x1c ..\obj\main.o
                0x0800064c                main
 .text.TIM3_IRQHandler
                0x08000668      0x184 ..\obj\main.o
                0x08000668                TIM3_IRQHandler
 .text.TIM4_IRQHandler
                0x080007ec      0x240 ..\obj\main.o
                0x080007ec                TIM4_IRQHandler
 .text.TIM7_IRQHandler
                0x08000a2c      0x11c ..\obj\main.o
                0x08000a2c                TIM7_IRQHandler
 .text.EXTI9_5_IRQHandler
                0x08000b48      0x210 ..\obj\main.o
                0x08000b48                EXTI9_5_IRQHandler
 .text.GPIOinit
                0x08000d58       0xec ..\obj\init.o
                0x08000d58                GPIOinit
 .text.EXTIinit
                0x08000e44       0x74 ..\obj\init.o
                0x08000e44                EXTIinit
 .text.NVICinit
                0x08000eb8       0x70 ..\obj\init.o
                0x08000eb8                NVICinit
 .text.TIMinit  0x08000f28       0xb8 ..\obj\init.o
                0x08000f28                TIMinit
 .text.EXTI_Init
                0x08000fe0      0x1f4 ..\obj\stm32f30x_exti.o
                0x08000fe0                EXTI_Init
 .text.EXTI_ClearFlag
                0x080011d4       0x30 ..\obj\stm32f30x_exti.o
                0x080011d4                EXTI_ClearFlag
 *fill*         0x08001204        0x4 
 .text.getMenuParameter
                0x08001208      0x1e4 ..\obj\menu.o
                0x08001208                getMenuParameter
 .text.getTemplate
                0x080013ec       0x80 ..\obj\menu.o
                0x080013ec                getTemplate
 .text.cutAround
                0x0800146c       0x54 ..\obj\menu.o
                0x0800146c                cutAround
 .text.setMenuDigitDbl
                0x080014c0       0x70 ..\obj\menu.o
                0x080014c0                setMenuDigitDbl
 .text.setMenuDigitInt
                0x08001530       0xf0 ..\obj\menu.o
                0x08001530                setMenuDigitInt
 .text.setMenuParameter
                0x08001620      0x570 ..\obj\menu.o
                0x08001620                setMenuParameter
 .text.changeSP
                0x08001b90       0xf4 ..\obj\menu.o
                0x08001b90                changeSP
 .text.changeOUT
                0x08001c84      0x128 ..\obj\menu.o
                0x08001c84                changeOUT
 .text.getMenuSize
                0x08001dac       0x3c ..\obj\menu.o
                0x08001dac                getMenuSize
 .text.getNaviLimit
                0x08001de8       0x94 ..\obj\menu.o
                0x08001de8                getNaviLimit
 .text.naviUp   0x08001e7c       0x78 ..\obj\menu.o
                0x08001e7c                naviUp
 .text.naviDown
                0x08001ef4       0x7c ..\obj\menu.o
                0x08001ef4                naviDown
 .text.naviRight
                0x08001f70       0x5c ..\obj\menu.o
                0x08001f70                naviRight
 .text.naviLeft
                0x08001fcc       0x70 ..\obj\menu.o
                0x08001fcc                naviLeft
 .text.getDisp1
                0x0800203c       0x98 ..\obj\menu.o
                0x0800203c                getDisp1
 .text.getDisp2
                0x080020d4      0x11c ..\obj\menu.o
                0x080020d4                getDisp2
 .text.exitMenu
                0x080021f0       0x38 ..\obj\menu.o
                0x080021f0                exitMenu
 .text.getCursor
                0x08002228       0x1c ..\obj\menu.o
                0x08002228                getCursor
 .text.SystemInit1
                0x08002244       0x84 ..\obj\system_stm32f30x_temp.o
                0x08002244                SystemInit
                0x08002244                SystemInit1
 .text.SetSysClock1
                0x080022c8       0xe0 ..\obj\system_stm32f30x_temp.o
                0x080022c8                SetSysClock
 .text._sbrk    0x080023a8       0x3c ..\obj\syscalls.o
                0x080023a8                _sbrk
 .text.NVIC_Init
                0x080023e4       0xc4 ..\obj\stm32f30x_misc.o
                0x080023e4                NVIC_Init
 .text.TIM_TimeBaseInit
                0x080024a8       0xec ..\obj\stm32f30x_tim.o
                0x080024a8                TIM_TimeBaseInit
 .text.TIM_Cmd  0x08002594       0x40 ..\obj\stm32f30x_tim.o
                0x08002594                TIM_Cmd
 .text.TIM_ITConfig
                0x080025d4       0x40 ..\obj\stm32f30x_tim.o
                0x080025d4                TIM_ITConfig
 .text.TIM_ClearITPendingBit
                0x08002614       0x24 ..\obj\stm32f30x_tim.o
                0x08002614                TIM_ClearITPendingBit
 .text.Reset_Handler
                0x08002638       0x44 ..\obj\startup_stm32f30x.o
                0x08002638                Reset_Handler
 .text.Default_Handler
                0x0800267c        0x2 ..\obj\startup_stm32f30x.o
                0x0800267c                RTC_Alarm_IRQHandler
                0x0800267c                TIM8_TRG_COM_IRQHandler
                0x0800267c                TIM8_CC_IRQHandler
                0x0800267c                DebugMon_Handler
                0x0800267c                TIM1_CC_IRQHandler
                0x0800267c                HardFault_Handler
                0x0800267c                USB_HP_IRQHandler
                0x0800267c                SysTick_Handler
                0x0800267c                PVD_IRQHandler
                0x0800267c                PendSV_Handler
                0x0800267c                NMI_Handler
                0x0800267c                EXTI3_IRQHandler
                0x0800267c                EXTI0_IRQHandler
                0x0800267c                I2C2_EV_IRQHandler
                0x0800267c                FPU_IRQHandler
                0x0800267c                EXTI2_TS_IRQHandler
                0x0800267c                TIM1_UP_TIM16_IRQHandler
                0x0800267c                UsageFault_Handler
                0x0800267c                ADC1_2_IRQHandler
                0x0800267c                SPI1_IRQHandler
                0x0800267c                TIM6_DAC_IRQHandler
                0x0800267c                TIM8_UP_IRQHandler
                0x0800267c                DMA2_Channel2_IRQHandler
                0x0800267c                DMA1_Channel4_IRQHandler
                0x0800267c                USART3_IRQHandler
                0x0800267c                DMA1_Channel7_IRQHandler
                0x0800267c                CAN1_RX1_IRQHandler
                0x0800267c                UART5_IRQHandler
                0x0800267c                ADC3_IRQHandler
                0x0800267c                DMA2_Channel1_IRQHandler
                0x0800267c                I2C1_EV_IRQHandler
                0x0800267c                DMA1_Channel6_IRQHandler
                0x0800267c                UART4_IRQHandler
                0x0800267c                DMA2_Channel4_IRQHandler
                0x0800267c                RCC_IRQHandler
                0x0800267c                DMA1_Channel1_IRQHandler
                0x0800267c                Default_Handler
                0x0800267c                USBWakeUp_RMP_IRQHandler
                0x0800267c                EXTI15_10_IRQHandler
                0x0800267c                TAMPER_STAMP_IRQHandler
                0x0800267c                RTC_WKUP_IRQHandler
                0x0800267c                SPI2_IRQHandler
                0x0800267c                MemManage_Handler
                0x0800267c                SVC_Handler
                0x0800267c                DMA2_Channel5_IRQHandler
                0x0800267c                DMA1_Channel5_IRQHandler
                0x0800267c                USB_LP_IRQHandler
                0x0800267c                EXTI4_IRQHandler
                0x0800267c                USB_LP_CAN1_RX0_IRQHandler
                0x0800267c                TIM1_TRG_COM_TIM17_IRQHandler
                0x0800267c                USB_HP_CAN1_TX_IRQHandler
                0x0800267c                DMA1_Channel3_IRQHandler
                0x0800267c                ADC4_IRQHandler
                0x0800267c                WWDG_IRQHandler
                0x0800267c                TIM2_IRQHandler
                0x0800267c                COMP7_IRQHandler
                0x0800267c                COMP1_2_3_IRQHandler
                0x0800267c                EXTI1_IRQHandler
                0x0800267c                USART2_IRQHandler
                0x0800267c                COMP4_5_6_IRQHandler
                0x0800267c                I2C2_ER_IRQHandler
                0x0800267c                DMA1_Channel2_IRQHandler
                0x0800267c                TIM8_BRK_IRQHandler
                0x0800267c                CAN1_SCE_IRQHandler
                0x0800267c                FLASH_IRQHandler
                0x0800267c                BusFault_Handler
                0x0800267c                USART1_IRQHandler
                0x0800267c                SPI3_IRQHandler
                0x0800267c                I2C1_ER_IRQHandler
                0x0800267c                USBWakeUp_IRQHandler
                0x0800267c                DMA2_Channel3_IRQHandler
                0x0800267c                TIM1_BRK_TIM15_IRQHandler
 *fill*         0x0800267e        0x2 
 .text.SYSCFG_EXTILineConfig
                0x08002680       0x84 ..\obj\stm32f30x_syscfg.o
                0x08002680                SYSCFG_EXTILineConfig
 .text.resetRegulators
                0x08002704       0x14 ..\obj\misc.o
                0x08002704                resetRegulators
 .text.timerUpdater
                0x08002718       0x48 ..\obj\misc.o
                0x08002718                timerUpdater
 .text.changeDO
                0x08002760       0x58 ..\obj\misc.o
                0x08002760                changeDO
 .text.resetThreePos
                0x080027b8       0x44 ..\obj\threePos.o
                0x080027b8                resetThreePos
 .text.setThreePosCurrentTime
                0x080027fc       0x90 ..\obj\threePos.o
                0x080027fc                setThreePosCurrentTime
 .text.calculateThreePosOut
                0x0800288c      0x1b0 ..\obj\threePos.o
                0x0800288c                calculateThreePosOut
 .text.resetPID
                0x08002a3c       0x54 ..\obj\pid.o
                0x08002a3c                resetPID
 .text.calculatePIDout
                0x08002a90      0x17c ..\obj\pid.o
                0x08002a90                calculatePIDout
 .text.pow      0x08002c0c      0x2f0 C:\Program Files (x86)\GNU Tools ARM Embedded\5.3 2016q1\arm-none-eabi\lib\armv7e-m\libm.a(lib_a-w_pow.o)
                0x08002c0c                pow
 *fill*         0x08002efc        0x4 
 .text.__ieee754_pow
                0x08002f00      0xab4 C:\Program Files (x86)\GNU Tools ARM Embedded\5.3 2016q1\arm-none-eabi\lib\armv7e-m\libm.a(lib_a-e_pow.o)
                0x08002f00                __ieee754_pow
 .text.__ieee754_sqrt
                0x080039b4      0x180 C:\Program Files (x86)\GNU Tools ARM Embedded\5.3 2016q1\arm-none-eabi\lib\armv7e-m\libm.a(lib_a-e_sqrt.o)
                0x080039b4                __ieee754_sqrt
 .text.fabs     0x08003b34        0x8 C:\Program Files (x86)\GNU Tools ARM Embedded\5.3 2016q1\arm-none-eabi\lib\armv7e-m\libm.a(lib_a-s_fabs.o)
                0x08003b34                fabs
 .text.finite   0x08003b3c        0xc C:\Program Files (x86)\GNU Tools ARM Embedded\5.3 2016q1\arm-none-eabi\lib\armv7e-m\libm.a(lib_a-s_finite.o)
                0x08003b3c                finite
 .text.matherr  0x08003b48        0x4 C:\Program Files (x86)\GNU Tools ARM Embedded\5.3 2016q1\arm-none-eabi\lib\armv7e-m\libm.a(lib_a-s_matherr.o)
                0x08003b48                matherr
 .text.nan      0x08003b4c        0xc C:\Program Files (x86)\GNU Tools ARM Embedded\5.3 2016q1\arm-none-eabi\lib\armv7e-m\libm.a(lib_a-s_nan.o)
                0x08003b4c                nan
 .text.rint     0x08003b58      0x118 C:\Program Files (x86)\GNU Tools ARM Embedded\5.3 2016q1\arm-none-eabi\lib\armv7e-m\libm.a(lib_a-s_rint.o)
                0x08003b58                rint
 .text.scalbn   0x08003c70       0xfc C:\Program Files (x86)\GNU Tools ARM Embedded\5.3 2016q1\arm-none-eabi\lib\armv7e-m\libm.a(lib_a-s_scalbn.o)
                0x08003c70                scalbn
 .text.copysign
                0x08003d6c       0x10 C:\Program Files (x86)\GNU Tools ARM Embedded\5.3 2016q1\arm-none-eabi\lib\armv7e-m\libm.a(lib_a-s_copysign.o)
                0x08003d6c                copysign
 .text          0x08003d7c      0x370 c:/program files (x86)/gnu tools arm embedded/5.3 2016q1/bin/../lib/gcc/arm-none-eabi/5.3.1/armv7e-m\libgcc.a(_arm_addsubdf3.o)
                0x08003d7c                __aeabi_drsub
                0x08003d84                __aeabi_dsub
                0x08003d84                __subdf3
                0x08003d88                __aeabi_dadd
                0x08003d88                __adddf3
                0x08004000                __floatunsidf
                0x08004000                __aeabi_ui2d
                0x08004020                __floatsidf
                0x08004020                __aeabi_i2d
                0x08004044                __aeabi_f2d
                0x08004044                __extendsfdf2
                0x08004080                __floatundidf
                0x08004080                __aeabi_ul2d
                0x08004090                __floatdidf
                0x08004090                __aeabi_l2d
 .text          0x080040ec      0x424 c:/program files (x86)/gnu tools arm embedded/5.3 2016q1/bin/../lib/gcc/arm-none-eabi/5.3.1/armv7e-m\libgcc.a(_arm_muldivdf3.o)
                0x080040ec                __aeabi_dmul
                0x080040ec                __muldf3
                0x08004340                __divdf3
                0x08004340                __aeabi_ddiv
 .text          0x08004510      0x110 c:/program files (x86)/gnu tools arm embedded/5.3 2016q1/bin/../lib/gcc/arm-none-eabi/5.3.1/armv7e-m\libgcc.a(_arm_cmpdf2.o)
                0x08004510                __gtdf2
                0x08004510                __gedf2
                0x08004518                __ltdf2
                0x08004518                __ledf2
                0x08004520                __nedf2
                0x08004520                __eqdf2
                0x08004520                __cmpdf2
                0x0800459c                __aeabi_cdrcmple
                0x080045ac                __aeabi_cdcmpeq
                0x080045ac                __aeabi_cdcmple
                0x080045bc                __aeabi_dcmpeq
                0x080045d0                __aeabi_dcmplt
                0x080045e4                __aeabi_dcmple
                0x080045f8                __aeabi_dcmpge
                0x0800460c                __aeabi_dcmpgt
 .text          0x08004620       0x2c c:/program files (x86)/gnu tools arm embedded/5.3 2016q1/bin/../lib/gcc/arm-none-eabi/5.3.1/armv7e-m\libgcc.a(_arm_unorddf2.o)
                0x08004620                __unorddf2
                0x08004620                __aeabi_dcmpun
 .text          0x0800464c       0x50 c:/program files (x86)/gnu tools arm embedded/5.3 2016q1/bin/../lib/gcc/arm-none-eabi/5.3.1/armv7e-m\libgcc.a(_arm_fixdfsi.o)
                0x0800464c                __aeabi_d2iz
                0x0800464c                __fixdfsi
 .text          0x0800469c       0x40 c:/program files (x86)/gnu tools arm embedded/5.3 2016q1/bin/../lib/gcc/arm-none-eabi/5.3.1/armv7e-m\libgcc.a(_arm_fixunsdfsi.o)
                0x0800469c                __aeabi_d2uiz
                0x0800469c                __fixunsdfsi
 .text.__errno  0x080046dc        0xc C:\Program Files (x86)\GNU Tools ARM Embedded\5.3 2016q1\arm-none-eabi\lib\armv7e-m\libg.a(lib_a-errno.o)
                0x080046dc                __errno
 .text.sprintf  0x080046e8       0x4c C:\Program Files (x86)\GNU Tools ARM Embedded\5.3 2016q1\arm-none-eabi\lib\armv7e-m\libg.a(lib_a-sprintf.o)
                0x080046e8                sprintf
 .text._svfprintf_r
                0x08004734     0x169c C:\Program Files (x86)\GNU Tools ARM Embedded\5.3 2016q1\arm-none-eabi\lib\armv7e-m\libg.a(lib_a-svfprintf.o)
                0x08004734                _svfprintf_r
 .text.quorem   0x08005dd0      0x128 C:\Program Files (x86)\GNU Tools ARM Embedded\5.3 2016q1\arm-none-eabi\lib\armv7e-m\libg.a(lib_a-dtoa.o)
 .text._dtoa_r  0x08005ef8      0xe58 C:\Program Files (x86)\GNU Tools ARM Embedded\5.3 2016q1\arm-none-eabi\lib\armv7e-m\libg.a(lib_a-dtoa.o)
                0x08005ef8                _dtoa_r
 .text._localeconv_r
                0x08006d50        0x8 C:\Program Files (x86)\GNU Tools ARM Embedded\5.3 2016q1\arm-none-eabi\lib\armv7e-m\libg.a(lib_a-locale.o)
                0x08006d50                _localeconv_r
 .text._malloc_r
                0x08006d58      0x570 C:\Program Files (x86)\GNU Tools ARM Embedded\5.3 2016q1\arm-none-eabi\lib\armv7e-m\libg.a(lib_a-mallocr.o)
                0x08006d58                _malloc_r
 *fill*         0x080072c8        0x8 
 .text          0x080072d0       0xa0 C:\Program Files (x86)\GNU Tools ARM Embedded\5.3 2016q1\arm-none-eabi\lib\armv7e-m\libg.a(lib_a-memchr.o)
                0x080072d0                memchr
 .text          0x08007370      0x134 C:\Program Files (x86)\GNU Tools ARM Embedded\5.3 2016q1\arm-none-eabi\lib\armv7e-m\libg.a(lib_a-memcpy.o)
                0x08007370                memcpy
 .text.__malloc_lock
                0x080074a4        0x4 C:\Program Files (x86)\GNU Tools ARM Embedded\5.3 2016q1\arm-none-eabi\lib\armv7e-m\libg.a(lib_a-mlock.o)
                0x080074a4                __malloc_lock
 .text.__malloc_unlock
                0x080074a8        0x4 C:\Program Files (x86)\GNU Tools ARM Embedded\5.3 2016q1\arm-none-eabi\lib\armv7e-m\libg.a(lib_a-mlock.o)
                0x080074a8                __malloc_unlock
 .text._Balloc  0x080074ac       0x4c C:\Program Files (x86)\GNU Tools ARM Embedded\5.3 2016q1\arm-none-eabi\lib\armv7e-m\libg.a(lib_a-mprec.o)
                0x080074ac                _Balloc
 .text._Bfree   0x080074f8       0x14 C:\Program Files (x86)\GNU Tools ARM Embedded\5.3 2016q1\arm-none-eabi\lib\armv7e-m\libg.a(lib_a-mprec.o)
                0x080074f8                _Bfree
 .text.__multadd
                0x0800750c       0x80 C:\Program Files (x86)\GNU Tools ARM Embedded\5.3 2016q1\arm-none-eabi\lib\armv7e-m\libg.a(lib_a-mprec.o)
                0x0800750c                __multadd
 .text.__hi0bits
                0x0800758c       0x40 C:\Program Files (x86)\GNU Tools ARM Embedded\5.3 2016q1\arm-none-eabi\lib\armv7e-m\libg.a(lib_a-mprec.o)
                0x0800758c                __hi0bits
 .text.__lo0bits
                0x080075cc       0x5c C:\Program Files (x86)\GNU Tools ARM Embedded\5.3 2016q1\arm-none-eabi\lib\armv7e-m\libg.a(lib_a-mprec.o)
                0x080075cc                __lo0bits
 .text.__i2b    0x08007628       0x14 C:\Program Files (x86)\GNU Tools ARM Embedded\5.3 2016q1\arm-none-eabi\lib\armv7e-m\libg.a(lib_a-mprec.o)
                0x08007628                __i2b
 .text.__multiply
                0x0800763c      0x130 C:\Program Files (x86)\GNU Tools ARM Embedded\5.3 2016q1\arm-none-eabi\lib\armv7e-m\libg.a(lib_a-mprec.o)
                0x0800763c                __multiply
 .text.__pow5mult
                0x0800776c       0xa0 C:\Program Files (x86)\GNU Tools ARM Embedded\5.3 2016q1\arm-none-eabi\lib\armv7e-m\libg.a(lib_a-mprec.o)
                0x0800776c                __pow5mult
 .text.__lshift
                0x0800780c       0xb0 C:\Program Files (x86)\GNU Tools ARM Embedded\5.3 2016q1\arm-none-eabi\lib\armv7e-m\libg.a(lib_a-mprec.o)
                0x0800780c                __lshift
 .text.__mcmp   0x080078bc       0x40 C:\Program Files (x86)\GNU Tools ARM Embedded\5.3 2016q1\arm-none-eabi\lib\armv7e-m\libg.a(lib_a-mprec.o)
                0x080078bc                __mcmp
 .text.__mdiff  0x080078fc      0x114 C:\Program Files (x86)\GNU Tools ARM Embedded\5.3 2016q1\arm-none-eabi\lib\armv7e-m\libg.a(lib_a-mprec.o)
                0x080078fc                __mdiff
 .text.__d2b    0x08007a10       0xb8 C:\Program Files (x86)\GNU Tools ARM Embedded\5.3 2016q1\arm-none-eabi\lib\armv7e-m\libg.a(lib_a-mprec.o)
                0x08007a10                __d2b
 .text._sbrk_r  0x08007ac8       0x24 C:\Program Files (x86)\GNU Tools ARM Embedded\5.3 2016q1\arm-none-eabi\lib\armv7e-m\libg.a(lib_a-sbrkr.o)
                0x08007ac8                _sbrk_r
 *fill*         0x08007aec       0x14 
 .text          0x08007b00       0xdc C:\Program Files (x86)\GNU Tools ARM Embedded\5.3 2016q1\arm-none-eabi\lib\armv7e-m\libg.a(lib_a-strlen.o)
                0x08007b00                strlen
 .text.__ssprint_r
                0x08007bdc      0x100 C:\Program Files (x86)\GNU Tools ARM Embedded\5.3 2016q1\arm-none-eabi\lib\armv7e-m\libg.a(lib_a-svfiprintf.o)
                0x08007bdc                __ssprint_r
 .text._calloc_r
                0x08007cdc       0x60 C:\Program Files (x86)\GNU Tools ARM Embedded\5.3 2016q1\arm-none-eabi\lib\armv7e-m\libg.a(lib_a-callocr.o)
                0x08007cdc                _calloc_r
 .text._malloc_trim_r
                0x08007d3c       0x9c C:\Program Files (x86)\GNU Tools ARM Embedded\5.3 2016q1\arm-none-eabi\lib\armv7e-m\libg.a(lib_a-freer.o)
                0x08007d3c                _malloc_trim_r
 .text._free_r  0x08007dd8      0x1d0 C:\Program Files (x86)\GNU Tools ARM Embedded\5.3 2016q1\arm-none-eabi\lib\armv7e-m\libg.a(lib_a-freer.o)
                0x08007dd8                _free_r
 .text.memmove  0x08007fa8       0xc8 C:\Program Files (x86)\GNU Tools ARM Embedded\5.3 2016q1\arm-none-eabi\lib\armv7e-m\libg.a(lib_a-memmove.o)
                0x08007fa8                memmove
 .text.memset   0x08008070       0x9c C:\Program Files (x86)\GNU Tools ARM Embedded\5.3 2016q1\arm-none-eabi\lib\armv7e-m\libg.a(lib_a-memset.o)
                0x08008070                memset
 .text._realloc_r
                0x0800810c      0x3e0 C:\Program Files (x86)\GNU Tools ARM Embedded\5.3 2016q1\arm-none-eabi\lib\armv7e-m\libg.a(lib_a-reallocr.o)
                0x0800810c                _realloc_r
 .text          0x080084ec       0x30 c:/program files (x86)/gnu tools arm embedded/5.3 2016q1/bin/../lib/gcc/arm-none-eabi/5.3.1/armv7e-m\libgcc.a(_aeabi_uldivmod.o)
                0x080084ec                __aeabi_uldivmod
 .text          0x0800851c      0x2e4 c:/program files (x86)/gnu tools arm embedded/5.3 2016q1/bin/../lib/gcc/arm-none-eabi/5.3.1/armv7e-m\libgcc.a(_udivmoddi4.o)
                0x0800851c                __udivmoddi4
 .text          0x08008800        0x4 c:/program files (x86)/gnu tools arm embedded/5.3 2016q1/bin/../lib/gcc/arm-none-eabi/5.3.1/armv7e-m\libgcc.a(_dvmd_tls.o)
                0x08008800                __aeabi_idiv0
                0x08008800                __aeabi_ldiv0
 *(.init)
 *(.fini)
 *crtbegin.o(.ctors)
 *crtbegin?.o(.ctors)
 *(EXCLUDE_FILE(*crtend.o *crtend?.o) .ctors)
 *(SORT(.ctors.*))
 *(.ctors)
 *crtbegin.o(.dtors)
 *crtbegin?.o(.dtors)
 *(EXCLUDE_FILE(*crtend.o *crtend?.o) .dtors)
 *(SORT(.dtors.*))
 *(.dtors)
 *(.rodata*)
 .rodata        0x08008804       0xf5 ..\obj\menu.o
 *fill*         0x080088f9        0x3 
 .rodata.str1.4
                0x080088fc        0x4 C:\Program Files (x86)\GNU Tools ARM Embedded\5.3 2016q1\arm-none-eabi\lib\armv7e-m\libm.a(lib_a-w_pow.o)
 .rodata.str1.4
                0x08008900        0x4 C:\Program Files (x86)\GNU Tools ARM Embedded\5.3 2016q1\arm-none-eabi\lib\armv7e-m\libm.a(lib_a-e_pow.o)
                                  0x1 (size before relaxing)
 .rodata.TWO52  0x08008900       0x10 C:\Program Files (x86)\GNU Tools ARM Embedded\5.3 2016q1\arm-none-eabi\lib\armv7e-m\libm.a(lib_a-s_rint.o)
 .rodata.str1.4
                0x08008910        0x2 C:\Program Files (x86)\GNU Tools ARM Embedded\5.3 2016q1\arm-none-eabi\lib\armv7e-m\libg.a(lib_a-impure.o)
 *fill*         0x08008912        0x2 
 .rodata.zeroes.7035
                0x08008914       0x10 C:\Program Files (x86)\GNU Tools ARM Embedded\5.3 2016q1\arm-none-eabi\lib\armv7e-m\libg.a(lib_a-svfprintf.o)
 .rodata.str1.4
                0x08008924       0x42 C:\Program Files (x86)\GNU Tools ARM Embedded\5.3 2016q1\arm-none-eabi\lib\armv7e-m\libg.a(lib_a-svfprintf.o)
 *fill*         0x08008966        0x2 
 .rodata.blanks.7034
                0x08008968       0x10 C:\Program Files (x86)\GNU Tools ARM Embedded\5.3 2016q1\arm-none-eabi\lib\armv7e-m\libg.a(lib_a-svfprintf.o)
 .rodata.str1.4
                0x08008978       0x10 C:\Program Files (x86)\GNU Tools ARM Embedded\5.3 2016q1\arm-none-eabi\lib\armv7e-m\libg.a(lib_a-dtoa.o)
                                 0x12 (size before relaxing)
 .rodata.str1.4
                0x08008988        0xc C:\Program Files (x86)\GNU Tools ARM Embedded\5.3 2016q1\arm-none-eabi\lib\armv7e-m\libg.a(lib_a-locale.o)
                                 0x12 (size before relaxing)
 *fill*         0x08008994        0x4 
 .rodata.__mprec_tens
                0x08008998       0xc8 C:\Program Files (x86)\GNU Tools ARM Embedded\5.3 2016q1\arm-none-eabi\lib\armv7e-m\libg.a(lib_a-mprec.o)
                0x08008998                __mprec_tens
 .rodata.__mprec_bigtens
                0x08008a60       0x28 C:\Program Files (x86)\GNU Tools ARM Embedded\5.3 2016q1\arm-none-eabi\lib\armv7e-m\libg.a(lib_a-mprec.o)
                0x08008a60                __mprec_bigtens
 .rodata.p05.5373
                0x08008a88        0xc C:\Program Files (x86)\GNU Tools ARM Embedded\5.3 2016q1\arm-none-eabi\lib\armv7e-m\libg.a(lib_a-mprec.o)
 *(.eh_fram e*)

.glue_7         0x08008a94        0x0
 .glue_7        0x08008a94        0x0 linker stubs

.glue_7t        0x08008a94        0x0
 .glue_7t       0x08008a94        0x0 linker stubs

.vfp11_veneer   0x08008a94        0x0
 .vfp11_veneer  0x08008a94        0x0 linker stubs

.v4_bx          0x08008a94        0x0
 .v4_bx         0x08008a94        0x0 linker stubs

.iplt           0x08008a94        0x0
 .iplt          0x08008a94        0x0 ..\obj\stm32f30x_rcc.o

.ARM.extab
 *(.ARM.extab* .gnu.linkonce.armextab.*)
                0x08008a94                __exidx_start = .

.ARM.exidx      0x08008a94        0x8
 *(.ARM.exidx* .gnu.linkonce.armexidx.*)
 .ARM.exidx     0x08008a94        0x8 c:/program files (x86)/gnu tools arm embedded/5.3 2016q1/bin/../lib/gcc/arm-none-eabi/5.3.1/armv7e-m\libgcc.a(_udivmoddi4.o)
                0x08008a9c                __exidx_end = .
                0x08008a9c                __etext = .
                0x08008a9c                _sidata = __etext

.rel.dyn        0x08008a9c        0x0
 .rel.iplt      0x08008a9c        0x0 ..\obj\stm32f30x_rcc.o

.data           0x20000000      0xa3c load address 0x08008a9c
                0x20000000                __data_start__ = .
                0x20000000                _sdata = __data_start__
 *(vtable)
 *(.data*)
 .data          0x20000000       0xf8 ..\obj\main.o
                0x20000000                prog
                0x20000008                scale
                0x20000018                limit
                0x20000038                threePosSet
                0x20000058                pidSet
 .data          0x200000f8       0xc8 ..\obj\menu.o
 .data.__fdlib_version
                0x200001c0        0x1 C:\Program Files (x86)\GNU Tools ARM Embedded\5.3 2016q1\arm-none-eabi\lib\armv7e-m\libm.a(lib_a-s_lib_ver.o)
                0x200001c0                __fdlib_version
 *fill*         0x200001c1        0x7 
 .data.impure_data
                0x200001c8      0x428 C:\Program Files (x86)\GNU Tools ARM Embedded\5.3 2016q1\arm-none-eabi\lib\armv7e-m\libg.a(lib_a-impure.o)
 .data._impure_ptr
                0x200005f0        0x4 C:\Program Files (x86)\GNU Tools ARM Embedded\5.3 2016q1\arm-none-eabi\lib\armv7e-m\libg.a(lib_a-impure.o)
                0x200005f0                _impure_ptr
 .data.lconv    0x200005f4       0x38 C:\Program Files (x86)\GNU Tools ARM Embedded\5.3 2016q1\arm-none-eabi\lib\armv7e-m\libg.a(lib_a-locale.o)
 .data.__malloc_av_
                0x2000062c      0x408 C:\Program Files (x86)\GNU Tools ARM Embedded\5.3 2016q1\arm-none-eabi\lib\armv7e-m\libg.a(lib_a-mallocr.o)
                0x2000062c                __malloc_av_
 .data.__malloc_trim_threshold
                0x20000a34        0x4 C:\Program Files (x86)\GNU Tools ARM Embedded\5.3 2016q1\arm-none-eabi\lib\armv7e-m\libg.a(lib_a-mallocr.o)
                0x20000a34                __malloc_trim_threshold
 .data.__malloc_sbrk_base
                0x20000a38        0x4 C:\Program Files (x86)\GNU Tools ARM Embedded\5.3 2016q1\arm-none-eabi\lib\armv7e-m\libg.a(lib_a-mallocr.o)
                0x20000a38                __malloc_sbrk_base
                0x20000a3c                . = ALIGN (0x4)
                [!provide]                PROVIDE (__preinit_array_start, .)
 *(.preinit_array)
                [!provide]                PROVIDE (__preinit_array_end, .)
                0x20000a3c                . = ALIGN (0x4)
                [!provide]                PROVIDE (__init_array_start, .)
 *(SORT(.init_array.*))
 *(.init_array)
                [!provide]                PROVIDE (__init_array_end, .)
                0x20000a3c                . = ALIGN (0x4)
                [!provide]                PROVIDE (__fini_array_start, .)
 *(SORT(.fini_array.*))
 *(.fini_array)
                [!provide]                PROVIDE (__fini_array_end, .)
 *(.jcr*)
                0x20000a3c                . = ALIGN (0x4)
                0x20000a3c                __data_end__ = .
                0x20000a3c                _edata = __data_end__

.igot.plt       0x20000a3c        0x0 load address 0x080094d8
 .igot.plt      0x20000a3c        0x0 ..\obj\stm32f30x_rcc.o

.bss            0x20000a40       0xa8 load address 0x080094e0
                0x20000a40                . = ALIGN (0x4)
                0x20000a40                __bss_start__ = .
                0x20000a40                _sbss = __bss_start__
 *(.bss*)
 .bss           0x20000a40        0x8 ..\obj\twoPos.o
 .bss           0x20000a48       0x40 ..\obj\main.o
                0x20000a48                mode
                0x20000a4a                AUTO
                0x20000a4c                pvRaw
                0x20000a4e                outRaw
                0x20000a50                pv
                0x20000a58                sp
                0x20000a60                twoPosSet
 .bss           0x20000a88        0xd ..\obj\menu.o
 *fill*         0x20000a95        0x3 
 .bss           0x20000a98        0x4 ..\obj\syscalls.o
 *fill*         0x20000a9c        0x4 
 .bss           0x20000aa0        0x8 ..\obj\threePos.o
 .bss           0x20000aa8        0x8 ..\obj\pid.o
 .bss.__malloc_max_total_mem
                0x20000ab0        0x4 C:\Program Files (x86)\GNU Tools ARM Embedded\5.3 2016q1\arm-none-eabi\lib\armv7e-m\libg.a(lib_a-mallocr.o)
                0x20000ab0                __malloc_max_total_mem
 .bss.__malloc_max_sbrked_mem
                0x20000ab4        0x4 C:\Program Files (x86)\GNU Tools ARM Embedded\5.3 2016q1\arm-none-eabi\lib\armv7e-m\libg.a(lib_a-mallocr.o)
                0x20000ab4                __malloc_max_sbrked_mem
 .bss.__malloc_top_pad
                0x20000ab8        0x4 C:\Program Files (x86)\GNU Tools ARM Embedded\5.3 2016q1\arm-none-eabi\lib\armv7e-m\libg.a(lib_a-mallocr.o)
                0x20000ab8                __malloc_top_pad
 .bss.__malloc_current_mallinfo
                0x20000abc       0x28 C:\Program Files (x86)\GNU Tools ARM Embedded\5.3 2016q1\arm-none-eabi\lib\armv7e-m\libg.a(lib_a-mallocr.o)
                0x20000abc                __malloc_current_mallinfo
 *(COMMON)
 COMMON         0x20000ae4        0x4 C:\Program Files (x86)\GNU Tools ARM Embedded\5.3 2016q1\arm-none-eabi\lib\armv7e-m\libg.a(lib_a-reent.o)
                0x20000ae4                errno
                0x20000ae8                . = ALIGN (0x4)
                0x20000ae8                __bss_end__ = .
                0x20000ae8                _ebss = __bss_end__

.heap           0x20000ae8        0x0
                0x20000ae8                __end__ = .
                0x20000ae8                _end = __end__
                0x20000ae8                end = __end__
 *(.heap*)
                0x20000ae8                __HeapLimit = .

.co_stack       0x20000ae8        0x0
                0x20000ae8                . = ALIGN (0x8)
 *(.co_stack .co_stack.*)
                0x2000a000                __StackTop = (ORIGIN (ram) + LENGTH (ram))
                0x2000a000                __StackLimit = (__StackTop - SIZEOF (.co_stack))
                [!provide]                PROVIDE (__stack, __StackTop)
                0x00000001                ASSERT ((__StackLimit >= __HeapLimit), region ram  overflowed with stack)
LOAD ..\obj\stm32f30x_rcc.o
LOAD ..\obj\twoPos.o
LOAD ..\obj\stm32f30x_adc.o
LOAD ..\obj\globals.o
LOAD ..\obj\ledDigits.o
LOAD ..\obj\stm32f30x_gpio.o
LOAD ..\obj\main.o
LOAD ..\obj\stm32f30x_dma.o
LOAD ..\obj\init.o
LOAD ..\obj\stm32f30x_exti.o
LOAD ..\obj\menu.o
LOAD ..\obj\system_stm32f30x_temp.o
LOAD ..\obj\syscalls.o
LOAD ..\obj\stm32f30x_misc.o
LOAD ..\obj\stm32f30x_tim.o
LOAD ..\obj\startup_stm32f30x.o
LOAD ..\obj\stm32f30x_syscfg.o
LOAD ..\obj\misc.o
LOAD ..\obj\threePos.o
LOAD ..\obj\pid.o
LOAD C:\Program Files (x86)\GNU Tools ARM Embedded\5.3 2016q1\arm-none-eabi\lib\armv7e-m\libm.a
START GROUP
LOAD c:/program files (x86)/gnu tools arm embedded/5.3 2016q1/bin/../lib/gcc/arm-none-eabi/5.3.1/armv7e-m\libgcc.a
LOAD C:\Program Files (x86)\GNU Tools ARM Embedded\5.3 2016q1\arm-none-eabi\lib\armv7e-m\libg.a
LOAD C:\Program Files (x86)\GNU Tools ARM Embedded\5.3 2016q1\arm-none-eabi\lib\armv7e-m\libc.a
END GROUP
OUTPUT(UReg.elf elf32-littlearm)

.debug_info     0x00000000     0x6b36
 .debug_info    0x00000000      0xacc ..\obj\stm32f30x_rcc.o
 .debug_info    0x00000acc      0x2ae ..\obj\twoPos.o
 .debug_info    0x00000d7a       0xfb ..\obj\ledDigits.o
 .debug_info    0x00000e75      0x612 ..\obj\stm32f30x_gpio.o
 .debug_info    0x00001487      0x829 ..\obj\main.o
 .debug_info    0x00001cb0      0x7f1 ..\obj\init.o
 .debug_info    0x000024a1      0x3c4 ..\obj\stm32f30x_exti.o
 .debug_info    0x00002865      0x712 ..\obj\menu.o
 .debug_info    0x00002f77      0x4bb ..\obj\system_stm32f30x_temp.o
 .debug_info    0x00003432      0x3f5 ..\obj\syscalls.o
 .debug_info    0x00003827      0x556 ..\obj\stm32f30x_misc.o
 .debug_info    0x00003d7d     0x218c ..\obj\stm32f30x_tim.o
 .debug_info    0x00005f09       0x82 ..\obj\startup_stm32f30x.o
 .debug_info    0x00005f8b      0x3ce ..\obj\stm32f30x_syscfg.o
 .debug_info    0x00006359      0x2a8 ..\obj\misc.o
 .debug_info    0x00006601      0x31b ..\obj\threePos.o
 .debug_info    0x0000691c      0x21a ..\obj\pid.o

.debug_abbrev   0x00000000     0x14c2
 .debug_abbrev  0x00000000      0x1e5 ..\obj\stm32f30x_rcc.o
 .debug_abbrev  0x000001e5      0x13d ..\obj\twoPos.o
 .debug_abbrev  0x00000322       0x94 ..\obj\ledDigits.o
 .debug_abbrev  0x000003b6      0x198 ..\obj\stm32f30x_gpio.o
 .debug_abbrev  0x0000054e      0x125 ..\obj\main.o
 .debug_abbrev  0x00000673      0x11b ..\obj\init.o
 .debug_abbrev  0x0000078e      0x17e ..\obj\stm32f30x_exti.o
 .debug_abbrev  0x0000090c      0x1fa ..\obj\menu.o
 .debug_abbrev  0x00000b06      0x147 ..\obj\system_stm32f30x_temp.o
 .debug_abbrev  0x00000c4d       0xe5 ..\obj\syscalls.o
 .debug_abbrev  0x00000d32      0x147 ..\obj\stm32f30x_misc.o
 .debug_abbrev  0x00000e79      0x189 ..\obj\stm32f30x_tim.o
 .debug_abbrev  0x00001002       0x12 ..\obj\startup_stm32f30x.o
 .debug_abbrev  0x00001014      0x183 ..\obj\stm32f30x_syscfg.o
 .debug_abbrev  0x00001197       0xfd ..\obj\misc.o
 .debug_abbrev  0x00001294      0x13d ..\obj\threePos.o
 .debug_abbrev  0x000013d1       0xf1 ..\obj\pid.o

.debug_aranges  0x00000000      0x968
 .debug_aranges
                0x00000000      0x150 ..\obj\stm32f30x_rcc.o
 .debug_aranges
                0x00000150       0x30 ..\obj\twoPos.o
 .debug_aranges
                0x00000180       0x28 ..\obj\ledDigits.o
 .debug_aranges
                0x000001a8       0x80 ..\obj\stm32f30x_gpio.o
 .debug_aranges
                0x00000228       0x40 ..\obj\main.o
 .debug_aranges
                0x00000268       0x38 ..\obj\init.o
 .debug_aranges
                0x000002a0       0x58 ..\obj\stm32f30x_exti.o
 .debug_aranges
                0x000002f8       0xa8 ..\obj\menu.o
 .debug_aranges
                0x000003a0       0x30 ..\obj\system_stm32f30x_temp.o
 .debug_aranges
                0x000003d0       0x60 ..\obj\syscalls.o
 .debug_aranges
                0x00000430       0x40 ..\obj\stm32f30x_misc.o
 .debug_aranges
                0x00000470      0x3a8 ..\obj\stm32f30x_tim.o
 .debug_aranges
                0x00000818       0x28 ..\obj\startup_stm32f30x.o
 .debug_aranges
                0x00000840       0x88 ..\obj\stm32f30x_syscfg.o
 .debug_aranges
                0x000008c8       0x30 ..\obj\misc.o
 .debug_aranges
                0x000008f8       0x38 ..\obj\threePos.o
 .debug_aranges
                0x00000930       0x38 ..\obj\pid.o

.debug_ranges   0x00000000      0x860
 .debug_ranges  0x00000000      0x140 ..\obj\stm32f30x_rcc.o
 .debug_ranges  0x00000140       0x20 ..\obj\twoPos.o
 .debug_ranges  0x00000160       0x18 ..\obj\ledDigits.o
 .debug_ranges  0x00000178       0x70 ..\obj\stm32f30x_gpio.o
 .debug_ranges  0x000001e8       0x30 ..\obj\main.o
 .debug_ranges  0x00000218       0x28 ..\obj\init.o
 .debug_ranges  0x00000240       0x48 ..\obj\stm32f30x_exti.o
 .debug_ranges  0x00000288       0x98 ..\obj\menu.o
 .debug_ranges  0x00000320       0x20 ..\obj\system_stm32f30x_temp.o
 .debug_ranges  0x00000340       0x50 ..\obj\syscalls.o
 .debug_ranges  0x00000390       0x30 ..\obj\stm32f30x_misc.o
 .debug_ranges  0x000003c0      0x398 ..\obj\stm32f30x_tim.o
 .debug_ranges  0x00000758       0x20 ..\obj\startup_stm32f30x.o
 .debug_ranges  0x00000778       0x78 ..\obj\stm32f30x_syscfg.o
 .debug_ranges  0x000007f0       0x20 ..\obj\misc.o
 .debug_ranges  0x00000810       0x28 ..\obj\threePos.o
 .debug_ranges  0x00000838       0x28 ..\obj\pid.o

.debug_line     0x00000000     0x31ca
 .debug_line    0x00000000      0x56c ..\obj\stm32f30x_rcc.o
 .debug_line    0x0000056c      0x1c3 ..\obj\twoPos.o
 .debug_line    0x0000072f      0x157 ..\obj\ledDigits.o
 .debug_line    0x00000886      0x307 ..\obj\stm32f30x_gpio.o
 .debug_line    0x00000b8d      0x31b ..\obj\main.o
 .debug_line    0x00000ea8      0x273 ..\obj\init.o
 .debug_line    0x0000111b      0x281 ..\obj\stm32f30x_exti.o
 .debug_line    0x0000139c      0x3ba ..\obj\menu.o
 .debug_line    0x00001756      0x1df ..\obj\system_stm32f30x_temp.o
 .debug_line    0x00001935      0x172 ..\obj\syscalls.o
 .debug_line    0x00001aa7      0x222 ..\obj\stm32f30x_misc.o
 .debug_line    0x00001cc9      0xc76 ..\obj\stm32f30x_tim.o
 .debug_line    0x0000293f       0x96 ..\obj\startup_stm32f30x.o
 .debug_line    0x000029d5      0x296 ..\obj\stm32f30x_syscfg.o
 .debug_line    0x00002c6b      0x1aa ..\obj\misc.o
 .debug_line    0x00002e15      0x204 ..\obj\threePos.o
 .debug_line    0x00003019      0x1b1 ..\obj\pid.o

.debug_str      0x00000000     0x2a16
 .debug_str     0x00000000      0x759 ..\obj\stm32f30x_rcc.o
                                0x7ea (size before relaxing)
 .debug_str     0x00000759      0x122 ..\obj\twoPos.o
                                0x29a (size before relaxing)
 .debug_str     0x0000087b       0x47 ..\obj\ledDigits.o
                                0x196 (size before relaxing)
 .debug_str     0x000008c2      0x2ba ..\obj\stm32f30x_gpio.o
                                0x495 (size before relaxing)
 .debug_str     0x00000b7c      0x229 ..\obj\main.o
                                0x494 (size before relaxing)
 .debug_str     0x00000da5      0x63d ..\obj\init.o
                                0x9de (size before relaxing)
 .debug_str     0x000013e2      0x116 ..\obj\stm32f30x_exti.o
                                0x376 (size before relaxing)
 .debug_str     0x000014f8      0x190 ..\obj\menu.o
                                0x420 (size before relaxing)
 .debug_str     0x00001688       0xef ..\obj\system_stm32f30x_temp.o
                                0x300 (size before relaxing)
 .debug_str     0x00001777      0x14f ..\obj\syscalls.o
                                0x2b3 (size before relaxing)
 .debug_str     0x000018c6      0x16b ..\obj\stm32f30x_misc.o
                                0x3c4 (size before relaxing)
 .debug_str     0x00001a31      0xc67 ..\obj\stm32f30x_tim.o
                                0xf6d (size before relaxing)
 .debug_str     0x00002698      0x25f ..\obj\stm32f30x_syscfg.o
                                0x3f6 (size before relaxing)
 .debug_str     0x000028f7       0x56 ..\obj\misc.o
                                0x280 (size before relaxing)
 .debug_str     0x0000294d       0x7d ..\obj\threePos.o
                                0x2fa (size before relaxing)
 .debug_str     0x000029ca       0x4c ..\obj\pid.o
                                0x203 (size before relaxing)

.comment        0x00000000       0x6e
 .comment       0x00000000       0x6e ..\obj\stm32f30x_rcc.o
                                 0x6f (size before relaxing)
 .comment       0x0000006e       0x6f ..\obj\twoPos.o
 .comment       0x0000006e       0x6f ..\obj\ledDigits.o
 .comment       0x0000006e       0x6f ..\obj\stm32f30x_gpio.o
 .comment       0x0000006e       0x6f ..\obj\main.o
 .comment       0x0000006e       0x6f ..\obj\init.o
 .comment       0x0000006e       0x6f ..\obj\stm32f30x_exti.o
 .comment       0x0000006e       0x6f ..\obj\menu.o
 .comment       0x0000006e       0x6f ..\obj\system_stm32f30x_temp.o
 .comment       0x0000006e       0x6f ..\obj\syscalls.o
 .comment       0x0000006e       0x6f ..\obj\stm32f30x_misc.o
 .comment       0x0000006e       0x6f ..\obj\stm32f30x_tim.o
 .comment       0x0000006e       0x6f ..\obj\stm32f30x_syscfg.o
 .comment       0x0000006e       0x6f ..\obj\misc.o
 .comment       0x0000006e       0x6f ..\obj\threePos.o
 .comment       0x0000006e       0x6f ..\obj\pid.o

.ARM.attributes
                0x00000000       0x31
 .ARM.attributes
                0x00000000       0x33 ..\obj\stm32f30x_rcc.o
 .ARM.attributes
                0x00000033       0x33 ..\obj\twoPos.o
 .ARM.attributes
                0x00000066       0x33 ..\obj\ledDigits.o
 .ARM.attributes
                0x00000099       0x33 ..\obj\stm32f30x_gpio.o
 .ARM.attributes
                0x000000cc       0x33 ..\obj\main.o
 .ARM.attributes
                0x000000ff       0x33 ..\obj\init.o
 .ARM.attributes
                0x00000132       0x33 ..\obj\stm32f30x_exti.o
 .ARM.attributes
                0x00000165       0x33 ..\obj\menu.o
 .ARM.attributes
                0x00000198       0x33 ..\obj\system_stm32f30x_temp.o
 .ARM.attributes
                0x000001cb       0x33 ..\obj\syscalls.o
 .ARM.attributes
                0x000001fe       0x33 ..\obj\stm32f30x_misc.o
 .ARM.attributes
                0x00000231       0x33 ..\obj\stm32f30x_tim.o
 .ARM.attributes
                0x00000264       0x21 ..\obj\startup_stm32f30x.o
 .ARM.attributes
                0x00000285       0x33 ..\obj\stm32f30x_syscfg.o
 .ARM.attributes
                0x000002b8       0x33 ..\obj\misc.o
 .ARM.attributes
                0x000002eb       0x33 ..\obj\threePos.o
 .ARM.attributes
                0x0000031e       0x33 ..\obj\pid.o
 .ARM.attributes
                0x00000351       0x2e C:\Program Files (x86)\GNU Tools ARM Embedded\5.3 2016q1\arm-none-eabi\lib\armv7e-m\libm.a(lib_a-w_pow.o)
 .ARM.attributes
                0x0000037f       0x2e C:\Program Files (x86)\GNU Tools ARM Embedded\5.3 2016q1\arm-none-eabi\lib\armv7e-m\libm.a(lib_a-e_pow.o)
 .ARM.attributes
                0x000003ad       0x2e C:\Program Files (x86)\GNU Tools ARM Embedded\5.3 2016q1\arm-none-eabi\lib\armv7e-m\libm.a(lib_a-e_sqrt.o)
 .ARM.attributes
                0x000003db       0x2e C:\Program Files (x86)\GNU Tools ARM Embedded\5.3 2016q1\arm-none-eabi\lib\armv7e-m\libm.a(lib_a-s_fabs.o)
 .ARM.attributes
                0x00000409       0x2e C:\Program Files (x86)\GNU Tools ARM Embedded\5.3 2016q1\arm-none-eabi\lib\armv7e-m\libm.a(lib_a-s_finite.o)
 .ARM.attributes
                0x00000437       0x2e C:\Program Files (x86)\GNU Tools ARM Embedded\5.3 2016q1\arm-none-eabi\lib\armv7e-m\libm.a(lib_a-s_lib_ver.o)
 .ARM.attributes
                0x00000465       0x2e C:\Program Files (x86)\GNU Tools ARM Embedded\5.3 2016q1\arm-none-eabi\lib\armv7e-m\libm.a(lib_a-s_matherr.o)
 .ARM.attributes
                0x00000493       0x2e C:\Program Files (x86)\GNU Tools ARM Embedded\5.3 2016q1\arm-none-eabi\lib\armv7e-m\libm.a(lib_a-s_nan.o)
 .ARM.attributes
                0x000004c1       0x2e C:\Program Files (x86)\GNU Tools ARM Embedded\5.3 2016q1\arm-none-eabi\lib\armv7e-m\libm.a(lib_a-s_rint.o)
 .ARM.attributes
                0x000004ef       0x2e C:\Program Files (x86)\GNU Tools ARM Embedded\5.3 2016q1\arm-none-eabi\lib\armv7e-m\libm.a(lib_a-s_scalbn.o)
 .ARM.attributes
                0x0000051d       0x2e C:\Program Files (x86)\GNU Tools ARM Embedded\5.3 2016q1\arm-none-eabi\lib\armv7e-m\libm.a(lib_a-s_copysign.o)
 .ARM.attributes
                0x0000054b       0x1e c:/program files (x86)/gnu tools arm embedded/5.3 2016q1/bin/../lib/gcc/arm-none-eabi/5.3.1/armv7e-m\libgcc.a(_arm_addsubdf3.o)
 .ARM.attributes
                0x00000569       0x1e c:/program files (x86)/gnu tools arm embedded/5.3 2016q1/bin/../lib/gcc/arm-none-eabi/5.3.1/armv7e-m\libgcc.a(_arm_muldivdf3.o)
 .ARM.attributes
                0x00000587       0x1e c:/program files (x86)/gnu tools arm embedded/5.3 2016q1/bin/../lib/gcc/arm-none-eabi/5.3.1/armv7e-m\libgcc.a(_arm_cmpdf2.o)
 .ARM.attributes
                0x000005a5       0x1e c:/program files (x86)/gnu tools arm embedded/5.3 2016q1/bin/../lib/gcc/arm-none-eabi/5.3.1/armv7e-m\libgcc.a(_arm_unorddf2.o)
 .ARM.attributes
                0x000005c3       0x1e c:/program files (x86)/gnu tools arm embedded/5.3 2016q1/bin/../lib/gcc/arm-none-eabi/5.3.1/armv7e-m\libgcc.a(_arm_fixdfsi.o)
 .ARM.attributes
                0x000005e1       0x1e c:/program files (x86)/gnu tools arm embedded/5.3 2016q1/bin/../lib/gcc/arm-none-eabi/5.3.1/armv7e-m\libgcc.a(_arm_fixunsdfsi.o)
 .ARM.attributes
                0x000005ff       0x2e C:\Program Files (x86)\GNU Tools ARM Embedded\5.3 2016q1\arm-none-eabi\lib\armv7e-m\libg.a(lib_a-errno.o)
 .ARM.attributes
                0x0000062d       0x2e C:\Program Files (x86)\GNU Tools ARM Embedded\5.3 2016q1\arm-none-eabi\lib\armv7e-m\libg.a(lib_a-impure.o)
 .ARM.attributes
                0x0000065b       0x2e C:\Program Files (x86)\GNU Tools ARM Embedded\5.3 2016q1\arm-none-eabi\lib\armv7e-m\libg.a(lib_a-sprintf.o)
 .ARM.attributes
                0x00000689       0x2e C:\Program Files (x86)\GNU Tools ARM Embedded\5.3 2016q1\arm-none-eabi\lib\armv7e-m\libg.a(lib_a-svfprintf.o)
 .ARM.attributes
                0x000006b7       0x2e C:\Program Files (x86)\GNU Tools ARM Embedded\5.3 2016q1\arm-none-eabi\lib\armv7e-m\libg.a(lib_a-dtoa.o)
 .ARM.attributes
                0x000006e5       0x2e C:\Program Files (x86)\GNU Tools ARM Embedded\5.3 2016q1\arm-none-eabi\lib\armv7e-m\libg.a(lib_a-locale.o)
 .ARM.attributes
                0x00000713       0x2e C:\Program Files (x86)\GNU Tools ARM Embedded\5.3 2016q1\arm-none-eabi\lib\armv7e-m\libg.a(lib_a-mallocr.o)
 .ARM.attributes
                0x00000741       0x1c C:\Program Files (x86)\GNU Tools ARM Embedded\5.3 2016q1\arm-none-eabi\lib\armv7e-m\libg.a(lib_a-memchr.o)
 .ARM.attributes
                0x0000075d       0x1c C:\Program Files (x86)\GNU Tools ARM Embedded\5.3 2016q1\arm-none-eabi\lib\armv7e-m\libg.a(lib_a-memcpy.o)
 .ARM.attributes
                0x00000779       0x2e C:\Program Files (x86)\GNU Tools ARM Embedded\5.3 2016q1\arm-none-eabi\lib\armv7e-m\libg.a(lib_a-mlock.o)
 .ARM.attributes
                0x000007a7       0x2e C:\Program Files (x86)\GNU Tools ARM Embedded\5.3 2016q1\arm-none-eabi\lib\armv7e-m\libg.a(lib_a-mprec.o)
 .ARM.attributes
                0x000007d5       0x2e C:\Program Files (x86)\GNU Tools ARM Embedded\5.3 2016q1\arm-none-eabi\lib\armv7e-m\libg.a(lib_a-sbrkr.o)
 .ARM.attributes
                0x00000803       0x1c C:\Program Files (x86)\GNU Tools ARM Embedded\5.3 2016q1\arm-none-eabi\lib\armv7e-m\libg.a(lib_a-strlen.o)
 .ARM.attributes
                0x0000081f       0x2e C:\Program Files (x86)\GNU Tools ARM Embedded\5.3 2016q1\arm-none-eabi\lib\armv7e-m\libg.a(lib_a-svfiprintf.o)
 .ARM.attributes
                0x0000084d       0x2e C:\Program Files (x86)\GNU Tools ARM Embedded\5.3 2016q1\arm-none-eabi\lib\armv7e-m\libg.a(lib_a-callocr.o)
 .ARM.attributes
                0x0000087b       0x2e C:\Program Files (x86)\GNU Tools ARM Embedded\5.3 2016q1\arm-none-eabi\lib\armv7e-m\libg.a(lib_a-freer.o)
 .ARM.attributes
                0x000008a9       0x2e C:\Program Files (x86)\GNU Tools ARM Embedded\5.3 2016q1\arm-none-eabi\lib\armv7e-m\libg.a(lib_a-memmove.o)
 .ARM.attributes
                0x000008d7       0x2e C:\Program Files (x86)\GNU Tools ARM Embedded\5.3 2016q1\arm-none-eabi\lib\armv7e-m\libg.a(lib_a-memset.o)
 .ARM.attributes
                0x00000905       0x2e C:\Program Files (x86)\GNU Tools ARM Embedded\5.3 2016q1\arm-none-eabi\lib\armv7e-m\libg.a(lib_a-reallocr.o)
 .ARM.attributes
                0x00000933       0x2e C:\Program Files (x86)\GNU Tools ARM Embedded\5.3 2016q1\arm-none-eabi\lib\armv7e-m\libg.a(lib_a-reent.o)
 .ARM.attributes
                0x00000961       0x1e c:/program files (x86)/gnu tools arm embedded/5.3 2016q1/bin/../lib/gcc/arm-none-eabi/5.3.1/armv7e-m\libgcc.a(_aeabi_uldivmod.o)
 .ARM.attributes
                0x0000097f       0x2e c:/program files (x86)/gnu tools arm embedded/5.3 2016q1/bin/../lib/gcc/arm-none-eabi/5.3.1/armv7e-m\libgcc.a(_udivmoddi4.o)
 .ARM.attributes
                0x000009ad       0x1e c:/program files (x86)/gnu tools arm embedded/5.3 2016q1/bin/../lib/gcc/arm-none-eabi/5.3.1/armv7e-m\libgcc.a(_dvmd_tls.o)

.debug_frame    0x00000000     0x3038
 .debug_frame   0x00000000      0x60c ..\obj\stm32f30x_rcc.o
 .debug_frame   0x0000060c       0x78 ..\obj\twoPos.o
 .debug_frame   0x00000684       0x5c ..\obj\ledDigits.o
 .debug_frame   0x000006e0      0x214 ..\obj\stm32f30x_gpio.o
 .debug_frame   0x000008f4       0xb0 ..\obj\main.o
 .debug_frame   0x000009a4       0xa0 ..\obj\init.o
 .debug_frame   0x00000a44      0x148 ..\obj\stm32f30x_exti.o
 .debug_frame   0x00000b8c      0x290 ..\obj\menu.o
 .debug_frame   0x00000e1c       0x7c ..\obj\system_stm32f30x_temp.o
 .debug_frame   0x00000e98      0x168 ..\obj\syscalls.o
 .debug_frame   0x00001000       0xd8 ..\obj\stm32f30x_misc.o
 .debug_frame   0x000010d8     0x11c4 ..\obj\stm32f30x_tim.o
 .debug_frame   0x0000229c      0x230 ..\obj\stm32f30x_syscfg.o
 .debug_frame   0x000024cc       0x7c ..\obj\misc.o
 .debug_frame   0x00002548       0x9c ..\obj\threePos.o
 .debug_frame   0x000025e4       0xac ..\obj\pid.o
 .debug_frame   0x00002690       0x4c C:\Program Files (x86)\GNU Tools ARM Embedded\5.3 2016q1\arm-none-eabi\lib\armv7e-m\libm.a(lib_a-w_pow.o)
 .debug_frame   0x000026dc       0x68 C:\Program Files (x86)\GNU Tools ARM Embedded\5.3 2016q1\arm-none-eabi\lib\armv7e-m\libm.a(lib_a-e_pow.o)
 .debug_frame   0x00002744       0x34 C:\Program Files (x86)\GNU Tools ARM Embedded\5.3 2016q1\arm-none-eabi\lib\armv7e-m\libm.a(lib_a-e_sqrt.o)
 .debug_frame   0x00002778       0x20 C:\Program Files (x86)\GNU Tools ARM Embedded\5.3 2016q1\arm-none-eabi\lib\armv7e-m\libm.a(lib_a-s_fabs.o)
 .debug_frame   0x00002798       0x20 C:\Program Files (x86)\GNU Tools ARM Embedded\5.3 2016q1\arm-none-eabi\lib\armv7e-m\libm.a(lib_a-s_finite.o)
 .debug_frame   0x000027b8       0x20 C:\Program Files (x86)\GNU Tools ARM Embedded\5.3 2016q1\arm-none-eabi\lib\armv7e-m\libm.a(lib_a-s_matherr.o)
 .debug_frame   0x000027d8       0x20 C:\Program Files (x86)\GNU Tools ARM Embedded\5.3 2016q1\arm-none-eabi\lib\armv7e-m\libm.a(lib_a-s_nan.o)
 .debug_frame   0x000027f8       0x3c C:\Program Files (x86)\GNU Tools ARM Embedded\5.3 2016q1\arm-none-eabi\lib\armv7e-m\libm.a(lib_a-s_rint.o)
 .debug_frame   0x00002834       0x30 C:\Program Files (x86)\GNU Tools ARM Embedded\5.3 2016q1\arm-none-eabi\lib\armv7e-m\libm.a(lib_a-s_scalbn.o)
 .debug_frame   0x00002864       0x20 C:\Program Files (x86)\GNU Tools ARM Embedded\5.3 2016q1\arm-none-eabi\lib\armv7e-m\libm.a(lib_a-s_copysign.o)
 .debug_frame   0x00002884       0x20 C:\Program Files (x86)\GNU Tools ARM Embedded\5.3 2016q1\arm-none-eabi\lib\armv7e-m\libg.a(lib_a-errno.o)
 .debug_frame   0x000028a4       0x84 C:\Program Files (x86)\GNU Tools ARM Embedded\5.3 2016q1\arm-none-eabi\lib\armv7e-m\libg.a(lib_a-sprintf.o)
 .debug_frame   0x00002928       0x44 C:\Program Files (x86)\GNU Tools ARM Embedded\5.3 2016q1\arm-none-eabi\lib\armv7e-m\libg.a(lib_a-svfprintf.o)
 .debug_frame   0x0000296c       0x88 C:\Program Files (x86)\GNU Tools ARM Embedded\5.3 2016q1\arm-none-eabi\lib\armv7e-m\libg.a(lib_a-dtoa.o)
 .debug_frame   0x000029f4       0x9c C:\Program Files (x86)\GNU Tools ARM Embedded\5.3 2016q1\arm-none-eabi\lib\armv7e-m\libg.a(lib_a-locale.o)
 .debug_frame   0x00002a90       0x58 C:\Program Files (x86)\GNU Tools ARM Embedded\5.3 2016q1\arm-none-eabi\lib\armv7e-m\libg.a(lib_a-mallocr.o)
 .debug_frame   0x00002ae8       0x30 C:\Program Files (x86)\GNU Tools ARM Embedded\5.3 2016q1\arm-none-eabi\lib\armv7e-m\libg.a(lib_a-mlock.o)
 .debug_frame   0x00002b18      0x264 C:\Program Files (x86)\GNU Tools ARM Embedded\5.3 2016q1\arm-none-eabi\lib\armv7e-m\libg.a(lib_a-mprec.o)
 .debug_frame   0x00002d7c       0x2c C:\Program Files (x86)\GNU Tools ARM Embedded\5.3 2016q1\arm-none-eabi\lib\armv7e-m\libg.a(lib_a-sbrkr.o)
 .debug_frame   0x00002da8       0x78 C:\Program Files (x86)\GNU Tools ARM Embedded\5.3 2016q1\arm-none-eabi\lib\armv7e-m\libg.a(lib_a-svfiprintf.o)
 .debug_frame   0x00002e20       0x28 C:\Program Files (x86)\GNU Tools ARM Embedded\5.3 2016q1\arm-none-eabi\lib\armv7e-m\libg.a(lib_a-callocr.o)
 .debug_frame   0x00002e48       0x74 C:\Program Files (x86)\GNU Tools ARM Embedded\5.3 2016q1\arm-none-eabi\lib\armv7e-m\libg.a(lib_a-freer.o)
 .debug_frame   0x00002ebc       0x30 C:\Program Files (x86)\GNU Tools ARM Embedded\5.3 2016q1\arm-none-eabi\lib\armv7e-m\libg.a(lib_a-memmove.o)
 .debug_frame   0x00002eec       0x34 C:\Program Files (x86)\GNU Tools ARM Embedded\5.3 2016q1\arm-none-eabi\lib\armv7e-m\libg.a(lib_a-memset.o)
 .debug_frame   0x00002f20       0x60 C:\Program Files (x86)\GNU Tools ARM Embedded\5.3 2016q1\arm-none-eabi\lib\armv7e-m\libg.a(lib_a-reallocr.o)
 .debug_frame   0x00002f80       0x58 C:\Program Files (x86)\GNU Tools ARM Embedded\5.3 2016q1\arm-none-eabi\lib\armv7e-m\libg.a(lib_a-reent.o)
 .debug_frame   0x00002fd8       0x2c c:/program files (x86)/gnu tools arm embedded/5.3 2016q1/bin/../lib/gcc/arm-none-eabi/5.3.1/armv7e-m\libgcc.a(_aeabi_uldivmod.o)
 .debug_frame   0x00003004       0x34 c:/program files (x86)/gnu tools arm embedded/5.3 2016q1/bin/../lib/gcc/arm-none-eabi/5.3.1/armv7e-m\libgcc.a(_udivmoddi4.o)
