Archive member included to satisfy reference by file (symbol)

C:\Program Files (x86)\GNU Tools ARM Embedded\5.3 2016q1\arm-none-eabi\lib\armv7e-m\libm.a(lib_a-w_pow.o)
                              ..\obj\menuAux.o (pow)
C:\Program Files (x86)\GNU Tools ARM Embedded\5.3 2016q1\arm-none-eabi\lib\armv7e-m\libm.a(lib_a-e_pow.o)
                              C:\Program Files (x86)\GNU Tools ARM Embedded\5.3 2016q1\arm-none-eabi\lib\armv7e-m\libm.a(lib_a-w_pow.o) (__ieee754_pow)
C:\Program Files (x86)\GNU Tools ARM Embedded\5.3 2016q1\arm-none-eabi\lib\armv7e-m\libm.a(lib_a-e_sqrt.o)
                              C:\Program Files (x86)\GNU Tools ARM Embedded\5.3 2016q1\arm-none-eabi\lib\armv7e-m\libm.a(lib_a-e_pow.o) (__ieee754_sqrt)
C:\Program Files (x86)\GNU Tools ARM Embedded\5.3 2016q1\arm-none-eabi\lib\armv7e-m\libm.a(lib_a-s_fabs.o)
                              C:\Program Files (x86)\GNU Tools ARM Embedded\5.3 2016q1\arm-none-eabi\lib\armv7e-m\libm.a(lib_a-e_pow.o) (fabs)
C:\Program Files (x86)\GNU Tools ARM Embedded\5.3 2016q1\arm-none-eabi\lib\armv7e-m\libm.a(lib_a-s_finite.o)
                              C:\Program Files (x86)\GNU Tools ARM Embedded\5.3 2016q1\arm-none-eabi\lib\armv7e-m\libm.a(lib_a-w_pow.o) (finite)
C:\Program Files (x86)\GNU Tools ARM Embedded\5.3 2016q1\arm-none-eabi\lib\armv7e-m\libm.a(lib_a-s_lib_ver.o)
                              C:\Program Files (x86)\GNU Tools ARM Embedded\5.3 2016q1\arm-none-eabi\lib\armv7e-m\libm.a(lib_a-w_pow.o) (__fdlib_version)
C:\Program Files (x86)\GNU Tools ARM Embedded\5.3 2016q1\arm-none-eabi\lib\armv7e-m\libm.a(lib_a-s_matherr.o)
                              C:\Program Files (x86)\GNU Tools ARM Embedded\5.3 2016q1\arm-none-eabi\lib\armv7e-m\libm.a(lib_a-w_pow.o) (matherr)
C:\Program Files (x86)\GNU Tools ARM Embedded\5.3 2016q1\arm-none-eabi\lib\armv7e-m\libm.a(lib_a-s_nan.o)
                              C:\Program Files (x86)\GNU Tools ARM Embedded\5.3 2016q1\arm-none-eabi\lib\armv7e-m\libm.a(lib_a-e_pow.o) (nan)
C:\Program Files (x86)\GNU Tools ARM Embedded\5.3 2016q1\arm-none-eabi\lib\armv7e-m\libm.a(lib_a-s_rint.o)
                              C:\Program Files (x86)\GNU Tools ARM Embedded\5.3 2016q1\arm-none-eabi\lib\armv7e-m\libm.a(lib_a-w_pow.o) (rint)
C:\Program Files (x86)\GNU Tools ARM Embedded\5.3 2016q1\arm-none-eabi\lib\armv7e-m\libm.a(lib_a-s_scalbn.o)
                              C:\Program Files (x86)\GNU Tools ARM Embedded\5.3 2016q1\arm-none-eabi\lib\armv7e-m\libm.a(lib_a-e_pow.o) (scalbn)
C:\Program Files (x86)\GNU Tools ARM Embedded\5.3 2016q1\arm-none-eabi\lib\armv7e-m\libm.a(lib_a-s_copysign.o)
                              C:\Program Files (x86)\GNU Tools ARM Embedded\5.3 2016q1\arm-none-eabi\lib\armv7e-m\libm.a(lib_a-s_scalbn.o) (copysign)
c:/program files (x86)/gnu tools arm embedded/5.3 2016q1/bin/../lib/gcc/arm-none-eabi/5.3.1/armv7e-m\libgcc.a(_arm_addsubdf3.o)
                              ..\obj\twoPos.o (__aeabi_dsub)
c:/program files (x86)/gnu tools arm embedded/5.3 2016q1/bin/../lib/gcc/arm-none-eabi/5.3.1/armv7e-m\libgcc.a(_arm_muldivdf3.o)
                              ..\obj\main.o (__aeabi_dmul)
c:/program files (x86)/gnu tools arm embedded/5.3 2016q1/bin/../lib/gcc/arm-none-eabi/5.3.1/armv7e-m\libgcc.a(_arm_cmpdf2.o)
                              ..\obj\pid.o (__aeabi_dcmpeq)
c:/program files (x86)/gnu tools arm embedded/5.3 2016q1/bin/../lib/gcc/arm-none-eabi/5.3.1/armv7e-m\libgcc.a(_arm_unorddf2.o)
                              C:\Program Files (x86)\GNU Tools ARM Embedded\5.3 2016q1\arm-none-eabi\lib\armv7e-m\libm.a(lib_a-w_pow.o) (__aeabi_dcmpun)
c:/program files (x86)/gnu tools arm embedded/5.3 2016q1/bin/../lib/gcc/arm-none-eabi/5.3.1/armv7e-m\libgcc.a(_arm_fixdfsi.o)
                              ..\obj\menuAux.o (__aeabi_d2iz)
c:/program files (x86)/gnu tools arm embedded/5.3 2016q1/bin/../lib/gcc/arm-none-eabi/5.3.1/armv7e-m\libgcc.a(_arm_fixunsdfsi.o)
                              ..\obj\flash.o (__aeabi_d2uiz)
c:/program files (x86)/gnu tools arm embedded/5.3 2016q1/bin/../lib/gcc/arm-none-eabi/5.3.1/armv7e-m\libgcc.a(_arm_addsubsf3.o)
                              ..\obj\flash.o (__aeabi_ui2f)
c:/program files (x86)/gnu tools arm embedded/5.3 2016q1/bin/../lib/gcc/arm-none-eabi/5.3.1/armv7e-m\libgcc.a(_arm_cmpsf2.o)
                              ..\obj\flash.o (__aeabi_fcmpeq)
c:/program files (x86)/gnu tools arm embedded/5.3 2016q1/bin/../lib/gcc/arm-none-eabi/5.3.1/armv7e-m\libgcc.a(_arm_fixsfsi.o)
                              ..\obj\flash.o (__aeabi_f2iz)
c:/program files (x86)/gnu tools arm embedded/5.3 2016q1/bin/../lib/gcc/arm-none-eabi/5.3.1/armv7e-m\libgcc.a(_arm_fixunssfsi.o)
                              ..\obj\flash.o (__aeabi_f2uiz)
C:\Program Files (x86)\GNU Tools ARM Embedded\5.3 2016q1\arm-none-eabi\lib\armv7e-m\libg.a(lib_a-errno.o)
                              C:\Program Files (x86)\GNU Tools ARM Embedded\5.3 2016q1\arm-none-eabi\lib\armv7e-m\libm.a(lib_a-w_pow.o) (__errno)
[...]
Memory Configuration

Name             Origin             Length             Attributes
rom              0x08000000         0x00040000         xr
ram              0x20000000         0x0000a000         xrw
ram1             0x10000000         0x00002000         xrw
*default*        0x00000000         0xffffffff

Linker script and memory map

                0x2000a000                _eram = 0x2000a000

.text           0x08000000     0x9b9c
 *(.isr_vector)
 .isr_vector    0x08000000      0x188 ..\obj\startup_stm32f30x.o
                0x08000000                g_pfnVectors
 *(.text*)
 .text.RCC_ADCCLKConfig
                0x08000188       0x4c ..\obj\stm32f30x_rcc.o
                0x08000188                RCC_ADCCLKConfig
 .text.RCC_AHBPeriphClockCmd
                0x080001d4       0x3c ..\obj\stm32f30x_rcc.o
                0x080001d4                RCC_AHBPeriphClockCmd
 .text.RCC_APB2PeriphClockCmd
                0x08000210       0x3c ..\obj\stm32f30x_rcc.o
                0x08000210                RCC_APB2PeriphClockCmd
 .text.RCC_APB1PeriphClockCmd
                0x0800024c       0x3c ..\obj\stm32f30x_rcc.o
                0x0800024c                RCC_APB1PeriphClockCmd
 .text.readFlash
                0x08000288      0x2ac ..\obj\flash.o
                0x08000288                readFlash
 .text.resetTwoPos
                0x08000534       0x30 ..\obj\twoPos.o
                0x08000534                resetTwoPos
 .text.calculateTwoPosOut
                0x08000564       0xb4 ..\obj\twoPos.o
                0x08000564                calculateTwoPosOut
 .text.ADC_Init
                0x08000618       0x80 ..\obj\stm32f30x_adc.o
                0x08000618                ADC_Init
 .text.ADC_CommonInit
                0x08000698       0x9c ..\obj\stm32f30x_adc.o
                0x08000698                ADC_CommonInit
 .text.ADC_Cmd  0x08000734       0x38 ..\obj\stm32f30x_adc.o
                0x08000734                ADC_Cmd
 .text.ADC_RegularChannelConfig
                0x0800076c      0x1f0 ..\obj\stm32f30x_adc.o
                0x0800076c                ADC_RegularChannelConfig
 .text.ADC_StartConversion
                0x0800095c       0x20 ..\obj\stm32f30x_adc.o
                0x0800095c                ADC_StartConversion
 .text.ADC_DMACmd
                0x0800097c       0x38 ..\obj\stm32f30x_adc.o
                0x0800097c                ADC_DMACmd
 .text.ADC_DMAConfig
                0x080009b4       0x2c ..\obj\stm32f30x_adc.o
                0x080009b4                ADC_DMAConfig
 .text.getLEDcode
                0x080009e0      0x1ac ..\obj\ledDigits.o
                0x080009e0                getLEDcode
 .text.getLEDcodeArray
                0x08000b8c       0x54 ..\obj\ledDigits.o
                0x08000b8c                getLEDcodeArray
 .text.GPIO_Init
                0x08000be0      0x12c ..\obj\stm32f30x_gpio.o
                0x08000be0                GPIO_Init
 .text.GPIO_PinAFConfig
                0x08000d0c       0x90 ..\obj\stm32f30x_gpio.o
                0x08000d0c                GPIO_PinAFConfig
 .text.main     0x08000d9c       0x30 ..\obj\main.o
                0x08000d9c                main
 *fill*         0x08000dcc        0x4 
 .text.TIM3_IRQHandler
                0x08000dd0      0x180 ..\obj\main.o
                0x08000dd0                TIM3_IRQHandler
 .text.TIM4_IRQHandler
                0x08000f50      0x240 ..\obj\main.o
                0x08000f50                TIM4_IRQHandler
 .text.TIM7_IRQHandler
                0x08001190      0x11c ..\obj\main.o
                0x08001190                TIM7_IRQHandler
 .text.EXTI9_5_IRQHandler
                0x080012ac      0x20c ..\obj\main.o
                0x080012ac                EXTI9_5_IRQHandler
 .text.DMA_Init
                0x080014b8       0x80 ..\obj\stm32f30x_dma.o
                0x080014b8                DMA_Init
 .text.DMA_Cmd  0x08001538       0x38 ..\obj\stm32f30x_dma.o
                0x08001538                DMA_Cmd
 .text.NVIC_EnableIRQ
                0x08001570       0x30 ..\obj\init.o
 .text.GPIOinit
                0x080015a0      0x12c ..\obj\init.o
                0x080015a0                GPIOinit
 .text.EXTIinit
                0x080016cc       0x74 ..\obj\init.o
                0x080016cc                EXTIinit
 .text.NVICinit
                0x08001740       0x70 ..\obj\init.o
                0x08001740                NVICinit
 .text.TIMinit  0x080017b0       0xf0 ..\obj\init.o
                0x080017b0                TIMinit
 .text.ADCinit  0x080018a0       0xb0 ..\obj\init.o
                0x080018a0                ADCinit
 .text.DMAinit  0x08001950       0xb8 ..\obj\init.o
                0x08001950                DMAinit
 .text.PWMinit  0x08001a08       0x44 ..\obj\init.o
                0x08001a08                PWMinit
 .text.EXTI_Init
                0x08001a4c      0x1f4 ..\obj\stm32f30x_exti.o
                0x08001a4c                EXTI_Init
 .text.EXTI_ClearFlag
                0x08001c40       0x30 ..\obj\stm32f30x_exti.o
                0x08001c40                EXTI_ClearFlag
 .text.getMenuSize
                0x08001c70       0x3c ..\obj\menu.o
                0x08001c70                getMenuSize
 .text.getNaviLimit
                0x08001cac       0x94 ..\obj\menu.o
                0x08001cac                getNaviLimit
 .text.naviUp   0x08001d40       0x80 ..\obj\menu.o
                0x08001d40                naviUp
 .text.naviDown
                0x08001dc0       0x84 ..\obj\menu.o
                0x08001dc0                naviDown
 .text.naviRight
                0x08001e44       0x5c ..\obj\menu.o
                0x08001e44                naviRight
 .text.naviLeft
                0x08001ea0       0x70 ..\obj\menu.o
                0x08001ea0                naviLeft
 .text.getDisp1
                0x08001f10       0x98 ..\obj\menu.o
                0x08001f10                getDisp1
 .text.getDisp2
                0x08001fa8       0xc8 ..\obj\menu.o
                0x08001fa8                getDisp2
 .text.exitMenu
                0x08002070       0x38 ..\obj\menu.o
                0x08002070                exitMenu
 .text.getCursor
                0x080020a8       0x1c ..\obj\menu.o
                0x080020a8                getCursor
 .text.SystemInit1
                0x080020c4       0x84 ..\obj\system_stm32f30x_temp.o
                0x080020c4                SystemInit
                0x080020c4                SystemInit1
 .text.SetSysClock1
                0x08002148       0xe0 ..\obj\system_stm32f30x_temp.o
                0x08002148                SetSysClock
 .text._sbrk    0x08002228       0x3c ..\obj\syscalls.o
                0x08002228                _sbrk
 .text.NVIC_Init
                0x08002264       0xc4 ..\obj\stm32f30x_misc.o
                0x08002264                NVIC_Init
 .text.TIM_TimeBaseInit
                0x08002328       0xec ..\obj\stm32f30x_tim.o
                0x08002328                TIM_TimeBaseInit
 .text.TIM_Cmd  0x08002414       0x40 ..\obj\stm32f30x_tim.o
                0x08002414                TIM_Cmd
 .text.TIM_OC2Init
                0x08002454      0x100 ..\obj\stm32f30x_tim.o
                0x08002454                TIM_OC2Init
 .text.TIM_CtrlPWMOutputs
                0x08002554       0x38 ..\obj\stm32f30x_tim.o
                0x08002554                TIM_CtrlPWMOutputs
 .text.TIM_ITConfig
                0x0800258c       0x40 ..\obj\stm32f30x_tim.o
                0x0800258c                TIM_ITConfig
 .text.TIM_ClearITPendingBit
                0x080025cc       0x24 ..\obj\stm32f30x_tim.o
                0x080025cc                TIM_ClearITPendingBit
 .text.Reset_Handler
                0x080025f0       0x44 ..\obj\startup_stm32f30x.o
                0x080025f0                Reset_Handler
 .text.Default_Handler
                0x08002634        0x2 ..\obj\startup_stm32f30x.o
                0x08002634                RTC_Alarm_IRQHandler
                0x08002634                TIM8_TRG_COM_IRQHandler
                0x08002634                TIM8_CC_IRQHandler
                0x08002634                DebugMon_Handler
                0x08002634                TIM1_CC_IRQHandler
                0x08002634                HardFault_Handler
                0x08002634                USB_HP_IRQHandler
                0x08002634                SysTick_Handler
                0x08002634                PVD_IRQHandler
                0x08002634                PendSV_Handler
                0x08002634                NMI_Handler
                0x08002634                EXTI3_IRQHandler
                0x08002634                EXTI0_IRQHandler
                0x08002634                I2C2_EV_IRQHandler
                0x08002634                FPU_IRQHandler
                0x08002634                EXTI2_TS_IRQHandler
                0x08002634                TIM1_UP_TIM16_IRQHandler
                0x08002634                UsageFault_Handler
                0x08002634                ADC1_2_IRQHandler
                0x08002634                SPI1_IRQHandler
                0x08002634                TIM6_DAC_IRQHandler
                0x08002634                TIM8_UP_IRQHandler
                0x08002634                DMA2_Channel2_IRQHandler
                0x08002634                DMA1_Channel4_IRQHandler
                0x08002634                USART3_IRQHandler
                0x08002634                DMA1_Channel7_IRQHandler
                0x08002634                CAN1_RX1_IRQHandler
                0x08002634                UART5_IRQHandler
                0x08002634                ADC3_IRQHandler
                0x08002634                DMA2_Channel1_IRQHandler
                0x08002634                I2C1_EV_IRQHandler
                0x08002634                DMA1_Channel6_IRQHandler
                0x08002634                UART4_IRQHandler
                0x08002634                DMA2_Channel4_IRQHandler
                0x08002634                RCC_IRQHandler
                0x08002634                DMA1_Channel1_IRQHandler
                0x08002634                Default_Handler
                0x08002634                USBWakeUp_RMP_IRQHandler
                0x08002634                EXTI15_10_IRQHandler
                0x08002634                TAMPER_STAMP_IRQHandler
                0x08002634                RTC_WKUP_IRQHandler
                0x08002634                SPI2_IRQHandler
                0x08002634                MemManage_Handler
                0x08002634                SVC_Handler
                0x08002634                DMA2_Channel5_IRQHandler
                0x08002634                DMA1_Channel5_IRQHandler
                0x08002634                USB_LP_IRQHandler
                0x08002634                EXTI4_IRQHandler
                0x08002634                USB_LP_CAN1_RX0_IRQHandler
                0x08002634                TIM1_TRG_COM_TIM17_IRQHandler
                0x08002634                USB_HP_CAN1_TX_IRQHandler
                0x08002634                DMA1_Channel3_IRQHandler
                0x08002634                ADC4_IRQHandler
                0x08002634                WWDG_IRQHandler
                0x08002634                TIM2_IRQHandler
                0x08002634                COMP7_IRQHandler
                0x08002634                COMP1_2_3_IRQHandler
                0x08002634                EXTI1_IRQHandler
                0x08002634                USART2_IRQHandler
                0x08002634                COMP4_5_6_IRQHandler
                0x08002634                I2C2_ER_IRQHandler
                0x08002634                DMA1_Channel2_IRQHandler
                0x08002634                TIM8_BRK_IRQHandler
                0x08002634                CAN1_SCE_IRQHandler
                0x08002634                FLASH_IRQHandler
                0x08002634                BusFault_Handler
                0x08002634                USART1_IRQHandler
                0x08002634                SPI3_IRQHandler
                0x08002634                I2C1_ER_IRQHandler
                0x08002634                USBWakeUp_IRQHandler
                0x08002634                DMA2_Channel3_IRQHandler
                0x08002634                TIM1_BRK_TIM15_IRQHandler
 *fill*         0x08002636        0x2 
 .text.getMenuParameter
                0x08002638      0x1f8 ..\obj\menuAux.o
                0x08002638                getMenuParameter
 .text.getTemplate
                0x08002830       0x88 ..\obj\menuAux.o
                0x08002830                getTemplate
 .text.cutAround
                0x080028b8       0x54 ..\obj\menuAux.o
                0x080028b8                cutAround
 .text.setMenuDigitDbl
                0x0800290c       0x70 ..\obj\menuAux.o
                0x0800290c                setMenuDigitDbl
 .text.setMenuDigitInt
                0x0800297c       0xf0 ..\obj\menuAux.o
                0x0800297c                setMenuDigitInt
 *fill*         0x08002a6c        0x4 
 .text.setMenuParameter
                0x08002a70      0x4f8 ..\obj\menuAux.o
                0x08002a70                setMenuParameter
 .text.changeSP
                0x08002f68       0xf4 ..\obj\menuAux.o
                0x08002f68                changeSP
 .text.changeOUT
                0x0800305c      0x128 ..\obj\menuAux.o
                0x0800305c                changeOUT
 .text.getCurrentModeOut
                0x08003184       0x74 ..\obj\menuAux.o
                0x08003184                getCurrentModeOut
 .text.SYSCFG_EXTILineConfig
                0x080031f8       0x84 ..\obj\stm32f30x_syscfg.o
                0x080031f8                SYSCFG_EXTILineConfig
 .text.getAvgRawPv
                0x0800327c       0x88 ..\obj\misc.o
                0x0800327c                getAvgRawPv
 .text.resetRegulators
                0x08003304       0x14 ..\obj\misc.o
                0x08003304                resetRegulators
 .text.timerUpdater
                0x08003318       0x48 ..\obj\misc.o
                0x08003318                timerUpdater
 .text.changeDO
                0x08003360       0x58 ..\obj\misc.o
                0x08003360                changeDO
 .text.resetThreePos
                0x080033b8       0x44 ..\obj\threePos.o
                0x080033b8                resetThreePos
 .text.setThreePosCurrentTime
                0x080033fc       0x90 ..\obj\threePos.o
                0x080033fc                setThreePosCurrentTime
 .text.calculateThreePosOut
                0x0800348c      0x1b0 ..\obj\threePos.o
                0x0800348c                calculateThreePosOut
 .text.resetPID
                0x0800363c       0x54 ..\obj\pid.o
                0x0800363c                resetPID
 .text.updatePID
                0x08003690      0x154 ..\obj\pid.o
                0x08003690                updatePID
 .text.calculatePIDout
                0x080037e4      0x17c ..\obj\pid.o
                0x080037e4                calculatePIDout
 .text.pow      0x08003960      0x2f0 C:\Program Files (x86)\GNU Tools ARM Embedded\5.3 2016q1\arm-none-eabi\lib\armv7e-m\libm.a(lib_a-w_pow.o)
                0x08003960                pow
 .text.__ieee754_pow
                0x08003c50      0xab4 C:\Program Files (x86)\GNU Tools ARM Embedded\5.3 2016q1\arm-none-eabi\lib\armv7e-m\libm.a(lib_a-e_pow.o)
                0x08003c50                __ieee754_pow
 .text.__ieee754_sqrt
                0x08004704      0x180 C:\Program Files (x86)\GNU Tools ARM Embedded\5.3 2016q1\arm-none-eabi\lib\armv7e-m\libm.a(lib_a-e_sqrt.o)
                0x08004704                __ieee754_sqrt
 .text.fabs     0x08004884        0x8 C:\Program Files (x86)\GNU Tools ARM Embedded\5.3 2016q1\arm-none-eabi\lib\armv7e-m\libm.a(lib_a-s_fabs.o)
                0x08004884                fabs
 .text.finite   0x0800488c        0xc C:\Program Files (x86)\GNU Tools ARM Embedded\5.3 2016q1\arm-none-eabi\lib\armv7e-m\libm.a(lib_a-s_finite.o)
                0x0800488c                finite
 .text.matherr  0x08004898        0x4 C:\Program Files (x86)\GNU Tools ARM Embedded\5.3 2016q1\arm-none-eabi\lib\armv7e-m\libm.a(lib_a-s_matherr.o)
                0x08004898                matherr
 .text.nan      0x0800489c        0xc C:\Program Files (x86)\GNU Tools ARM Embedded\5.3 2016q1\arm-none-eabi\lib\armv7e-m\libm.a(lib_a-s_nan.o)
                0x0800489c                nan
 .text.rint     0x080048a8      0x118 C:\Program Files (x86)\GNU Tools ARM Embedded\5.3 2016q1\arm-none-eabi\lib\armv7e-m\libm.a(lib_a-s_rint.o)
                0x080048a8                rint
 .text.scalbn   0x080049c0       0xfc C:\Program Files (x86)\GNU Tools ARM Embedded\5.3 2016q1\arm-none-eabi\lib\armv7e-m\libm.a(lib_a-s_scalbn.o)
                0x080049c0                scalbn
 .text.copysign
                0x08004abc       0x10 C:\Program Files (x86)\GNU Tools ARM Embedded\5.3 2016q1\arm-none-eabi\lib\armv7e-m\libm.a(lib_a-s_copysign.o)
                0x08004abc                copysign
 .text          0x08004acc      0x370 c:/program files (x86)/gnu tools arm embedded/5.3 2016q1/bin/../lib/gcc/arm-none-eabi/5.3.1/armv7e-m\libgcc.a(_arm_addsubdf3.o)
                0x08004acc                __aeabi_drsub
                0x08004ad4                __aeabi_dsub
                0x08004ad4                __subdf3
                0x08004ad8                __aeabi_dadd
                0x08004ad8                __adddf3
                0x08004d50                __floatunsidf
                0x08004d50                __aeabi_ui2d
                0x08004d70                __floatsidf
                0x08004d70                __aeabi_i2d
                0x08004d94                __aeabi_f2d
                0x08004d94                __extendsfdf2
                0x08004dd0                __floatundidf
                0x08004dd0                __aeabi_ul2d
                0x08004de0                __floatdidf
                0x08004de0                __aeabi_l2d
 .text          0x08004e3c      0x424 c:/program files (x86)/gnu tools arm embedded/5.3 2016q1/bin/../lib/gcc/arm-none-eabi/5.3.1/armv7e-m\libgcc.a(_arm_muldivdf3.o)
                0x08004e3c                __aeabi_dmul
                0x08004e3c                __muldf3
                0x08005090                __divdf3
                0x08005090                __aeabi_ddiv
 .text          0x08005260      0x110 c:/program files (x86)/gnu tools arm embedded/5.3 2016q1/bin/../lib/gcc/arm-none-eabi/5.3.1/armv7e-m\libgcc.a(_arm_cmpdf2.o)
                0x08005260                __gtdf2
                0x08005260                __gedf2
                0x08005268                __ltdf2
                0x08005268                __ledf2
                0x08005270                __nedf2
                0x08005270                __eqdf2
                0x08005270                __cmpdf2
                0x080052ec                __aeabi_cdrcmple
                0x080052fc                __aeabi_cdcmpeq
                0x080052fc                __aeabi_cdcmple
                0x0800530c                __aeabi_dcmpeq
                0x08005320                __aeabi_dcmplt
                0x08005334                __aeabi_dcmple
                0x08005348                __aeabi_dcmpge
                0x0800535c                __aeabi_dcmpgt
 .text          0x08005370       0x2c c:/program files (x86)/gnu tools arm embedded/5.3 2016q1/bin/../lib/gcc/arm-none-eabi/5.3.1/armv7e-m\libgcc.a(_arm_unorddf2.o)
                0x08005370                __unorddf2
                0x08005370                __aeabi_dcmpun
 .text          0x0800539c       0x50 c:/program files (x86)/gnu tools arm embedded/5.3 2016q1/bin/../lib/gcc/arm-none-eabi/5.3.1/armv7e-m\libgcc.a(_arm_fixdfsi.o)
                0x0800539c                __aeabi_d2iz
                0x0800539c                __fixdfsi
 .text          0x080053ec       0x40 c:/program files (x86)/gnu tools arm embedded/5.3 2016q1/bin/../lib/gcc/arm-none-eabi/5.3.1/armv7e-m\libgcc.a(_arm_fixunsdfsi.o)
                0x080053ec                __aeabi_d2uiz
                0x080053ec                __fixunsdfsi
 .text          0x0800542c      0x21c c:/program files (x86)/gnu tools arm embedded/5.3 2016q1/bin/../lib/gcc/arm-none-eabi/5.3.1/armv7e-m\libgcc.a(_arm_addsubsf3.o)
                0x0800542c                __aeabi_frsub
                0x08005434                __subsf3
                0x08005434                __aeabi_fsub
                0x08005438                __aeabi_fadd
                0x08005438                __addsf3
                0x08005598                __aeabi_ui2f
                0x08005598                __floatunsisf
                0x080055a0                __aeabi_i2f
                0x080055a0                __floatsisf
                0x080055bc                __aeabi_ul2f
                0x080055bc                __floatundisf
                0x080055cc                __aeabi_l2f
                0x080055cc                __floatdisf
 .text          0x08005648       0xec c:/program files (x86)/gnu tools arm embedded/5.3 2016q1/bin/../lib/gcc/arm-none-eabi/5.3.1/armv7e-m\libgcc.a(_arm_cmpsf2.o)
                0x08005648                __gesf2
                0x08005648                __gtsf2
                0x08005650                __lesf2
                0x08005650                __ltsf2
                0x08005658                __nesf2
                0x08005658                __eqsf2
                0x08005658                __cmpsf2
                0x080056b8                __aeabi_cfrcmple
                0x080056c0                __aeabi_cfcmpeq
                0x080056c0                __aeabi_cfcmple
                0x080056d0                __aeabi_fcmpeq
                0x080056e4                __aeabi_fcmplt
                0x080056f8                __aeabi_fcmple
                0x0800570c                __aeabi_fcmpge
                0x08005720                __aeabi_fcmpgt
 .text          0x08005734       0x4c c:/program files (x86)/gnu tools arm embedded/5.3 2016q1/bin/../lib/gcc/arm-none-eabi/5.3.1/armv7e-m\libgcc.a(_arm_fixsfsi.o)
                0x08005734                __aeabi_f2iz
                0x08005734                __fixsfsi
 .text          0x08005780       0x40 c:/program files (x86)/gnu tools arm embedded/5.3 2016q1/bin/../lib/gcc/arm-none-eabi/5.3.1/armv7e-m\libgcc.a(_arm_fixunssfsi.o)
                0x08005780                __fixunssfsi
                0x08005780                __aeabi_f2uiz
 .text.__errno  0x080057c0        0xc C:\Program Files (x86)\GNU Tools ARM Embedded\5.3 2016q1\arm-none-eabi\lib\armv7e-m\libg.a(lib_a-errno.o)
                0x080057c0                __errno
 .text.sprintf  0x080057cc       0x4c C:\Program Files (x86)\GNU Tools ARM Embedded\5.3 2016q1\arm-none-eabi\lib\armv7e-m\libg.a(lib_a-sprintf.o)
                0x080057cc                sprintf
 .text._svfprintf_r
                0x08005818     0x169c C:\Program Files (x86)\GNU Tools ARM Embedded\5.3 2016q1\arm-none-eabi\lib\armv7e-m\libg.a(lib_a-svfprintf.o)
                0x08005818                _svfprintf_r
 .text.quorem   0x08006eb4      0x128 C:\Program Files (x86)\GNU Tools ARM Embedded\5.3 2016q1\arm-none-eabi\lib\armv7e-m\libg.a(lib_a-dtoa.o)
 *fill*         0x08006fdc        0x4 
 .text._dtoa_r  0x08006fe0      0xe58 C:\Program Files (x86)\GNU Tools ARM Embedded\5.3 2016q1\arm-none-eabi\lib\armv7e-m\libg.a(lib_a-dtoa.o)
                0x08006fe0                _dtoa_r
 .text._localeconv_r
                0x08007e38        0x8 C:\Program Files (x86)\GNU Tools ARM Embedded\5.3 2016q1\arm-none-eabi\lib\armv7e-m\libg.a(lib_a-locale.o)
                0x08007e38                _localeconv_r
 .text._malloc_r
                0x08007e40      0x570 C:\Program Files (x86)\GNU Tools ARM Embedded\5.3 2016q1\arm-none-eabi\lib\armv7e-m\libg.a(lib_a-mallocr.o)
                0x08007e40                _malloc_r
 .text          0x080083b0       0xa0 C:\Program Files (x86)\GNU Tools ARM Embedded\5.3 2016q1\arm-none-eabi\lib\armv7e-m\libg.a(lib_a-memchr.o)
                0x080083b0                memchr
 .text          0x08008450      0x134 C:\Program Files (x86)\GNU Tools ARM Embedded\5.3 2016q1\arm-none-eabi\lib\armv7e-m\libg.a(lib_a-memcpy.o)
                0x08008450                memcpy
 .text.__malloc_lock
                0x08008584        0x4 C:\Program Files (x86)\GNU Tools ARM Embedded\5.3 2016q1\arm-none-eabi\lib\armv7e-m\libg.a(lib_a-mlock.o)
                0x08008584                __malloc_lock
 .text.__malloc_unlock
                0x08008588        0x4 C:\Program Files (x86)\GNU Tools ARM Embedded\5.3 2016q1\arm-none-eabi\lib\armv7e-m\libg.a(lib_a-mlock.o)
                0x08008588                __malloc_unlock
 .text._Balloc  0x0800858c       0x4c C:\Program Files (x86)\GNU Tools ARM Embedded\5.3 2016q1\arm-none-eabi\lib\armv7e-m\libg.a(lib_a-mprec.o)
                0x0800858c                _Balloc
 .text._Bfree   0x080085d8       0x14 C:\Program Files (x86)\GNU Tools ARM Embedded\5.3 2016q1\arm-none-eabi\lib\armv7e-m\libg.a(lib_a-mprec.o)
                0x080085d8                _Bfree
 .text.__multadd
                0x080085ec       0x80 C:\Program Files (x86)\GNU Tools ARM Embedded\5.3 2016q1\arm-none-eabi\lib\armv7e-m\libg.a(lib_a-mprec.o)
                0x080085ec                __multadd
 .text.__hi0bits
                0x0800866c       0x40 C:\Program Files (x86)\GNU Tools ARM Embedded\5.3 2016q1\arm-none-eabi\lib\armv7e-m\libg.a(lib_a-mprec.o)
                0x0800866c                __hi0bits
 .text.__lo0bits
                0x080086ac       0x5c C:\Program Files (x86)\GNU Tools ARM Embedded\5.3 2016q1\arm-none-eabi\lib\armv7e-m\libg.a(lib_a-mprec.o)
                0x080086ac                __lo0bits
 .text.__i2b    0x08008708       0x14 C:\Program Files (x86)\GNU Tools ARM Embedded\5.3 2016q1\arm-none-eabi\lib\armv7e-m\libg.a(lib_a-mprec.o)
                0x08008708                __i2b
 .text.__multiply
                0x0800871c      0x130 C:\Program Files (x86)\GNU Tools ARM Embedded\5.3 2016q1\arm-none-eabi\lib\armv7e-m\libg.a(lib_a-mprec.o)
                0x0800871c                __multiply
 .text.__pow5mult
                0x0800884c       0xa0 C:\Program Files (x86)\GNU Tools ARM Embedded\5.3 2016q1\arm-none-eabi\lib\armv7e-m\libg.a(lib_a-mprec.o)
                0x0800884c                __pow5mult
 .text.__lshift
                0x080088ec       0xb0 C:\Program Files (x86)\GNU Tools ARM Embedded\5.3 2016q1\arm-none-eabi\lib\armv7e-m\libg.a(lib_a-mprec.o)
                0x080088ec                __lshift
 .text.__mcmp   0x0800899c       0x40 C:\Program Files (x86)\GNU Tools ARM Embedded\5.3 2016q1\arm-none-eabi\lib\armv7e-m\libg.a(lib_a-mprec.o)
                0x0800899c                __mcmp
 .text.__mdiff  0x080089dc      0x114 C:\Program Files (x86)\GNU Tools ARM Embedded\5.3 2016q1\arm-none-eabi\lib\armv7e-m\libg.a(lib_a-mprec.o)
                0x080089dc                __mdiff
 .text.__d2b    0x08008af0       0xb8 C:\Program Files (x86)\GNU Tools ARM Embedded\5.3 2016q1\arm-none-eabi\lib\armv7e-m\libg.a(lib_a-mprec.o)
                0x08008af0                __d2b
 .text._sbrk_r  0x08008ba8       0x24 C:\Program Files (x86)\GNU Tools ARM Embedded\5.3 2016q1\arm-none-eabi\lib\armv7e-m\libg.a(lib_a-sbrkr.o)
                0x08008ba8                _sbrk_r
 *fill*         0x08008bcc       0x34 
 .text          0x08008c00       0xdc C:\Program Files (x86)\GNU Tools ARM Embedded\5.3 2016q1\arm-none-eabi\lib\armv7e-m\libg.a(lib_a-strlen.o)
                0x08008c00                strlen
 .text.__ssprint_r
                0x08008cdc      0x100 C:\Program Files (x86)\GNU Tools ARM Embedded\5.3 2016q1\arm-none-eabi\lib\armv7e-m\libg.a(lib_a-svfiprintf.o)
                0x08008cdc                __ssprint_r
 .text._calloc_r
                0x08008ddc       0x60 C:\Program Files (x86)\GNU Tools ARM Embedded\5.3 2016q1\arm-none-eabi\lib\armv7e-m\libg.a(lib_a-callocr.o)
                0x08008ddc                _calloc_r
 .text._malloc_trim_r
                0x08008e3c       0x9c C:\Program Files (x86)\GNU Tools ARM Embedded\5.3 2016q1\arm-none-eabi\lib\armv7e-m\libg.a(lib_a-freer.o)
                0x08008e3c                _malloc_trim_r
 .text._free_r  0x08008ed8      0x1d0 C:\Program Files (x86)\GNU Tools ARM Embedded\5.3 2016q1\arm-none-eabi\lib\armv7e-m\libg.a(lib_a-freer.o)
                0x08008ed8                _free_r
 .text.memmove  0x080090a8       0xc8 C:\Program Files (x86)\GNU Tools ARM Embedded\5.3 2016q1\arm-none-eabi\lib\armv7e-m\libg.a(lib_a-memmove.o)
                0x080090a8                memmove
 .text.memset   0x08009170       0x9c C:\Program Files (x86)\GNU Tools ARM Embedded\5.3 2016q1\arm-none-eabi\lib\armv7e-m\libg.a(lib_a-memset.o)
                0x08009170                memset
 .text._realloc_r
                0x0800920c      0x3e0 C:\Program Files (x86)\GNU Tools ARM Embedded\5.3 2016q1\arm-none-eabi\lib\armv7e-m\libg.a(lib_a-reallocr.o)
                0x0800920c                _realloc_r
 .text          0x080095ec       0x30 c:/program files (x86)/gnu tools arm embedded/5.3 2016q1/bin/../lib/gcc/arm-none-eabi/5.3.1/armv7e-m\libgcc.a(_aeabi_uldivmod.o)
                0x080095ec                __aeabi_uldivmod
 .text          0x0800961c      0x2e4 c:/program files (x86)/gnu tools arm embedded/5.3 2016q1/bin/../lib/gcc/arm-none-eabi/5.3.1/armv7e-m\libgcc.a(_udivmoddi4.o)
                0x0800961c                __udivmoddi4
 .text          0x08009900        0x4 c:/program files (x86)/gnu tools arm embedded/5.3 2016q1/bin/../lib/gcc/arm-none-eabi/5.3.1/armv7e-m\libgcc.a(_dvmd_tls.o)
                0x08009900                __aeabi_idiv0
                0x08009900                __aeabi_ldiv0
 *(.init)
 *(.fini)
 *crtbegin.o(.ctors)
 *crtbegin?.o(.ctors)
 *(EXCLUDE_FILE(*crtend.o *crtend?.o) .ctors)
 *(SORT(.ctors.*))
 *(.ctors)
 *crtbegin.o(.dtors)
 *crtbegin?.o(.dtors)
 *(EXCLUDE_FILE(*crtend.o *crtend?.o) .dtors)
 *(SORT(.dtors.*))
 *(.dtors)
 *(.rodata*)
 .rodata        0x08009904       0xdf ..\obj\menu.o
 *fill*         0x080099e3        0x1 
 .rodata        0x080099e4       0x1d ..\obj\menuAux.o
 *fill*         0x08009a01        0x3 
 .rodata.str1.4
                0x08009a04        0x4 C:\Program Files (x86)\GNU Tools ARM Embedded\5.3 2016q1\arm-none-eabi\lib\armv7e-m\libm.a(lib_a-w_pow.o)
 .rodata.str1.4
                0x08009a08        0x4 C:\Program Files (x86)\GNU Tools ARM Embedded\5.3 2016q1\arm-none-eabi\lib\armv7e-m\libm.a(lib_a-e_pow.o)
                                  0x1 (size before relaxing)
 .rodata.TWO52  0x08009a08       0x10 C:\Program Files (x86)\GNU Tools ARM Embedded\5.3 2016q1\arm-none-eabi\lib\armv7e-m\libm.a(lib_a-s_rint.o)
 .rodata.str1.4
                0x08009a18        0x2 C:\Program Files (x86)\GNU Tools ARM Embedded\5.3 2016q1\arm-none-eabi\lib\armv7e-m\libg.a(lib_a-impure.o)
 *fill*         0x08009a1a        0x2 
 .rodata.zeroes.7035
                0x08009a1c       0x10 C:\Program Files (x86)\GNU Tools ARM Embedded\5.3 2016q1\arm-none-eabi\lib\armv7e-m\libg.a(lib_a-svfprintf.o)
 .rodata.str1.4
                0x08009a2c       0x42 C:\Program Files (x86)\GNU Tools ARM Embedded\5.3 2016q1\arm-none-eabi\lib\armv7e-m\libg.a(lib_a-svfprintf.o)
 *fill*         0x08009a6e        0x2 
 .rodata.blanks.7034
                0x08009a70       0x10 C:\Program Files (x86)\GNU Tools ARM Embedded\5.3 2016q1\arm-none-eabi\lib\armv7e-m\libg.a(lib_a-svfprintf.o)
 .rodata.str1.4
                0x08009a80       0x10 C:\Program Files (x86)\GNU Tools ARM Embedded\5.3 2016q1\arm-none-eabi\lib\armv7e-m\libg.a(lib_a-dtoa.o)
                                 0x12 (size before relaxing)
 .rodata.str1.4
                0x08009a90        0xc C:\Program Files (x86)\GNU Tools ARM Embedded\5.3 2016q1\arm-none-eabi\lib\armv7e-m\libg.a(lib_a-locale.o)
                                 0x12 (size before relaxing)
 *fill*         0x08009a9c        0x4 
 .rodata.__mprec_tens
                0x08009aa0       0xc8 C:\Program Files (x86)\GNU Tools ARM Embedded\5.3 2016q1\arm-none-eabi\lib\armv7e-m\libg.a(lib_a-mprec.o)
                0x08009aa0                __mprec_tens
 .rodata.__mprec_bigtens
                0x08009b68       0x28 C:\Program Files (x86)\GNU Tools ARM Embedded\5.3 2016q1\arm-none-eabi\lib\armv7e-m\libg.a(lib_a-mprec.o)
                0x08009b68                __mprec_bigtens
 .rodata.p05.5373
                0x08009b90        0xc C:\Program Files (x86)\GNU Tools ARM Embedded\5.3 2016q1\arm-none-eabi\lib\armv7e-m\libg.a(lib_a-mprec.o)
 *(.eh_fram e*)

.glue_7         0x08009b9c        0x0
 .glue_7        0x08009b9c        0x0 linker stubs

.glue_7t        0x08009b9c        0x0
 .glue_7t       0x08009b9c        0x0 linker stubs

.vfp11_veneer   0x08009b9c        0x0
 .vfp11_veneer  0x08009b9c        0x0 linker stubs

.v4_bx          0x08009b9c        0x0
 .v4_bx         0x08009b9c        0x0 linker stubs

.iplt           0x08009b9c        0x0
 .iplt          0x08009b9c        0x0 ..\obj\stm32f30x_rcc.o

.ARM.extab
 *(.ARM.extab* .gnu.linkonce.armextab.*)
                0x08009b9c                __exidx_start = .

.ARM.exidx      0x08009b9c        0x8
 *(.ARM.exidx* .gnu.linkonce.armexidx.*)
 .ARM.exidx     0x08009b9c        0x8 c:/program files (x86)/gnu tools arm embedded/5.3 2016q1/bin/../lib/gcc/arm-none-eabi/5.3.1/armv7e-m\libgcc.a(_udivmoddi4.o)
                0x08009ba4                __exidx_end = .
                0x08009ba4                __etext = .
                0x08009ba4                _sidata = __etext

.rel.dyn        0x08009ba4        0x0
 .rel.iplt      0x08009ba4        0x0 ..\obj\stm32f30x_rcc.o

.data           0x20000000      0xa4c load address 0x08009ba4
                0x20000000                __data_start__ = .
                0x20000000                _sdata = __data_start__
 *(vtable)
 *(.data*)
 .data          0x20000000        0x6 ..\obj\flash.o
 *fill*         0x20000006        0x2 
 .data          0x20000008      0x108 ..\obj\main.o
                0x20000008                scale
                0x20000018                limit
                0x20000038                twoPosSet
                0x20000050                threePosSet
                0x20000070                pidSet
 .data          0x20000110       0xc6 ..\obj\menu.o
 .data.__fdlib_version
                0x200001d6        0x1 C:\Program Files (x86)\GNU Tools ARM Embedded\5.3 2016q1\arm-none-eabi\lib\armv7e-m\libm.a(lib_a-s_lib_ver.o)
                0x200001d6                __fdlib_version
 *fill*         0x200001d7        0x1 
 .data.impure_data
                0x200001d8      0x428 C:\Program Files (x86)\GNU Tools ARM Embedded\5.3 2016q1\arm-none-eabi\lib\armv7e-m\libg.a(lib_a-impure.o)
 .data._impure_ptr
                0x20000600        0x4 C:\Program Files (x86)\GNU Tools ARM Embedded\5.3 2016q1\arm-none-eabi\lib\armv7e-m\libg.a(lib_a-impure.o)
                0x20000600                _impure_ptr
 .data.lconv    0x20000604       0x38 C:\Program Files (x86)\GNU Tools ARM Embedded\5.3 2016q1\arm-none-eabi\lib\armv7e-m\libg.a(lib_a-locale.o)
 .data.__malloc_av_
                0x2000063c      0x408 C:\Program Files (x86)\GNU Tools ARM Embedded\5.3 2016q1\arm-none-eabi\lib\armv7e-m\libg.a(lib_a-mallocr.o)
                0x2000063c                __malloc_av_
 .data.__malloc_trim_threshold
                0x20000a44        0x4 C:\Program Files (x86)\GNU Tools ARM Embedded\5.3 2016q1\arm-none-eabi\lib\armv7e-m\libg.a(lib_a-mallocr.o)
                0x20000a44                __malloc_trim_threshold
 .data.__malloc_sbrk_base
                0x20000a48        0x4 C:\Program Files (x86)\GNU Tools ARM Embedded\5.3 2016q1\arm-none-eabi\lib\armv7e-m\libg.a(lib_a-mallocr.o)
                0x20000a48                __malloc_sbrk_base
                0x20000a4c                . = ALIGN (0x4)
                [!provide]                PROVIDE (__preinit_array_start, .)
 *(.preinit_array)
                [!provide]                PROVIDE (__preinit_array_end, .)
                0x20000a4c                . = ALIGN (0x4)
                [!provide]                PROVIDE (__init_array_start, .)
 *(SORT(.init_array.*))
 *(.init_array)
                [!provide]                PROVIDE (__init_array_end, .)
                0x20000a4c                . = ALIGN (0x4)
                [!provide]                PROVIDE (__fini_array_start, .)
 *(SORT(.fini_array.*))
 *(.fini_array)
                [!provide]                PROVIDE (__fini_array_end, .)
 *(.jcr*)
                0x20000a4c                . = ALIGN (0x4)
                0x20000a4c                __data_end__ = .
                0x20000a4c                _edata = __data_end__

.igot.plt       0x20000a4c        0x0 load address 0x0800a5f0
 .igot.plt      0x20000a4c        0x0 ..\obj\stm32f30x_rcc.o

.bss            0x20000a50      0x288 load address 0x0800a5f8
                0x20000a50                . = ALIGN (0x4)
                0x20000a50                __bss_start__ = .
                0x20000a50                _sbss = __bss_start__
 *(.bss*)
 .bss           0x20000a50       0x64 ..\obj\flash.o
 *fill*         0x20000ab4        0x4 
 .bss           0x20000ab8        0x8 ..\obj\twoPos.o
 .bss           0x20000ac0       0x28 ..\obj\main.o
                0x20000ac0                mode
                0x20000ac2                AUTO
                0x20000ac3                prog
                0x20000ac4                pvRaw
                0x20000ac6                outRaw
                0x20000ac8                pv
                0x20000ad0                sp
 .bss           0x20000ae8        0xd ..\obj\menu.o
 *fill*         0x20000af5        0x3 
 .bss           0x20000af8        0x4 ..\obj\syscalls.o
 .bss           0x20000afc      0x190 ..\obj\misc.o
 *fill*         0x20000c8c        0x4 
 .bss           0x20000c90        0x8 ..\obj\threePos.o
 .bss           0x20000c98        0x8 ..\obj\pid.o
 .bss.__malloc_max_total_mem
                0x20000ca0        0x4 C:\Program Files (x86)\GNU Tools ARM Embedded\5.3 2016q1\arm-none-eabi\lib\armv7e-m\libg.a(lib_a-mallocr.o)
                0x20000ca0                __malloc_max_total_mem
 .bss.__malloc_max_sbrked_mem
                0x20000ca4        0x4 C:\Program Files (x86)\GNU Tools ARM Embedded\5.3 2016q1\arm-none-eabi\lib\armv7e-m\libg.a(lib_a-mallocr.o)
                0x20000ca4                __malloc_max_sbrked_mem
 .bss.__malloc_top_pad
                0x20000ca8        0x4 C:\Program Files (x86)\GNU Tools ARM Embedded\5.3 2016q1\arm-none-eabi\lib\armv7e-m\libg.a(lib_a-mallocr.o)
                0x20000ca8                __malloc_top_pad
 .bss.__malloc_current_mallinfo
                0x20000cac       0x28 C:\Program Files (x86)\GNU Tools ARM Embedded\5.3 2016q1\arm-none-eabi\lib\armv7e-m\libg.a(lib_a-mallocr.o)
                0x20000cac                __malloc_current_mallinfo
 *(COMMON)
 COMMON         0x20000cd4        0x4 C:\Program Files (x86)\GNU Tools ARM Embedded\5.3 2016q1\arm-none-eabi\lib\armv7e-m\libg.a(lib_a-reent.o)
                0x20000cd4                errno
                0x20000cd8                . = ALIGN (0x4)
                0x20000cd8                __bss_end__ = .
                0x20000cd8                _ebss = __bss_end__

.heap           0x20000cd8        0x0
                0x20000cd8                __end__ = .
                0x20000cd8                _end = __end__
                0x20000cd8                end = __end__
 *(.heap*)
                0x20000cd8                __HeapLimit = .

.co_stack       0x20000cd8        0x0
                0x20000cd8                . = ALIGN (0x8)
 *(.co_stack .co_stack.*)
                0x2000a000                __StackTop = (ORIGIN (ram) + LENGTH (ram))
                0x2000a000                __StackLimit = (__StackTop - SIZEOF (.co_stack))
                [!provide]                PROVIDE (__stack, __StackTop)
                0x00000001                ASSERT ((__StackLimit >= __HeapLimit), region ram  overflowed with stack)
LOAD ..\obj\stm32f30x_rcc.o
LOAD ..\obj\stm32f30x_flash.o
LOAD ..\obj\flash.o
LOAD ..\obj\twoPos.o
LOAD ..\obj\stm32f30x_adc.o
LOAD ..\obj\globals.o
LOAD ..\obj\ledDigits.o
LOAD ..\obj\stm32f30x_gpio.o
LOAD ..\obj\main.o
LOAD ..\obj\stm32f30x_dma.o
LOAD ..\obj\init.o
LOAD ..\obj\stm32f30x_exti.o
LOAD ..\obj\menu.o
LOAD ..\obj\system_stm32f30x_temp.o
LOAD ..\obj\syscalls.o
LOAD ..\obj\stm32f30x_misc.o
LOAD ..\obj\stm32f30x_tim.o
LOAD ..\obj\startup_stm32f30x.o
LOAD ..\obj\menuAux.o
LOAD ..\obj\stm32f30x_syscfg.o
LOAD ..\obj\misc.o
LOAD ..\obj\threePos.o
LOAD ..\obj\pid.o
LOAD C:\Program Files (x86)\GNU Tools ARM Embedded\5.3 2016q1\arm-none-eabi\lib\armv7e-m\libm.a
START GROUP
LOAD c:/program files (x86)/gnu tools arm embedded/5.3 2016q1/bin/../lib/gcc/arm-none-eabi/5.3.1/armv7e-m\libgcc.a
LOAD C:\Program Files (x86)\GNU Tools ARM Embedded\5.3 2016q1\arm-none-eabi\lib\armv7e-m\libg.a
LOAD C:\Program Files (x86)\GNU Tools ARM Embedded\5.3 2016q1\arm-none-eabi\lib\armv7e-m\libc.a
END GROUP
OUTPUT(UReg.elf elf32-littlearm)

.debug_info     0x00000000     0x8ebc
 .debug_info    0x00000000      0xacc ..\obj\stm32f30x_rcc.o
 .debug_info    0x00000acc      0x40a ..\obj\flash.o
 .debug_info    0x00000ed6      0x2ae ..\obj\twoPos.o
 .debug_info    0x00001184     0x131f ..\obj\stm32f30x_adc.o
 .debug_info    0x000024a3       0xfb ..\obj\ledDigits.o
 .debug_info    0x0000259e      0x612 ..\obj\stm32f30x_gpio.o
 .debug_info    0x00002bb0      0x829 ..\obj\main.o
 .debug_info    0x000033d9      0x47b ..\obj\stm32f30x_dma.o
 .debug_info    0x00003854      0xe0d ..\obj\init.o
 .debug_info    0x00004661      0x3c4 ..\obj\stm32f30x_exti.o
 .debug_info    0x00004a25      0x2d1 ..\obj\menu.o
 .debug_info    0x00004cf6      0x4bb ..\obj\system_stm32f30x_temp.o
 .debug_info    0x000051b1      0x3f5 ..\obj\syscalls.o
 .debug_info    0x000055a6      0x556 ..\obj\stm32f30x_misc.o
 .debug_info    0x00005afc     0x218c ..\obj\stm32f30x_tim.o
 .debug_info    0x00007c88       0x82 ..\obj\startup_stm32f30x.o
 .debug_info    0x00007d0a      0x591 ..\obj\menuAux.o
 .debug_info    0x0000829b      0x3ce ..\obj\stm32f30x_syscfg.o
 .debug_info    0x00008669      0x31e ..\obj\misc.o
 .debug_info    0x00008987      0x31b ..\obj\threePos.o
 .debug_info    0x00008ca2      0x21a ..\obj\pid.o

.debug_abbrev   0x00000000     0x19fa
 .debug_abbrev  0x00000000      0x1e5 ..\obj\stm32f30x_rcc.o
 .debug_abbrev  0x000001e5       0xfa ..\obj\flash.o
 .debug_abbrev  0x000002df      0x13d ..\obj\twoPos.o
 .debug_abbrev  0x0000041c      0x192 ..\obj\stm32f30x_adc.o
 .debug_abbrev  0x000005ae       0x94 ..\obj\ledDigits.o
 .debug_abbrev  0x00000642      0x198 ..\obj\stm32f30x_gpio.o
 .debug_abbrev  0x000007da      0x125 ..\obj\main.o
 .debug_abbrev  0x000008ff      0x157 ..\obj\stm32f30x_dma.o
 .debug_abbrev  0x00000a56      0x187 ..\obj\init.o
 .debug_abbrev  0x00000bdd      0x17e ..\obj\stm32f30x_exti.o
 .debug_abbrev  0x00000d5b      0x13e ..\obj\menu.o
 .debug_abbrev  0x00000e99      0x147 ..\obj\system_stm32f30x_temp.o
 .debug_abbrev  0x00000fe0       0xe5 ..\obj\syscalls.o
 .debug_abbrev  0x000010c5      0x147 ..\obj\stm32f30x_misc.o
 .debug_abbrev  0x0000120c      0x189 ..\obj\stm32f30x_tim.o
 .debug_abbrev  0x00001395       0x12 ..\obj\startup_stm32f30x.o
 .debug_abbrev  0x000013a7      0x15c ..\obj\menuAux.o
 .debug_abbrev  0x00001503      0x183 ..\obj\stm32f30x_syscfg.o
 .debug_abbrev  0x00001686      0x146 ..\obj\misc.o
 .debug_abbrev  0x000017cc      0x13d ..\obj\threePos.o
 .debug_abbrev  0x00001909       0xf1 ..\obj\pid.o

.debug_aranges  0x00000000      0xc58
 .debug_aranges
                0x00000000      0x150 ..\obj\stm32f30x_rcc.o
 .debug_aranges
                0x00000150       0x28 ..\obj\flash.o
 .debug_aranges
                0x00000178       0x30 ..\obj\twoPos.o
 .debug_aranges
                0x000001a8      0x210 ..\obj\stm32f30x_adc.o
 .debug_aranges
                0x000003b8       0x28 ..\obj\ledDigits.o
 .debug_aranges
                0x000003e0       0x80 ..\obj\stm32f30x_gpio.o
 .debug_aranges
                0x00000460       0x40 ..\obj\main.o
 .debug_aranges
                0x000004a0       0x70 ..\obj\stm32f30x_dma.o
 .debug_aranges
                0x00000510       0x58 ..\obj\init.o
 .debug_aranges
                0x00000568       0x58 ..\obj\stm32f30x_exti.o
 .debug_aranges
                0x000005c0       0x68 ..\obj\menu.o
 .debug_aranges
                0x00000628       0x30 ..\obj\system_stm32f30x_temp.o
 .debug_aranges
                0x00000658       0x60 ..\obj\syscalls.o
 .debug_aranges
                0x000006b8       0x40 ..\obj\stm32f30x_misc.o
 .debug_aranges
                0x000006f8      0x3a8 ..\obj\stm32f30x_tim.o
 .debug_aranges
                0x00000aa0       0x28 ..\obj\startup_stm32f30x.o
 .debug_aranges
                0x00000ac8       0x60 ..\obj\menuAux.o
 .debug_aranges
                0x00000b28       0x88 ..\obj\stm32f30x_syscfg.o
 .debug_aranges
                0x00000bb0       0x38 ..\obj\misc.o
 .debug_aranges
                0x00000be8       0x38 ..\obj\threePos.o
 .debug_aranges
                0x00000c20       0x38 ..\obj\pid.o

.debug_ranges   0x00000000      0xb10
 .debug_ranges  0x00000000      0x140 ..\obj\stm32f30x_rcc.o
 .debug_ranges  0x00000140       0x18 ..\obj\flash.o
 .debug_ranges  0x00000158       0x20 ..\obj\twoPos.o
 .debug_ranges  0x00000178      0x200 ..\obj\stm32f30x_adc.o
 .debug_ranges  0x00000378       0x18 ..\obj\ledDigits.o
 .debug_ranges  0x00000390       0x70 ..\obj\stm32f30x_gpio.o
 .debug_ranges  0x00000400       0x30 ..\obj\main.o
 .debug_ranges  0x00000430       0x60 ..\obj\stm32f30x_dma.o
 .debug_ranges  0x00000490       0x48 ..\obj\init.o
 .debug_ranges  0x000004d8       0x48 ..\obj\stm32f30x_exti.o
 .debug_ranges  0x00000520       0x58 ..\obj\menu.o
 .debug_ranges  0x00000578       0x20 ..\obj\system_stm32f30x_temp.o
 .debug_ranges  0x00000598       0x50 ..\obj\syscalls.o
 .debug_ranges  0x000005e8       0x30 ..\obj\stm32f30x_misc.o
 .debug_ranges  0x00000618      0x398 ..\obj\stm32f30x_tim.o
 .debug_ranges  0x000009b0       0x20 ..\obj\startup_stm32f30x.o
 .debug_ranges  0x000009d0       0x50 ..\obj\menuAux.o
 .debug_ranges  0x00000a20       0x78 ..\obj\stm32f30x_syscfg.o
 .debug_ranges  0x00000a98       0x28 ..\obj\misc.o
 .debug_ranges  0x00000ac0       0x28 ..\obj\threePos.o
 .debug_ranges  0x00000ae8       0x28 ..\obj\pid.o

.debug_line     0x00000000     0x407d
 .debug_line    0x00000000      0x56c ..\obj\stm32f30x_rcc.o
 .debug_line    0x0000056c      0x1d6 ..\obj\flash.o
 .debug_line    0x00000742      0x1c3 ..\obj\twoPos.o
 .debug_line    0x00000905      0x7a7 ..\obj\stm32f30x_adc.o
 .debug_line    0x000010ac      0x157 ..\obj\ledDigits.o
 .debug_line    0x00001203      0x307 ..\obj\stm32f30x_gpio.o
 .debug_line    0x0000150a      0x319 ..\obj\main.o
 .debug_line    0x00001823      0x303 ..\obj\stm32f30x_dma.o
 .debug_line    0x00001b26      0x338 ..\obj\init.o
 .debug_line    0x00001e5e      0x281 ..\obj\stm32f30x_exti.o
 .debug_line    0x000020df      0x223 ..\obj\menu.o
 .debug_line    0x00002302      0x1df ..\obj\system_stm32f30x_temp.o
 .debug_line    0x000024e1      0x172 ..\obj\syscalls.o
 .debug_line    0x00002653      0x222 ..\obj\stm32f30x_misc.o
 .debug_line    0x00002875      0xc76 ..\obj\stm32f30x_tim.o
 .debug_line    0x000034eb       0x96 ..\obj\startup_stm32f30x.o
 .debug_line    0x00003581      0x2dc ..\obj\menuAux.o
 .debug_line    0x0000385d      0x296 ..\obj\stm32f30x_syscfg.o
 .debug_line    0x00003af3      0x1d5 ..\obj\misc.o
 .debug_line    0x00003cc8      0x204 ..\obj\threePos.o
 .debug_line    0x00003ecc      0x1b1 ..\obj\pid.o

.debug_str      0x00000000     0x3683
 .debug_str     0x00000000      0x759 ..\obj\stm32f30x_rcc.o
                                0x7ea (size before relaxing)
 .debug_str     0x00000759      0x153 ..\obj\flash.o
                                0x304 (size before relaxing)
 .debug_str     0x000008ac       0xc0 ..\obj\twoPos.o
                                0x29a (size before relaxing)
 .debug_str     0x0000096c      0x994 ..\obj\stm32f30x_adc.o
                                0xb86 (size before relaxing)
 .debug_str     0x00001300       0x47 ..\obj\ledDigits.o
                                0x196 (size before relaxing)
 .debug_str     0x00001347      0x2ba ..\obj\stm32f30x_gpio.o
                                0x495 (size before relaxing)
 .debug_str     0x00001601      0x193 ..\obj\main.o
                                0x494 (size before relaxing)
 .debug_str     0x00001794      0x210 ..\obj\stm32f30x_dma.o
                                0x3b3 (size before relaxing)
 .debug_str     0x000019a4      0x752 ..\obj\init.o
                                0xd92 (size before relaxing)
 .debug_str     0x000020f6      0x116 ..\obj\stm32f30x_exti.o
                                0x376 (size before relaxing)
 .debug_str     0x0000220c       0xd4 ..\obj\menu.o
                                0x269 (size before relaxing)
 .debug_str     0x000022e0       0xe6 ..\obj\system_stm32f30x_temp.o
                                0x300 (size before relaxing)
 .debug_str     0x000023c6      0x14f ..\obj\syscalls.o
                                0x2b3 (size before relaxing)
 .debug_str     0x00002515      0x11f ..\obj\stm32f30x_misc.o
                                0x3c4 (size before relaxing)
 .debug_str     0x00002634      0xbd6 ..\obj\stm32f30x_tim.o
                                0xf6d (size before relaxing)
 .debug_str     0x0000320a       0xe7 ..\obj\menuAux.o
                                0x38e (size before relaxing)
 .debug_str     0x000032f1      0x25f ..\obj\stm32f30x_syscfg.o
                                0x3f6 (size before relaxing)
 .debug_str     0x00003550       0x6a ..\obj\misc.o
                                0x2ac (size before relaxing)
 .debug_str     0x000035ba       0x7d ..\obj\threePos.o
                                0x2fa (size before relaxing)
 .debug_str     0x00003637       0x4c ..\obj\pid.o
                                0x203 (size before relaxing)

.comment        0x00000000       0x6e
 .comment       0x00000000       0x6e ..\obj\stm32f30x_rcc.o
                                 0x6f (size before relaxing)
 .comment       0x0000006e       0x6f ..\obj\flash.o
 .comment       0x0000006e       0x6f ..\obj\twoPos.o
 .comment       0x0000006e       0x6f ..\obj\stm32f30x_adc.o
 .comment       0x0000006e       0x6f ..\obj\ledDigits.o
 .comment       0x0000006e       0x6f ..\obj\stm32f30x_gpio.o
 .comment       0x0000006e       0x6f ..\obj\main.o
 .comment       0x0000006e       0x6f ..\obj\stm32f30x_dma.o
 .comment       0x0000006e       0x6f ..\obj\init.o
 .comment       0x0000006e       0x6f ..\obj\stm32f30x_exti.o
 .comment       0x0000006e       0x6f ..\obj\menu.o
 .comment       0x0000006e       0x6f ..\obj\system_stm32f30x_temp.o
 .comment       0x0000006e       0x6f ..\obj\syscalls.o
 .comment       0x0000006e       0x6f ..\obj\stm32f30x_misc.o
 .comment       0x0000006e       0x6f ..\obj\stm32f30x_tim.o
 .comment       0x0000006e       0x6f ..\obj\menuAux.o
 .comment       0x0000006e       0x6f ..\obj\stm32f30x_syscfg.o
 .comment       0x0000006e       0x6f ..\obj\misc.o
 .comment       0x0000006e       0x6f ..\obj\threePos.o
 .comment       0x0000006e       0x6f ..\obj\pid.o

.ARM.attributes
                0x00000000       0x31
 .ARM.attributes
                0x00000000       0x33 ..\obj\stm32f30x_rcc.o
 .ARM.attributes
                0x00000033       0x33 ..\obj\flash.o
 .ARM.attributes
                0x00000066       0x33 ..\obj\twoPos.o
 .ARM.attributes
                0x00000099       0x33 ..\obj\stm32f30x_adc.o
 .ARM.attributes
                0x000000cc       0x33 ..\obj\ledDigits.o
 .ARM.attributes
                0x000000ff       0x33 ..\obj\stm32f30x_gpio.o
 .ARM.attributes
                0x00000132       0x33 ..\obj\main.o
 .ARM.attributes
                0x00000165       0x33 ..\obj\stm32f30x_dma.o
 .ARM.attributes
                0x00000198       0x33 ..\obj\init.o
 .ARM.attributes
                0x000001cb       0x33 ..\obj\stm32f30x_exti.o
 .ARM.attributes
                0x000001fe       0x33 ..\obj\menu.o
 .ARM.attributes
                0x00000231       0x33 ..\obj\system_stm32f30x_temp.o
 .ARM.attributes
                0x00000264       0x33 ..\obj\syscalls.o
 .ARM.attributes
                0x00000297       0x33 ..\obj\stm32f30x_misc.o
 .ARM.attributes
                0x000002ca       0x33 ..\obj\stm32f30x_tim.o
 .ARM.attributes
                0x000002fd       0x21 ..\obj\startup_stm32f30x.o
 .ARM.attributes
                0x0000031e       0x33 ..\obj\menuAux.o
 .ARM.attributes
                0x00000351       0x33 ..\obj\stm32f30x_syscfg.o
 .ARM.attributes
                0x00000384       0x33 ..\obj\misc.o
 .ARM.attributes
                0x000003b7       0x33 ..\obj\threePos.o
 .ARM.attributes
                0x000003ea       0x33 ..\obj\pid.o
 .ARM.attributes
                0x0000041d       0x2e C:\Program Files (x86)\GNU Tools ARM Embedded\5.3 2016q1\arm-none-eabi\lib\armv7e-m\libm.a(lib_a-w_pow.o)
 .ARM.attributes
                0x0000044b       0x2e C:\Program Files (x86)\GNU Tools ARM Embedded\5.3 2016q1\arm-none-eabi\lib\armv7e-m\libm.a(lib_a-e_pow.o)
 .ARM.attributes
                0x00000479       0x2e C:\Program Files (x86)\GNU Tools ARM Embedded\5.3 2016q1\arm-none-eabi\lib\armv7e-m\libm.a(lib_a-e_sqrt.o)
 .ARM.attributes
                0x000004a7       0x2e C:\Program Files (x86)\GNU Tools ARM Embedded\5.3 2016q1\arm-none-eabi\lib\armv7e-m\libm.a(lib_a-s_fabs.o)
 .ARM.attributes
                0x000004d5       0x2e C:\Program Files (x86)\GNU Tools ARM Embedded\5.3 2016q1\arm-none-eabi\lib\armv7e-m\libm.a(lib_a-s_finite.o)
 .ARM.attributes
                0x00000503       0x2e C:\Program Files (x86)\GNU Tools ARM Embedded\5.3 2016q1\arm-none-eabi\lib\armv7e-m\libm.a(lib_a-s_lib_ver.o)
 .ARM.attributes
                0x00000531       0x2e C:\Program Files (x86)\GNU Tools ARM Embedded\5.3 2016q1\arm-none-eabi\lib\armv7e-m\libm.a(lib_a-s_matherr.o)
 .ARM.attributes
                0x0000055f       0x2e C:\Program Files (x86)\GNU Tools ARM Embedded\5.3 2016q1\arm-none-eabi\lib\armv7e-m\libm.a(lib_a-s_nan.o)
 .ARM.attributes
                0x0000058d       0x2e C:\Program Files (x86)\GNU Tools ARM Embedded\5.3 2016q1\arm-none-eabi\lib\armv7e-m\libm.a(lib_a-s_rint.o)
 .ARM.attributes
                0x000005bb       0x2e C:\Program Files (x86)\GNU Tools ARM Embedded\5.3 2016q1\arm-none-eabi\lib\armv7e-m\libm.a(lib_a-s_scalbn.o)
 .ARM.attributes
                0x000005e9       0x2e C:\Program Files (x86)\GNU Tools ARM Embedded\5.3 2016q1\arm-none-eabi\lib\armv7e-m\libm.a(lib_a-s_copysign.o)
 .ARM.attributes
                0x00000617       0x1e c:/program files (x86)/gnu tools arm embedded/5.3 2016q1/bin/../lib/gcc/arm-none-eabi/5.3.1/armv7e-m\libgcc.a(_arm_addsubdf3.o)
 .ARM.attributes
                0x00000635       0x1e c:/program files (x86)/gnu tools arm embedded/5.3 2016q1/bin/../lib/gcc/arm-none-eabi/5.3.1/armv7e-m\libgcc.a(_arm_muldivdf3.o)
 .ARM.attributes
                0x00000653       0x1e c:/program files (x86)/gnu tools arm embedded/5.3 2016q1/bin/../lib/gcc/arm-none-eabi/5.3.1/armv7e-m\libgcc.a(_arm_cmpdf2.o)
 .ARM.attributes
                0x00000671       0x1e c:/program files (x86)/gnu tools arm embedded/5.3 2016q1/bin/../lib/gcc/arm-none-eabi/5.3.1/armv7e-m\libgcc.a(_arm_unorddf2.o)
 .ARM.attributes
                0x0000068f       0x1e c:/program files (x86)/gnu tools arm embedded/5.3 2016q1/bin/../lib/gcc/arm-none-eabi/5.3.1/armv7e-m\libgcc.a(_arm_fixdfsi.o)
 .ARM.attributes
                0x000006ad       0x1e c:/program files (x86)/gnu tools arm embedded/5.3 2016q1/bin/../lib/gcc/arm-none-eabi/5.3.1/armv7e-m\libgcc.a(_arm_fixunsdfsi.o)
 .ARM.attributes
                0x000006cb       0x1e c:/program files (x86)/gnu tools arm embedded/5.3 2016q1/bin/../lib/gcc/arm-none-eabi/5.3.1/armv7e-m\libgcc.a(_arm_addsubsf3.o)
 .ARM.attributes
                0x000006e9       0x1e c:/program files (x86)/gnu tools arm embedded/5.3 2016q1/bin/../lib/gcc/arm-none-eabi/5.3.1/armv7e-m\libgcc.a(_arm_cmpsf2.o)
 .ARM.attributes
                0x00000707       0x1e c:/program files (x86)/gnu tools arm embedded/5.3 2016q1/bin/../lib/gcc/arm-none-eabi/5.3.1/armv7e-m\libgcc.a(_arm_fixsfsi.o)
 .ARM.attributes
                0x00000725       0x1e c:/program files (x86)/gnu tools arm embedded/5.3 2016q1/bin/../lib/gcc/arm-none-eabi/5.3.1/armv7e-m\libgcc.a(_arm_fixunssfsi.o)
 .ARM.attributes
                0x00000743       0x2e C:\Program Files (x86)\GNU Tools ARM Embedded\5.3 2016q1\arm-none-eabi\lib\armv7e-m\libg.a(lib_a-errno.o)
 .ARM.attributes
                0x00000771       0x2e C:\Program Files (x86)\GNU Tools ARM Embedded\5.3 2016q1\arm-none-eabi\lib\armv7e-m\libg.a(lib_a-impure.o)
 .ARM.attributes
                0x0000079f       0x2e C:\Program Files (x86)\GNU Tools ARM Embedded\5.3 2016q1\arm-none-eabi\lib\armv7e-m\libg.a(lib_a-sprintf.o)
 .ARM.attributes
                0x000007cd       0x2e C:\Program Files (x86)\GNU Tools ARM Embedded\5.3 2016q1\arm-none-eabi\lib\armv7e-m\libg.a(lib_a-svfprintf.o)
 .ARM.attributes
                0x000007fb       0x2e C:\Program Files (x86)\GNU Tools ARM Embedded\5.3 2016q1\arm-none-eabi\lib\armv7e-m\libg.a(lib_a-dtoa.o)
 .ARM.attributes
                0x00000829       0x2e C:\Program Files (x86)\GNU Tools ARM Embedded\5.3 2016q1\arm-none-eabi\lib\armv7e-m\libg.a(lib_a-locale.o)
 .ARM.attributes
                0x00000857       0x2e C:\Program Files (x86)\GNU Tools ARM Embedded\5.3 2016q1\arm-none-eabi\lib\armv7e-m\libg.a(lib_a-mallocr.o)
 .ARM.attributes
                0x00000885       0x1c C:\Program Files (x86)\GNU Tools ARM Embedded\5.3 2016q1\arm-none-eabi\lib\armv7e-m\libg.a(lib_a-memchr.o)
 .ARM.attributes
                0x000008a1       0x1c C:\Program Files (x86)\GNU Tools ARM Embedded\5.3 2016q1\arm-none-eabi\lib\armv7e-m\libg.a(lib_a-memcpy.o)
 .ARM.attributes
                0x000008bd       0x2e C:\Program Files (x86)\GNU Tools ARM Embedded\5.3 2016q1\arm-none-eabi\lib\armv7e-m\libg.a(lib_a-mlock.o)
 .ARM.attributes
                0x000008eb       0x2e C:\Program Files (x86)\GNU Tools ARM Embedded\5.3 2016q1\arm-none-eabi\lib\armv7e-m\libg.a(lib_a-mprec.o)
 .ARM.attributes
                0x00000919       0x2e C:\Program Files (x86)\GNU Tools ARM Embedded\5.3 2016q1\arm-none-eabi\lib\armv7e-m\libg.a(lib_a-sbrkr.o)
 .ARM.attributes
                0x00000947       0x1c C:\Program Files (x86)\GNU Tools ARM Embedded\5.3 2016q1\arm-none-eabi\lib\armv7e-m\libg.a(lib_a-strlen.o)
 .ARM.attributes
                0x00000963       0x2e C:\Program Files (x86)\GNU Tools ARM Embedded\5.3 2016q1\arm-none-eabi\lib\armv7e-m\libg.a(lib_a-svfiprintf.o)
 .ARM.attributes
                0x00000991       0x2e C:\Program Files (x86)\GNU Tools ARM Embedded\5.3 2016q1\arm-none-eabi\lib\armv7e-m\libg.a(lib_a-callocr.o)
 .ARM.attributes
                0x000009bf       0x2e C:\Program Files (x86)\GNU Tools ARM Embedded\5.3 2016q1\arm-none-eabi\lib\armv7e-m\libg.a(lib_a-freer.o)
 .ARM.attributes
                0x000009ed       0x2e C:\Program Files (x86)\GNU Tools ARM Embedded\5.3 2016q1\arm-none-eabi\lib\armv7e-m\libg.a(lib_a-memmove.o)
 .ARM.attributes
                0x00000a1b       0x2e C:\Program Files (x86)\GNU Tools ARM Embedded\5.3 2016q1\arm-none-eabi\lib\armv7e-m\libg.a(lib_a-memset.o)
 .ARM.attributes
                0x00000a49       0x2e C:\Program Files (x86)\GNU Tools ARM Embedded\5.3 2016q1\arm-none-eabi\lib\armv7e-m\libg.a(lib_a-reallocr.o)
 .ARM.attributes
                0x00000a77       0x2e C:\Program Files (x86)\GNU Tools ARM Embedded\5.3 2016q1\arm-none-eabi\lib\armv7e-m\libg.a(lib_a-reent.o)
 .ARM.attributes
                0x00000aa5       0x1e c:/program files (x86)/gnu tools arm embedded/5.3 2016q1/bin/../lib/gcc/arm-none-eabi/5.3.1/armv7e-m\libgcc.a(_aeabi_uldivmod.o)
 .ARM.attributes
                0x00000ac3       0x2e c:/program files (x86)/gnu tools arm embedded/5.3 2016q1/bin/../lib/gcc/arm-none-eabi/5.3.1/armv7e-m\libgcc.a(_udivmoddi4.o)
 .ARM.attributes
                0x00000af1       0x1e c:/program files (x86)/gnu tools arm embedded/5.3 2016q1/bin/../lib/gcc/arm-none-eabi/5.3.1/armv7e-m\libgcc.a(_dvmd_tls.o)

.debug_frame    0x00000000     0x3d40
 .debug_frame   0x00000000      0x60c ..\obj\stm32f30x_rcc.o
 .debug_frame   0x0000060c       0x58 ..\obj\flash.o
 .debug_frame   0x00000664       0x78 ..\obj\twoPos.o
 .debug_frame   0x000006dc      0x9e4 ..\obj\stm32f30x_adc.o
 .debug_frame   0x000010c0       0x5c ..\obj\ledDigits.o
 .debug_frame   0x0000111c      0x214 ..\obj\stm32f30x_gpio.o
 .debug_frame   0x00001330       0xb0 ..\obj\main.o
 .debug_frame   0x000013e0      0x1c8 ..\obj\stm32f30x_dma.o
 .debug_frame   0x000015a8      0x134 ..\obj\init.o
 .debug_frame   0x000016dc      0x148 ..\obj\stm32f30x_exti.o
 .debug_frame   0x00001824      0x160 ..\obj\menu.o
 .debug_frame   0x00001984       0x7c ..\obj\system_stm32f30x_temp.o
 .debug_frame   0x00001a00      0x168 ..\obj\syscalls.o
 .debug_frame   0x00001b68       0xd8 ..\obj\stm32f30x_misc.o
 .debug_frame   0x00001c40     0x11c4 ..\obj\stm32f30x_tim.o
 .debug_frame   0x00002e04      0x178 ..\obj\menuAux.o
 .debug_frame   0x00002f7c      0x230 ..\obj\stm32f30x_syscfg.o
 .debug_frame   0x000031ac       0xa4 ..\obj\misc.o
 .debug_frame   0x00003250       0x9c ..\obj\threePos.o
 .debug_frame   0x000032ec       0xac ..\obj\pid.o
 .debug_frame   0x00003398       0x4c C:\Program Files (x86)\GNU Tools ARM Embedded\5.3 2016q1\arm-none-eabi\lib\armv7e-m\libm.a(lib_a-w_pow.o)
 .debug_frame   0x000033e4       0x68 C:\Program Files (x86)\GNU Tools ARM Embedded\5.3 2016q1\arm-none-eabi\lib\armv7e-m\libm.a(lib_a-e_pow.o)
 .debug_frame   0x0000344c       0x34 C:\Program Files (x86)\GNU Tools ARM Embedded\5.3 2016q1\arm-none-eabi\lib\armv7e-m\libm.a(lib_a-e_sqrt.o)
 .debug_frame   0x00003480       0x20 C:\Program Files (x86)\GNU Tools ARM Embedded\5.3 2016q1\arm-none-eabi\lib\armv7e-m\libm.a(lib_a-s_fabs.o)
 .debug_frame   0x000034a0       0x20 C:\Program Files (x86)\GNU Tools ARM Embedded\5.3 2016q1\arm-none-eabi\lib\armv7e-m\libm.a(lib_a-s_finite.o)
 .debug_frame   0x000034c0       0x20 C:\Program Files (x86)\GNU Tools ARM Embedded\5.3 2016q1\arm-none-eabi\lib\armv7e-m\libm.a(lib_a-s_matherr.o)
 .debug_frame   0x000034e0       0x20 C:\Program Files (x86)\GNU Tools ARM Embedded\5.3 2016q1\arm-none-eabi\lib\armv7e-m\libm.a(lib_a-s_nan.o)
 .debug_frame   0x00003500       0x3c C:\Program Files (x86)\GNU Tools ARM Embedded\5.3 2016q1\arm-none-eabi\lib\armv7e-m\libm.a(lib_a-s_rint.o)
 .debug_frame   0x0000353c       0x30 C:\Program Files (x86)\GNU Tools ARM Embedded\5.3 2016q1\arm-none-eabi\lib\armv7e-m\libm.a(lib_a-s_scalbn.o)
 .debug_frame   0x0000356c       0x20 C:\Program Files (x86)\GNU Tools ARM Embedded\5.3 2016q1\arm-none-eabi\lib\armv7e-m\libm.a(lib_a-s_copysign.o)
 .debug_frame   0x0000358c       0x20 C:\Program Files (x86)\GNU Tools ARM Embedded\5.3 2016q1\arm-none-eabi\lib\armv7e-m\libg.a(lib_a-errno.o)
 .debug_frame   0x000035ac       0x84 C:\Program Files (x86)\GNU Tools ARM Embedded\5.3 2016q1\arm-none-eabi\lib\armv7e-m\libg.a(lib_a-sprintf.o)
 .debug_frame   0x00003630       0x44 C:\Program Files (x86)\GNU Tools ARM Embedded\5.3 2016q1\arm-none-eabi\lib\armv7e-m\libg.a(lib_a-svfprintf.o)
 .debug_frame   0x00003674       0x88 C:\Program Files (x86)\GNU Tools ARM Embedded\5.3 2016q1\arm-none-eabi\lib\armv7e-m\libg.a(lib_a-dtoa.o)
 .debug_frame   0x000036fc       0x9c C:\Program Files (x86)\GNU Tools ARM Embedded\5.3 2016q1\arm-none-eabi\lib\armv7e-m\libg.a(lib_a-locale.o)
 .debug_frame   0x00003798       0x58 C:\Program Files (x86)\GNU Tools ARM Embedded\5.3 2016q1\arm-none-eabi\lib\armv7e-m\libg.a(lib_a-mallocr.o)
 .debug_frame   0x000037f0       0x30 C:\Program Files (x86)\GNU Tools ARM Embedded\5.3 2016q1\arm-none-eabi\lib\armv7e-m\libg.a(lib_a-mlock.o)
 .debug_frame   0x00003820      0x264 C:\Program Files (x86)\GNU Tools ARM Embedded\5.3 2016q1\arm-none-eabi\lib\armv7e-m\libg.a(lib_a-mprec.o)
 .debug_frame   0x00003a84       0x2c C:\Program Files (x86)\GNU Tools ARM Embedded\5.3 2016q1\arm-none-eabi\lib\armv7e-m\libg.a(lib_a-sbrkr.o)
 .debug_frame   0x00003ab0       0x78 C:\Program Files (x86)\GNU Tools ARM Embedded\5.3 2016q1\arm-none-eabi\lib\armv7e-m\libg.a(lib_a-svfiprintf.o)
 .debug_frame   0x00003b28       0x28 C:\Program Files (x86)\GNU Tools ARM Embedded\5.3 2016q1\arm-none-eabi\lib\armv7e-m\libg.a(lib_a-callocr.o)
 .debug_frame   0x00003b50       0x74 C:\Program Files (x86)\GNU Tools ARM Embedded\5.3 2016q1\arm-none-eabi\lib\armv7e-m\libg.a(lib_a-freer.o)
 .debug_frame   0x00003bc4       0x30 C:\Program Files (x86)\GNU Tools ARM Embedded\5.3 2016q1\arm-none-eabi\lib\armv7e-m\libg.a(lib_a-memmove.o)
 .debug_frame   0x00003bf4       0x34 C:\Program Files (x86)\GNU Tools ARM Embedded\5.3 2016q1\arm-none-eabi\lib\armv7e-m\libg.a(lib_a-memset.o)
 .debug_frame   0x00003c28       0x60 C:\Program Files (x86)\GNU Tools ARM Embedded\5.3 2016q1\arm-none-eabi\lib\armv7e-m\libg.a(lib_a-reallocr.o)
 .debug_frame   0x00003c88       0x58 C:\Program Files (x86)\GNU Tools ARM Embedded\5.3 2016q1\arm-none-eabi\lib\armv7e-m\libg.a(lib_a-reent.o)
 .debug_frame   0x00003ce0       0x2c c:/program files (x86)/gnu tools arm embedded/5.3 2016q1/bin/../lib/gcc/arm-none-eabi/5.3.1/armv7e-m\libgcc.a(_aeabi_uldivmod.o)
 .debug_frame   0x00003d0c       0x34 c:/program files (x86)/gnu tools arm embedded/5.3 2016q1/bin/../lib/gcc/arm-none-eabi/5.3.1/armv7e-m\libgcc.a(_udivmoddi4.o)
