Archive member included to satisfy reference by file (symbol)

C:\Program Files (x86)\GNU Tools ARM Embedded\5.3 2016q1\arm-none-eabi\lib\armv7e-m\libm.a(lib_a-w_pow.o)
                              ..\obj\menu.o (pow)
C:\Program Files (x86)\GNU Tools ARM Embedded\5.3 2016q1\arm-none-eabi\lib\armv7e-m\libm.a(lib_a-e_pow.o)
                              C:\Program Files (x86)\GNU Tools ARM Embedded\5.3 2016q1\arm-none-eabi\lib\armv7e-m\libm.a(lib_a-w_pow.o) (__ieee754_pow)
C:\Program Files (x86)\GNU Tools ARM Embedded\5.3 2016q1\arm-none-eabi\lib\armv7e-m\libm.a(lib_a-e_sqrt.o)
                              C:\Program Files (x86)\GNU Tools ARM Embedded\5.3 2016q1\arm-none-eabi\lib\armv7e-m\libm.a(lib_a-e_pow.o) (__ieee754_sqrt)
C:\Program Files (x86)\GNU Tools ARM Embedded\5.3 2016q1\arm-none-eabi\lib\armv7e-m\libm.a(lib_a-s_fabs.o)
                              C:\Program Files (x86)\GNU Tools ARM Embedded\5.3 2016q1\arm-none-eabi\lib\armv7e-m\libm.a(lib_a-e_pow.o) (fabs)
C:\Program Files (x86)\GNU Tools ARM Embedded\5.3 2016q1\arm-none-eabi\lib\armv7e-m\libm.a(lib_a-s_finite.o)
                              C:\Program Files (x86)\GNU Tools ARM Embedded\5.3 2016q1\arm-none-eabi\lib\armv7e-m\libm.a(lib_a-w_pow.o) (finite)
C:\Program Files (x86)\GNU Tools ARM Embedded\5.3 2016q1\arm-none-eabi\lib\armv7e-m\libm.a(lib_a-s_lib_ver.o)
                              C:\Program Files (x86)\GNU Tools ARM Embedded\5.3 2016q1\arm-none-eabi\lib\armv7e-m\libm.a(lib_a-w_pow.o) (__fdlib_version)
C:\Program Files (x86)\GNU Tools ARM Embedded\5.3 2016q1\arm-none-eabi\lib\armv7e-m\libm.a(lib_a-s_matherr.o)
                              C:\Program Files (x86)\GNU Tools ARM Embedded\5.3 2016q1\arm-none-eabi\lib\armv7e-m\libm.a(lib_a-w_pow.o) (matherr)
C:\Program Files (x86)\GNU Tools ARM Embedded\5.3 2016q1\arm-none-eabi\lib\armv7e-m\libm.a(lib_a-s_nan.o)
                              C:\Program Files (x86)\GNU Tools ARM Embedded\5.3 2016q1\arm-none-eabi\lib\armv7e-m\libm.a(lib_a-e_pow.o) (nan)
C:\Program Files (x86)\GNU Tools ARM Embedded\5.3 2016q1\arm-none-eabi\lib\armv7e-m\libm.a(lib_a-s_rint.o)
                              C:\Program Files (x86)\GNU Tools ARM Embedded\5.3 2016q1\arm-none-eabi\lib\armv7e-m\libm.a(lib_a-w_pow.o) (rint)
C:\Program Files (x86)\GNU Tools ARM Embedded\5.3 2016q1\arm-none-eabi\lib\armv7e-m\libm.a(lib_a-s_scalbn.o)
                              C:\Program Files (x86)\GNU Tools ARM Embedded\5.3 2016q1\arm-none-eabi\lib\armv7e-m\libm.a(lib_a-e_pow.o) (scalbn)
C:\Program Files (x86)\GNU Tools ARM Embedded\5.3 2016q1\arm-none-eabi\lib\armv7e-m\libm.a(lib_a-s_copysign.o)
                              C:\Program Files (x86)\GNU Tools ARM Embedded\5.3 2016q1\arm-none-eabi\lib\armv7e-m\libm.a(lib_a-s_scalbn.o) (copysign)
c:/program files (x86)/gnu tools arm embedded/5.3 2016q1/bin/../lib/gcc/arm-none-eabi/5.3.1/armv7e-m\libgcc.a(_arm_addsubdf3.o)
                              ..\obj\twoPos.o (__aeabi_dsub)
c:/program files (x86)/gnu tools arm embedded/5.3 2016q1/bin/../lib/gcc/arm-none-eabi/5.3.1/armv7e-m\libgcc.a(_arm_muldivdf3.o)
                              ..\obj\main.o (__aeabi_dmul)
c:/program files (x86)/gnu tools arm embedded/5.3 2016q1/bin/../lib/gcc/arm-none-eabi/5.3.1/armv7e-m\libgcc.a(_arm_cmpdf2.o)
                              ..\obj\pid.o (__aeabi_dcmpeq)
c:/program files (x86)/gnu tools arm embedded/5.3 2016q1/bin/../lib/gcc/arm-none-eabi/5.3.1/armv7e-m\libgcc.a(_arm_unorddf2.o)
                              C:\Program Files (x86)\GNU Tools ARM Embedded\5.3 2016q1\arm-none-eabi\lib\armv7e-m\libm.a(lib_a-w_pow.o) (__aeabi_dcmpun)
c:/program files (x86)/gnu tools arm embedded/5.3 2016q1/bin/../lib/gcc/arm-none-eabi/5.3.1/armv7e-m\libgcc.a(_arm_fixdfsi.o)
                              ..\obj\menu.o (__aeabi_d2iz)
c:/program files (x86)/gnu tools arm embedded/5.3 2016q1/bin/../lib/gcc/arm-none-eabi/5.3.1/armv7e-m\libgcc.a(_arm_fixunsdfsi.o)
                              ..\obj\main.o (__aeabi_d2uiz)
C:\Program Files (x86)\GNU Tools ARM Embedded\5.3 2016q1\arm-none-eabi\lib\armv7e-m\libg.a(lib_a-errno.o)
                              C:\Program Files (x86)\GNU Tools ARM Embedded\5.3 2016q1\arm-none-eabi\lib\armv7e-m\libm.a(lib_a-w_pow.o) (__errno)
C:\Program Files (x86)\GNU Tools ARM Embedded\5.3 2016q1\arm-none-eabi\lib\armv7e-m\libg.a(lib_a-impure.o)
                              C:\Program Files (x86)\GNU Tools ARM Embedded\5.3 2016q1\arm-none-eabi\lib\armv7e-m\libg.a(lib_a-errno.o) (_impure_ptr)
C:\Program Files (x86)\GNU Tools ARM Embedded\5.3 2016q1\arm-none-eabi\lib\armv7e-m\libg.a(lib_a-sprintf.o)
                              ..\obj\menu.o (sprintf)
C:\Program Files (x86)\GNU Tools ARM Embedded\5.3 2016q1\arm-none-eabi\lib\armv7e-m\libg.a(lib_a-svfprintf.o)
                              C:\Program Files (x86)\GNU Tools ARM Embedded\5.3 2016q1\arm-none-eabi\lib\armv7e-m\libg.a(lib_a-sprintf.o) (_svfprintf_r)
[...]
Memory Configuration

Name             Origin             Length             Attributes
rom              0x08000000         0x00040000         xr
ram              0x20000000         0x0000a000         xrw
ram1             0x10000000         0x00002000         xrw
*default*        0x00000000         0xffffffff

Linker script and memory map

                0x2000a000                _eram = 0x2000a000

.text           0x08000000     0x9554
 *(.isr_vector)
 .isr_vector    0x08000000      0x188 ..\obj\startup_stm32f30x.o
                0x08000000                g_pfnVectors
 *(.text*)
 .text.RCC_ADCCLKConfig
                0x08000188       0x4c ..\obj\stm32f30x_rcc.o
                0x08000188                RCC_ADCCLKConfig
 .text.RCC_AHBPeriphClockCmd
                0x080001d4       0x3c ..\obj\stm32f30x_rcc.o
                0x080001d4                RCC_AHBPeriphClockCmd
 .text.RCC_APB2PeriphClockCmd
                0x08000210       0x3c ..\obj\stm32f30x_rcc.o
                0x08000210                RCC_APB2PeriphClockCmd
 .text.RCC_APB1PeriphClockCmd
                0x0800024c       0x3c ..\obj\stm32f30x_rcc.o
                0x0800024c                RCC_APB1PeriphClockCmd
 .text.resetTwoPos
                0x08000288       0x30 ..\obj\twoPos.o
                0x08000288                resetTwoPos
 .text.calculateTwoPosOut
                0x080002b8       0xb4 ..\obj\twoPos.o
                0x080002b8                calculateTwoPosOut
 .text.ADC_Init
                0x0800036c       0x80 ..\obj\stm32f30x_adc.o
                0x0800036c                ADC_Init
 .text.ADC_CommonInit
                0x080003ec       0x9c ..\obj\stm32f30x_adc.o
                0x080003ec                ADC_CommonInit
 .text.ADC_Cmd  0x08000488       0x38 ..\obj\stm32f30x_adc.o
                0x08000488                ADC_Cmd
 .text.ADC_RegularChannelConfig
                0x080004c0      0x1f0 ..\obj\stm32f30x_adc.o
                0x080004c0                ADC_RegularChannelConfig
 .text.ADC_StartConversion
                0x080006b0       0x20 ..\obj\stm32f30x_adc.o
                0x080006b0                ADC_StartConversion
 .text.ADC_DMACmd
                0x080006d0       0x38 ..\obj\stm32f30x_adc.o
                0x080006d0                ADC_DMACmd
 .text.ADC_DMAConfig
                0x08000708       0x2c ..\obj\stm32f30x_adc.o
                0x08000708                ADC_DMAConfig
 .text.getLEDcode
                0x08000734      0x1ac ..\obj\ledDigits.o
                0x08000734                getLEDcode
 .text.getLEDcodeArray
                0x080008e0       0x54 ..\obj\ledDigits.o
                0x080008e0                getLEDcodeArray
 .text.GPIO_Init
                0x08000934      0x12c ..\obj\stm32f30x_gpio.o
                0x08000934                GPIO_Init
 .text.GPIO_PinAFConfig
                0x08000a60       0x90 ..\obj\stm32f30x_gpio.o
                0x08000a60                GPIO_PinAFConfig
 .text.main     0x08000af0       0x2c ..\obj\main.o
                0x08000af0                main
 *fill*         0x08000b1c        0x4 
 .text.TIM3_IRQHandler
                0x08000b20      0x180 ..\obj\main.o
                0x08000b20                TIM3_IRQHandler
 .text.TIM4_IRQHandler
                0x08000ca0      0x240 ..\obj\main.o
                0x08000ca0                TIM4_IRQHandler
 .text.TIM7_IRQHandler
                0x08000ee0      0x11c ..\obj\main.o
                0x08000ee0                TIM7_IRQHandler
 .text.EXTI9_5_IRQHandler
                0x08000ffc      0x210 ..\obj\main.o
                0x08000ffc                EXTI9_5_IRQHandler
 .text.DMA_Init
                0x0800120c       0x80 ..\obj\stm32f30x_dma.o
                0x0800120c                DMA_Init
 .text.DMA_Cmd  0x0800128c       0x38 ..\obj\stm32f30x_dma.o
                0x0800128c                DMA_Cmd
 .text.NVIC_EnableIRQ
                0x080012c4       0x30 ..\obj\init.o
 .text.GPIOinit
                0x080012f4      0x12c ..\obj\init.o
                0x080012f4                GPIOinit
 .text.EXTIinit
                0x08001420       0x74 ..\obj\init.o
                0x08001420                EXTIinit
 .text.NVICinit
                0x08001494       0x70 ..\obj\init.o
                0x08001494                NVICinit
 .text.TIMinit  0x08001504       0xf0 ..\obj\init.o
                0x08001504                TIMinit
 .text.ADCinit  0x080015f4       0xb0 ..\obj\init.o
                0x080015f4                ADCinit
 .text.DMAinit  0x080016a4       0xb8 ..\obj\init.o
                0x080016a4                DMAinit
 .text.PWMinit  0x0800175c       0x44 ..\obj\init.o
                0x0800175c                PWMinit
 .text.EXTI_Init
                0x080017a0      0x1f4 ..\obj\stm32f30x_exti.o
                0x080017a0                EXTI_Init
 .text.EXTI_ClearFlag
                0x08001994       0x30 ..\obj\stm32f30x_exti.o
                0x08001994                EXTI_ClearFlag
 *fill*         0x080019c4        0x4 
 .text.getMenuParameter
                0x080019c8      0x1e4 ..\obj\menu.o
                0x080019c8                getMenuParameter
 .text.getTemplate
                0x08001bac       0x80 ..\obj\menu.o
                0x08001bac                getTemplate
 .text.cutAround
                0x08001c2c       0x54 ..\obj\menu.o
                0x08001c2c                cutAround
 .text.setMenuDigitDbl
                0x08001c80       0x70 ..\obj\menu.o
                0x08001c80                setMenuDigitDbl
 .text.setMenuDigitInt
                0x08001cf0       0xf0 ..\obj\menu.o
                0x08001cf0                setMenuDigitInt
 .text.setMenuParameter
                0x08001de0      0x570 ..\obj\menu.o
                0x08001de0                setMenuParameter
 .text.changeSP
                0x08002350       0xf4 ..\obj\menu.o
                0x08002350                changeSP
 .text.changeOUT
                0x08002444      0x128 ..\obj\menu.o
                0x08002444                changeOUT
 .text.getMenuSize
                0x0800256c       0x3c ..\obj\menu.o
                0x0800256c                getMenuSize
 .text.getNaviLimit
                0x080025a8       0x94 ..\obj\menu.o
                0x080025a8                getNaviLimit
 .text.naviUp   0x0800263c       0x78 ..\obj\menu.o
                0x0800263c                naviUp
 .text.naviDown
                0x080026b4       0x7c ..\obj\menu.o
                0x080026b4                naviDown
 .text.naviRight
                0x08002730       0x5c ..\obj\menu.o
                0x08002730                naviRight
 .text.naviLeft
                0x0800278c       0x70 ..\obj\menu.o
                0x0800278c                naviLeft
 .text.getDisp1
                0x080027fc       0x98 ..\obj\menu.o
                0x080027fc                getDisp1
 .text.getDisp2
                0x08002894      0x11c ..\obj\menu.o
                0x08002894                getDisp2
 .text.exitMenu
                0x080029b0       0x38 ..\obj\menu.o
                0x080029b0                exitMenu
 .text.getCursor
                0x080029e8       0x1c ..\obj\menu.o
                0x080029e8                getCursor
 .text.SystemInit1
                0x08002a04       0x84 ..\obj\system_stm32f30x_temp.o
                0x08002a04                SystemInit
                0x08002a04                SystemInit1
 .text.SetSysClock1
                0x08002a88       0xe0 ..\obj\system_stm32f30x_temp.o
                0x08002a88                SetSysClock
 .text._sbrk    0x08002b68       0x3c ..\obj\syscalls.o
                0x08002b68                _sbrk
 .text.NVIC_Init
                0x08002ba4       0xc4 ..\obj\stm32f30x_misc.o
                0x08002ba4                NVIC_Init
 .text.TIM_TimeBaseInit
                0x08002c68       0xec ..\obj\stm32f30x_tim.o
                0x08002c68                TIM_TimeBaseInit
 .text.TIM_Cmd  0x08002d54       0x40 ..\obj\stm32f30x_tim.o
                0x08002d54                TIM_Cmd
 .text.TIM_OC2Init
                0x08002d94      0x100 ..\obj\stm32f30x_tim.o
                0x08002d94                TIM_OC2Init
 .text.TIM_CtrlPWMOutputs
                0x08002e94       0x38 ..\obj\stm32f30x_tim.o
                0x08002e94                TIM_CtrlPWMOutputs
 .text.TIM_ITConfig
                0x08002ecc       0x40 ..\obj\stm32f30x_tim.o
                0x08002ecc                TIM_ITConfig
 .text.TIM_ClearITPendingBit
                0x08002f0c       0x24 ..\obj\stm32f30x_tim.o
                0x08002f0c                TIM_ClearITPendingBit
 .text.Reset_Handler
                0x08002f30       0x44 ..\obj\startup_stm32f30x.o
                0x08002f30                Reset_Handler
 .text.Default_Handler
                0x08002f74        0x2 ..\obj\startup_stm32f30x.o
                0x08002f74                RTC_Alarm_IRQHandler
                0x08002f74                TIM8_TRG_COM_IRQHandler
                0x08002f74                TIM8_CC_IRQHandler
                0x08002f74                DebugMon_Handler
                0x08002f74                TIM1_CC_IRQHandler
                0x08002f74                HardFault_Handler
                0x08002f74                USB_HP_IRQHandler
                0x08002f74                SysTick_Handler
                0x08002f74                PVD_IRQHandler
                0x08002f74                PendSV_Handler
                0x08002f74                NMI_Handler
                0x08002f74                EXTI3_IRQHandler
                0x08002f74                EXTI0_IRQHandler
                0x08002f74                I2C2_EV_IRQHandler
                0x08002f74                FPU_IRQHandler
                0x08002f74                EXTI2_TS_IRQHandler
                0x08002f74                TIM1_UP_TIM16_IRQHandler
                0x08002f74                UsageFault_Handler
                0x08002f74                ADC1_2_IRQHandler
                0x08002f74                SPI1_IRQHandler
                0x08002f74                TIM6_DAC_IRQHandler
                0x08002f74                TIM8_UP_IRQHandler
                0x08002f74                DMA2_Channel2_IRQHandler
                0x08002f74                DMA1_Channel4_IRQHandler
                0x08002f74                USART3_IRQHandler
                0x08002f74                DMA1_Channel7_IRQHandler
                0x08002f74                CAN1_RX1_IRQHandler
                0x08002f74                UART5_IRQHandler
                0x08002f74                ADC3_IRQHandler
                0x08002f74                DMA2_Channel1_IRQHandler
                0x08002f74                I2C1_EV_IRQHandler
                0x08002f74                DMA1_Channel6_IRQHandler
                0x08002f74                UART4_IRQHandler
                0x08002f74                DMA2_Channel4_IRQHandler
                0x08002f74                RCC_IRQHandler
                0x08002f74                DMA1_Channel1_IRQHandler
                0x08002f74                Default_Handler
                0x08002f74                USBWakeUp_RMP_IRQHandler
                0x08002f74                EXTI15_10_IRQHandler
                0x08002f74                TAMPER_STAMP_IRQHandler
                0x08002f74                RTC_WKUP_IRQHandler
                0x08002f74                SPI2_IRQHandler
                0x08002f74                MemManage_Handler
                0x08002f74                SVC_Handler
                0x08002f74                DMA2_Channel5_IRQHandler
                0x08002f74                DMA1_Channel5_IRQHandler
                0x08002f74                USB_LP_IRQHandler
                0x08002f74                EXTI4_IRQHandler
                0x08002f74                USB_LP_CAN1_RX0_IRQHandler
                0x08002f74                TIM1_TRG_COM_TIM17_IRQHandler
                0x08002f74                USB_HP_CAN1_TX_IRQHandler
                0x08002f74                DMA1_Channel3_IRQHandler
                0x08002f74                ADC4_IRQHandler
                0x08002f74                WWDG_IRQHandler
                0x08002f74                TIM2_IRQHandler
                0x08002f74                COMP7_IRQHandler
                0x08002f74                COMP1_2_3_IRQHandler
                0x08002f74                EXTI1_IRQHandler
                0x08002f74                USART2_IRQHandler
                0x08002f74                COMP4_5_6_IRQHandler
                0x08002f74                I2C2_ER_IRQHandler
                0x08002f74                DMA1_Channel2_IRQHandler
                0x08002f74                TIM8_BRK_IRQHandler
                0x08002f74                CAN1_SCE_IRQHandler
                0x08002f74                FLASH_IRQHandler
                0x08002f74                BusFault_Handler
                0x08002f74                USART1_IRQHandler
                0x08002f74                SPI3_IRQHandler
                0x08002f74                I2C1_ER_IRQHandler
                0x08002f74                USBWakeUp_IRQHandler
                0x08002f74                DMA2_Channel3_IRQHandler
                0x08002f74                TIM1_BRK_TIM15_IRQHandler
 *fill*         0x08002f76        0x2 
 .text.SYSCFG_EXTILineConfig
                0x08002f78       0x84 ..\obj\stm32f30x_syscfg.o
                0x08002f78                SYSCFG_EXTILineConfig
 .text.getAvgRawPv
                0x08002ffc       0x88 ..\obj\misc.o
                0x08002ffc                getAvgRawPv
 .text.resetRegulators
                0x08003084       0x14 ..\obj\misc.o
                0x08003084                resetRegulators
 .text.timerUpdater
                0x08003098       0x48 ..\obj\misc.o
                0x08003098                timerUpdater
 .text.changeDO
                0x080030e0       0x58 ..\obj\misc.o
                0x080030e0                changeDO
 .text.resetThreePos
                0x08003138       0x44 ..\obj\threePos.o
                0x08003138                resetThreePos
 .text.setThreePosCurrentTime
                0x0800317c       0x90 ..\obj\threePos.o
                0x0800317c                setThreePosCurrentTime
 .text.calculateThreePosOut
                0x0800320c      0x1b0 ..\obj\threePos.o
                0x0800320c                calculateThreePosOut
 .text.resetPID
                0x080033bc       0x54 ..\obj\pid.o
                0x080033bc                resetPID
 .text.updatePID
                0x08003410      0x154 ..\obj\pid.o
                0x08003410                updatePID
 .text.calculatePIDout
                0x08003564      0x17c ..\obj\pid.o
                0x08003564                calculatePIDout
 .text.pow      0x080036e0      0x2f0 C:\Program Files (x86)\GNU Tools ARM Embedded\5.3 2016q1\arm-none-eabi\lib\armv7e-m\libm.a(lib_a-w_pow.o)
                0x080036e0                pow
 .text.__ieee754_pow
                0x080039d0      0xab4 C:\Program Files (x86)\GNU Tools ARM Embedded\5.3 2016q1\arm-none-eabi\lib\armv7e-m\libm.a(lib_a-e_pow.o)
                0x080039d0                __ieee754_pow
 .text.__ieee754_sqrt
                0x08004484      0x180 C:\Program Files (x86)\GNU Tools ARM Embedded\5.3 2016q1\arm-none-eabi\lib\armv7e-m\libm.a(lib_a-e_sqrt.o)
                0x08004484                __ieee754_sqrt
 .text.fabs     0x08004604        0x8 C:\Program Files (x86)\GNU Tools ARM Embedded\5.3 2016q1\arm-none-eabi\lib\armv7e-m\libm.a(lib_a-s_fabs.o)
                0x08004604                fabs
 .text.finite   0x0800460c        0xc C:\Program Files (x86)\GNU Tools ARM Embedded\5.3 2016q1\arm-none-eabi\lib\armv7e-m\libm.a(lib_a-s_finite.o)
                0x0800460c                finite
 .text.matherr  0x08004618        0x4 C:\Program Files (x86)\GNU Tools ARM Embedded\5.3 2016q1\arm-none-eabi\lib\armv7e-m\libm.a(lib_a-s_matherr.o)
                0x08004618                matherr
 .text.nan      0x0800461c        0xc C:\Program Files (x86)\GNU Tools ARM Embedded\5.3 2016q1\arm-none-eabi\lib\armv7e-m\libm.a(lib_a-s_nan.o)
                0x0800461c                nan
 .text.rint     0x08004628      0x118 C:\Program Files (x86)\GNU Tools ARM Embedded\5.3 2016q1\arm-none-eabi\lib\armv7e-m\libm.a(lib_a-s_rint.o)
                0x08004628                rint
 .text.scalbn   0x08004740       0xfc C:\Program Files (x86)\GNU Tools ARM Embedded\5.3 2016q1\arm-none-eabi\lib\armv7e-m\libm.a(lib_a-s_scalbn.o)
                0x08004740                scalbn
 .text.copysign
                0x0800483c       0x10 C:\Program Files (x86)\GNU Tools ARM Embedded\5.3 2016q1\arm-none-eabi\lib\armv7e-m\libm.a(lib_a-s_copysign.o)
                0x0800483c                copysign
 .text          0x0800484c      0x370 c:/program files (x86)/gnu tools arm embedded/5.3 2016q1/bin/../lib/gcc/arm-none-eabi/5.3.1/armv7e-m\libgcc.a(_arm_addsubdf3.o)
                0x0800484c                __aeabi_drsub
                0x08004854                __aeabi_dsub
                0x08004854                __subdf3
                0x08004858                __aeabi_dadd
                0x08004858                __adddf3
                0x08004ad0                __floatunsidf
                0x08004ad0                __aeabi_ui2d
                0x08004af0                __floatsidf
                0x08004af0                __aeabi_i2d
                0x08004b14                __aeabi_f2d
                0x08004b14                __extendsfdf2
                0x08004b50                __floatundidf
                0x08004b50                __aeabi_ul2d
                0x08004b60                __floatdidf
                0x08004b60                __aeabi_l2d
 .text          0x08004bbc      0x424 c:/program files (x86)/gnu tools arm embedded/5.3 2016q1/bin/../lib/gcc/arm-none-eabi/5.3.1/armv7e-m\libgcc.a(_arm_muldivdf3.o)
                0x08004bbc                __aeabi_dmul
                0x08004bbc                __muldf3
                0x08004e10                __divdf3
                0x08004e10                __aeabi_ddiv
 .text          0x08004fe0      0x110 c:/program files (x86)/gnu tools arm embedded/5.3 2016q1/bin/../lib/gcc/arm-none-eabi/5.3.1/armv7e-m\libgcc.a(_arm_cmpdf2.o)
                0x08004fe0                __gtdf2
                0x08004fe0                __gedf2
                0x08004fe8                __ltdf2
                0x08004fe8                __ledf2
                0x08004ff0                __nedf2
                0x08004ff0                __eqdf2
                0x08004ff0                __cmpdf2
                0x0800506c                __aeabi_cdrcmple
                0x0800507c                __aeabi_cdcmpeq
                0x0800507c                __aeabi_cdcmple
                0x0800508c                __aeabi_dcmpeq
                0x080050a0                __aeabi_dcmplt
                0x080050b4                __aeabi_dcmple
                0x080050c8                __aeabi_dcmpge
                0x080050dc                __aeabi_dcmpgt
 .text          0x080050f0       0x2c c:/program files (x86)/gnu tools arm embedded/5.3 2016q1/bin/../lib/gcc/arm-none-eabi/5.3.1/armv7e-m\libgcc.a(_arm_unorddf2.o)
                0x080050f0                __unorddf2
                0x080050f0                __aeabi_dcmpun
 .text          0x0800511c       0x50 c:/program files (x86)/gnu tools arm embedded/5.3 2016q1/bin/../lib/gcc/arm-none-eabi/5.3.1/armv7e-m\libgcc.a(_arm_fixdfsi.o)
                0x0800511c                __aeabi_d2iz
                0x0800511c                __fixdfsi
 .text          0x0800516c       0x40 c:/program files (x86)/gnu tools arm embedded/5.3 2016q1/bin/../lib/gcc/arm-none-eabi/5.3.1/armv7e-m\libgcc.a(_arm_fixunsdfsi.o)
                0x0800516c                __aeabi_d2uiz
                0x0800516c                __fixunsdfsi
 .text.__errno  0x080051ac        0xc C:\Program Files (x86)\GNU Tools ARM Embedded\5.3 2016q1\arm-none-eabi\lib\armv7e-m\libg.a(lib_a-errno.o)
                0x080051ac                __errno
 .text.sprintf  0x080051b8       0x4c C:\Program Files (x86)\GNU Tools ARM Embedded\5.3 2016q1\arm-none-eabi\lib\armv7e-m\libg.a(lib_a-sprintf.o)
                0x080051b8                sprintf
 .text._svfprintf_r
                0x08005204     0x169c C:\Program Files (x86)\GNU Tools ARM Embedded\5.3 2016q1\arm-none-eabi\lib\armv7e-m\libg.a(lib_a-svfprintf.o)
                0x08005204                _svfprintf_r
 .text.quorem   0x080068a0      0x128 C:\Program Files (x86)\GNU Tools ARM Embedded\5.3 2016q1\arm-none-eabi\lib\armv7e-m\libg.a(lib_a-dtoa.o)
 .text._dtoa_r  0x080069c8      0xe58 C:\Program Files (x86)\GNU Tools ARM Embedded\5.3 2016q1\arm-none-eabi\lib\armv7e-m\libg.a(lib_a-dtoa.o)
                0x080069c8                _dtoa_r
 .text._localeconv_r
                0x08007820        0x8 C:\Program Files (x86)\GNU Tools ARM Embedded\5.3 2016q1\arm-none-eabi\lib\armv7e-m\libg.a(lib_a-locale.o)
                0x08007820                _localeconv_r
 .text._malloc_r
                0x08007828      0x570 C:\Program Files (x86)\GNU Tools ARM Embedded\5.3 2016q1\arm-none-eabi\lib\armv7e-m\libg.a(lib_a-mallocr.o)
                0x08007828                _malloc_r
 *fill*         0x08007d98        0x8 
 .text          0x08007da0       0xa0 C:\Program Files (x86)\GNU Tools ARM Embedded\5.3 2016q1\arm-none-eabi\lib\armv7e-m\libg.a(lib_a-memchr.o)
                0x08007da0                memchr
 .text          0x08007e40      0x134 C:\Program Files (x86)\GNU Tools ARM Embedded\5.3 2016q1\arm-none-eabi\lib\armv7e-m\libg.a(lib_a-memcpy.o)
                0x08007e40                memcpy
 .text.__malloc_lock
                0x08007f74        0x4 C:\Program Files (x86)\GNU Tools ARM Embedded\5.3 2016q1\arm-none-eabi\lib\armv7e-m\libg.a(lib_a-mlock.o)
                0x08007f74                __malloc_lock
 .text.__malloc_unlock
                0x08007f78        0x4 C:\Program Files (x86)\GNU Tools ARM Embedded\5.3 2016q1\arm-none-eabi\lib\armv7e-m\libg.a(lib_a-mlock.o)
                0x08007f78                __malloc_unlock
 .text._Balloc  0x08007f7c       0x4c C:\Program Files (x86)\GNU Tools ARM Embedded\5.3 2016q1\arm-none-eabi\lib\armv7e-m\libg.a(lib_a-mprec.o)
                0x08007f7c                _Balloc
 .text._Bfree   0x08007fc8       0x14 C:\Program Files (x86)\GNU Tools ARM Embedded\5.3 2016q1\arm-none-eabi\lib\armv7e-m\libg.a(lib_a-mprec.o)
                0x08007fc8                _Bfree
 .text.__multadd
                0x08007fdc       0x80 C:\Program Files (x86)\GNU Tools ARM Embedded\5.3 2016q1\arm-none-eabi\lib\armv7e-m\libg.a(lib_a-mprec.o)
                0x08007fdc                __multadd
 .text.__hi0bits
                0x0800805c       0x40 C:\Program Files (x86)\GNU Tools ARM Embedded\5.3 2016q1\arm-none-eabi\lib\armv7e-m\libg.a(lib_a-mprec.o)
                0x0800805c                __hi0bits
 .text.__lo0bits
                0x0800809c       0x5c C:\Program Files (x86)\GNU Tools ARM Embedded\5.3 2016q1\arm-none-eabi\lib\armv7e-m\libg.a(lib_a-mprec.o)
                0x0800809c                __lo0bits
 .text.__i2b    0x080080f8       0x14 C:\Program Files (x86)\GNU Tools ARM Embedded\5.3 2016q1\arm-none-eabi\lib\armv7e-m\libg.a(lib_a-mprec.o)
                0x080080f8                __i2b
 .text.__multiply
                0x0800810c      0x130 C:\Program Files (x86)\GNU Tools ARM Embedded\5.3 2016q1\arm-none-eabi\lib\armv7e-m\libg.a(lib_a-mprec.o)
                0x0800810c                __multiply
 .text.__pow5mult
                0x0800823c       0xa0 C:\Program Files (x86)\GNU Tools ARM Embedded\5.3 2016q1\arm-none-eabi\lib\armv7e-m\libg.a(lib_a-mprec.o)
                0x0800823c                __pow5mult
 .text.__lshift
                0x080082dc       0xb0 C:\Program Files (x86)\GNU Tools ARM Embedded\5.3 2016q1\arm-none-eabi\lib\armv7e-m\libg.a(lib_a-mprec.o)
                0x080082dc                __lshift
 .text.__mcmp   0x0800838c       0x40 C:\Program Files (x86)\GNU Tools ARM Embedded\5.3 2016q1\arm-none-eabi\lib\armv7e-m\libg.a(lib_a-mprec.o)
                0x0800838c                __mcmp
 .text.__mdiff  0x080083cc      0x114 C:\Program Files (x86)\GNU Tools ARM Embedded\5.3 2016q1\arm-none-eabi\lib\armv7e-m\libg.a(lib_a-mprec.o)
                0x080083cc                __mdiff
 .text.__d2b    0x080084e0       0xb8 C:\Program Files (x86)\GNU Tools ARM Embedded\5.3 2016q1\arm-none-eabi\lib\armv7e-m\libg.a(lib_a-mprec.o)
                0x080084e0                __d2b
 .text._sbrk_r  0x08008598       0x24 C:\Program Files (x86)\GNU Tools ARM Embedded\5.3 2016q1\arm-none-eabi\lib\armv7e-m\libg.a(lib_a-sbrkr.o)
                0x08008598                _sbrk_r
 *fill*         0x080085bc        0x4 
 .text          0x080085c0       0xdc C:\Program Files (x86)\GNU Tools ARM Embedded\5.3 2016q1\arm-none-eabi\lib\armv7e-m\libg.a(lib_a-strlen.o)
                0x080085c0                strlen
 .text.__ssprint_r
                0x0800869c      0x100 C:\Program Files (x86)\GNU Tools ARM Embedded\5.3 2016q1\arm-none-eabi\lib\armv7e-m\libg.a(lib_a-svfiprintf.o)
                0x0800869c                __ssprint_r
 .text._calloc_r
                0x0800879c       0x60 C:\Program Files (x86)\GNU Tools ARM Embedded\5.3 2016q1\arm-none-eabi\lib\armv7e-m\libg.a(lib_a-callocr.o)
                0x0800879c                _calloc_r
 .text._malloc_trim_r
                0x080087fc       0x9c C:\Program Files (x86)\GNU Tools ARM Embedded\5.3 2016q1\arm-none-eabi\lib\armv7e-m\libg.a(lib_a-freer.o)
                0x080087fc                _malloc_trim_r
 .text._free_r  0x08008898      0x1d0 C:\Program Files (x86)\GNU Tools ARM Embedded\5.3 2016q1\arm-none-eabi\lib\armv7e-m\libg.a(lib_a-freer.o)
                0x08008898                _free_r
 .text.memmove  0x08008a68       0xc8 C:\Program Files (x86)\GNU Tools ARM Embedded\5.3 2016q1\arm-none-eabi\lib\armv7e-m\libg.a(lib_a-memmove.o)
                0x08008a68                memmove
 .text.memset   0x08008b30       0x9c C:\Program Files (x86)\GNU Tools ARM Embedded\5.3 2016q1\arm-none-eabi\lib\armv7e-m\libg.a(lib_a-memset.o)
                0x08008b30                memset
 .text._realloc_r
                0x08008bcc      0x3e0 C:\Program Files (x86)\GNU Tools ARM Embedded\5.3 2016q1\arm-none-eabi\lib\armv7e-m\libg.a(lib_a-reallocr.o)
                0x08008bcc                _realloc_r
 .text          0x08008fac       0x30 c:/program files (x86)/gnu tools arm embedded/5.3 2016q1/bin/../lib/gcc/arm-none-eabi/5.3.1/armv7e-m\libgcc.a(_aeabi_uldivmod.o)
                0x08008fac                __aeabi_uldivmod
 .text          0x08008fdc      0x2e4 c:/program files (x86)/gnu tools arm embedded/5.3 2016q1/bin/../lib/gcc/arm-none-eabi/5.3.1/armv7e-m\libgcc.a(_udivmoddi4.o)
                0x08008fdc                __udivmoddi4
 .text          0x080092c0        0x4 c:/program files (x86)/gnu tools arm embedded/5.3 2016q1/bin/../lib/gcc/arm-none-eabi/5.3.1/armv7e-m\libgcc.a(_dvmd_tls.o)
                0x080092c0                __aeabi_idiv0
                0x080092c0                __aeabi_ldiv0
 *(.init)
 *(.fini)
 *crtbegin.o(.ctors)
 *crtbegin?.o(.ctors)
 *(EXCLUDE_FILE(*crtend.o *crtend?.o) .ctors)
 *(SORT(.ctors.*))
 *(.ctors)
 *crtbegin.o(.dtors)
 *crtbegin?.o(.dtors)
 *(EXCLUDE_FILE(*crtend.o *crtend?.o) .dtors)
 *(SORT(.dtors.*))
 *(.dtors)
 *(.rodata*)
 .rodata        0x080092c4       0xf5 ..\obj\menu.o
 *fill*         0x080093b9        0x3 
 .rodata.str1.4
                0x080093bc        0x4 C:\Program Files (x86)\GNU Tools ARM Embedded\5.3 2016q1\arm-none-eabi\lib\armv7e-m\libm.a(lib_a-w_pow.o)
 .rodata.str1.4
                0x080093c0        0x4 C:\Program Files (x86)\GNU Tools ARM Embedded\5.3 2016q1\arm-none-eabi\lib\armv7e-m\libm.a(lib_a-e_pow.o)
                                  0x1 (size before relaxing)
 .rodata.TWO52  0x080093c0       0x10 C:\Program Files (x86)\GNU Tools ARM Embedded\5.3 2016q1\arm-none-eabi\lib\armv7e-m\libm.a(lib_a-s_rint.o)
 .rodata.str1.4
                0x080093d0        0x2 C:\Program Files (x86)\GNU Tools ARM Embedded\5.3 2016q1\arm-none-eabi\lib\armv7e-m\libg.a(lib_a-impure.o)
 *fill*         0x080093d2        0x2 
 .rodata.zeroes.7035
                0x080093d4       0x10 C:\Program Files (x86)\GNU Tools ARM Embedded\5.3 2016q1\arm-none-eabi\lib\armv7e-m\libg.a(lib_a-svfprintf.o)
 .rodata.str1.4
                0x080093e4       0x42 C:\Program Files (x86)\GNU Tools ARM Embedded\5.3 2016q1\arm-none-eabi\lib\armv7e-m\libg.a(lib_a-svfprintf.o)
 *fill*         0x08009426        0x2 
 .rodata.blanks.7034
                0x08009428       0x10 C:\Program Files (x86)\GNU Tools ARM Embedded\5.3 2016q1\arm-none-eabi\lib\armv7e-m\libg.a(lib_a-svfprintf.o)
 .rodata.str1.4
                0x08009438       0x10 C:\Program Files (x86)\GNU Tools ARM Embedded\5.3 2016q1\arm-none-eabi\lib\armv7e-m\libg.a(lib_a-dtoa.o)
                                 0x12 (size before relaxing)
 .rodata.str1.4
                0x08009448        0xc C:\Program Files (x86)\GNU Tools ARM Embedded\5.3 2016q1\arm-none-eabi\lib\armv7e-m\libg.a(lib_a-locale.o)
                                 0x12 (size before relaxing)
 *fill*         0x08009454        0x4 
 .rodata.__mprec_tens
                0x08009458       0xc8 C:\Program Files (x86)\GNU Tools ARM Embedded\5.3 2016q1\arm-none-eabi\lib\armv7e-m\libg.a(lib_a-mprec.o)
                0x08009458                __mprec_tens
 .rodata.__mprec_bigtens
                0x08009520       0x28 C:\Program Files (x86)\GNU Tools ARM Embedded\5.3 2016q1\arm-none-eabi\lib\armv7e-m\libg.a(lib_a-mprec.o)
                0x08009520                __mprec_bigtens
 .rodata.p05.5373
                0x08009548        0xc C:\Program Files (x86)\GNU Tools ARM Embedded\5.3 2016q1\arm-none-eabi\lib\armv7e-m\libg.a(lib_a-mprec.o)
 *(.eh_fram e*)

.glue_7         0x08009554        0x0
 .glue_7        0x08009554        0x0 linker stubs

.glue_7t        0x08009554        0x0
 .glue_7t       0x08009554        0x0 linker stubs

.vfp11_veneer   0x08009554        0x0
 .vfp11_veneer  0x08009554        0x0 linker stubs

.v4_bx          0x08009554        0x0
 .v4_bx         0x08009554        0x0 linker stubs

.iplt           0x08009554        0x0
 .iplt          0x08009554        0x0 ..\obj\stm32f30x_rcc.o

.ARM.extab
 *(.ARM.extab* .gnu.linkonce.armextab.*)
                0x08009554                __exidx_start = .

.ARM.exidx      0x08009554        0x8
 *(.ARM.exidx* .gnu.linkonce.armexidx.*)
 .ARM.exidx     0x08009554        0x8 c:/program files (x86)/gnu tools arm embedded/5.3 2016q1/bin/../lib/gcc/arm-none-eabi/5.3.1/armv7e-m\libgcc.a(_udivmoddi4.o)
                0x0800955c                __exidx_end = .
                0x0800955c                __etext = .
                0x0800955c                _sidata = __etext

.rel.dyn        0x0800955c        0x0
 .rel.iplt      0x0800955c        0x0 ..\obj\stm32f30x_rcc.o

.data           0x20000000      0xa4c load address 0x0800955c
                0x20000000                __data_start__ = .
                0x20000000                _sdata = __data_start__
 *(vtable)
 *(.data*)
 .data          0x20000000      0x108 ..\obj\main.o
                0x20000000                scale
                0x20000010                limit
                0x20000030                twoPosSet
                0x20000048                threePosSet
                0x20000068                pidSet
 .data          0x20000108       0xc8 ..\obj\menu.o
 .data.__fdlib_version
                0x200001d0        0x1 C:\Program Files (x86)\GNU Tools ARM Embedded\5.3 2016q1\arm-none-eabi\lib\armv7e-m\libm.a(lib_a-s_lib_ver.o)
                0x200001d0                __fdlib_version
 *fill*         0x200001d1        0x7 
 .data.impure_data
                0x200001d8      0x428 C:\Program Files (x86)\GNU Tools ARM Embedded\5.3 2016q1\arm-none-eabi\lib\armv7e-m\libg.a(lib_a-impure.o)
 .data._impure_ptr
                0x20000600        0x4 C:\Program Files (x86)\GNU Tools ARM Embedded\5.3 2016q1\arm-none-eabi\lib\armv7e-m\libg.a(lib_a-impure.o)
                0x20000600                _impure_ptr
 .data.lconv    0x20000604       0x38 C:\Program Files (x86)\GNU Tools ARM Embedded\5.3 2016q1\arm-none-eabi\lib\armv7e-m\libg.a(lib_a-locale.o)
 .data.__malloc_av_
                0x2000063c      0x408 C:\Program Files (x86)\GNU Tools ARM Embedded\5.3 2016q1\arm-none-eabi\lib\armv7e-m\libg.a(lib_a-mallocr.o)
                0x2000063c                __malloc_av_
 .data.__malloc_trim_threshold
                0x20000a44        0x4 C:\Program Files (x86)\GNU Tools ARM Embedded\5.3 2016q1\arm-none-eabi\lib\armv7e-m\libg.a(lib_a-mallocr.o)
                0x20000a44                __malloc_trim_threshold
 .data.__malloc_sbrk_base
                0x20000a48        0x4 C:\Program Files (x86)\GNU Tools ARM Embedded\5.3 2016q1\arm-none-eabi\lib\armv7e-m\libg.a(lib_a-mallocr.o)
                0x20000a48                __malloc_sbrk_base
                0x20000a4c                . = ALIGN (0x4)
                [!provide]                PROVIDE (__preinit_array_start, .)
 *(.preinit_array)
                [!provide]                PROVIDE (__preinit_array_end, .)
                0x20000a4c                . = ALIGN (0x4)
                [!provide]                PROVIDE (__init_array_start, .)
 *(SORT(.init_array.*))
 *(.init_array)
                [!provide]                PROVIDE (__init_array_end, .)
                0x20000a4c                . = ALIGN (0x4)
                [!provide]                PROVIDE (__fini_array_start, .)
 *(SORT(.fini_array.*))
 *(.fini_array)
                [!provide]                PROVIDE (__fini_array_end, .)
 *(.jcr*)
                0x20000a4c                . = ALIGN (0x4)
                0x20000a4c                __data_end__ = .
                0x20000a4c                _edata = __data_end__

.igot.plt       0x20000a4c        0x0 load address 0x08009fa8
 .igot.plt      0x20000a4c        0x0 ..\obj\stm32f30x_rcc.o

.bss            0x20000a50      0x220 load address 0x08009fb0
                0x20000a50                . = ALIGN (0x4)
                0x20000a50                __bss_start__ = .
                0x20000a50                _sbss = __bss_start__
 *(.bss*)
 .bss           0x20000a50        0x8 ..\obj\twoPos.o
 .bss           0x20000a58       0x28 ..\obj\main.o
                0x20000a58                mode
                0x20000a5a                AUTO
                0x20000a5b                prog
                0x20000a5c                pvRaw
                0x20000a5e                outRaw
                0x20000a60                pv
                0x20000a68                sp
 .bss           0x20000a80        0xd ..\obj\menu.o
 *fill*         0x20000a8d        0x3 
 .bss           0x20000a90        0x4 ..\obj\syscalls.o
 .bss           0x20000a94      0x190 ..\obj\misc.o
 *fill*         0x20000c24        0x4 
 .bss           0x20000c28        0x8 ..\obj\threePos.o
 .bss           0x20000c30        0x8 ..\obj\pid.o
 .bss.__malloc_max_total_mem
                0x20000c38        0x4 C:\Program Files (x86)\GNU Tools ARM Embedded\5.3 2016q1\arm-none-eabi\lib\armv7e-m\libg.a(lib_a-mallocr.o)
                0x20000c38                __malloc_max_total_mem
 .bss.__malloc_max_sbrked_mem
                0x20000c3c        0x4 C:\Program Files (x86)\GNU Tools ARM Embedded\5.3 2016q1\arm-none-eabi\lib\armv7e-m\libg.a(lib_a-mallocr.o)
                0x20000c3c                __malloc_max_sbrked_mem
 .bss.__malloc_top_pad
                0x20000c40        0x4 C:\Program Files (x86)\GNU Tools ARM Embedded\5.3 2016q1\arm-none-eabi\lib\armv7e-m\libg.a(lib_a-mallocr.o)
                0x20000c40                __malloc_top_pad
 .bss.__malloc_current_mallinfo
                0x20000c44       0x28 C:\Program Files (x86)\GNU Tools ARM Embedded\5.3 2016q1\arm-none-eabi\lib\armv7e-m\libg.a(lib_a-mallocr.o)
                0x20000c44                __malloc_current_mallinfo
 *(COMMON)
 COMMON         0x20000c6c        0x4 C:\Program Files (x86)\GNU Tools ARM Embedded\5.3 2016q1\arm-none-eabi\lib\armv7e-m\libg.a(lib_a-reent.o)
                0x20000c6c                errno
                0x20000c70                . = ALIGN (0x4)
                0x20000c70                __bss_end__ = .
                0x20000c70                _ebss = __bss_end__

.heap           0x20000c70        0x0
                0x20000c70                __end__ = .
                0x20000c70                _end = __end__
                0x20000c70                end = __end__
 *(.heap*)
                0x20000c70                __HeapLimit = .

.co_stack       0x20000c70        0x0
                0x20000c70                . = ALIGN (0x8)
 *(.co_stack .co_stack.*)
                0x2000a000                __StackTop = (ORIGIN (ram) + LENGTH (ram))
                0x2000a000                __StackLimit = (__StackTop - SIZEOF (.co_stack))
                [!provide]                PROVIDE (__stack, __StackTop)
                0x00000001                ASSERT ((__StackLimit >= __HeapLimit), region ram  overflowed with stack)
LOAD ..\obj\stm32f30x_rcc.o
LOAD ..\obj\twoPos.o
LOAD ..\obj\stm32f30x_adc.o
LOAD ..\obj\globals.o
LOAD ..\obj\ledDigits.o
LOAD ..\obj\stm32f30x_gpio.o
LOAD ..\obj\main.o
LOAD ..\obj\stm32f30x_dma.o
LOAD ..\obj\init.o
LOAD ..\obj\stm32f30x_exti.o
LOAD ..\obj\menu.o
LOAD ..\obj\system_stm32f30x_temp.o
LOAD ..\obj\syscalls.o
LOAD ..\obj\stm32f30x_misc.o
LOAD ..\obj\stm32f30x_tim.o
LOAD ..\obj\startup_stm32f30x.o
LOAD ..\obj\stm32f30x_syscfg.o
LOAD ..\obj\misc.o
LOAD ..\obj\threePos.o
LOAD ..\obj\pid.o
LOAD C:\Program Files (x86)\GNU Tools ARM Embedded\5.3 2016q1\arm-none-eabi\lib\armv7e-m\libm.a
START GROUP
LOAD c:/program files (x86)/gnu tools arm embedded/5.3 2016q1/bin/../lib/gcc/arm-none-eabi/5.3.1/armv7e-m\libgcc.a
LOAD C:\Program Files (x86)\GNU Tools ARM Embedded\5.3 2016q1\arm-none-eabi\lib\armv7e-m\libg.a
LOAD C:\Program Files (x86)\GNU Tools ARM Embedded\5.3 2016q1\arm-none-eabi\lib\armv7e-m\libc.a
END GROUP
OUTPUT(UReg.elf elf32-littlearm)

.debug_info     0x00000000     0x8962
 .debug_info    0x00000000      0xacc ..\obj\stm32f30x_rcc.o
 .debug_info    0x00000acc      0x2ae ..\obj\twoPos.o
 .debug_info    0x00000d7a     0x131f ..\obj\stm32f30x_adc.o
 .debug_info    0x00002099       0xfb ..\obj\ledDigits.o
 .debug_info    0x00002194      0x612 ..\obj\stm32f30x_gpio.o
 .debug_info    0x000027a6      0x829 ..\obj\main.o
 .debug_info    0x00002fcf      0x47b ..\obj\stm32f30x_dma.o
 .debug_info    0x0000344a      0xe0d ..\obj\init.o
 .debug_info    0x00004257      0x3c4 ..\obj\stm32f30x_exti.o
 .debug_info    0x0000461b      0x712 ..\obj\menu.o
 .debug_info    0x00004d2d      0x4bb ..\obj\system_stm32f30x_temp.o
 .debug_info    0x000051e8      0x3f5 ..\obj\syscalls.o
 .debug_info    0x000055dd      0x556 ..\obj\stm32f30x_misc.o
 .debug_info    0x00005b33     0x218c ..\obj\stm32f30x_tim.o
 .debug_info    0x00007cbf       0x82 ..\obj\startup_stm32f30x.o
 .debug_info    0x00007d41      0x3ce ..\obj\stm32f30x_syscfg.o
 .debug_info    0x0000810f      0x31e ..\obj\misc.o
 .debug_info    0x0000842d      0x31b ..\obj\threePos.o
 .debug_info    0x00008748      0x21a ..\obj\pid.o

.debug_abbrev   0x00000000     0x1860
 .debug_abbrev  0x00000000      0x1e5 ..\obj\stm32f30x_rcc.o
 .debug_abbrev  0x000001e5      0x13d ..\obj\twoPos.o
 .debug_abbrev  0x00000322      0x192 ..\obj\stm32f30x_adc.o
 .debug_abbrev  0x000004b4       0x94 ..\obj\ledDigits.o
 .debug_abbrev  0x00000548      0x198 ..\obj\stm32f30x_gpio.o
 .debug_abbrev  0x000006e0      0x125 ..\obj\main.o
 .debug_abbrev  0x00000805      0x157 ..\obj\stm32f30x_dma.o
 .debug_abbrev  0x0000095c      0x187 ..\obj\init.o
 .debug_abbrev  0x00000ae3      0x17e ..\obj\stm32f30x_exti.o
 .debug_abbrev  0x00000c61      0x1fa ..\obj\menu.o
 .debug_abbrev  0x00000e5b      0x147 ..\obj\system_stm32f30x_temp.o
 .debug_abbrev  0x00000fa2       0xe5 ..\obj\syscalls.o
 .debug_abbrev  0x00001087      0x147 ..\obj\stm32f30x_misc.o
 .debug_abbrev  0x000011ce      0x189 ..\obj\stm32f30x_tim.o
 .debug_abbrev  0x00001357       0x12 ..\obj\startup_stm32f30x.o
 .debug_abbrev  0x00001369      0x183 ..\obj\stm32f30x_syscfg.o
 .debug_abbrev  0x000014ec      0x146 ..\obj\misc.o
 .debug_abbrev  0x00001632      0x13d ..\obj\threePos.o
 .debug_abbrev  0x0000176f       0xf1 ..\obj\pid.o

.debug_aranges  0x00000000      0xc10
 .debug_aranges
                0x00000000      0x150 ..\obj\stm32f30x_rcc.o
 .debug_aranges
                0x00000150       0x30 ..\obj\twoPos.o
 .debug_aranges
                0x00000180      0x210 ..\obj\stm32f30x_adc.o
 .debug_aranges
                0x00000390       0x28 ..\obj\ledDigits.o
 .debug_aranges
                0x000003b8       0x80 ..\obj\stm32f30x_gpio.o
 .debug_aranges
                0x00000438       0x40 ..\obj\main.o
 .debug_aranges
                0x00000478       0x70 ..\obj\stm32f30x_dma.o
 .debug_aranges
                0x000004e8       0x58 ..\obj\init.o
 .debug_aranges
                0x00000540       0x58 ..\obj\stm32f30x_exti.o
 .debug_aranges
                0x00000598       0xa8 ..\obj\menu.o
 .debug_aranges
                0x00000640       0x30 ..\obj\system_stm32f30x_temp.o
 .debug_aranges
                0x00000670       0x60 ..\obj\syscalls.o
 .debug_aranges
                0x000006d0       0x40 ..\obj\stm32f30x_misc.o
 .debug_aranges
                0x00000710      0x3a8 ..\obj\stm32f30x_tim.o
 .debug_aranges
                0x00000ab8       0x28 ..\obj\startup_stm32f30x.o
 .debug_aranges
                0x00000ae0       0x88 ..\obj\stm32f30x_syscfg.o
 .debug_aranges
                0x00000b68       0x38 ..\obj\misc.o
 .debug_aranges
                0x00000ba0       0x38 ..\obj\threePos.o
 .debug_aranges
                0x00000bd8       0x38 ..\obj\pid.o

.debug_ranges   0x00000000      0xae8
 .debug_ranges  0x00000000      0x140 ..\obj\stm32f30x_rcc.o
 .debug_ranges  0x00000140       0x20 ..\obj\twoPos.o
 .debug_ranges  0x00000160      0x200 ..\obj\stm32f30x_adc.o
 .debug_ranges  0x00000360       0x18 ..\obj\ledDigits.o
 .debug_ranges  0x00000378       0x70 ..\obj\stm32f30x_gpio.o
 .debug_ranges  0x000003e8       0x30 ..\obj\main.o
 .debug_ranges  0x00000418       0x60 ..\obj\stm32f30x_dma.o
 .debug_ranges  0x00000478       0x48 ..\obj\init.o
 .debug_ranges  0x000004c0       0x48 ..\obj\stm32f30x_exti.o
 .debug_ranges  0x00000508       0x98 ..\obj\menu.o
 .debug_ranges  0x000005a0       0x20 ..\obj\system_stm32f30x_temp.o
 .debug_ranges  0x000005c0       0x50 ..\obj\syscalls.o
 .debug_ranges  0x00000610       0x30 ..\obj\stm32f30x_misc.o
 .debug_ranges  0x00000640      0x398 ..\obj\stm32f30x_tim.o
 .debug_ranges  0x000009d8       0x20 ..\obj\startup_stm32f30x.o
 .debug_ranges  0x000009f8       0x78 ..\obj\stm32f30x_syscfg.o
 .debug_ranges  0x00000a70       0x28 ..\obj\misc.o
 .debug_ranges  0x00000a98       0x28 ..\obj\threePos.o
 .debug_ranges  0x00000ac0       0x28 ..\obj\pid.o

.debug_line     0x00000000     0x3d68
 .debug_line    0x00000000      0x56c ..\obj\stm32f30x_rcc.o
 .debug_line    0x0000056c      0x1c3 ..\obj\twoPos.o
 .debug_line    0x0000072f      0x7a7 ..\obj\stm32f30x_adc.o
 .debug_line    0x00000ed6      0x157 ..\obj\ledDigits.o
 .debug_line    0x0000102d      0x307 ..\obj\stm32f30x_gpio.o
 .debug_line    0x00001334      0x31f ..\obj\main.o
 .debug_line    0x00001653      0x303 ..\obj\stm32f30x_dma.o
 .debug_line    0x00001956      0x338 ..\obj\init.o
 .debug_line    0x00001c8e      0x281 ..\obj\stm32f30x_exti.o
 .debug_line    0x00001f0f      0x3ba ..\obj\menu.o
 .debug_line    0x000022c9      0x1df ..\obj\system_stm32f30x_temp.o
 .debug_line    0x000024a8      0x172 ..\obj\syscalls.o
 .debug_line    0x0000261a      0x222 ..\obj\stm32f30x_misc.o
 .debug_line    0x0000283c      0xc76 ..\obj\stm32f30x_tim.o
 .debug_line    0x000034b2       0x96 ..\obj\startup_stm32f30x.o
 .debug_line    0x00003548      0x296 ..\obj\stm32f30x_syscfg.o
 .debug_line    0x000037de      0x1d5 ..\obj\misc.o
 .debug_line    0x000039b3      0x204 ..\obj\threePos.o
 .debug_line    0x00003bb7      0x1b1 ..\obj\pid.o

.debug_str      0x00000000     0x35f3
 .debug_str     0x00000000      0x759 ..\obj\stm32f30x_rcc.o
                                0x7ea (size before relaxing)
 .debug_str     0x00000759      0x122 ..\obj\twoPos.o
                                0x29a (size before relaxing)
 .debug_str     0x0000087b      0x994 ..\obj\stm32f30x_adc.o
                                0xb86 (size before relaxing)
 .debug_str     0x0000120f       0x47 ..\obj\ledDigits.o
                                0x196 (size before relaxing)
 .debug_str     0x00001256      0x2ba ..\obj\stm32f30x_gpio.o
                                0x495 (size before relaxing)
 .debug_str     0x00001510      0x21f ..\obj\main.o
                                0x494 (size before relaxing)
 .debug_str     0x0000172f      0x210 ..\obj\stm32f30x_dma.o
                                0x3b3 (size before relaxing)
 .debug_str     0x0000193f      0x752 ..\obj\init.o
                                0xd92 (size before relaxing)
 .debug_str     0x00002091      0x116 ..\obj\stm32f30x_exti.o
                                0x376 (size before relaxing)
 .debug_str     0x000021a7      0x190 ..\obj\menu.o
                                0x420 (size before relaxing)
 .debug_str     0x00002337       0xe6 ..\obj\system_stm32f30x_temp.o
                                0x300 (size before relaxing)
 .debug_str     0x0000241d      0x14f ..\obj\syscalls.o
                                0x2b3 (size before relaxing)
 .debug_str     0x0000256c      0x11f ..\obj\stm32f30x_misc.o
                                0x3c4 (size before relaxing)
 .debug_str     0x0000268b      0xbd6 ..\obj\stm32f30x_tim.o
                                0xf6d (size before relaxing)
 .debug_str     0x00003261      0x25f ..\obj\stm32f30x_syscfg.o
                                0x3f6 (size before relaxing)
 .debug_str     0x000034c0       0x6a ..\obj\misc.o
                                0x2ac (size before relaxing)
 .debug_str     0x0000352a       0x7d ..\obj\threePos.o
                                0x2fa (size before relaxing)
 .debug_str     0x000035a7       0x4c ..\obj\pid.o
                                0x203 (size before relaxing)

.comment        0x00000000       0x6e
 .comment       0x00000000       0x6e ..\obj\stm32f30x_rcc.o
                                 0x6f (size before relaxing)
 .comment       0x0000006e       0x6f ..\obj\twoPos.o
 .comment       0x0000006e       0x6f ..\obj\stm32f30x_adc.o
 .comment       0x0000006e       0x6f ..\obj\ledDigits.o
 .comment       0x0000006e       0x6f ..\obj\stm32f30x_gpio.o
 .comment       0x0000006e       0x6f ..\obj\main.o
 .comment       0x0000006e       0x6f ..\obj\stm32f30x_dma.o
 .comment       0x0000006e       0x6f ..\obj\init.o
 .comment       0x0000006e       0x6f ..\obj\stm32f30x_exti.o
 .comment       0x0000006e       0x6f ..\obj\menu.o
 .comment       0x0000006e       0x6f ..\obj\system_stm32f30x_temp.o
 .comment       0x0000006e       0x6f ..\obj\syscalls.o
 .comment       0x0000006e       0x6f ..\obj\stm32f30x_misc.o
 .comment       0x0000006e       0x6f ..\obj\stm32f30x_tim.o
 .comment       0x0000006e       0x6f ..\obj\stm32f30x_syscfg.o
 .comment       0x0000006e       0x6f ..\obj\misc.o
 .comment       0x0000006e       0x6f ..\obj\threePos.o
 .comment       0x0000006e       0x6f ..\obj\pid.o

.ARM.attributes
                0x00000000       0x31
 .ARM.attributes
                0x00000000       0x33 ..\obj\stm32f30x_rcc.o
 .ARM.attributes
                0x00000033       0x33 ..\obj\twoPos.o
 .ARM.attributes
                0x00000066       0x33 ..\obj\stm32f30x_adc.o
 .ARM.attributes
                0x00000099       0x33 ..\obj\ledDigits.o
 .ARM.attributes
                0x000000cc       0x33 ..\obj\stm32f30x_gpio.o
 .ARM.attributes
                0x000000ff       0x33 ..\obj\main.o
 .ARM.attributes
                0x00000132       0x33 ..\obj\stm32f30x_dma.o
 .ARM.attributes
                0x00000165       0x33 ..\obj\init.o
 .ARM.attributes
                0x00000198       0x33 ..\obj\stm32f30x_exti.o
 .ARM.attributes
                0x000001cb       0x33 ..\obj\menu.o
 .ARM.attributes
                0x000001fe       0x33 ..\obj\system_stm32f30x_temp.o
 .ARM.attributes
                0x00000231       0x33 ..\obj\syscalls.o
 .ARM.attributes
                0x00000264       0x33 ..\obj\stm32f30x_misc.o
 .ARM.attributes
                0x00000297       0x33 ..\obj\stm32f30x_tim.o
 .ARM.attributes
                0x000002ca       0x21 ..\obj\startup_stm32f30x.o
 .ARM.attributes
                0x000002eb       0x33 ..\obj\stm32f30x_syscfg.o
 .ARM.attributes
                0x0000031e       0x33 ..\obj\misc.o
 .ARM.attributes
                0x00000351       0x33 ..\obj\threePos.o
 .ARM.attributes
                0x00000384       0x33 ..\obj\pid.o
 .ARM.attributes
                0x000003b7       0x2e C:\Program Files (x86)\GNU Tools ARM Embedded\5.3 2016q1\arm-none-eabi\lib\armv7e-m\libm.a(lib_a-w_pow.o)
 .ARM.attributes
                0x000003e5       0x2e C:\Program Files (x86)\GNU Tools ARM Embedded\5.3 2016q1\arm-none-eabi\lib\armv7e-m\libm.a(lib_a-e_pow.o)
 .ARM.attributes
                0x00000413       0x2e C:\Program Files (x86)\GNU Tools ARM Embedded\5.3 2016q1\arm-none-eabi\lib\armv7e-m\libm.a(lib_a-e_sqrt.o)
 .ARM.attributes
                0x00000441       0x2e C:\Program Files (x86)\GNU Tools ARM Embedded\5.3 2016q1\arm-none-eabi\lib\armv7e-m\libm.a(lib_a-s_fabs.o)
 .ARM.attributes
                0x0000046f       0x2e C:\Program Files (x86)\GNU Tools ARM Embedded\5.3 2016q1\arm-none-eabi\lib\armv7e-m\libm.a(lib_a-s_finite.o)
 .ARM.attributes
                0x0000049d       0x2e C:\Program Files (x86)\GNU Tools ARM Embedded\5.3 2016q1\arm-none-eabi\lib\armv7e-m\libm.a(lib_a-s_lib_ver.o)
 .ARM.attributes
                0x000004cb       0x2e C:\Program Files (x86)\GNU Tools ARM Embedded\5.3 2016q1\arm-none-eabi\lib\armv7e-m\libm.a(lib_a-s_matherr.o)
 .ARM.attributes
                0x000004f9       0x2e C:\Program Files (x86)\GNU Tools ARM Embedded\5.3 2016q1\arm-none-eabi\lib\armv7e-m\libm.a(lib_a-s_nan.o)
 .ARM.attributes
                0x00000527       0x2e C:\Program Files (x86)\GNU Tools ARM Embedded\5.3 2016q1\arm-none-eabi\lib\armv7e-m\libm.a(lib_a-s_rint.o)
 .ARM.attributes
                0x00000555       0x2e C:\Program Files (x86)\GNU Tools ARM Embedded\5.3 2016q1\arm-none-eabi\lib\armv7e-m\libm.a(lib_a-s_scalbn.o)
 .ARM.attributes
                0x00000583       0x2e C:\Program Files (x86)\GNU Tools ARM Embedded\5.3 2016q1\arm-none-eabi\lib\armv7e-m\libm.a(lib_a-s_copysign.o)
 .ARM.attributes
                0x000005b1       0x1e c:/program files (x86)/gnu tools arm embedded/5.3 2016q1/bin/../lib/gcc/arm-none-eabi/5.3.1/armv7e-m\libgcc.a(_arm_addsubdf3.o)
 .ARM.attributes
                0x000005cf       0x1e c:/program files (x86)/gnu tools arm embedded/5.3 2016q1/bin/../lib/gcc/arm-none-eabi/5.3.1/armv7e-m\libgcc.a(_arm_muldivdf3.o)
 .ARM.attributes
                0x000005ed       0x1e c:/program files (x86)/gnu tools arm embedded/5.3 2016q1/bin/../lib/gcc/arm-none-eabi/5.3.1/armv7e-m\libgcc.a(_arm_cmpdf2.o)
 .ARM.attributes
                0x0000060b       0x1e c:/program files (x86)/gnu tools arm embedded/5.3 2016q1/bin/../lib/gcc/arm-none-eabi/5.3.1/armv7e-m\libgcc.a(_arm_unorddf2.o)
 .ARM.attributes
                0x00000629       0x1e c:/program files (x86)/gnu tools arm embedded/5.3 2016q1/bin/../lib/gcc/arm-none-eabi/5.3.1/armv7e-m\libgcc.a(_arm_fixdfsi.o)
 .ARM.attributes
                0x00000647       0x1e c:/program files (x86)/gnu tools arm embedded/5.3 2016q1/bin/../lib/gcc/arm-none-eabi/5.3.1/armv7e-m\libgcc.a(_arm_fixunsdfsi.o)
 .ARM.attributes
                0x00000665       0x2e C:\Program Files (x86)\GNU Tools ARM Embedded\5.3 2016q1\arm-none-eabi\lib\armv7e-m\libg.a(lib_a-errno.o)
 .ARM.attributes
                0x00000693       0x2e C:\Program Files (x86)\GNU Tools ARM Embedded\5.3 2016q1\arm-none-eabi\lib\armv7e-m\libg.a(lib_a-impure.o)
 .ARM.attributes
                0x000006c1       0x2e C:\Program Files (x86)\GNU Tools ARM Embedded\5.3 2016q1\arm-none-eabi\lib\armv7e-m\libg.a(lib_a-sprintf.o)
 .ARM.attributes
                0x000006ef       0x2e C:\Program Files (x86)\GNU Tools ARM Embedded\5.3 2016q1\arm-none-eabi\lib\armv7e-m\libg.a(lib_a-svfprintf.o)
 .ARM.attributes
                0x0000071d       0x2e C:\Program Files (x86)\GNU Tools ARM Embedded\5.3 2016q1\arm-none-eabi\lib\armv7e-m\libg.a(lib_a-dtoa.o)
 .ARM.attributes
                0x0000074b       0x2e C:\Program Files (x86)\GNU Tools ARM Embedded\5.3 2016q1\arm-none-eabi\lib\armv7e-m\libg.a(lib_a-locale.o)
 .ARM.attributes
                0x00000779       0x2e C:\Program Files (x86)\GNU Tools ARM Embedded\5.3 2016q1\arm-none-eabi\lib\armv7e-m\libg.a(lib_a-mallocr.o)
 .ARM.attributes
                0x000007a7       0x1c C:\Program Files (x86)\GNU Tools ARM Embedded\5.3 2016q1\arm-none-eabi\lib\armv7e-m\libg.a(lib_a-memchr.o)
 .ARM.attributes
                0x000007c3       0x1c C:\Program Files (x86)\GNU Tools ARM Embedded\5.3 2016q1\arm-none-eabi\lib\armv7e-m\libg.a(lib_a-memcpy.o)
 .ARM.attributes
                0x000007df       0x2e C:\Program Files (x86)\GNU Tools ARM Embedded\5.3 2016q1\arm-none-eabi\lib\armv7e-m\libg.a(lib_a-mlock.o)
 .ARM.attributes
                0x0000080d       0x2e C:\Program Files (x86)\GNU Tools ARM Embedded\5.3 2016q1\arm-none-eabi\lib\armv7e-m\libg.a(lib_a-mprec.o)
 .ARM.attributes
                0x0000083b       0x2e C:\Program Files (x86)\GNU Tools ARM Embedded\5.3 2016q1\arm-none-eabi\lib\armv7e-m\libg.a(lib_a-sbrkr.o)
 .ARM.attributes
                0x00000869       0x1c C:\Program Files (x86)\GNU Tools ARM Embedded\5.3 2016q1\arm-none-eabi\lib\armv7e-m\libg.a(lib_a-strlen.o)
 .ARM.attributes
                0x00000885       0x2e C:\Program Files (x86)\GNU Tools ARM Embedded\5.3 2016q1\arm-none-eabi\lib\armv7e-m\libg.a(lib_a-svfiprintf.o)
 .ARM.attributes
                0x000008b3       0x2e C:\Program Files (x86)\GNU Tools ARM Embedded\5.3 2016q1\arm-none-eabi\lib\armv7e-m\libg.a(lib_a-callocr.o)
 .ARM.attributes
                0x000008e1       0x2e C:\Program Files (x86)\GNU Tools ARM Embedded\5.3 2016q1\arm-none-eabi\lib\armv7e-m\libg.a(lib_a-freer.o)
 .ARM.attributes
                0x0000090f       0x2e C:\Program Files (x86)\GNU Tools ARM Embedded\5.3 2016q1\arm-none-eabi\lib\armv7e-m\libg.a(lib_a-memmove.o)
 .ARM.attributes
                0x0000093d       0x2e C:\Program Files (x86)\GNU Tools ARM Embedded\5.3 2016q1\arm-none-eabi\lib\armv7e-m\libg.a(lib_a-memset.o)
 .ARM.attributes
                0x0000096b       0x2e C:\Program Files (x86)\GNU Tools ARM Embedded\5.3 2016q1\arm-none-eabi\lib\armv7e-m\libg.a(lib_a-reallocr.o)
 .ARM.attributes
                0x00000999       0x2e C:\Program Files (x86)\GNU Tools ARM Embedded\5.3 2016q1\arm-none-eabi\lib\armv7e-m\libg.a(lib_a-reent.o)
 .ARM.attributes
                0x000009c7       0x1e c:/program files (x86)/gnu tools arm embedded/5.3 2016q1/bin/../lib/gcc/arm-none-eabi/5.3.1/armv7e-m\libgcc.a(_aeabi_uldivmod.o)
 .ARM.attributes
                0x000009e5       0x2e c:/program files (x86)/gnu tools arm embedded/5.3 2016q1/bin/../lib/gcc/arm-none-eabi/5.3.1/armv7e-m\libgcc.a(_udivmoddi4.o)
 .ARM.attributes
                0x00000a13       0x1e c:/program files (x86)/gnu tools arm embedded/5.3 2016q1/bin/../lib/gcc/arm-none-eabi/5.3.1/armv7e-m\libgcc.a(_dvmd_tls.o)

.debug_frame    0x00000000     0x3ca0
 .debug_frame   0x00000000      0x60c ..\obj\stm32f30x_rcc.o
 .debug_frame   0x0000060c       0x78 ..\obj\twoPos.o
 .debug_frame   0x00000684      0x9e4 ..\obj\stm32f30x_adc.o
 .debug_frame   0x00001068       0x5c ..\obj\ledDigits.o
 .debug_frame   0x000010c4      0x214 ..\obj\stm32f30x_gpio.o
 .debug_frame   0x000012d8       0xb0 ..\obj\main.o
 .debug_frame   0x00001388      0x1c8 ..\obj\stm32f30x_dma.o
 .debug_frame   0x00001550      0x134 ..\obj\init.o
 .debug_frame   0x00001684      0x148 ..\obj\stm32f30x_exti.o
 .debug_frame   0x000017cc      0x290 ..\obj\menu.o
 .debug_frame   0x00001a5c       0x7c ..\obj\system_stm32f30x_temp.o
 .debug_frame   0x00001ad8      0x168 ..\obj\syscalls.o
 .debug_frame   0x00001c40       0xd8 ..\obj\stm32f30x_misc.o
 .debug_frame   0x00001d18     0x11c4 ..\obj\stm32f30x_tim.o
 .debug_frame   0x00002edc      0x230 ..\obj\stm32f30x_syscfg.o
 .debug_frame   0x0000310c       0xa4 ..\obj\misc.o
 .debug_frame   0x000031b0       0x9c ..\obj\threePos.o
 .debug_frame   0x0000324c       0xac ..\obj\pid.o
 .debug_frame   0x000032f8       0x4c C:\Program Files (x86)\GNU Tools ARM Embedded\5.3 2016q1\arm-none-eabi\lib\armv7e-m\libm.a(lib_a-w_pow.o)
 .debug_frame   0x00003344       0x68 C:\Program Files (x86)\GNU Tools ARM Embedded\5.3 2016q1\arm-none-eabi\lib\armv7e-m\libm.a(lib_a-e_pow.o)
 .debug_frame   0x000033ac       0x34 C:\Program Files (x86)\GNU Tools ARM Embedded\5.3 2016q1\arm-none-eabi\lib\armv7e-m\libm.a(lib_a-e_sqrt.o)
 .debug_frame   0x000033e0       0x20 C:\Program Files (x86)\GNU Tools ARM Embedded\5.3 2016q1\arm-none-eabi\lib\armv7e-m\libm.a(lib_a-s_fabs.o)
 .debug_frame   0x00003400       0x20 C:\Program Files (x86)\GNU Tools ARM Embedded\5.3 2016q1\arm-none-eabi\lib\armv7e-m\libm.a(lib_a-s_finite.o)
 .debug_frame   0x00003420       0x20 C:\Program Files (x86)\GNU Tools ARM Embedded\5.3 2016q1\arm-none-eabi\lib\armv7e-m\libm.a(lib_a-s_matherr.o)
 .debug_frame   0x00003440       0x20 C:\Program Files (x86)\GNU Tools ARM Embedded\5.3 2016q1\arm-none-eabi\lib\armv7e-m\libm.a(lib_a-s_nan.o)
 .debug_frame   0x00003460       0x3c C:\Program Files (x86)\GNU Tools ARM Embedded\5.3 2016q1\arm-none-eabi\lib\armv7e-m\libm.a(lib_a-s_rint.o)
 .debug_frame   0x0000349c       0x30 C:\Program Files (x86)\GNU Tools ARM Embedded\5.3 2016q1\arm-none-eabi\lib\armv7e-m\libm.a(lib_a-s_scalbn.o)
 .debug_frame   0x000034cc       0x20 C:\Program Files (x86)\GNU Tools ARM Embedded\5.3 2016q1\arm-none-eabi\lib\armv7e-m\libm.a(lib_a-s_copysign.o)
 .debug_frame   0x000034ec       0x20 C:\Program Files (x86)\GNU Tools ARM Embedded\5.3 2016q1\arm-none-eabi\lib\armv7e-m\libg.a(lib_a-errno.o)
 .debug_frame   0x0000350c       0x84 C:\Program Files (x86)\GNU Tools ARM Embedded\5.3 2016q1\arm-none-eabi\lib\armv7e-m\libg.a(lib_a-sprintf.o)
 .debug_frame   0x00003590       0x44 C:\Program Files (x86)\GNU Tools ARM Embedded\5.3 2016q1\arm-none-eabi\lib\armv7e-m\libg.a(lib_a-svfprintf.o)
 .debug_frame   0x000035d4       0x88 C:\Program Files (x86)\GNU Tools ARM Embedded\5.3 2016q1\arm-none-eabi\lib\armv7e-m\libg.a(lib_a-dtoa.o)
 .debug_frame   0x0000365c       0x9c C:\Program Files (x86)\GNU Tools ARM Embedded\5.3 2016q1\arm-none-eabi\lib\armv7e-m\libg.a(lib_a-locale.o)
 .debug_frame   0x000036f8       0x58 C:\Program Files (x86)\GNU Tools ARM Embedded\5.3 2016q1\arm-none-eabi\lib\armv7e-m\libg.a(lib_a-mallocr.o)
 .debug_frame   0x00003750       0x30 C:\Program Files (x86)\GNU Tools ARM Embedded\5.3 2016q1\arm-none-eabi\lib\armv7e-m\libg.a(lib_a-mlock.o)
 .debug_frame   0x00003780      0x264 C:\Program Files (x86)\GNU Tools ARM Embedded\5.3 2016q1\arm-none-eabi\lib\armv7e-m\libg.a(lib_a-mprec.o)
 .debug_frame   0x000039e4       0x2c C:\Program Files (x86)\GNU Tools ARM Embedded\5.3 2016q1\arm-none-eabi\lib\armv7e-m\libg.a(lib_a-sbrkr.o)
 .debug_frame   0x00003a10       0x78 C:\Program Files (x86)\GNU Tools ARM Embedded\5.3 2016q1\arm-none-eabi\lib\armv7e-m\libg.a(lib_a-svfiprintf.o)
 .debug_frame   0x00003a88       0x28 C:\Program Files (x86)\GNU Tools ARM Embedded\5.3 2016q1\arm-none-eabi\lib\armv7e-m\libg.a(lib_a-callocr.o)
 .debug_frame   0x00003ab0       0x74 C:\Program Files (x86)\GNU Tools ARM Embedded\5.3 2016q1\arm-none-eabi\lib\armv7e-m\libg.a(lib_a-freer.o)
 .debug_frame   0x00003b24       0x30 C:\Program Files (x86)\GNU Tools ARM Embedded\5.3 2016q1\arm-none-eabi\lib\armv7e-m\libg.a(lib_a-memmove.o)
 .debug_frame   0x00003b54       0x34 C:\Program Files (x86)\GNU Tools ARM Embedded\5.3 2016q1\arm-none-eabi\lib\armv7e-m\libg.a(lib_a-memset.o)
 .debug_frame   0x00003b88       0x60 C:\Program Files (x86)\GNU Tools ARM Embedded\5.3 2016q1\arm-none-eabi\lib\armv7e-m\libg.a(lib_a-reallocr.o)
 .debug_frame   0x00003be8       0x58 C:\Program Files (x86)\GNU Tools ARM Embedded\5.3 2016q1\arm-none-eabi\lib\armv7e-m\libg.a(lib_a-reent.o)
 .debug_frame   0x00003c40       0x2c c:/program files (x86)/gnu tools arm embedded/5.3 2016q1/bin/../lib/gcc/arm-none-eabi/5.3.1/armv7e-m\libgcc.a(_aeabi_uldivmod.o)
 .debug_frame   0x00003c6c       0x34 c:/program files (x86)/gnu tools arm embedded/5.3 2016q1/bin/../lib/gcc/arm-none-eabi/5.3.1/armv7e-m\libgcc.a(_udivmoddi4.o)
